07-17 12:34:21.926   514   514 W mediaextractor: libminijail[514]: compile_file: <fd>(5): previous definition here
07-17 12:34:21.926   514   514 W mediaextractor: libminijail[514]: compile_file: /apex/com.android.media/etc/seccomp_policy/crash_dump.x86_64.policy(29): syscall madvise redefined here
07-17 12:34:21.926   514   514 W mediaextractor: libminijail[514]: compile_file: <fd>(12): previous definition here
07-17 12:34:21.926   514   514 W mediaextractor: libminijail[514]: compile_file: /apex/com.android.media/etc/seccomp_policy/crash_dump.x86_64.policy(30): syscall mprotect redefined here
07-17 12:34:21.926   514   514 W mediaextractor: libminijail[514]: compile_file: <fd>(18): previous definition here
07-17 12:34:21.926   514   514 W mediaextractor: libminijail[514]: compile_file: /apex/com.android.media/etc/seccomp_policy/crash_dump.x86_64.policy(31): syscall munmap redefined here
07-17 12:34:21.926   514   514 W mediaextractor: libminijail[514]: compile_file: <fd>(10): previous definition here
07-17 12:34:21.926   514   514 W mediaextractor: libminijail[514]: compile_file: /apex/com.android.media/etc/seccomp_policy/crash_dump.x86_64.policy(32): syscall getuid redefined here
07-17 12:34:21.926   514   514 W mediaextractor: libminijail[514]: compile_file: <fd>(22): previous definition here
07-17 12:34:21.926   514   514 W mediaextractor: libminijail[514]: compile_file: /apex/com.android.media/etc/seccomp_policy/crash_dump.x86_64.policy(33): syscall fstat redefined here
07-17 12:34:21.926   514   514 W mediaextractor: libminijail[514]: compile_file: <fd>(25): previous definition here
07-17 12:34:21.926   514   514 W mediaextractor: libminijail[514]: compile_file: /apex/com.android.media/etc/seccomp_policy/crash_dump.x86_64.policy(34): syscall mmap redefined here
07-17 12:34:21.926   514   514 W mediaextractor: libminijail[514]: compile_file: <fd>(11): previous definition here
07-17 12:34:21.932   544   544 I HidlServiceManagement: Registered android.hardware.biometrics.fingerprint@2.1::IBiometricsFingerprint/default
07-17 12:34:21.933   544   544 I HidlServiceManagement: Removing namespace from process name android.hardware.biometrics.fingerprint@2.1-service to fingerprint@2.1-service.
07-17 12:34:21.933   514   514 W mediaextractor: libminijail[514]: logging seccomp filter failures
07-17 12:34:21.986   431   431 D APM_EngineLoader: Loaded engine from libaudiopolicyenginedefault.so
07-17 12:34:21.987   431   431 D APM::AudioPolicyEngine/Base: loadAudioPolicyEngineConfig: No configuration found, using default matching phone experience.
07-17 12:34:21.982   516   516 I mediaserver: ServiceManager: 0x7e22be22ad30
07-17 12:34:21.998   431   431 W APM::AudioPolicyEngine/Base: loadAudioPolicyEngineConfig: No configuration of AUDIO_STREAM_CALL_ASSISTANT found, using default volume configuration
07-17 12:34:22.004   431   431 I AudioFlinger: loadHwModule() Loaded primary audio interface, handle 10
07-17 12:34:22.006   516   516 W BatteryNotifier: batterystats service unavailable!
07-17 12:34:22.007   431   431 I AudioFlinger: openOutput() this 0x7e31564b9070, module 10 Device AUDIO_DEVICE_OUT_SPEAKER, @:, SamplingRate 48000, Format 0x000001, Channels 0x3, flags 0x2
07-17 12:34:22.009   516   516 W BatteryNotifier: batterystats service unavailable!
07-17 12:34:22.011   531   531 I mediaswcodec: media swcodec service starting
07-17 12:34:22.011   531   531 W mediaswcodec: Could not read additional policy file '/vendor/etc/seccomp_policy/mediaswcodec.policy'
07-17 12:34:22.012   531   531 W mediaswcodec: libminijail[531]: failed to get path of fd 5: No such file or directory
07-17 12:34:22.012   531   531 W mediaswcodec: libminijail[531]: allowing syscall: socket
07-17 12:34:22.012   531   531 W mediaswcodec: libminijail[531]: allowing syscall: connect
07-17 12:34:22.012   531   531 W mediaswcodec: libminijail[531]: allowing syscall: fcntl
07-17 12:34:22.012   531   531 W mediaswcodec: libminijail[531]: allowing syscall: writev
07-17 12:34:22.012   531   531 W mediaswcodec: libminijail[531]: compile_file: <fd>(20): nonexistent syscall 'getuid32'
07-17 12:34:22.012   531   531 W mediaswcodec: libminijail[531]: compile_file: <fd>(26): nonexistent syscall 'mmap2'
07-17 12:34:22.012   531   531 W mediaswcodec: libminijail[531]: compile_file: <fd>(28): nonexistent syscall 'fstat64'
07-17 12:34:22.012   531   531 W mediaswcodec: libminijail[531]: compile_file: <fd>(31): nonexistent syscall 'stat64'
07-17 12:34:22.012   531   531 W mediaswcodec: libminijail[531]: compile_file: <fd>(32): nonexistent syscall 'statfs64'
07-17 12:34:22.012   531   531 W mediaswcodec: libminijail[531]: compile_file: <fd>(34): nonexistent syscall 'fstatat64'
07-17 12:34:22.012   531   531 W mediaswcodec: libminijail[531]: compile_file: <fd>(39): nonexistent syscall '_llseek'
07-17 12:34:22.012   531   531 W mediaswcodec: libminijail[531]: compile_file: <fd>(48): nonexistent syscall 'ugetrlimit'
07-17 12:34:22.012   531   531 W mediaswcodec: libminijail[531]: compile_file: <fd>(51): nonexistent syscall '_llseek'
07-17 12:34:22.012   531   531 W mediaswcodec: libminijail[531]: compile_file: <fd>(52): nonexistent syscall 'fstatfs64'
07-17 12:34:22.012   531   531 W mediaswcodec: libminijail[531]: compile_file: <fd>(64): nonexistent syscall 'ftruncate64'
07-17 12:34:22.012   531   531 W mediaswcodec: libminijail[531]: compile_file: <fd>(70): syscall gettid redefined here
07-17 12:34:22.012   531   531 W mediaswcodec: libminijail[531]: compile_file: <fd>(67): previous definition here
07-17 12:34:22.012   531   531 W mediaswcodec: libminijail[531]: compile_file: /apex/com.android.media.swcodec/etc/seccomp_policy/crash_dump.x86_64.policy(1): syscall read redefined here
07-17 12:34:22.013   531   531 W mediaswcodec: libminijail[531]: compile_file: <fd>(15): previous definition here
07-17 12:34:22.013   531   531 W mediaswcodec: libminijail[531]: compile_file: /apex/com.android.media.swcodec/etc/seccomp_policy/crash_dump.x86_64.policy(2): syscall write redefined here
07-17 12:34:22.013   531   531 W mediaswcodec: libminijail[531]: compile_file: <fd>(58): previous definition here
07-17 12:34:22.013   531   531 W mediaswcodec: libminijail[531]: compile_file: /apex/com.android.media.swcodec/etc/seccomp_policy/crash_dump.x86_64.policy(3): syscall exit redefined here
07-17 12:34:22.013   531   531 W mediaswcodec: libminijail[531]: compile_file: <fd>(45): previous definition here
07-17 12:34:22.013   531   531 W mediaswcodec: libminijail[531]: compile_file: /apex/com.android.media.swcodec/etc/seccomp_policy/crash_dump.x86_64.policy(4): syscall rt_sigreturn redefined here
07-17 12:34:22.013   531   531 W mediaswcodec: libminijail[531]: compile_file: <fd>(47): previous definition here
07-17 12:34:22.013   531   531 W mediaswcodec: libminijail[531]: compile_file: /apex/com.android.media.swcodec/etc/seccomp_policy/crash_dump.x86_64.policy(5): syscall exit_group redefined here
07-17 12:34:22.013   531   531 W mediaswcodec: libminijail[531]: compile_file: <fd>(46): previous definition here
07-17 12:34:22.013   531   531 W mediaswcodec: libminijail[531]: compile_file: /apex/com.android.media.swcodec/etc/seccomp_policy/crash_dump.x86_64.policy(8): syscall futex redefined here
07-17 12:34:22.013   531   531 W mediaswcodec: libminijail[531]: compile_file: <fd>(36): previous definition here
07-17 12:34:22.013   531   531 W mediaswcodec: libminijail[531]: compile_file: /apex/com.android.media.swcodec/etc/seccomp_policy/crash_dump.x86_64.policy(10): syscall getpid redefined here
07-17 12:34:22.013   531   531 W mediaswcodec: libminijail[531]: compile_file: <fd>(69): previous definition here
07-17 12:34:22.013   531   531 W mediaswcodec: libminijail[531]: compile_file: /apex/com.android.media.swcodec/etc/seccomp_policy/crash_dump.x86_64.policy(11): syscall gettid redefined here
07-17 12:34:22.013   531   531 W mediaswcodec: libminijail[531]: compile_file: <fd>(67): previous definition here
07-17 12:34:22.013   531   531 W mediaswcodec: libminijail[531]: compile_file: /apex/com.android.media.swcodec/etc/seccomp_policy/crash_dump.x86_64.policy(14): syscall openat redefined here
07-17 12:34:22.013   531   531 W mediaswcodec: libminijail[531]: compile_file: <fd>(18): previous definition here
07-17 12:34:22.013   531   531 W mediaswcodec: libminijail[531]: compile_file: /apex/com.android.media.swcodec/etc/seccomp_policy/crash_dump.x86_64.policy(15): syscall dup redefined here
07-17 12:34:22.013   531   531 W mediaswcodec: libminijail[531]: compile_file: <fd>(56): previous definition here
07-17 12:34:22.013   531   531 W mediaswcodec: libminijail[531]: compile_file: /apex/com.android.media.swcodec/etc/seccomp_policy/crash_dump.x86_64.policy(16): syscall close redefined here
07-17 12:34:22.013   531   531 W mediaswcodec: libminijail[531]: compile_file: <fd>(25): previous definition here
07-17 12:34:22.013   531   531 W mediaswcodec: libminijail[531]: compile_file: /apex/com.android.media.swcodec/etc/seccomp_policy/crash_dump.x86_64.policy(17): syscall lseek redefined here
07-17 12:34:22.013   531   531 W mediaswcodec: libminijail[531]: compile_file: <fd>(40): previous definition here
07-17 12:34:22.013   531   531 W mediaswcodec: libminijail[531]: compile_file: /apex/com.android.media.swcodec/etc/seccomp_policy/crash_dump.x86_64.policy(19): syscall faccessat redefined here
07-17 12:34:22.013   531   531 W mediaswcodec: libminijail[531]: compile_file: <fd>(38): previous definition here
07-17 12:34:22.013   531   531 W mediaswcodec: libminijail[531]: compile_file: /apex/com.android.media.swcodec/etc/seccomp_policy/crash_dump.x86_64.policy(28): syscall prctl redefined here
07-17 12:34:22.013   531   531 W mediaswcodec: libminijail[531]: compile_file: <fd>(17): previous definition here
07-17 12:34:22.013   531   531 W mediaswcodec: libminijail[531]: compile_file: /apex/com.android.media.swcodec/etc/seccomp_policy/crash_dump.x86_64.policy(29): syscall madvise redefined here
07-17 12:34:22.013   531   531 W mediaswcodec: libminijail[531]: compile_file: <fd>(33): previous definition here
07-17 12:34:22.014   531   531 W mediaswcodec: libminijail[531]: compile_file: /apex/com.android.media.swcodec/etc/seccomp_policy/crash_dump.x86_64.policy(30): syscall mprotect redefined here
07-17 12:34:22.014   531   531 W mediaswcodec: libminijail[531]: compile_file: <fd>(16): previous definition here
07-17 12:34:22.014   531   531 W mediaswcodec: libminijail[531]: compile_file: /apex/com.android.media.swcodec/etc/seccomp_policy/crash_dump.x86_64.policy(31): syscall munmap redefined here
07-17 12:34:22.014   531   531 W mediaswcodec: libminijail[531]: compile_file: <fd>(37): previous definition here
07-17 12:34:22.014   531   531 W mediaswcodec: libminijail[531]: compile_file: /apex/com.android.media.swcodec/etc/seccomp_policy/crash_dump.x86_64.policy(32): syscall getuid redefined here
07-17 12:34:22.014   531   531 W mediaswcodec: libminijail[531]: compile_file: <fd>(21): previous definition here
07-17 12:34:22.014   531   531 W mediaswcodec: libminijail[531]: compile_file: /apex/com.android.media.swcodec/etc/seccomp_policy/crash_dump.x86_64.policy(33): syscall fstat redefined here
07-17 12:34:22.014   531   531 W mediaswcodec: libminijail[531]: compile_file: <fd>(29): previous definition here
07-17 12:34:22.014   531   531 W mediaswcodec: libminijail[531]: compile_file: /apex/com.android.media.swcodec/etc/seccomp_policy/crash_dump.x86_64.policy(34): syscall mmap redefined here
07-17 12:34:22.014   531   531 W mediaswcodec: libminijail[531]: compile_file: <fd>(27): previous definition here
07-17 12:34:22.015   531   531 W mediaswcodec: libminijail[531]: logging seccomp filter failures
07-17 12:34:22.016   531   531 I CodecServiceRegistrant: Creating software Codec2 service...
07-17 12:34:22.019   431   431 I AudioFlinger: HAL output buffer size 1056 frames, normal sink buffer size 1056 frames
07-17 12:34:22.020   531   531 D C2Store : Default ION heapmask = -1
07-17 12:34:22.020   531   531 D C2Store : Default ION flags = 0
07-17 12:34:22.020   531   531 D C2Store : Default ION align = 0
07-17 12:34:22.020   234   234 I hwservicemanager: getTransport: Cannot find entry android.hardware.audio.effect@7.1::IEffectsFactory/default in either framework or device VINTF manifest.
07-17 12:34:22.023   531   531 I HidlServiceManagement: Registered android.hardware.media.c2@1.2::IComponentStore/software
07-17 12:34:22.024   531   531 I CodecServiceRegistrant: Preferred Codec2 store is set to "default".
07-17 12:34:22.024   531   531 I CodecServiceRegistrant: Software Codec2 service created and registered.
07-17 12:34:22.025   537   537 I BootAnimation: boot animation disabled
07-17 12:34:22.039   431   431 I BufferProvider: found effect "Multichannel Downmix To Stereo" from The Android Open Source Project
07-17 12:34:22.039   431   431 D AudioFlinger: Failed to add event callback
07-17 12:34:22.040   431   561 I AudioFlinger: AudioFlinger's thread 0x7e32ea5279a0 tid=561 ready to run
07-17 12:34:22.040   391   391 E android.hardware.audio@7.1-impl.ranchu: device/generic/goldfish/audio/primary_device.cpp:getParameters:211 failure: Result::NOT_SUPPORTED
07-17 12:34:22.040   431   431 E APM_AudioPolicyManager: invalid volume index range
07-17 12:34:22.040   431   431 E APM_AudioPolicyManager: invalid volume index range
07-17 12:34:22.040   431   431 E APM_AudioPolicyManager: invalid volume index range
07-17 12:34:22.040   431   431 V APM_AudioPolicyManager: checkAndSetVolume cannot set volume group 4 volume when is not requested for comm
07-17 12:34:22.040   431   431 E APM_AudioPolicyManager: invalid volume index range
07-17 12:34:22.040   431   431 E APM_AudioPolicyManager: invalid volume index range
07-17 12:34:22.040   431   431 E APM_AudioPolicyManager: invalid volume index range
07-17 12:34:22.040   431   431 E APM_AudioPolicyManager: invalid volume index range
07-17 12:34:22.040   504   504 I cameraserver: ServiceManager: 0x7f2b4bc19080
07-17 12:34:22.040   504   504 I CameraService: CameraService started (pid=504)
07-17 12:34:22.042   514   514 I MediaExtractorFactory: plugin directory not present (/system/lib64/extractors)
07-17 12:34:22.042   514   514 I MediaExtractorFactory: plugin directory not present (/system_ext/lib64/extractors)
07-17 12:34:22.042   504   504 I CameraService: CameraService process starting
07-17 12:34:22.043   504   504 W BatteryNotifier: batterystats service unavailable!
07-17 12:34:22.043   504   504 W BatteryNotifier: batterystats service unavailable!
07-17 12:34:22.044   431   561 W AudioFlinger: no wake lock to update, system not ready yet
07-17 12:34:22.044   431   561 D AudioFlinger: ro.audio.silent is ignored since no output device is set
07-17 12:34:22.044   391   391 E android.hardware.audio@7.1-impl.ranchu: device/generic/goldfish/audio/stream_out.cpp:getPresentationPosition:475 failure: Result::INVALID_STATE
07-17 12:34:22.045   431   561 W AudioFlinger: no wake lock to update, system not ready yet
07-17 12:34:22.045   431   561 D AudioFlinger: ro.audio.silent is ignored since no output device is set
07-17 12:34:22.045   504   504 I cameraserver: Connecting to new camera provider: legacy/0, isRemote? 1
07-17 12:34:22.046   504   504 I CameraProviderManager: Camera provider legacy/0 ready with 0 camera devices
07-17 12:34:22.046   431   431 E APM_AudioPolicyManager: invalid volume index range
07-17 12:34:22.046   431   431 E APM_AudioPolicyManager: invalid volume index range
07-17 12:34:22.046   431   431 E APM_AudioPolicyManager: invalid volume index range
07-17 12:34:22.046   431   431 E APM_AudioPolicyManager: invalid volume index range
07-17 12:34:22.050   504   504 I cameraserver: Connecting to new camera provider: internal/0, isRemote? 1
07-17 12:34:22.052   504   504 I CameraProviderManager: Enumerating new camera device: device@1.1/internal/1
07-17 12:34:22.052   395   395 I EmulatedCameraDeviceHwlImpl: Create: Created EmulatedCameraDeviceHwlImpl for camera 1
07-17 12:34:22.053   395   395 D GCH_Utils: FindLibraryPaths: Unable to open directory /vendor/lib64/camera/capture_sessions/ (No such file or directory)
07-17 12:34:22.053   395   395 I GCH_CameraDevice: Create: Created a camera device for public(1)
07-17 12:34:22.053   395   395 W GCH_HalVendorTags: ModifyCharacteristicsKeys: failed to get ANDROID_REQUEST_AVAILABLE_SESSION_KEYS
07-17 12:34:22.053   504   504 E CameraProviderManager: addDynamicDepthTags: Advertised depth exclusive tag but value is not present!
07-17 12:34:22.054   504   504 E cameraserver: AidlDeviceInfo3: Failed appending dynamic depth tags: Invalid argument (-22)
07-17 12:34:22.054   395   395 W GCH_HalVendorTags: ModifyCharacteristicsKeys: failed to get ANDROID_REQUEST_AVAILABLE_SESSION_KEYS
07-17 12:34:22.054   395   395 W GCH_HalVendorTags: ModifyCharacteristicsKeys: failed to get ANDROID_REQUEST_AVAILABLE_SESSION_KEYS
07-17 12:34:22.054   504   504 I CameraProviderManager: Enumerating new camera device: device@1.1/internal/0
07-17 12:34:22.054   395   395 W StreamConfigurationMap: StreamConfigurationMap: ANDROID_SCALER_AVAILABLE_STREAM_CONFIGURATIONS missing, maxResolution ? true!
07-17 12:34:22.055   395   395 W StreamConfigurationMap: StreamConfigurationMap: ANDROID_SCALER_AVAILABLE_MIN_FRAME_DURATIONS missing!, max resolution ? true
07-17 12:34:22.055   395   395 W StreamConfigurationMap: StreamConfigurationMap: ANDROID_SCALER_AVAILABLE_STALL_DURATIONS missing! maxResolution ? true
07-17 12:34:22.055   395   395 I EmulatedCameraDeviceHwlImpl: Create: Created EmulatedCameraDeviceHwlImpl for camera 0
07-17 12:34:22.055   395   395 D GCH_Utils: FindLibraryPaths: Unable to open directory /vendor/lib64/camera/capture_sessions/ (No such file or directory)
07-17 12:34:22.055   395   395 I GCH_CameraDevice: Create: Created a camera device for public(0)
07-17 12:34:22.055   504   504 I CameraProviderManager: Camera provider internal/0 ready with 2 camera devices
07-17 12:34:22.056   504   504 I CameraService: onDeviceStatusChanged: Status changed for cameraId=0, newStatus=1
07-17 12:34:22.056   504   504 I CameraService: onDeviceStatusChanged: Unknown camera ID 0, a new camera is added
07-17 12:34:22.056   504   564 W CameraProviderManager: addHidlProviderLocked: Camera provider HAL with name 'legacy/0' already registered
07-17 12:34:22.057   504   504 I CameraService: onDeviceStatusChanged: Status changed for cameraId=1, newStatus=1
07-17 12:34:22.057   504   504 I CameraService: onDeviceStatusChanged: Unknown camera ID 1, a new camera is added
07-17 12:34:22.057   504   504 I cameraserver: Waiting for activity service
07-17 12:34:22.058   431   431 W AudioFlinger: moveEffects() bad srcOutput 0
07-17 12:34:22.058   431   431 V APM_AudioPolicyManager: selectOutputForMusicEffects selected output 13
07-17 12:34:22.058   431   431 V APM_AudioPolicyManager: setOutputDevices device {AUDIO_DEVICE_OUT_SPEAKER, @:} delayMs 0
07-17 12:34:22.058   431   431 V APM_AudioPolicyManager: setOutputDevices() prevDevice {AUDIO_DEVICE_OUT_SPEAKER, @:}
07-17 12:34:22.058   431   431 V APM_AudioPolicyManager: setOutputDevices changing device to {AUDIO_DEVICE_OUT_SPEAKER, @:}
07-17 12:34:22.088   431   431 V APM_AudioPolicyManager: setOutputDevices() AF::createAudioPatch returned 0 patchHandle 12 num_sources 1 num_sinks 1
07-17 12:34:22.090   431   431 E APM_AudioPolicyManager: invalid volume index range
07-17 12:34:22.090   431   431 E APM_AudioPolicyManager: invalid volume index range
07-17 12:34:22.090   431   431 E APM_AudioPolicyManager: invalid volume index range
07-17 12:34:22.090   431   431 V APM_AudioPolicyManager: checkAndSetVolume cannot set volume group 4 volume when is not requested for comm
07-17 12:34:22.090   431   431 E APM_AudioPolicyManager: invalid volume index range
07-17 12:34:22.090   431   431 E APM_AudioPolicyManager: invalid volume index range
07-17 12:34:22.090   431   431 E APM_AudioPolicyManager: invalid volume index range
07-17 12:34:22.090   431   431 E APM_AudioPolicyManager: invalid volume index range
07-17 12:34:22.090   431   431 E APM_AudioPolicyManager: invalid volume index range
07-17 12:34:22.090   431   431 E APM_AudioPolicyManager: invalid volume index range
07-17 12:34:22.090   431   431 E APM_AudioPolicyManager: invalid volume index range
07-17 12:34:22.090   431   431 E APM_AudioPolicyManager: invalid volume index range
07-17 12:34:22.091   431   431 I AudioFlinger: openOutput() this 0x7e31564b9070, module 10 Device AUDIO_DEVICE_OUT_TELEPHONY_TX, @:, SamplingRate 48000, Format 0x000001, Channels 0x3, flags 0
07-17 12:34:22.091   431   431 I AudioFlinger: HAL output buffer size 1056 frames, normal sink buffer size 1056 frames
07-17 12:34:22.092   431   431 D AudioFlinger: Failed to add event callback
07-17 12:34:22.092   391   391 E android.hardware.audio@7.1-impl.ranchu: device/generic/goldfish/audio/primary_device.cpp:getParameters:211 failure: Result::NOT_SUPPORTED
07-17 12:34:22.093   431   431 E APM_AudioPolicyManager: invalid volume index range
07-17 12:34:22.093   431   431 E APM_AudioPolicyManager: invalid volume index range
07-17 12:34:22.093   431   431 E APM_AudioPolicyManager: invalid volume index range
07-17 12:34:22.093   431   431 V APM_AudioPolicyManager: checkAndSetVolume cannot set volume group 4 volume when is not requested for comm
07-17 12:34:22.093   431   431 E APM_AudioPolicyManager: invalid volume index range
07-17 12:34:22.093   431   431 E APM_AudioPolicyManager: invalid volume index range
07-17 12:34:22.093   431   431 E APM_AudioPolicyManager: invalid volume index range
07-17 12:34:22.093   431   431 E APM_AudioPolicyManager: invalid volume index range
07-17 12:34:22.095   431   431 E APM_AudioPolicyManager: invalid volume index range
07-17 12:34:22.095   431   431 E APM_AudioPolicyManager: invalid volume index range
07-17 12:34:22.095   431   431 E APM_AudioPolicyManager: invalid volume index range
07-17 12:34:22.095   431   431 E APM_AudioPolicyManager: invalid volume index range
07-17 12:34:22.096   431   431 V APM_AudioPolicyManager: selectOutputForMusicEffects selected output 13
07-17 12:34:22.096   431   431 V APM_AudioPolicyManager: setOutputDevices device {AUDIO_DEVICE_OUT_TELEPHONY_TX, @:} delayMs 0
07-17 12:34:22.096   431   431 V APM_AudioPolicyManager: setOutputDevices() prevDevice {AUDIO_DEVICE_OUT_TELEPHONY_TX, @:}
07-17 12:34:22.096   431   431 V APM_AudioPolicyManager: setOutputDevices changing device to {AUDIO_DEVICE_OUT_TELEPHONY_TX, @:}
07-17 12:34:22.100   431   569 I AudioFlinger: AudioFlinger's thread 0x7e32ea4959a0 tid=569 ready to run
07-17 12:34:22.100   431   569 W AudioFlinger: no wake lock to update, system not ready yet
07-17 12:34:22.100   431   569 D AudioFlinger: ro.audio.silent is ignored since no output device is set
07-17 12:34:22.101   391   391 E android.hardware.audio@7.1-impl.ranchu: device/generic/goldfish/audio/stream_out.cpp:getPresentationPosition:475 failure: Result::INVALID_STATE
07-17 12:34:22.101   431   431 V APM_AudioPolicyManager: setOutputDevices() AF::createAudioPatch returned 0 patchHandle 20 num_sources 1 num_sinks 1
07-17 12:34:22.103   431   431 E APM_AudioPolicyManager: invalid volume index range
07-17 12:34:22.103   431   431 E APM_AudioPolicyManager: invalid volume index range
07-17 12:34:22.103   431   431 E APM_AudioPolicyManager: invalid volume index range
07-17 12:34:22.103   431   431 V APM_AudioPolicyManager: checkAndSetVolume cannot set volume group 4 volume when is not requested for comm
07-17 12:34:22.103   431   431 E APM_AudioPolicyManager: invalid volume index range
07-17 12:34:22.103   431   431 E APM_AudioPolicyManager: invalid volume index range
07-17 12:34:22.103   431   431 E APM_AudioPolicyManager: invalid volume index range
07-17 12:34:22.103   431   431 E APM_AudioPolicyManager: invalid volume index range
07-17 12:34:22.103   431   431 E APM_AudioPolicyManager: invalid volume index range
07-17 12:34:22.103   431   431 E APM_AudioPolicyManager: invalid volume index range
07-17 12:34:22.103   431   431 E APM_AudioPolicyManager: invalid volume index range
07-17 12:34:22.103   431   431 E APM_AudioPolicyManager: invalid volume index range
07-17 12:34:22.107   431   571 I AudioFlinger: AudioFlinger's thread 0x7e32e7c63bb0 tid=571 ready to run
07-17 12:34:22.107   431   571 W AudioFlinger: no wake lock to update, system not ready yet
07-17 12:34:22.109   431   571 W AudioFlinger: no wake lock to update, system not ready yet
07-17 12:34:22.128   431   573 I AudioFlinger: AudioFlinger's thread 0x7e32e7c63bb0 tid=573 ready to run
07-17 12:34:22.130   431   575 I AudioFlinger: AudioFlinger's thread 0x7e32e7c63bb0 tid=575 ready to run
07-17 12:34:22.131   431   575 W AudioFlinger: no wake lock to update, system not ready yet
07-17 12:34:22.133   391   391 E DevicesFactoryHAL: loadAudioInterface couldn't load audio hw module audio.a2dp (No such file or directory)
07-17 12:34:22.133   431   431 W DevicesFactoryHalHidl: The specified device name is not recognized: "a2dp"
07-17 12:34:22.133   431   431 E AudioFlinger: loadHwModule() error -22 loading module a2dp
07-17 12:34:22.133   431   431 W APM_AudioPolicyManager: could not open HW module a2dp
07-17 12:34:22.136   391   391 I r_submix: adev_open(name=audio_hw_if)
07-17 12:34:22.136   391   391 I r_submix: adev_init_check()
07-17 12:34:22.137   431   431 I AudioFlinger: loadHwModule() Loaded r_submix audio interface, handle 18
07-17 12:34:22.137   391   473 D r_submix: adev_open_input_stream(addr=0)
07-17 12:34:22.137   391   473 I r_submix: adev_open_input_stream(): about to create pipe at index 9, rate 48000, pipe size 4096
07-17 12:34:22.137   391   473 D r_submix: submix_audio_device_create_pipe_l(addr=0, idx=9)
07-17 12:34:22.137   391   473 D r_submix:   now using address 0 for route 9
07-17 12:34:22.152   431   577 I AudioFlinger: AudioFlinger's thread 0x7e32e7c63bb0 tid=577 ready to run
07-17 12:34:22.152   391   473 D r_submix: adev_close_input_stream()
07-17 12:34:22.152   391   473 D r_submix: submix_audio_device_release_pipe_l(idx=9) addr=0
07-17 12:34:22.152   391   473 D r_submix: submix_audio_device_destroy_pipe_l(): pipe destroyed
07-17 12:34:22.154   386   386 D zygote64: Time zone APEX ICU file found: /apex/com.android.tzdata/etc/icu/icu_tzdata.dat
07-17 12:34:22.155   431   431 I AudioFlinger: loadHwModule() Loaded bluetooth audio interface, handle 26
07-17 12:34:22.156   386   386 D zygote64: I18n APEX ICU file found: /apex/com.android.i18n/etc/icu/icudt70l.dat
07-17 12:34:22.164   431   431 I audioserver: Waiting for activity service
07-17 12:34:22.284   386   386 I snet_event_log: [200284993,-1,]
07-17 12:34:22.284   386   386 I zygote64: Using memfd for future sealing
07-17 12:34:22.288   386   386 W zygote64: Unexpected CPU variant for x86: x86_64.
07-17 12:34:22.288   386   386 W zygote64: Known variants: atom, sandybridge, silvermont, kabylake, default
07-17 12:34:22.554   386   386 I boot_progress_preload_start: 11537
07-17 12:34:22.554   386   386 D Zygote  : begin preload
07-17 12:34:22.554   386   386 I Zygote  : Calling ZygoteHooks.beginPreload()
07-17 12:34:22.569   479   490 I adbd    : adbd mDNS service _adb._tcp registered: 1
07-17 12:34:22.677   503   503 I bt_vhci_forwarder: ignore 0xff packet
07-17 12:34:22.693   386   386 V Zygote64Timing: BeginPreload took to complete: 139ms
07-17 12:34:22.693   386   386 I Zygote  : Preloading classes...
07-17 12:34:22.799   386   580 I zygote64: Verified 4433 classes from mainline modules in 422.288ms
07-17 12:34:22.802   386   386 I Typeface: Preloading /system/fonts/Roboto-Regular.ttf
07-17 12:34:22.806   386   386 I Typeface: Preloading /system/fonts/RobotoStatic-Regular.ttf
07-17 12:34:22.862   386   386 E ActivityRecognitionHardware: activity_recognition HAL is deprecated. class_init is effectively a no-op
07-17 12:34:23.131   386   386 D MtpDeviceJNI: register_android_mtp_MtpDevice
07-17 12:34:23.167   386   386 I zygote64: Thread[1,tid=386,Native,Thread*=0x711516484be0,peer=0x132c0000,"main"] recursive attempt to load library "librtp_jni.so"
07-17 12:34:23.504   406   462 D goldfish-address-space: claimShared: Ask to claim region [0x3fd2e0000 0x3fd2f0000]
07-17 12:34:23.506   406   462 D goldfish-address-space: claimShared: Ask to claim region [0x3fd2f0000 0x3fd310000]
07-17 12:34:23.964   386   386 I Zygote  : ...preloaded 16252 classes in 1272ms.
07-17 12:34:23.964   386   386 V Zygote64Timing: PreloadClasses took to complete: 1272ms
07-17 12:34:23.969   386   386 D nativeloader: Configuring classloader-namespace-shared for other apk /system/framework/android.hidl.base-V1.0-java.jar. target_sdk_version=33, uses_libraries=, library_path=, permitted_path=/data:/mnt/expand
07-17 12:34:23.970   386   386 D ApplicationLoaders: Created zygote-cached class loader: /system/framework/android.hidl.base-V1.0-java.jar
07-17 12:34:23.973   386   386 D nativeloader: Configuring classloader-namespace-shared for other apk /system/framework/android.hidl.manager-V1.0-java.jar. target_sdk_version=33, uses_libraries=, library_path=, permitted_path=/data:/mnt/expand
07-17 12:34:23.973   386   386 D ApplicationLoaders: Created zygote-cached class loader: /system/framework/android.hidl.manager-V1.0-java.jar
07-17 12:34:23.976   386   386 D nativeloader: Configuring classloader-namespace-shared for other apk /system/framework/android.test.base.jar. target_sdk_version=33, uses_libraries=, library_path=, permitted_path=/data:/mnt/expand
07-17 12:34:23.976   386   386 D ApplicationLoaders: Created zygote-cached class loader: /system/framework/android.test.base.jar
07-17 12:34:23.976   386   386 V Zygote64Timing: CacheNonBootClasspathClassLoaders took to complete: 11ms
07-17 12:34:23.976   386   386 I Zygote  : Preloading resources...
07-17 12:34:24.004   386   386 W Resources: Preloaded drawable resource #0x1080287 (android:drawable/dialog_background_material) that varies with configuration!!
07-17 12:34:24.020   386   386 I Zygote  : ...preloaded 64 resources in 43ms.
07-17 12:34:24.022   386   386 I Zygote  : ...preloaded 41 resources in 2ms.
07-17 12:34:24.022   386   386 V Zygote64Timing: PreloadResources took to complete: 45ms
07-17 12:34:24.032   386   386 I Zygote  : Preloading shared libraries...
07-17 12:34:24.038   386   386 E zygote64: Unable to find pattern file or unable to map it for am
07-17 12:34:24.043   386   386 I Zygote  : Called ZygoteHooks.endPreload()
07-17 12:34:24.044   386   386 I Zygote  : Installed AndroidKeyStoreProvider in 0ms.
07-17 12:34:24.045   386   386 I Zygote  : Warmed up JCA providers in 2ms.
07-17 12:34:24.045   386   386 D Zygote  : end preload
07-17 12:34:24.045   386   386 I boot_progress_preload_end: 13029
07-17 12:34:24.045   386   386 V Zygote64Timing: ZygotePreload took to complete: 1492ms
07-17 12:34:24.101   386   386 I zygote64: Explicit concurrent copying GC freed 40654(2322KB) AllocSpace objects, 2(40KB) LOS objects, 49% free, 9791KB/19MB, paused 57us,12us total 55.328ms
07-17 12:34:24.146   386   386 I zygote64: Explicit concurrent copying GC freed 6774(272KB) AllocSpace objects, 1(28KB) LOS objects, 49% free, 9523KB/18MB, paused 21us,17us total 41.837ms
07-17 12:34:24.146   386   386 V Zygote64Timing: PostZygoteInitGC took to complete: 101ms
07-17 12:34:24.147   386   386 V Zygote64Timing: ZygoteInit took to complete: 1610ms
07-17 12:34:24.409   386   386 D Zygote  : Forked child process 592
07-17 12:34:24.410   386   386 I Zygote  : System server process 592 has been created
07-17 12:34:24.413   386   386 I Zygote  : Accepting command socket connections
07-17 12:34:24.610   592   592 D nativeloader: Configuring classloader-namespace-shared for other apk /system/framework/com.android.location.provider.jar:/system/framework/services.jar:/apex/com.android.adservices/javalib/service-adservices.jar:/apex/com.android.adservices/javalib/service-sdksandbox.jar:/apex/com.android.appsearch/javalib/service-appsearch.jar:/apex/com.android.art/javalib/service-art.jar:/apex/com.android.media/javalib/service-media-s.jar:/apex/com.android.permission/javalib/service-permission.jar. target_sdk_version=10000, uses_libraries=ALL, library_path=/system/lib64:/system_ext/lib64, permitted_path=/data:/mnt/expand:/system/lib64:/system_ext/lib64
07-17 12:34:24.625   592   592 D nativeloader: Configuring classloader-namespace-shared for other apk /apex/com.android.btservices/javalib/service-bluetooth.jar. target_sdk_version=33, uses_libraries=ALL, library_path=, permitted_path=/data:/mnt/expand
07-17 12:34:24.631   592   592 D nativeloader: Configuring classloader-namespace-shared for other apk /apex/com.android.os.statsd/javalib/service-statsd.jar. target_sdk_version=33, uses_libraries=ALL, library_path=, permitted_path=/data:/mnt/expand
07-17 12:34:24.635   592   592 D nativeloader: Configuring classloader-namespace-shared for other apk /apex/com.android.scheduling/javalib/service-scheduling.jar. target_sdk_version=33, uses_libraries=ALL, library_path=, permitted_path=/data:/mnt/expand
07-17 12:34:24.648   592   592 D nativeloader: Configuring classloader-namespace-shared for other apk /apex/com.android.tethering/javalib/service-connectivity.jar. target_sdk_version=33, uses_libraries=ALL, library_path=, permitted_path=/data:/mnt/expand
07-17 12:34:24.672   592   592 D nativeloader: Configuring classloader-namespace-shared for other apk /apex/com.android.uwb/javalib/service-uwb.jar. target_sdk_version=33, uses_libraries=ALL, library_path=, permitted_path=/data:/mnt/expand
07-17 12:34:24.697   592   592 D nativeloader: Configuring classloader-namespace-shared for other apk /apex/com.android.wifi/javalib/service-wifi.jar. target_sdk_version=33, uses_libraries=ALL, library_path=, permitted_path=/data:/mnt/expand
07-17 12:34:24.706   592   592 W system_server: Unexpected CPU variant for x86: x86_64.
07-17 12:34:24.706   592   592 W system_server: Known variants: atom, sandybridge, silvermont, kabylake, default
07-17 12:34:24.708   592   592 W system_server: Failed to upload odrefresh metrics: metrics file '/data/misc/odrefresh/odrefresh-metrics.txt' could not be opened: No such file or directory
07-17 12:34:24.721   479   493 I adbd    : jdwp connection from 592
07-17 12:34:24.788   592   592 D SystemServerTiming: InitBeforeStartServices
07-17 12:34:24.789   592   592 I system_server_start: [1,13757,13757]
07-17 12:34:24.794   592   592 I SystemServer: Entered the Android system server!
07-17 12:34:24.794   592   592 I boot_progress_system_run: 13777
07-17 12:34:25.112   592   592 I SystemServerInitThreadPool: Creating instance with 4 threads
07-17 12:34:25.463   592   592 V SystemServerTiming: InitBeforeStartServices took to complete: 675ms
07-17 12:34:25.463   592   592 D SystemServerTiming: StartServices
07-17 12:34:25.463   592   592 D SystemServerTiming: startBootstrapServices
07-17 12:34:25.463   592   592 D SystemServerTiming: StartWatchdog
07-17 12:34:25.471   592   592 V SystemServerTiming: StartWatchdog took to complete: 7ms
07-17 12:34:25.472   592   592 I SystemServer: Reading configuration...
07-17 12:34:25.472   592   592 D SystemServerTiming: ReadingSystemConfig
07-17 12:34:25.473   592   592 V SystemServerTiming: ReadingSystemConfig took to complete: 1ms
07-17 12:34:25.473   592   592 D SystemServerTiming: PlatformCompat
07-17 12:34:25.473   592   616 D SystemServerTimingAsync: InitThreadPoolExec:ReadingSystemConfig
07-17 12:34:25.473   592   616 D SystemServerInitThreadPool: Started executing ReadingSystemConfig
07-17 12:34:25.474   592   616 I SystemConfig: Reading permissions from /system/etc/sysconfig/framework-sysconfig.xml
07-17 12:34:25.474   592   592 D CompatConfig: Found a config file: /system/etc/compatconfig/services-platform-compat-config.xml
07-17 12:34:25.475   592   616 I incfs   : Initial API level of the device: 33
07-17 12:34:25.475   592   616 I incfs   : ro.incremental.enable: yes
07-17 12:34:25.475   592   616 I incfs   : isFsAvailable: true
07-17 12:34:25.475   592   616 I incfs   : isFsAvailable: true
07-17 12:34:25.475   592   616 I incfs   : IncFs_Features: v2
07-17 12:34:25.476   592   592 D CompatConfig: Adding: com.android.server.compat.config.Change@a5c772b
07-17 12:34:25.476   592   592 D CompatConfig: Adding: com.android.server.compat.config.Change@2aed521
07-17 12:34:25.476   592   592 D CompatConfig: Adding: com.android.server.compat.config.Change@1e6fd46
07-17 12:34:25.476   592   592 D CompatConfig: Adding: com.android.server.compat.config.Change@aa95b07
07-17 12:34:25.476   592   592 D CompatConfig: Adding: com.android.server.compat.config.Change@2421434
07-17 12:34:25.476   592   592 D CompatConfig: Adding: com.android.server.compat.config.Change@c82a25d
07-17 12:34:25.476   592   592 D CompatConfig: Adding: com.android.server.compat.config.Change@205a7d2
07-17 12:34:25.477   592   616 I SystemConfig: Reading permissions from /system/etc/sysconfig/hiddenapi-package-whitelist.xml
07-17 12:34:25.477   592   592 D CompatConfig: Adding: com.android.server.compat.config.Change@3f6a0a3
07-17 12:34:25.477   592   592 D CompatConfig: Adding: com.android.server.compat.config.Change@6063fa0
07-17 12:34:25.477   592   592 D CompatConfig: Adding: com.android.server.compat.config.Change@dcc0759
07-17 12:34:25.477   592   592 D CompatConfig: Adding: com.android.server.compat.config.Change@1f26f1e
07-17 12:34:25.477   592   592 D CompatConfig: Adding: com.android.server.compat.config.Change@148a3ff
07-17 12:34:25.477   592   592 D CompatConfig: Adding: com.android.server.compat.config.Change@41fb5cc
07-17 12:34:25.477   592   592 D CompatConfig: Adding: com.android.server.compat.config.Change@2acc015
07-17 12:34:25.477   592   592 D CompatConfig: Adding: com.android.server.compat.config.Change@b525f2a
07-17 12:34:25.477   592   592 D CompatConfig: Adding: com.android.server.compat.config.Change@f8d811b
07-17 12:34:25.477   592   592 D CompatConfig: Adding: com.android.server.compat.config.Change@27862b8
07-17 12:34:25.477   592   592 D CompatConfig: Adding: com.android.server.compat.config.Change@da64891
07-17 12:34:25.477   592   592 D CompatConfig: Adding: com.android.server.compat.config.Change@b0f43f6
07-17 12:34:25.477   592   592 D CompatConfig: Adding: com.android.server.compat.config.Change@27913f7
07-17 12:34:25.477   592   592 D CompatConfig: Adding: com.android.server.compat.config.Change@9acf264
07-17 12:34:25.477   592   592 D CompatConfig: Adding: com.android.server.compat.config.Change@dd5dccd
07-17 12:34:25.477   592   592 D CompatConfig: Adding: com.android.server.compat.config.Change@e3a982
07-17 12:34:25.477   592   592 D CompatConfig: Adding: com.android.server.compat.config.Change@b20f893
07-17 12:34:25.477   592   592 D CompatConfig: Adding: com.android.server.compat.config.Change@d78d0d0
07-17 12:34:25.477   592   592 D CompatConfig: Adding: com.android.server.compat.config.Change@cf078c9
07-17 12:34:25.477   592   592 D CompatConfig: Adding: com.android.server.compat.config.Change@ba6dbce
07-17 12:34:25.477   592   592 D CompatConfig: Adding: com.android.server.compat.config.Change@c588aef
07-17 12:34:25.477   592   592 D CompatConfig: Adding: com.android.server.compat.config.Change@fe229fc
07-17 12:34:25.477   592   592 D CompatConfig: Adding: com.android.server.compat.config.Change@fed885
07-17 12:34:25.477   592   592 D CompatConfig: Adding: com.android.server.compat.config.Change@e58e6da
07-17 12:34:25.477   592   592 D CompatConfig: Adding: com.android.server.compat.config.Change@8cce70b
07-17 12:34:25.477   592   592 D CompatConfig: Adding: com.android.server.compat.config.Change@b25e9e8
07-17 12:34:25.477   592   592 D CompatConfig: Adding: com.android.server.compat.config.Change@dd97801
07-17 12:34:25.477   592   592 D CompatConfig: Adding: com.android.server.compat.config.Change@9ee96a6
07-17 12:34:25.477   592   592 D CompatConfig: Adding: com.android.server.compat.config.Change@6e0e8e7
07-17 12:34:25.477   592   592 D CompatConfig: Adding: com.android.server.compat.config.Change@e63bc94
07-17 12:34:25.477   592   592 D CompatConfig: Adding: com.android.server.compat.config.Change@264933d
07-17 12:34:25.477   592   592 D CompatConfig: Adding: com.android.server.compat.config.Change@7dd7732
07-17 12:34:25.477   592   592 D CompatConfig: Adding: com.android.server.compat.config.Change@6492c83
07-17 12:34:25.477   592   592 D CompatConfig: Adding: com.android.server.compat.config.Change@90a0e00
07-17 12:34:25.477   592   592 D CompatConfig: Adding: com.android.server.compat.config.Change@d8c2639
07-17 12:34:25.477   592   592 D CompatConfig: Adding: com.android.server.compat.config.Change@167d47e
07-17 12:34:25.477   592   592 D CompatConfig: Adding: com.android.server.compat.config.Change@3680ddf
07-17 12:34:25.477   592   592 D CompatConfig: Adding: com.android.server.compat.config.Change@6ffecf5
07-17 12:34:25.477   592   592 D CompatConfig: Adding: com.android.server.compat.config.Change@fa8ba8a
07-17 12:34:25.477   592   592 D CompatConfig: Adding: com.android.server.compat.config.Change@469a8fb
07-17 12:34:25.477   592   592 D CompatConfig: Adding: com.android.server.compat.config.Change@f9b9d18
07-17 12:34:25.477   592   616 I SystemConfig: Reading permissions from /system/etc/sysconfig/preinstalled-packages-platform.xml
07-17 12:34:25.479   592   616 I SystemConfig: Reading permissions from /system/etc/permissions/org.apache.http.legacy.xml
07-17 12:34:25.479   592   592 D CompatConfig: Adding: com.android.server.compat.config.Change@7af6371
07-17 12:34:25.479   592   592 D CompatConfig: Adding: com.android.server.compat.config.Change@c1fd9d7
07-17 12:34:25.479   592   592 D CompatConfig: Adding: com.android.server.compat.config.Change@13972c4
07-17 12:34:25.479   592   592 D CompatConfig: Adding: com.android.server.compat.config.Change@e05c5ad
07-17 12:34:25.479   592   592 D CompatConfig: Adding: com.android.server.compat.config.Change@b7e10e2
07-17 12:34:25.479   592   592 D CompatConfig: Adding: com.android.server.compat.config.Change@e9e3c73
07-17 12:34:25.479   592   592 D CompatConfig: Adding: com.android.server.compat.config.Change@3bcf730
07-17 12:34:25.479   592   592 D CompatConfig: Adding: com.android.server.compat.config.Change@9e60fa9
07-17 12:34:25.479   592   592 D CompatConfig: Adding: com.android.server.compat.config.Change@570592e
07-17 12:34:25.479   592   592 D CompatConfig: Adding: com.android.server.compat.config.Change@3962ccf
07-17 12:34:25.479   592   592 D CompatConfig: Adding: com.android.server.compat.config.Change@fb2565c
07-17 12:34:25.480   592   592 D CompatConfig: Adding: com.android.server.compat.config.Change@c66fd65
07-17 12:34:25.480   592   592 D CompatConfig: Adding: com.android.server.compat.config.Change@a2cda3a
07-17 12:34:25.480   592   592 D CompatConfig: Adding: com.android.server.compat.config.Change@272c6eb
07-17 12:34:25.480   592   592 D CompatConfig: Adding: com.android.server.compat.config.Change@83c7c48
07-17 12:34:25.480   592   592 D CompatConfig: Found a config file: /system/etc/compatconfig/framework-platform-compat-config.xml
07-17 12:34:25.481   592   616 I SystemConfig: Reading permissions from /system/etc/permissions/android.test.runner.xml
07-17 12:34:25.481   592   616 I SystemConfig: Reading permissions from /system/etc/permissions/android.test.base.xml
07-17 12:34:25.482   592   616 I SystemConfig: Reading permissions from /system/etc/permissions/com.android.media.remotedisplay.xml
07-17 12:34:25.482   592   592 D CompatConfig: Adding: com.android.server.compat.config.Change@850741d
07-17 12:34:25.482   592   592 D CompatConfig: Adding: com.android.server.compat.config.Change@9107692
07-17 12:34:25.482   592   592 D CompatConfig: Adding: com.android.server.compat.config.Change@70f2863
07-17 12:34:25.482   592   592 D CompatConfig: Adding: com.android.server.compat.config.Change@f548c60
07-17 12:34:25.482   592   592 D CompatConfig: Adding: com.android.server.compat.config.Change@c053519
07-17 12:34:25.482   592   592 D CompatConfig: Adding: com.android.server.compat.config.Change@ebb69de
07-17 12:34:25.482   592   592 D CompatConfig: Adding: com.android.server.compat.config.Change@fc1e7bf
07-17 12:34:25.482   592   592 D CompatConfig: Adding: com.android.server.compat.config.Change@6e60e8c
07-17 12:34:25.482   592   592 D CompatConfig: Adding: com.android.server.compat.config.Change@4ab09d5
07-17 12:34:25.482   592   592 D CompatConfig: Adding: com.android.server.compat.config.Change@99045ea
07-17 12:34:25.482   592   592 D CompatConfig: Adding: com.android.server.compat.config.Change@4b740db
07-17 12:34:25.482   592   592 D CompatConfig: Adding: com.android.server.compat.config.Change@c2b8778
07-17 12:34:25.482   592   592 D CompatConfig: Adding: com.android.server.compat.config.Change@9f6e51
07-17 12:34:25.482   592   592 D CompatConfig: Adding: com.android.server.compat.config.Change@b24d6b6
07-17 12:34:25.482   592   592 D CompatConfig: Adding: com.android.server.compat.config.Change@edf0fb7
07-17 12:34:25.482   592   592 D CompatConfig: Adding: com.android.server.compat.config.Change@a4da324
07-17 12:34:25.482   592   592 D CompatConfig: Adding: com.android.server.compat.config.Change@c9b9e8d
07-17 12:34:25.482   592   592 D CompatConfig: Adding: com.android.server.compat.config.Change@69fa842
07-17 12:34:25.482   592   592 D CompatConfig: Adding: com.android.server.compat.config.Change@c4af053
07-17 12:34:25.482   592   592 D CompatConfig: Adding: com.android.server.compat.config.Change@453cd90
07-17 12:34:25.482   592   592 D CompatConfig: Adding: com.android.server.compat.config.Change@db09689
07-17 12:34:25.482   592   592 D CompatConfig: Adding: com.android.server.compat.config.Change@904068e
07-17 12:34:25.482   592   592 D CompatConfig: Adding: com.android.server.compat.config.Change@8a3eaf
07-17 12:34:25.482   592   592 D CompatConfig: Adding: com.android.server.compat.config.Change@45032bc
07-17 12:34:25.482   592   592 D CompatConfig: Adding: com.android.server.compat.config.Change@f031245
07-17 12:34:25.482   592   592 D CompatConfig: Adding: com.android.server.compat.config.Change@a3dfd9a
07-17 12:34:25.482   592   592 D CompatConfig: Adding: com.android.server.compat.config.Change@ec616cb
07-17 12:34:25.483   592   592 D CompatConfig: Adding: com.android.server.compat.config.Change@14bbea8
07-17 12:34:25.483   592   592 D CompatConfig: Adding: com.android.server.compat.config.Change@f478dc1
07-17 12:34:25.483   592   592 D CompatConfig: Adding: com.android.server.compat.config.Change@2ee5966
07-17 12:34:25.483   592   592 D CompatConfig: Adding: com.android.server.compat.config.Change@99d54a7
07-17 12:34:25.483   592   592 D CompatConfig: Adding: com.android.server.compat.config.Change@7f21d54
07-17 12:34:25.483   592   616 I SystemConfig: Reading permissions from /system/etc/permissions/javax.obex.xml
07-17 12:34:25.483   592   592 D CompatConfig: Adding: com.android.server.compat.config.Change@2f6a5f2
07-17 12:34:25.483   592   592 D CompatConfig: Adding: com.android.server.compat.config.Change@4c09443
07-17 12:34:25.483   592   592 D CompatConfig: Adding: com.android.server.compat.config.Change@1fdbac0
07-17 12:34:25.483   592   592 D CompatConfig: Adding: com.android.server.compat.config.Change@86f33f9
07-17 12:34:25.483   592   592 D CompatConfig: Adding: com.android.server.compat.config.Change@4c52f3e
07-17 12:34:25.483   592   592 D CompatConfig: Adding: com.android.server.compat.config.Change@44e319f
07-17 12:34:25.483   592   592 D CompatConfig: Adding: com.android.server.compat.config.Change@863c2ec
07-17 12:34:25.483   592   592 D CompatConfig: Adding: com.android.server.compat.config.Change@66616b5
07-17 12:34:25.483   592   592 D CompatConfig: Adding: com.android.server.compat.config.Change@961014a
07-17 12:34:25.483   592   592 D CompatConfig: Adding: com.android.server.compat.config.Change@5ee48bb
07-17 12:34:25.483   592   592 D CompatConfig: Adding: com.android.server.compat.config.Change@c4021d8
07-17 12:34:25.483   592   592 D CompatConfig: Adding: com.android.server.compat.config.Change@6ae6931
07-17 12:34:25.483   592   592 D CompatConfig: Adding: com.android.server.compat.config.Change@935e816
07-17 12:34:25.483   592   592 D CompatConfig: Adding: com.android.server.compat.config.Change@faeb597
07-17 12:34:25.483   592   592 D CompatConfig: Adding: com.android.server.compat.config.Change@2818384
07-17 12:34:25.483   592   592 D CompatConfig: Adding: com.android.server.compat.config.Change@34f676d
07-17 12:34:25.483   592   592 D CompatConfig: Adding: com.android.server.compat.config.Change@5a06fa2
07-17 12:34:25.483   592   592 D CompatConfig: Adding: com.android.server.compat.config.Change@9f1433
07-17 12:34:25.484   592   592 D CompatConfig: Adding: com.android.server.compat.config.Change@e5553f0
07-17 12:34:25.484   592   592 D CompatConfig: Adding: com.android.server.compat.config.Change@5880d69
07-17 12:34:25.484   592   592 D CompatConfig: Adding: com.android.server.compat.config.Change@739e3ee
07-17 12:34:25.484   592   592 D CompatConfig: Adding: com.android.server.compat.config.Change@f2cc08f
07-17 12:34:25.484   592   592 D CompatConfig: Adding: com.android.server.compat.config.Change@653bf1c
07-17 12:34:25.484   592   592 D CompatConfig: Adding: com.android.server.compat.config.Change@18b1725
07-17 12:34:25.484   592   592 D CompatConfig: Adding: com.android.server.compat.config.Change@4e450fa
07-17 12:34:25.484   592   592 D CompatConfig: Adding: com.android.server.compat.config.Change@13ed6ab
07-17 12:34:25.484   592   592 D CompatConfig: Adding: com.android.server.compat.config.Change@6bb108
07-17 12:34:25.484   592   592 D CompatConfig: Adding: com.android.server.compat.config.Change@1fb00a1
07-17 12:34:25.484   592   592 D CompatConfig: Adding: com.android.server.compat.config.Change@f9682c6
07-17 12:34:25.484   592   592 D CompatConfig: Adding: com.android.server.compat.config.Change@a123287
