07-17 12:34:27.710   592   592 V SystemServerTiming: OnBootPhase_500_com.android.server.BatteryService took to complete: 0ms
07-17 12:34:27.710   592   592 D SystemServerTiming: OnBootPhase_500_com.android.server.usage.UsageStatsService
07-17 12:34:27.710   592   638 V DisplayPowerController[0]: Brightness [0.39763778] reason changing to: 'override', previous reason: '0'.
07-17 12:34:27.711   592   592 D AppStandbyController: Setting app idle enabled state
07-17 12:34:27.711   592   638 I DisplayPowerController[0]: BrightnessEvent: disp=0, physDisp=local:4619827259835644672, brt=0.39763778, initBrt=NaN, rcmdBrt=NaN, preBrt=NaN, lux=0.0, fastAmbientLux=-1.0, slowAmbientLux=-1.0, preLux=0.0, hbmMax=1.0, hbmMode=off, rbcStrength=0, powerFactor=1.0, thrmMax=1.0, flags=, reason=override, autoBrightness=false
07-17 12:34:27.711   592   638 I DisplayPowerController[0]: BrightnessEvent: disp=0, physDisp=local:4619827259835644672, brt=0.39763778, initBrt=0.39763778, rcmdBrt=NaN, preBrt=NaN, lux=0.0, fastAmbientLux=-1.0, slowAmbientLux=-1.0, preLux=0.0, hbmMax=1.0, hbmMode=off, rbcStrength=0, powerFactor=1.0, thrmMax=1.0, flags=, reason=override, autoBrightness=false
07-17 12:34:27.713   592   592 V HistoricalRegistry: Interaction before persistence initialized
07-17 12:34:27.713   592   592 V SystemServerTiming: OnBootPhase_500_com.android.server.usage.UsageStatsService took to complete: 3ms
07-17 12:34:27.713   592   592 D SystemServerTiming: OnBootPhase_500_com.android.server.webkit.WebViewUpdateService
07-17 12:34:27.713   592   592 V SystemServerTiming: OnBootPhase_500_com.android.server.webkit.WebViewUpdateService took to complete: 0ms
07-17 12:34:27.713   592   592 D SystemServerTiming: OnBootPhase_500_com.android.server.CachedDeviceStateService
07-17 12:34:27.714   592   592 V SystemServerTiming: OnBootPhase_500_com.android.server.CachedDeviceStateService took to complete: 0ms
07-17 12:34:27.714   592   592 D SystemServerTiming: OnBootPhase_500_com.android.server.BinderCallsStatsService$LifeCycle
07-17 12:34:27.715   592   592 V SystemServerTiming: OnBootPhase_500_com.android.server.BinderCallsStatsService$LifeCycle took to complete: 1ms
07-17 12:34:27.715   592   592 D SystemServerTiming: OnBootPhase_500_com.android.server.LooperStatsService$Lifecycle
07-17 12:34:27.715   592   592 V SystemServerTiming: OnBootPhase_500_com.android.server.LooperStatsService$Lifecycle took to complete: 0ms
07-17 12:34:27.715   592   592 D SystemServerTiming: OnBootPhase_500_com.android.server.rollback.RollbackManagerService
07-17 12:34:27.715   592   592 V SystemServerTiming: OnBootPhase_500_com.android.server.rollback.RollbackManagerService took to complete: 0ms
07-17 12:34:27.715   592   592 D SystemServerTiming: OnBootPhase_500_com.android.server.os.NativeTombstoneManagerService
07-17 12:34:27.715   592   592 V SystemServerTiming: OnBootPhase_500_com.android.server.os.NativeTombstoneManagerService took to complete: 0ms
07-17 12:34:27.715   592   592 D SystemServerTiming: OnBootPhase_500_com.android.server.os.BugreportManagerService
07-17 12:34:27.715   592   592 V SystemServerTiming: OnBootPhase_500_com.android.server.os.BugreportManagerService took to complete: 0ms
07-17 12:34:27.715   592   592 D SystemServerTiming: OnBootPhase_500_com.android.server.gpu.GpuService
07-17 12:34:27.715   592   592 V SystemServerTiming: OnBootPhase_500_com.android.server.gpu.GpuService took to complete: 0ms
07-17 12:34:27.715   592   592 D SystemServerTiming: OnBootPhase_500_com.android.server.security.KeyChainSystemService
07-17 12:34:27.715   592   592 V SystemServerTiming: OnBootPhase_500_com.android.server.security.KeyChainSystemService took to complete: 0ms
07-17 12:34:27.715   592   592 D SystemServerTiming: OnBootPhase_500_com.android.server.BinaryTransparencyService
07-17 12:34:27.715   592   592 V SystemServerTiming: OnBootPhase_500_com.android.server.BinaryTransparencyService took to complete: 0ms
07-17 12:34:27.715   592   592 D SystemServerTiming: OnBootPhase_500_com.android.server.telecom.TelecomLoaderService
07-17 12:34:27.715   592   592 V SystemServerTiming: OnBootPhase_500_com.android.server.telecom.TelecomLoaderService took to complete: 0ms
07-17 12:34:27.715   592   592 D SystemServerTiming: OnBootPhase_500_com.android.server.accounts.AccountManagerService$Lifecycle
07-17 12:34:27.715   592   592 V SystemServerTiming: OnBootPhase_500_com.android.server.accounts.AccountManagerService$Lifecycle took to complete: 0ms
07-17 12:34:27.715   592   592 D SystemServerTiming: OnBootPhase_500_com.android.server.content.ContentService$Lifecycle
07-17 12:34:27.715   592   592 V SystemServerTiming: OnBootPhase_500_com.android.server.content.ContentService$Lifecycle took to complete: 0ms
07-17 12:34:27.715   592   592 D SystemServerTiming: OnBootPhase_500_com.android.server.DropBoxManagerService
07-17 12:34:27.716   592   592 V SystemServerTiming: OnBootPhase_500_com.android.server.DropBoxManagerService took to complete: 0ms
07-17 12:34:27.716   592   592 D SystemServerTiming: OnBootPhase_500_com.android.role.RoleService
07-17 12:34:27.716   592   592 V SystemServerTiming: OnBootPhase_500_com.android.role.RoleService took to complete: 0ms
07-17 12:34:27.716   592   592 D SystemServerTiming: OnBootPhase_500_com.android.server.vibrator.VibratorManagerService$Lifecycle
07-17 12:34:27.716   592   592 V VibratorManagerService: Initializing VibratorManager service...
07-17 12:34:27.716   592   592 V HistoricalRegistry: Interaction before persistence initialized
07-17 12:34:27.718   592   592 V VibratorManagerService: VibratorManager service initialized
07-17 12:34:27.718   592   592 V SystemServerTiming: OnBootPhase_500_com.android.server.vibrator.VibratorManagerService$Lifecycle took to complete: 2ms
07-17 12:34:27.718   592   592 D SystemServerTiming: OnBootPhase_500_com.android.server.tare.InternalResourceService
07-17 12:34:27.718   592   592 V SystemServerTiming: OnBootPhase_500_com.android.server.tare.InternalResourceService took to complete: 1ms
07-17 12:34:27.718   592   592 D SystemServerTiming: OnBootPhase_500_com.android.server.alarm.AlarmManagerService
07-17 12:34:27.722   426   426 I android.hardware.power-service.example: Power isModeSupported: 9
07-17 12:34:27.723   592   612 I DisplayDeviceRepository: Display device changed state: "Built-in Screen", ON
07-17 12:34:27.724   592   612 I InputManager-JNI: Viewport [0] to add: local:4619827259835644672, isActive: true
07-17 12:34:27.724   592   687 I InputReader: Reconfiguring input devices, changes=DISPLAY_INFO | 
07-17 12:34:27.725   592   687 I InputReader: Touch device 'virtio_input_multi_touch_4' could not query the properties of its associated display.  The device will be inoperable until the display size becomes available.
07-17 12:34:27.726   592   687 I InputReader: Device reconfigured: id=13, name='virtio_input_multi_touch_1', size 768x1280, orientation 0, mode 1, display id 0
07-17 12:34:27.726   592   687 I InputReader: Touch device 'virtio_input_multi_touch_5' could not query the properties of its associated display.  The device will be inoperable until the display size becomes available.
07-17 12:34:27.726   592   687 I InputReader: Touch device 'virtio_input_multi_touch_3' could not query the properties of its associated display.  The device will be inoperable until the display size becomes available.
07-17 12:34:27.726   592   687 I InputReader: Touch device 'virtio_input_multi_touch_11' could not query the properties of its associated display.  The device will be inoperable until the display size becomes available.
07-17 12:34:27.726   592   687 I InputReader: Touch device 'virtio_input_multi_touch_8' could not query the properties of its associated display.  The device will be inoperable until the display size becomes available.
07-17 12:34:27.726   592   687 I InputReader: Touch device 'virtio_input_multi_touch_2' could not query the properties of its associated display.  The device will be inoperable until the display size becomes available.
07-17 12:34:27.726   592   687 I InputReader: Touch device 'virtio_input_multi_touch_10' could not query the properties of its associated display.  The device will be inoperable until the display size becomes available.
07-17 12:34:27.726   592   687 I InputReader: Touch device 'virtio_input_multi_touch_7' could not query the properties of its associated display.  The device will be inoperable until the display size becomes available.
07-17 12:34:27.726   592   687 I InputReader: Touch device 'virtio_input_multi_touch_6' could not query the properties of its associated display.  The device will be inoperable until the display size becomes available.
07-17 12:34:27.726   592   687 I InputReader: Touch device 'virtio_input_multi_touch_9' could not query the properties of its associated display.  The device will be inoperable until the display size becomes available.
07-17 12:34:27.727   434   434 D SurfaceFlinger: Setting power mode 2 on display 4619827259835644672
07-17 12:34:27.730   592   771 E DisplayDeviceConfig: requesting nits when no mapping exists.
07-17 12:34:27.732   384   388 I ServiceManager: Waiting for service 'statscompanion' on '/dev/binder' successful after waiting 903ms
07-17 12:34:27.733   592   621 I am_wtf  : [0,592,system_server,-1,DisplayDeviceConfig,requesting nits when no mapping exists.]
07-17 12:34:27.734   592   621 I DropBoxManagerService: add tag=system_server_wtf isTagEnabled=true flags=0x2
07-17 12:34:27.734   592   771 E DisplayDeviceConfig: requesting nits when no mapping exists.
07-17 12:34:27.735   592   628 W KernelCpuProcStringReader: File not found. It's normal if not implemented: /proc/uid_concurrent_policy_time
07-17 12:34:27.736   592   592 V SystemServerTiming: OnBootPhase_500_com.android.server.alarm.AlarmManagerService took to complete: 18ms
07-17 12:34:27.736   592   592 D SystemServerTiming: OnBootPhase_500_com.android.server.devicestate.DeviceStateManagerService
07-17 12:34:27.736   592   592 V SystemServerTiming: OnBootPhase_500_com.android.server.devicestate.DeviceStateManagerService took to complete: 0ms
07-17 12:34:27.736   592   592 D SystemServerTiming: OnBootPhase_500_com.android.server.camera.CameraServiceProxy
07-17 12:34:27.737   592   592 V SystemServerTiming: OnBootPhase_500_com.android.server.camera.CameraServiceProxy took to complete: 0ms
07-17 12:34:27.737   592   592 D SystemServerTiming: OnBootPhase_500_com.android.server.bluetooth.BluetoothService
07-17 12:34:27.737   592   592 V SystemServerTiming: OnBootPhase_500_com.android.server.bluetooth.BluetoothService took to complete: 0ms
07-17 12:34:27.737   592   592 D SystemServerTiming: OnBootPhase_500_com.android.server.connectivity.IpConnectivityMetrics
07-17 12:34:27.738   592   729 D ConnectivityService: NetReassign [no changes] [c 0] [a 0] [i 0]
07-17 12:34:27.738   592   592 V SystemServerTiming: OnBootPhase_500_com.android.server.connectivity.IpConnectivityMetrics took to complete: 1ms
07-17 12:34:27.738   592   592 D SystemServerTiming: OnBootPhase_500_com.android.server.net.watchlist.NetworkWatchlistService$Lifecycle
07-17 12:34:27.738   592   592 V SystemServerTiming: OnBootPhase_500_com.android.server.net.watchlist.NetworkWatchlistService$Lifecycle took to complete: 0ms
07-17 12:34:27.738   592   592 D SystemServerTiming: OnBootPhase_500_com.android.server.PinnerService
07-17 12:34:27.739   592   592 V SystemServerTiming: OnBootPhase_500_com.android.server.PinnerService took to complete: 0ms
07-17 12:34:27.739   592   592 D SystemServerTiming: OnBootPhase_500_com.android.server.integrity.AppIntegrityManagerService
07-17 12:34:27.739   592   592 V SystemServerTiming: OnBootPhase_500_com.android.server.integrity.AppIntegrityManagerService took to complete: 0ms
07-17 12:34:27.739   592   592 D SystemServerTiming: OnBootPhase_500_com.android.server.logcat.LogcatManagerService
07-17 12:34:27.739   592   592 V SystemServerTiming: OnBootPhase_500_com.android.server.logcat.LogcatManagerService took to complete: 0ms
07-17 12:34:27.739   592   592 D SystemServerTiming: OnBootPhase_500_com.android.server.inputmethod.InputMethodManagerService$Lifecycle
07-17 12:34:27.739   592   592 V SystemServerTiming: OnBootPhase_500_com.android.server.inputmethod.InputMethodManagerService$Lifecycle took to complete: 0ms
07-17 12:34:27.739   592   592 D SystemServerTiming: OnBootPhase_500_com.android.server.accessibility.AccessibilityManagerService$Lifecycle
07-17 12:34:27.739   592   592 V SystemServerTiming: OnBootPhase_500_com.android.server.accessibility.AccessibilityManagerService$Lifecycle took to complete: 0ms
07-17 12:34:27.739   592   592 D SystemServerTiming: OnBootPhase_500_com.android.server.StorageManagerService$Lifecycle
07-17 12:34:27.739   592   592 V SystemServerTiming: OnBootPhase_500_com.android.server.StorageManagerService$Lifecycle took to complete: 0ms
07-17 12:34:27.739   592   592 D SystemServerTiming: OnBootPhase_500_com.android.server.usage.StorageStatsService$Lifecycle
07-17 12:34:27.739   592   592 V SystemServerTiming: OnBootPhase_500_com.android.server.usage.StorageStatsService$Lifecycle took to complete: 0ms
07-17 12:34:27.739   592   592 D SystemServerTiming: OnBootPhase_500_com.android.server.UiModeManagerService
07-17 12:34:27.740   592   592 I configuration_changed: 512
07-17 12:34:27.740   592   592 I ActivityTaskManager: Config changes=200 {1.0 ?mcc?mnc [en_US] ldltr sw384dp w384dp h640dp 320dpi nrml long port finger qwerty/v/v -nav/h winConfig={ mBounds=Rect(0, 0 - 768, 1280) mAppBounds=Rect(0, 0 - 768, 1280) mMaxBounds=Rect(0, 0 - 768, 1280) mDisplayRotation=ROTATION_0 mWindowingMode=fullscreen mDisplayWindowingMode=fullscreen mActivityType=undefined mAlwaysOnTop=undefined mRotation=ROTATION_0} s.6 ?fontWeightAdjustment}
07-17 12:34:27.741   592   592 I WindowManager: Override config changes=200 {1.0 ?mcc?mnc [en_US] ldltr sw384dp w384dp h640dp 320dpi nrml long port finger qwerty/v/v -nav/h winConfig={ mBounds=Rect(0, 0 - 768, 1280) mAppBounds=Rect(0, 0 - 768, 1280) mMaxBounds=Rect(0, 0 - 768, 1280) mDisplayRotation=ROTATION_0 mWindowingMode=fullscreen mDisplayWindowingMode=fullscreen mActivityType=undefined mAlwaysOnTop=undefined mRotation=ROTATION_0} s.6 ?fontWeightAdjustment} for displayId=0
07-17 12:34:27.742   592   592 V SystemServerTiming: OnBootPhase_500_com.android.server.UiModeManagerService took to complete: 2ms
07-17 12:34:27.742   592   592 D SystemServerTiming: OnBootPhase_500_com.android.server.locales.LocaleManagerService
07-17 12:34:27.742   592   592 V SystemServerTiming: OnBootPhase_500_com.android.server.locales.LocaleManagerService took to complete: 0ms
07-17 12:34:27.742   592   592 D SystemServerTiming: OnBootPhase_500_com.android.server.locksettings.LockSettingsService$Lifecycle
07-17 12:34:27.742   592   592 V SystemServerTiming: OnBootPhase_500_com.android.server.locksettings.LockSettingsService$Lifecycle took to complete: 0ms
07-17 12:34:27.742   592   592 D SystemServerTiming: OnBootPhase_500_com.android.server.testharness.TestHarnessModeService
07-17 12:34:27.742   592   592 D TestHarnessModeService: Setting up test harness mode
07-17 12:34:27.742   592   592 D TestHarnessModeService: Getting PersistentDataBlockManagerInternal from LocalServices
07-17 12:34:27.742   592   592 E TestHarnessModeService: Failed to start Test Harness Mode; no implementation of PersistentDataBlockManagerInternal was bound!
07-17 12:34:27.742   592   592 V SystemServerTiming: OnBootPhase_500_com.android.server.testharness.TestHarnessModeService took to complete: 1ms
07-17 12:34:27.742   592   592 D SystemServerTiming: OnBootPhase_500_com.android.server.DeviceIdleController
07-17 12:34:27.744   592   592 V HistoricalRegistry: Interaction before persistence initialized
07-17 12:34:27.744   592   592 V SystemServerTiming: OnBootPhase_500_com.android.server.DeviceIdleController took to complete: 2ms
07-17 12:34:27.744   592   592 D SystemServerTiming: OnBootPhase_500_com.android.server.devicepolicy.DevicePolicyManagerService$Lifecycle
07-17 12:34:27.744   592   592 V SystemServerTiming: OnBootPhase_500_com.android.server.devicepolicy.DevicePolicyManagerService$Lifecycle took to complete: 0ms
07-17 12:34:27.745   592   592 D SystemServerTiming: OnBootPhase_500_com.android.server.musicrecognition.MusicRecognitionManagerService
07-17 12:34:27.745   592   592 V SystemServerTiming: OnBootPhase_500_com.android.server.musicrecognition.MusicRecognitionManagerService took to complete: 0ms
07-17 12:34:27.745   592   592 D SystemServerTiming: OnBootPhase_500_com.android.server.contentcapture.ContentCaptureManagerService
07-17 12:34:27.745   592   592 V SystemServerTiming: OnBootPhase_500_com.android.server.contentcapture.ContentCaptureManagerService took to complete: 0ms
07-17 12:34:27.745   592   592 D SystemServerTiming: OnBootPhase_500_com.android.server.systemcaptions.SystemCaptionsManagerService
07-17 12:34:27.745   592   592 V SystemServerTiming: OnBootPhase_500_com.android.server.systemcaptions.SystemCaptionsManagerService took to complete: 0ms
07-17 12:34:27.745   592   592 D SystemServerTiming: OnBootPhase_500_com.android.server.texttospeech.TextToSpeechManagerService
07-17 12:34:27.745   592   592 V SystemServerTiming: OnBootPhase_500_com.android.server.texttospeech.TextToSpeechManagerService took to complete: 0ms
07-17 12:34:27.745   592   592 D SystemServerTiming: OnBootPhase_500_com.android.server.ambientcontext.AmbientContextManagerService
07-17 12:34:27.745   592   592 V SystemServerTiming: OnBootPhase_500_com.android.server.ambientcontext.AmbientContextManagerService took to complete: 0ms
07-17 12:34:27.745   592   592 D SystemServerTiming: OnBootPhase_500_com.android.server.speech.SpeechRecognitionManagerService
07-17 12:34:27.745   592   592 V SystemServerTiming: OnBootPhase_500_com.android.server.speech.SpeechRecognitionManagerService took to complete: 0ms
07-17 12:34:27.745   592   592 D SystemServerTiming: OnBootPhase_500_com.android.server.appprediction.AppPredictionManagerService
07-17 12:34:27.745   592   592 V SystemServerTiming: OnBootPhase_500_com.android.server.appprediction.AppPredictionManagerService took to complete: 0ms
07-17 12:34:27.745   592   592 D SystemServerTiming: OnBootPhase_500_com.android.server.contentsuggestions.ContentSuggestionsManagerService
07-17 12:34:27.745   592   592 V SystemServerTiming: OnBootPhase_500_com.android.server.contentsuggestions.ContentSuggestionsManagerService took to complete: 0ms
07-17 12:34:27.745   592   592 D SystemServerTiming: OnBootPhase_500_com.android.server.searchui.SearchUiManagerService
07-17 12:34:27.745   592   592 V SystemServerTiming: OnBootPhase_500_com.android.server.searchui.SearchUiManagerService took to complete: 0ms
07-17 12:34:27.745   592   592 D SystemServerTiming: OnBootPhase_500_com.android.server.smartspace.SmartspaceManagerService
07-17 12:34:27.745   592   592 V SystemServerTiming: OnBootPhase_500_com.android.server.smartspace.SmartspaceManagerService took to complete: 0ms
07-17 12:34:27.745   592   592 D SystemServerTiming: OnBootPhase_500_com.android.server.cloudsearch.CloudSearchManagerService
07-17 12:34:27.745   592   592 V SystemServerTiming: OnBootPhase_500_com.android.server.cloudsearch.CloudSearchManagerService took to complete: 0ms
07-17 12:34:27.745   592   592 D SystemServerTiming: OnBootPhase_500_com.android.server.graphics.fonts.FontManagerService$Lifecycle
07-17 12:34:27.745   592   592 V SystemServerTiming: OnBootPhase_500_com.android.server.graphics.fonts.FontManagerService$Lifecycle took to complete: 0ms
07-17 12:34:27.745   592   592 D SystemServerTiming: OnBootPhase_500_com.android.server.textservices.TextServicesManagerService$Lifecycle
07-17 12:34:27.745   592   592 V SystemServerTiming: OnBootPhase_500_com.android.server.textservices.TextServicesManagerService$Lifecycle took to complete: 0ms
07-17 12:34:27.746   592   592 D SystemServerTiming: OnBootPhase_500_com.android.server.textclassifier.TextClassificationManagerService$Lifecycle
07-17 12:34:27.746   592   592 V SystemServerTiming: OnBootPhase_500_com.android.server.textclassifier.TextClassificationManagerService$Lifecycle took to complete: 0ms
07-17 12:34:27.746   592   592 D SystemServerTiming: OnBootPhase_500_com.android.server.NetworkScoreService$Lifecycle
07-17 12:34:27.746   592   592 V SystemServerTiming: OnBootPhase_500_com.android.server.NetworkScoreService$Lifecycle took to complete: 0ms
07-17 12:34:27.746   592   592 D SystemServerTiming: OnBootPhase_500_com.android.server.NetworkStatsServiceInitializer
07-17 12:34:27.746   592   592 V SystemServerTiming: OnBootPhase_500_com.android.server.NetworkStatsServiceInitializer took to complete: 0ms
07-17 12:34:27.746   592   592 D SystemServerTiming: OnBootPhase_500_com.android.server.wifi.WifiService
07-17 12:34:27.747   592   592 V SystemServerTiming: OnBootPhase_500_com.android.server.wifi.WifiService took to complete: 1ms
07-17 12:34:27.747   592   592 D SystemServerTiming: OnBootPhase_500_com.android.server.wifi.scanner.WifiScanningService
07-17 12:34:27.747   592   592 I WifiScanningService: Starting wifiscanner
07-17 12:34:27.750   592   638 I DisplayPowerController[0]: BrightnessEvent: disp=0, physDisp=local:4619827259835644672, brt=0.39763778, initBrt=0.39763778, rcmdBrt=NaN, preBrt=NaN, lux=0.0, fastAmbientLux=-1.0, slowAmbientLux=-1.0, preLux=0.0, hbmMax=1.0, hbmMode=off, rbcStrength=0, powerFactor=1.0, thrmMax=1.0, flags=, reason=override, autoBrightness=false
07-17 12:34:27.750   592   722 W WifiXmlUtil: Ignoring unknown value name found: CaptivePortalNeverDetected
07-17 12:34:27.751   592   724 I WifiContext: Got resolveInfos for com.android.server.wifi.intent.action.SERVICE_WIFI_RESOURCES_APK: [ResolveInfo{5445575 com.google.android.wifi.resources/android.app.Activity m=0x108000}]
07-17 12:34:27.751   592   724 I WifiContext: Found Wifi Resources APK at: com.google.android.wifi.resources
07-17 12:34:27.751   592   592 V SystemServerTiming: OnBootPhase_500_com.android.server.wifi.scanner.WifiScanningService took to complete: 4ms
07-17 12:34:27.751   592   592 D SystemServerTiming: OnBootPhase_500_com.android.server.wifi.p2p.WifiP2pService
07-17 12:34:27.752   592   722 D CompatibilityChangeReporter: Compat change id reported: 213289672; UID 1000; state: ENABLED
07-17 12:34:27.752   592   722 D CompatibilityChangeReporter: Compat change id reported: 215656264; UID 1000; state: ENABLED
07-17 12:34:27.752   592   722 D WifiConfigStore: Reading from all stores completed in 6 ms.
07-17 12:34:27.753   592   722 E WifiConfigManager: Cannot find network with networkId -1 or configKey "AndroidWifi"NONE or upgradable security type check
07-17 12:34:27.754   385   385 I netd    : registerUnsolicitedEventListener() <0.02ms>
07-17 12:34:27.754   592   592 V SystemServerTiming: OnBootPhase_500_com.android.server.wifi.p2p.WifiP2pService took to complete: 3ms
07-17 12:34:27.754   592   592 D SystemServerTiming: OnBootPhase_500_com.android.server.ConnectivityServiceInitializer
07-17 12:34:27.754   592   592 V SystemServerTiming: OnBootPhase_500_com.android.server.ConnectivityServiceInitializer took to complete: 0ms
07-17 12:34:27.754   592   592 D SystemServerTiming: OnBootPhase_500_com.android.server.notification.NotificationManagerService
07-17 12:34:27.755   592   722 I WifiInjector: enableVerboseLogging false hal false
07-17 12:34:27.755   592   722 D WifiNative: enableVerboseLogging false hal false
07-17 12:34:27.755   592   722 E SupplicantStaIfaceHalAidlImpl: Can't call setDebugParams, ISupplicant is null
07-17 12:34:27.755   592   722 I WifiService: WifiService starting up with Wi-Fi enabled
07-17 12:34:27.756   592   592 V SystemServerTiming: OnBootPhase_500_com.android.server.notification.NotificationManagerService took to complete: 2ms
07-17 12:34:27.756   592   592 D SystemServerTiming: OnBootPhase_500_com.android.server.storage.DeviceStorageMonitorService
07-17 12:34:27.756   592   592 V SystemServerTiming: OnBootPhase_500_com.android.server.storage.DeviceStorageMonitorService took to complete: 0ms
07-17 12:34:27.756   592   592 D SystemServerTiming: OnBootPhase_500_com.android.server.location.LocationManagerService$Lifecycle
07-17 12:34:27.756   592   592 V HistoricalRegistry: Interaction before persistence initialized
07-17 12:34:27.757   592   592 V SystemServerTiming: OnBootPhase_500_com.android.server.location.LocationManagerService$Lifecycle took to complete: 1ms
07-17 12:34:27.757   592   592 D SystemServerTiming: OnBootPhase_500_com.android.server.timedetector.TimeDetectorService$Lifecycle
07-17 12:34:27.757   592   592 V SystemServerTiming: OnBootPhase_500_com.android.server.timedetector.TimeDetectorService$Lifecycle took to complete: 0ms
07-17 12:34:27.757   592   592 D SystemServerTiming: OnBootPhase_500_com.android.server.timezonedetector.TimeZoneDetectorService$Lifecycle
07-17 12:34:27.757   592   592 V SystemServerTiming: OnBootPhase_500_com.android.server.timezonedetector.TimeZoneDetectorService$Lifecycle took to complete: 0ms
07-17 12:34:27.757   592   592 D SystemServerTiming: OnBootPhase_500_com.android.server.timezonedetector.location.LocationTimeZoneManagerService$Lifecycle
07-17 12:34:27.757   592   592 V SystemServerTiming: OnBootPhase_500_com.android.server.timezonedetector.location.LocationTimeZoneManagerService$Lifecycle took to complete: 1ms
07-17 12:34:27.757   592   592 D SystemServerTiming: OnBootPhase_500_com.android.server.search.SearchManagerService$Lifecycle
07-17 12:34:27.757   592   592 V SystemServerTiming: OnBootPhase_500_com.android.server.search.SearchManagerService$Lifecycle took to complete: 0ms
07-17 12:34:27.757   592   592 D SystemServerTiming: OnBootPhase_500_com.android.server.wallpaper.WallpaperManagerService$Lifecycle
07-17 12:34:27.758   592   592 V SystemServerTiming: OnBootPhase_500_com.android.server.wallpaper.WallpaperManagerService$Lifecycle took to complete: 0ms
07-17 12:34:27.758   592   592 D SystemServerTiming: OnBootPhase_500_com.android.server.wallpapereffectsgeneration.WallpaperEffectsGenerationManagerService
07-17 12:34:27.758   592   592 V SystemServerTiming: OnBootPhase_500_com.android.server.wallpapereffectsgeneration.WallpaperEffectsGenerationManagerService took to complete: 0ms
07-17 12:34:27.758   592   592 D SystemServerTiming: OnBootPhase_500_com.android.server.audio.AudioService$Lifecycle
07-17 12:34:27.758   592   592 V SystemServerTiming: OnBootPhase_500_com.android.server.audio.AudioService$Lifecycle took to complete: 0ms
07-17 12:34:27.758   592   592 D SystemServerTiming: OnBootPhase_500_com.android.server.soundtrigger_middleware.SoundTriggerMiddlewareService$Lifecycle
07-17 12:34:27.758   592   592 V SystemServerTiming: OnBootPhase_500_com.android.server.soundtrigger_middleware.SoundTriggerMiddlewareService$Lifecycle took to complete: 0ms
07-17 12:34:27.758   592   592 D SystemServerTiming: OnBootPhase_500_com.android.server.DockObserver
07-17 12:34:27.758   592   592 V SystemServerTiming: OnBootPhase_500_com.android.server.DockObserver took to complete: 0ms
07-17 12:34:27.758   592   592 D SystemServerTiming: OnBootPhase_500_com.android.server.midi.MidiService$Lifecycle
07-17 12:34:27.758   592   592 V SystemServerTiming: OnBootPhase_500_com.android.server.midi.MidiService$Lifecycle took to complete: 0ms
07-17 12:34:27.758   592   592 D SystemServerTiming: OnBootPhase_500_com.android.server.adb.AdbService$Lifecycle
07-17 12:34:27.758   592   592 V SystemServerTiming: OnBootPhase_500_com.android.server.adb.AdbService$Lifecycle took to complete: 0ms
07-17 12:34:27.758   592   592 D SystemServerTiming: OnBootPhase_500_com.android.server.usb.UsbService$Lifecycle
07-17 12:34:27.758   592   592 V SystemServerTiming: OnBootPhase_500_com.android.server.usb.UsbService$Lifecycle took to complete: 0ms
07-17 12:34:27.758   592   592 D SystemServerTiming: OnBootPhase_500_com.android.server.twilight.TwilightService
07-17 12:34:27.758   592   592 V SystemServerTiming: OnBootPhase_500_com.android.server.twilight.TwilightService took to complete: 0ms
07-17 12:34:27.758   592   592 D SystemServerTiming: OnBootPhase_500_com.android.server.display.color.ColorDisplayService
07-17 12:34:27.758   592   592 V SystemServerTiming: OnBootPhase_500_com.android.server.display.color.ColorDisplayService took to complete: 0ms
07-17 12:34:27.758   592   592 D SystemServerTiming: OnBootPhase_500_com.android.server.job.JobSchedulerService
07-17 12:34:27.762   592   592 V HistoricalRegistry: Interaction before persistence initialized
07-17 12:34:27.763   592   592 V SystemServerTiming: OnBootPhase_500_com.android.server.job.JobSchedulerService took to complete: 5ms
07-17 12:34:27.763   592   592 D SystemServerTiming: OnBootPhase_500_com.android.server.soundtrigger.SoundTriggerService
07-17 12:34:27.763   592   592 D SoundTriggerService: onBootPhase: 500 : false
07-17 12:34:27.763   592   592 V SystemServerTiming: OnBootPhase_500_com.android.server.soundtrigger.SoundTriggerService took to complete: 0ms
07-17 12:34:27.763   592   592 D SystemServerTiming: OnBootPhase_500_com.android.server.trust.TrustManagerService
07-17 12:34:27.764   592   592 V SystemServerTiming: OnBootPhase_500_com.android.server.trust.TrustManagerService took to complete: 1ms
07-17 12:34:27.764   592   592 D SystemServerTiming: OnBootPhase_500_com.android.server.backup.BackupManagerService$Lifecycle
07-17 12:34:27.764   592   592 V SystemServerTiming: OnBootPhase_500_com.android.server.backup.BackupManagerService$Lifecycle took to complete: 0ms
07-17 12:34:27.764   592   592 D SystemServerTiming: OnBootPhase_500_com.android.server.appwidget.AppWidgetService
07-17 12:34:27.764   592   592 V SystemServerTiming: OnBootPhase_500_com.android.server.appwidget.AppWidgetService took to complete: 0ms
07-17 12:34:27.764   592   592 D SystemServerTiming: OnBootPhase_500_com.android.server.voiceinteraction.VoiceInteractionManagerService
07-17 12:34:27.764   592   592 V SystemServerTiming: OnBootPhase_500_com.android.server.voiceinteraction.VoiceInteractionManagerService took to complete: 0ms
07-17 12:34:27.764   592   592 D SystemServerTiming: OnBootPhase_500_com.android.server.apphibernation.AppHibernationService
07-17 12:34:27.764   592   592 V SystemServerTiming: OnBootPhase_500_com.android.server.apphibernation.AppHibernationService took to complete: 1ms
07-17 12:34:27.764   592   592 D SystemServerTiming: OnBootPhase_500_com.android.server.GestureLauncherService
07-17 12:34:27.764   592   592 V SystemServerTiming: OnBootPhase_500_com.android.server.GestureLauncherService took to complete: 0ms
07-17 12:34:27.765   592   592 D SystemServerTiming: OnBootPhase_500_com.android.server.SensorNotificationService
07-17 12:34:27.765   592   592 V SystemServerTiming: OnBootPhase_500_com.android.server.SensorNotificationService took to complete: 0ms
07-17 12:34:27.765   592   592 D SystemServerTiming: OnBootPhase_500_com.android.server.emergency.EmergencyAffordanceService
07-17 12:34:27.765   592   592 V SystemServerTiming: OnBootPhase_500_com.android.server.emergency.EmergencyAffordanceService took to complete: 0ms
07-17 12:34:27.765   592   592 D SystemServerTiming: OnBootPhase_500_com.android.server.blob.BlobStoreManagerService
07-17 12:34:27.765   592   592 V SystemServerTiming: OnBootPhase_500_com.android.server.blob.BlobStoreManagerService took to complete: 0ms
07-17 12:34:27.765   592   592 D SystemServerTiming: OnBootPhase_500_com.android.server.dreams.DreamManagerService
07-17 12:34:27.765   592   592 V SystemServerTiming: OnBootPhase_500_com.android.server.dreams.DreamManagerService took to complete: 0ms
07-17 12:34:27.765   592   592 D SystemServerTiming: OnBootPhase_500_com.android.server.print.PrintManagerService
07-17 12:34:27.765   592   592 V SystemServerTiming: OnBootPhase_500_com.android.server.print.PrintManagerService took to complete: 0ms
07-17 12:34:27.765   592   592 D SystemServerTiming: OnBootPhase_500_com.android.server.security.AttestationVerificationManagerService
07-17 12:34:27.765   592   592 V SystemServerTiming: OnBootPhase_500_com.android.server.security.AttestationVerificationManagerService took to complete: 0ms
07-17 12:34:27.765   592   592 D SystemServerTiming: OnBootPhase_500_com.android.server.companion.CompanionDeviceManagerService
07-17 12:34:27.766   592   592 D BluetoothAdapter: registerBluetoothConnectionCallback()
07-17 12:34:27.766   592   592 D BluetoothAdapter: isLeEnabled(): OFF
07-17 12:34:27.766   592   592 V SystemServerTiming: OnBootPhase_500_com.android.server.companion.CompanionDeviceManagerService took to complete: 1ms
07-17 12:34:27.766   592   592 D SystemServerTiming: OnBootPhase_500_com.android.server.companion.virtual.VirtualDeviceManagerService
07-17 12:34:27.766   592   592 V SystemServerTiming: OnBootPhase_500_com.android.server.companion.virtual.VirtualDeviceManagerService took to complete: 0ms
07-17 12:34:27.766   592   592 D SystemServerTiming: OnBootPhase_500_com.android.server.restrictions.RestrictionsManagerService
07-17 12:34:27.766   592   592 V SystemServerTiming: OnBootPhase_500_com.android.server.restrictions.RestrictionsManagerService took to complete: 0ms
07-17 12:34:27.766   592   592 D SystemServerTiming: OnBootPhase_500_com.android.server.media.MediaSessionService
07-17 12:34:27.766   592   592 V SystemServerTiming: OnBootPhase_500_com.android.server.media.MediaSessionService took to complete: 0ms
07-17 12:34:27.766   592   592 D SystemServerTiming: OnBootPhase_500_com.android.server.media.MediaResourceMonitorService
07-17 12:34:27.766   592   592 V SystemServerTiming: OnBootPhase_500_com.android.server.media.MediaResourceMonitorService took to complete: 0ms
07-17 12:34:27.766   592   592 D SystemServerTiming: OnBootPhase_500_com.android.server.biometrics.sensors.fingerprint.FingerprintService
07-17 12:34:27.766   592   592 V SystemServerTiming: OnBootPhase_500_com.android.server.biometrics.sensors.fingerprint.FingerprintService took to complete: 0ms
07-17 12:34:27.766   592   592 D SystemServerTiming: OnBootPhase_500_com.android.server.biometrics.BiometricService
07-17 12:34:27.766   592   592 V SystemServerTiming: OnBootPhase_500_com.android.server.biometrics.BiometricService took to complete: 0ms
07-17 12:34:27.766   592   592 D SystemServerTiming: OnBootPhase_500_com.android.server.biometrics.AuthService
07-17 12:34:27.766   592   592 V SystemServerTiming: OnBootPhase_500_com.android.server.biometrics.AuthService took to complete: 0ms
07-17 12:34:27.766   592   592 D SystemServerTiming: OnBootPhase_500_com.android.server.pm.ShortcutService$Lifecycle
07-17 12:34:27.766   592   592 V SystemServerTiming: OnBootPhase_500_com.android.server.pm.ShortcutService$Lifecycle took to complete: 0ms
07-17 12:34:27.766   592   592 D SystemServerTiming: OnBootPhase_500_com.android.server.pm.LauncherAppsService
07-17 12:34:27.766   592   592 V SystemServerTiming: OnBootPhase_500_com.android.server.pm.LauncherAppsService took to complete: 0ms
07-17 12:34:27.766   592   592 D SystemServerTiming: OnBootPhase_500_com.android.server.pm.CrossProfileAppsService
07-17 12:34:27.766   592   592 V SystemServerTiming: OnBootPhase_500_com.android.server.pm.CrossProfileAppsService took to complete: 0ms
07-17 12:34:27.766   592   592 D SystemServerTiming: OnBootPhase_500_com.android.server.people.PeopleService
07-17 12:34:27.767   592   592 V SystemServerTiming: OnBootPhase_500_com.android.server.people.PeopleService took to complete: 0ms
07-17 12:34:27.767   592   592 D SystemServerTiming: OnBootPhase_500_com.android.server.media.metrics.MediaMetricsManagerService
07-17 12:34:27.767   592   592 V SystemServerTiming: OnBootPhase_500_com.android.server.media.metrics.MediaMetricsManagerService took to complete: 0ms
07-17 12:34:27.767   592   592 D SystemServerTiming: OnBootPhase_500_com.android.server.media.projection.MediaProjectionManagerService
07-17 12:34:27.767   592   592 V SystemServerTiming: OnBootPhase_500_com.android.server.media.projection.MediaProjectionManagerService took to complete: 0ms
07-17 12:34:27.767   592   592 D SystemServerTiming: OnBootPhase_500_com.android.server.slice.SliceManagerService$Lifecycle
07-17 12:34:27.767   592   592 V SystemServerTiming: OnBootPhase_500_com.android.server.slice.SliceManagerService$Lifecycle took to complete: 0ms
07-17 12:34:27.767   592   592 D SystemServerTiming: OnBootPhase_500_com.android.server.stats.StatsCompanion$Lifecycle
07-17 12:34:27.767   592   592 V SystemServerTiming: OnBootPhase_500_com.android.server.stats.StatsCompanion$Lifecycle took to complete: 0ms
07-17 12:34:27.767   592   592 D SystemServerTiming: OnBootPhase_500_com.android.server.scheduling.RebootReadinessManagerService$Lifecycle
07-17 12:34:27.767   592   592 V SystemServerTiming: OnBootPhase_500_com.android.server.scheduling.RebootReadinessManagerService$Lifecycle took to complete: 0ms
07-17 12:34:27.767   592   592 D SystemServerTiming: OnBootPhase_500_com.android.server.stats.pull.StatsPullAtomService
07-17 12:34:27.767   592   592 V SystemServerTiming: OnBootPhase_500_com.android.server.stats.pull.StatsPullAtomService took to complete: 0ms
07-17 12:34:27.767   592   592 D SystemServerTiming: OnBootPhase_500_com.android.server.stats.bootstrap.StatsBootstrapAtomService$Lifecycle
07-17 12:34:27.767   592   592 V SystemServerTiming: OnBootPhase_500_com.android.server.stats.bootstrap.StatsBootstrapAtomService$Lifecycle took to complete: 0ms
07-17 12:34:27.767   592   592 D SystemServerTiming: OnBootPhase_500_com.android.server.incident.IncidentCompanionService
07-17 12:34:27.767   592   592 V SystemServerTiming: OnBootPhase_500_com.android.server.incident.IncidentCompanionService took to complete: 0ms
07-17 12:34:27.767   592   592 D SystemServerTiming: OnBootPhase_500_com.android.server.sdksandbox.SdkSandboxManagerService$Lifecycle
07-17 12:34:27.767   592   592 V SystemServerTiming: OnBootPhase_500_com.android.server.sdksandbox.SdkSandboxManagerService$Lifecycle took to complete: 0ms
07-17 12:34:27.767   592   592 D SystemServerTiming: OnBootPhase_500_com.android.server.adservices.AdServicesManagerService$Lifecycle
07-17 12:34:27.767   592   592 V SystemServerTiming: OnBootPhase_500_com.android.server.adservices.AdServicesManagerService$Lifecycle took to complete: 0ms
07-17 12:34:27.767   592   592 D SystemServerTiming: OnBootPhase_500_com.android.server.MmsServiceBroker
07-17 12:34:27.767   592   592 V SystemServerTiming: OnBootPhase_500_com.android.server.MmsServiceBroker took to complete: 0ms
07-17 12:34:27.767   592   592 D SystemServerTiming: OnBootPhase_500_com.android.server.autofill.AutofillManagerService
07-17 12:34:27.767   592   592 V SystemServerTiming: OnBootPhase_500_com.android.server.autofill.AutofillManagerService took to complete: 0ms
07-17 12:34:27.767   592   592 D SystemServerTiming: OnBootPhase_500_com.android.server.translation.TranslationManagerService
07-17 12:34:27.767   592   592 V SystemServerTiming: OnBootPhase_500_com.android.server.translation.TranslationManagerService took to complete: 0ms
07-17 12:34:27.767   592   592 D SystemServerTiming: OnBootPhase_500_com.android.server.selectiontoolbar.SelectionToolbarManagerService
07-17 12:34:27.768   592   592 V SystemServerTiming: OnBootPhase_500_com.android.server.selectiontoolbar.SelectionToolbarManagerService took to complete: 0ms
07-17 12:34:27.768   592   592 D SystemServerTiming: OnBootPhase_500_com.android.server.clipboard.ClipboardService
07-17 12:34:27.768   592   592 V SystemServerTiming: OnBootPhase_500_com.android.server.clipboard.ClipboardService took to complete: 0ms
07-17 12:34:27.768   592   592 D SystemServerTiming: OnBootPhase_500_com.android.server.appbinding.AppBindingService$Lifecycle
07-17 12:34:27.768   592   592 V SystemServerTiming: OnBootPhase_500_com.android.server.appbinding.AppBindingService$Lifecycle took to complete: 0ms
07-17 12:34:27.768   592   592 D SystemServerTiming: OnBootPhase_500_com.android.server.tracing.TracingServiceProxy
07-17 12:34:27.768   592   592 V SystemServerTiming: OnBootPhase_500_com.android.server.tracing.TracingServiceProxy took to complete: 0ms
07-17 12:34:27.768   592   592 V SystemServerTiming: OnBootPhase_500 took to complete: 74ms
07-17 12:34:27.768   592   592 V SystemServerTiming: StartBootPhaseSystemServicesReady took to complete: 74ms
07-17 12:34:27.768   592   592 D SystemServerTiming: MakeWindowManagerServiceReady
07-17 12:34:27.768   592   592 V SystemServerTiming: MakeWindowManagerServiceReady took to complete: 0ms
07-17 12:34:27.769   592   592 D SystemServerTiming: StartPermissionPolicyService
07-17 12:34:27.769   592   592 I SystemServiceManager: Starting com.android.server.policy.PermissionPolicyService
07-17 12:34:27.772   233   233 I servicemanager: Could not find android.hardware.health.IHealth/default in the VINTF manifest.
07-17 12:34:27.772   592   619 I android_os_HwBinder: HwBinder: Starting thread pool for getting: android.hardware.health@2.0::IHealth/default
07-17 12:34:27.773   592   619 I android_os_HwBinder: HwBinder: Starting thread pool for getting: android.hidl.manager@1.0::IServiceManager/default
07-17 12:34:27.774   592   619 I HealthServiceWrapperHidl: health: HealthServiceWrapper listening to instance default
07-17 12:34:27.774   592   778 I android_os_HwBinder: HwBinder: Starting thread pool for getting: android.hardware.health@2.0::IHealth/default
07-17 12:34:27.775   592   619 D StatsPullAtomService: Registering pullers with statsd
07-17 12:34:27.776   592   619 I StatsPullAtomService: register thermal listener successfully
07-17 12:34:27.776   592   729 D ConnectivityService: NetReassign [no changes] [c 0] [a 0] [i 0]
07-17 12:34:27.781   592   722 D WifiController: isAirplaneModeOn = false, isWifiEnabled = true, isScanningAvailable = true, isLocationModeActive = true
07-17 12:34:27.781   592   722 D WifiActiveModeWarden: Starting primary ClientModeManager in connect mode
07-17 12:34:27.781   592   592 V SystemServerTiming: StartPermissionPolicyService took to complete: 12ms
07-17 12:34:27.782   592   592 D SystemServerTiming: MakePackageManagerServiceReady
07-17 12:34:27.783   592   722 I android_os_HwBinder: HwBinder: Starting thread pool for getting: android.hidl.manager@1.2::IServiceManager/default
07-17 12:34:27.788   592   621 I am_wtf  : [0,592,system_server,-1,DisplayDeviceConfig,requesting nits when no mapping exists.]
07-17 12:34:27.789   592   621 I DropBoxManagerService: add tag=system_server_wtf isTagEnabled=true flags=0x2
07-17 12:34:27.789   592   753 D HalDevMgr: IWifi registration notification: fqName=android.hardware.wifi@1.0::IWifi, name=default, preexisting=true
07-17 12:34:27.790   592   722 I android_os_HwBinder: HwBinder: Starting thread pool for getting: android.hardware.wifi@1.0::IWifi/default
07-17 12:34:27.791   592   722 D WifiNl80211Manager: tearing down interfaces in wificond
07-17 12:34:27.792   592   592 I commit_sys_config_file: [package-session,1]
07-17 12:34:27.793   592   722 D WifiAdaptConnObserver: Adaptive connectivity status initialized to: true
07-17 12:34:27.793   592   722 D WifiController: EnabledState.enter()
07-17 12:34:27.793   592   592 V UserDataPreparer: Found /data/user_de/0 with serial number 0
07-17 12:34:27.793   592   592 V UserDataPreparer: Found /data/user/0 with serial number 0
07-17 12:34:27.793   592   592 V UserDataPreparer: Found /data/system_de/0 with serial number 0
07-17 12:34:27.793   592   592 V UserDataPreparer: Found /data/system_ce/0 with serial number 0
07-17 12:34:27.793   592   592 V UserDataPreparer: Found /data/misc_ce/0 with serial number 0
07-17 12:34:27.794   592   722 D WifiClientModeManager[unknown]: entering IdleState
07-17 12:34:27.794   592   592 I PackageManager: Permission ownership changed. Updating all permissions.
07-17 12:34:27.795   420   420 I android.hardware.wifi@1.0-service: Wifi HAL started
07-17 12:34:27.797   420   420 W android.hardware.wifi@1.0-service: No active wlan interfaces in use! Using default
07-17 12:34:27.797   420   420 E android.hardware.wifi@1.0-service: Unknown iface name: wlan0
07-17 12:34:27.797   420   420 E android.hardware.wifi@1.0-service: Unknown iface name: wlan0
07-17 12:34:27.799   592   722 I WifiVendorHal: Vendor Hal started successfully
07-17 12:34:27.800   420   420 W android.hardware.wifi@1.0-service: No active wlan interfaces in use! Using default
07-17 12:34:27.800   420   420 E android.hardware.wifi@1.0-service: Unknown iface name: wlan0
07-17 12:34:27.800   420   420 E android.hardware.wifi@1.0-service: Unknown iface name: wlan0
07-17 12:34:27.801   420   420 I android.hardware.wifi@1.0-service: Adding interface handle for wlan0
07-17 12:34:27.801   420   420 W android.hardware.wifi@1.0-service: No active wlan interfaces in use! Using default
07-17 12:34:27.801   420   420 E android.hardware.wifi@1.0-service: Failed to register radio mode change callback
07-17 12:34:27.801   420   420 W android.hardware.wifi@1.0-service: No active wlan interfaces in use! Using default
07-17 12:34:27.802   420   420 I android.hardware.wifi@1.0-service: Configured chip in mode 0
07-17 12:34:27.802   420   420 W android.hardware.wifi@1.0-service: No active wlan interfaces in use! Using default
07-17 12:34:27.803   420   420 W android.hardware.wifi@1.0-service: No active wlan interfaces in use! Using default
07-17 12:34:27.804   420   420 W android.hardware.wifi@1.0-service: No active wlan interfaces in use! Using default
07-17 12:34:27.804   420   420 I android.hardware.wifi@1.0-service: Adding interface handle for wlan0
07-17 12:34:27.804   420   420 E android.hardware.wifi@1.0-service: Failed to set DFS flag; DFS channels may be unavailable.
07-17 12:34:27.805   592   722 D HalDevMgr: updateRttController: no one is interested in RTT controllers
07-17 12:34:27.807   592   722 D WifiNl80211Manager: Setting up interface for client mode: wlan0
07-17 12:34:27.808   525   525 I wificond: createClientInterface: wiphy_index 1 iface_name wlan0
07-17 12:34:27.809   525   525 I wificond: create scanner for interface with index: 16
07-17 12:34:27.809   525   525 I wificond: subscribe scan result for interface with index: 16
07-17 12:34:27.810   525   525 I wificond: add channel type 0 support at wiphy index: 1
07-17 12:34:27.810   525   525 I wificond: add channel type 1 support at wiphy index: 1
07-17 12:34:27.811   385   385 I netd    : interfaceGetCfg(wlan0) -> {InterfaceConfigurationParcel{ifName: wlan0, hwAddr: 02:15:b2:00:00:00, ipv4Addr: 0.0.0.0, prefixLength: 0, flags: [up, broadcast, multicast]}} <0.21ms>
07-17 12:34:27.812   592   722 I WifiNative: Interface state changed on Iface:{Name=wlan0,Id=0,Type=STA_SCAN}, isUp=true
07-17 12:34:27.813   592   722 I WifiNative: Successfully setup Iface:{Name=wlan0,Id=0,Type=STA_SCAN}
07-17 12:34:27.813   592   722 E SupplicantStaIfaceHalAidlImpl: Can't call getKeyMgmtCapabilities, ISupplicantStaIface is null for iface=wlan0
07-17 12:34:27.815   592   722 E SupplicantStaIfaceHalAidlImpl: Can't call getWpaDriverCapabilities, ISupplicantStaIface is null for iface=wlan0
07-17 12:34:27.815   592   722 D WifiClientModeManager[wlan0]: entering StartedState
07-17 12:34:27.815   385   385 I netd    : interfaceGetCfg(wlan0) -> {InterfaceConfigurationParcel{ifName: wlan0, hwAddr: 02:15:b2:00:00:00, ipv4Addr: 0.0.0.0, prefixLength: 0, flags: [up, broadcast, multicast]}} <0.08ms>
07-17 12:34:27.818   592   722 D WifiConfigStore: Writing to stores completed in 2 ms.
07-17 12:34:27.820   592   644 E DefaultPermGrantPolicy: Package not found: com.google.android.apps.pixelmigrate
07-17 12:34:27.820   592   644 W DefaultPermGrantPolicy: No such package:com.google.android.apps.pixelmigrate
07-17 12:34:27.821   592   644 E DefaultPermGrantPolicy: Package not found: com.google.android.adservices
07-17 12:34:27.821   592   644 W DefaultPermGrantPolicy: No such package:com.google.android.adservices
07-17 12:34:27.821   592   644 E DefaultPermGrantPolicy: Package not found: com.google.android.apps.mediashell
07-17 12:34:27.821   592   644 W DefaultPermGrantPolicy: No such package:com.google.android.apps.mediashell
07-17 12:34:27.821   592   644 E DefaultPermGrantPolicy: Package not found: com.google.android.apps.tips
07-17 12:34:27.821   592   644 W DefaultPermGrantPolicy: No such package:com.google.android.apps.tips
07-17 12:34:27.821   592   644 E DefaultPermGrantPolicy: Package not found: com.google.android.apps.turbo
07-17 12:34:27.821   592   644 W DefaultPermGrantPolicy: No such package:com.google.android.apps.turbo
07-17 12:34:27.821   592   644 E DefaultPermGrantPolicy: Package not found: com.google.android.euicc
07-17 12:34:27.821   592   644 W DefaultPermGrantPolicy: No such package:com.google.android.euicc
07-17 12:34:27.821   592   644 E DefaultPermGrantPolicy: Package not found: com.google.android.volta
07-17 12:34:27.821   592   644 W DefaultPermGrantPolicy: No such package:com.google.android.volta
07-17 12:34:27.822   592   592 V StagingManagerTiming: restoreSessions took to complete: 2ms
07-17 12:34:27.823   233   233 I servicemanager: Found android.hardware.wifi.supplicant.ISupplicant/default in device VINTF manifest.
07-17 12:34:27.823   233   233 I servicemanager: Found android.hardware.wifi.supplicant.ISupplicant/default in device VINTF manifest.
07-17 12:34:27.823   233   233 I servicemanager: Since 'android.hardware.wifi.supplicant.ISupplicant/default' could not be found, trying to start it as a lazy AIDL service
07-17 12:34:27.824   592   592 V SystemServerTiming: MakePackageManagerServiceReady took to complete: 41ms
07-17 12:34:27.824   592   592 D SystemServerTiming: MakeDisplayManagerServiceReady
