07-17 12:22:18.426   590   590 D CompatConfig: Adding: com.android.server.compat.config.Change@6dd6598
07-17 12:22:18.426   590   590 D CompatConfig: Adding: com.android.server.compat.config.Change@cc8c1f1
07-17 12:22:18.426   590   590 D CompatConfig: Adding: com.android.server.compat.config.Change@df831d6
07-17 12:22:18.426   590   590 D CompatConfig: Adding: com.android.server.compat.config.Change@3609c57
07-17 12:22:18.426   590   590 D CompatConfig: Adding: com.android.server.compat.config.Change@20f4344
07-17 12:22:18.426   590   590 D CompatConfig: Adding: com.android.server.compat.config.Change@1968c2d
07-17 12:22:18.426   590   590 D CompatConfig: Adding: com.android.server.compat.config.Change@39d9562
07-17 12:22:18.426   590   590 D CompatConfig: Adding: com.android.server.compat.config.Change@968a6f3
07-17 12:22:18.426   590   590 D CompatConfig: Adding: com.android.server.compat.config.Change@75f4fb0
07-17 12:22:18.426   590   590 D CompatConfig: Adding: com.android.server.compat.config.Change@ffcbe29
07-17 12:22:18.426   590   590 D CompatConfig: Adding: com.android.server.compat.config.Change@d43a5ae
07-17 12:22:18.426   590   590 D CompatConfig: Adding: com.android.server.compat.config.Change@4dcbf4f
07-17 12:22:18.426   590   590 D CompatConfig: Adding: com.android.server.compat.config.Change@a61b6dc
07-17 12:22:18.426   590   590 D CompatConfig: Adding: com.android.server.compat.config.Change@b7a13e5
07-17 12:22:18.426   590   590 D CompatConfig: Adding: com.android.server.compat.config.Change@d286eba
07-17 12:22:18.426   590   590 D CompatConfig: Adding: com.android.server.compat.config.Change@9d0016b
07-17 12:22:18.426   590   590 D CompatConfig: Adding: com.android.server.compat.config.Change@1c164c8
07-17 12:22:18.426   590   590 D CompatConfig: Adding: com.android.server.compat.config.Change@6bd0961
07-17 12:22:18.426   590   590 D CompatConfig: Adding: com.android.server.compat.config.Change@95ebc86
07-17 12:22:18.426   590   590 D CompatConfig: Adding: com.android.server.compat.config.Change@6b4947
07-17 12:22:18.426   590   590 D CompatConfig: Adding: com.android.server.compat.config.Change@1ec0574
07-17 12:22:18.426   590   590 D CompatConfig: Adding: com.android.server.compat.config.Change@6dfda9d
07-17 12:22:18.426   590   590 D CompatConfig: Adding: com.android.server.compat.config.Change@45a1b12
07-17 12:22:18.426   590   590 D CompatConfig: Adding: com.android.server.compat.config.Change@8932e3
07-17 12:22:18.426   590   590 D CompatConfig: Adding: com.android.server.compat.config.Change@67e04e0
07-17 12:22:18.426   590   590 D CompatConfig: Adding: com.android.server.compat.config.Change@e648399
07-17 12:22:18.426   590   590 D CompatConfig: Adding: com.android.server.compat.config.Change@23ad65e
07-17 12:22:18.426   590   590 D CompatConfig: Adding: com.android.server.compat.config.Change@b121a3f
07-17 12:22:18.426   590   590 D CompatConfig: Adding: com.android.server.compat.config.Change@66e8f0c
07-17 12:22:18.426   590   590 D CompatConfig: Adding: com.android.server.compat.config.Change@bf0c055
07-17 12:22:18.426   590   590 D CompatConfig: Adding: com.android.server.compat.config.Change@6d9fa6a
07-17 12:22:18.426   590   590 D CompatConfig: Adding: com.android.server.compat.config.Change@d181b5b
07-17 12:22:18.426   590   590 D CompatConfig: Adding: com.android.server.compat.config.Change@efb8ff8
07-17 12:22:18.427   590   590 D CompatConfig: Found a config file: /system/etc/compatconfig/contacts-provider-platform-compat-config.xml
07-17 12:22:18.427   590   616 I SystemConfig: Reading permissions from /system/etc/permissions/android.software.webview.xml
07-17 12:22:18.428   590   590 D CompatConfig: Found a config file: /system/etc/compatconfig/icu4j-platform-compat-config.xml
07-17 12:22:18.428   590   616 I SystemConfig: Reading permissions from /system/etc/permissions/com.android.nfc_extras.xml
07-17 12:22:18.428   590   590 D CompatConfig: Adding: com.android.server.compat.config.Change@311a50d
07-17 12:22:18.428   590   590 D CompatConfig: Found a config file: /system/etc/compatconfig/TeleService-platform-compat-config.xml
07-17 12:22:18.428   590   616 I SystemConfig: Reading permissions from /system/etc/permissions/android.test.mock.xml
07-17 12:22:18.428   590   590 D CompatConfig: Adding: com.android.server.compat.config.Change@f0c6610
07-17 12:22:18.429   590   590 D CompatConfig: Adding: com.android.server.compat.config.Change@fc08509
07-17 12:22:18.429   590   590 D CompatConfig: Adding: com.android.server.compat.config.Change@b77930e
07-17 12:22:18.429   590   590 D CompatConfig: Adding: com.android.server.compat.config.Change@b8c112f
07-17 12:22:18.429   590   590 D CompatConfig: Adding: com.android.server.compat.config.Change@139d33c
07-17 12:22:18.429   590   590 D CompatConfig: Adding: com.android.server.compat.config.Change@6368c5
07-17 12:22:18.429   590   590 D CompatConfig: Found a config file: /system/etc/compatconfig/calendar-provider-compat-config.xml
07-17 12:22:18.429   590   616 I SystemConfig: Reading permissions from /system/etc/permissions/android.software.live_wallpaper.xml
07-17 12:22:18.429   590   590 D CompatConfig: Adding: com.android.server.compat.config.Change@66ee728
07-17 12:22:18.429   590   616 I SystemConfig: Reading permissions from /system/etc/permissions/privapp-permissions-google.xml
07-17 12:22:18.430   590   590 D CompatConfig: Found a config file: /system/etc/compatconfig/documents-ui-compat-config.xml
07-17 12:22:18.430   590   590 D CompatConfig: Adding: com.android.server.compat.config.Change@3b6f727
07-17 12:22:18.430   590   616 I SystemConfig: Reading permissions from /system/etc/permissions/privapp-permissions-platform.xml
07-17 12:22:18.430   590   590 D CompatConfig: Found a config file: /system/system_ext/etc/compatconfig/settings-platform-compat-config.xml
07-17 12:22:18.431   590   590 D CompatConfig: Adding: com.android.server.compat.config.Change@2ec8a72
07-17 12:22:18.432   590   590 D ApexManagerTiming: getActiveApexInfos_noCache
07-17 12:22:18.433   590   616 I SystemConfig: Reading permissions from /system/etc/permissions/com.android.intentresolver.xml
07-17 12:22:18.433   590   616 I SystemConfig: Reading permissions from /system/etc/permissions/com.android.location.provider.xml
07-17 12:22:18.434   590   616 I SystemConfig: Reading permissions from /system/etc/permissions/com.android.future.usb.accessory.xml
07-17 12:22:18.434   590   616 I SystemConfig: Reading permissions from /system/etc/permissions/com.android.mediadrm.signer.xml
07-17 12:22:18.435   590   616 I SystemConfig: Reading permissions from /system/etc/permissions/platform.xml
07-17 12:22:18.437   590   616 I SystemConfig: Reading permissions from /vendor/etc/permissions/handheld_core_hardware.xml
07-17 12:22:18.437   590   616 I SystemConfig: Reading permissions from /vendor/etc/permissions/android.hardware.camera.concurrent.xml
07-17 12:22:18.438   590   616 I SystemConfig: Reading permissions from /vendor/etc/permissions/android.software.opengles.deqp.level.xml
07-17 12:22:18.438   590   616 I SystemConfig: Reading permissions from /vendor/etc/permissions/android.hardware.identity_credential.xml
07-17 12:22:18.438   590   616 I SystemConfig: Reading permissions from /vendor/etc/permissions/android.hardware.vulkan.version.xml
07-17 12:22:18.439   590   590 V ApexManagerTiming: getActiveApexInfos_noCache took to complete: 6ms
07-17 12:22:18.439   590   616 I SystemConfig: Reading permissions from /vendor/etc/permissions/android.hardware.camera.front.xml
07-17 12:22:18.439   590   590 D CompatConfig: No directory /apex/com.google.mainline.primary.libs/etc/compatconfig, skipping
07-17 12:22:18.439   590   590 D CompatConfig: No directory /apex/com.android.cellbroadcast/etc/compatconfig, skipping
07-17 12:22:18.439   590   590 D CompatConfig: No directory /apex/com.android.vndk.v33/etc/compatconfig, skipping
07-17 12:22:18.439   590   616 I SystemConfig: Reading permissions from /vendor/etc/permissions/android.hardware.wifi.direct.xml
07-17 12:22:18.439   590   590 D CompatConfig: No directory /apex/com.android.runtime/etc/compatconfig, skipping
07-17 12:22:18.439   590   590 D CompatConfig: Found a config file: /apex/com.android.tethering/etc/compatconfig/connectivity-t-platform-compat-config.xml
07-17 12:22:18.440   590   616 I SystemConfig: Reading permissions from /vendor/etc/permissions/android.hardware.camera.ar.xml
07-17 12:22:18.440   590   590 D CompatConfig: Adding: com.android.server.compat.config.Change@4ec25f6
07-17 12:22:18.440   590   616 I SystemConfig: Reading permissions from /vendor/etc/permissions/android.hardware.hardware_keystore.xml
07-17 12:22:18.440   590   590 D CompatConfig: Found a config file: /apex/com.android.tethering/etc/compatconfig/connectivity-platform-compat-config.xml
07-17 12:22:18.440   590   616 I SystemConfig: Reading permissions from /vendor/etc/permissions/android.hardware.vulkan.compute.xml
07-17 12:22:18.440   590   590 D CompatConfig: Adding: com.android.server.compat.config.Change@6f9a6cd
07-17 12:22:18.441   590   590 D CompatConfig: No directory /apex/com.android.permission/etc/compatconfig, skipping
07-17 12:22:18.441   590   590 D CompatConfig: No directory /apex/com.android.ipsec/etc/compatconfig, skipping
07-17 12:22:18.441   590   590 D CompatConfig: No directory /apex/com.android.adbd/etc/compatconfig, skipping
07-17 12:22:18.441   590   616 I SystemConfig: Reading permissions from /vendor/etc/permissions/android.hardware.camera.raw.xml
07-17 12:22:18.441   590   590 D CompatConfig: No directory /apex/com.android.resolv/etc/compatconfig, skipping
07-17 12:22:18.441   590   590 D CompatConfig: No directory /apex/com.android.media.swcodec/etc/compatconfig, skipping
07-17 12:22:18.441   590   590 D CompatConfig: No directory /apex/com.android.neuralnetworks/etc/compatconfig, skipping
07-17 12:22:18.441   590   590 D CompatConfig: No directory /apex/com.android.appsearch/etc/compatconfig, skipping
07-17 12:22:18.441   590   590 D CompatConfig: No directory /apex/com.android.apex.cts.shim/etc/compatconfig, skipping
07-17 12:22:18.441   590   590 D CompatConfig: No directory /apex/com.android.uwb/etc/compatconfig, skipping
07-17 12:22:18.441   590   590 D CompatConfig: No directory /apex/com.android.adservices/etc/compatconfig, skipping
07-17 12:22:18.441   590   616 I SystemConfig: Reading permissions from /vendor/etc/permissions/android.hardware.vulkan.level.xml
07-17 12:22:18.441   590   590 D CompatConfig: Found a config file: /apex/com.android.mediaprovider/etc/compatconfig/media-provider-platform-compat-config.xml
07-17 12:22:18.442   590   616 I SystemConfig: Reading permissions from /vendor/etc/permissions/android.hardware.wifi.xml
07-17 12:22:18.442   590   590 D CompatConfig: Adding: com.android.server.compat.config.Change@3fdfdce
07-17 12:22:18.442   590   590 D CompatConfig: Adding: com.android.server.compat.config.Change@1ce04ef
07-17 12:22:18.442   590   590 D CompatConfig: Adding: com.android.server.compat.config.Change@a131bfc
07-17 12:22:18.442   590   590 D CompatConfig: Adding: com.android.server.compat.config.Change@d91e285
07-17 12:22:18.442   590   590 D CompatConfig: Adding: com.android.server.compat.config.Change@20028da
07-17 12:22:18.442   590   590 D CompatConfig: Adding: com.android.server.compat.config.Change@920010b
07-17 12:22:18.442   590   590 D CompatConfig: Adding: com.android.server.compat.config.Change@c73fbe8
07-17 12:22:18.442   590   590 D CompatConfig: No directory /apex/com.android.conscrypt/etc/compatconfig, skipping
07-17 12:22:18.442   590   616 I SystemConfig: Reading permissions from /vendor/etc/permissions/android.hardware.camera.flash-autofocus.xml
07-17 12:22:18.442   590   590 D CompatConfig: Found a config file: /apex/com.android.art/etc/compatconfig/libcore-platform-compat-config.xml
07-17 12:22:18.443   590   616 I SystemConfig: Reading permissions from /vendor/etc/permissions/android.software.vulkan.deqp.level.xml
07-17 12:22:18.443   590   590 D CompatConfig: Adding: com.android.server.compat.config.Change@b80ee94
07-17 12:22:18.443   590   590 D CompatConfig: Adding: com.android.server.compat.config.Change@90edd3d
07-17 12:22:18.443   590   590 D CompatConfig: Adding: com.android.server.compat.config.Change@ceaf932
07-17 12:22:18.443   590   590 D CompatConfig: Adding: com.android.server.compat.config.Change@6a58683
07-17 12:22:18.443   590   590 D CompatConfig: Adding: com.android.server.compat.config.Change@fc86000
07-17 12:22:18.443   590   590 D CompatConfig: Adding: com.android.server.compat.config.Change@5911039
07-17 12:22:18.443   590   590 D CompatConfig: No directory /apex/com.android.extservices/etc/compatconfig, skipping
07-17 12:22:18.443   590   616 I SystemConfig: Reading permissions from /vendor/etc/permissions/android.hardware.bluetooth.xml
07-17 12:22:18.443   590   590 D CompatConfig: No directory /apex/com.android.i18n/etc/compatconfig, skipping
07-17 12:22:18.443   590   590 D CompatConfig: Found a config file: /apex/com.android.wifi/etc/compatconfig/wifi-compat-config.xml
07-17 12:22:18.443   590   616 I SystemConfig: Reading permissions from /vendor/etc/permissions/android.software.autofill.xml
07-17 12:22:18.444   590   590 D CompatConfig: Adding: com.android.server.compat.config.Change@b6976f5
07-17 12:22:18.444   590   590 D CompatConfig: Adding: com.android.server.compat.config.Change@4a47c8a
07-17 12:22:18.444   590   616 I SystemConfig: Reading permissions from /vendor/etc/permissions/android.hardware.bluetooth_le.xml
07-17 12:22:18.444   590   590 D CompatConfig: Found a config file: /apex/com.android.btservices/etc/compatconfig/bluetooth-compat-config.xml
07-17 12:22:18.444   590   616 I SystemConfig: Reading permissions from /vendor/etc/permissions/android.hardware.touchscreen.multitouch.jazzhand.xml
07-17 12:22:18.444   590   616 I SystemConfig: Reading permissions from /vendor/etc/permissions/android.hardware.fingerprint.xml
07-17 12:22:18.445   590   590 D CompatConfig: Adding: com.android.server.compat.config.Change@cad13d7
07-17 12:22:18.445   590   590 D CompatConfig: No directory /apex/com.android.ondevicepersonalization/etc/compatconfig, skipping
07-17 12:22:18.445   590   590 D CompatConfig: No directory /apex/com.android.sdkext/etc/compatconfig, skipping
07-17 12:22:18.445   590   616 I SystemConfig: Reading permissions from /vendor/etc/permissions/android.hardware.camera.full.xml
07-17 12:22:18.445   590   590 D CompatConfig: No directory /apex/com.android.scheduling/etc/compatconfig, skipping
07-17 12:22:18.445   590   590 D CompatConfig: No directory /apex/com.android.os.statsd/etc/compatconfig, skipping
07-17 12:22:18.445   590   590 D CompatConfig: No directory /apex/com.android.media/etc/compatconfig, skipping
07-17 12:22:18.445   590   590 D CompatConfig: No directory /apex/com.android.tzdata/etc/compatconfig, skipping
07-17 12:22:18.445   590   616 I SystemConfig: Reading permissions from /vendor/etc/permissions/android.hardware.wifi.passpoint.xml
07-17 12:22:18.446   590   616 I SystemConfig: Reading permissions from /vendor/etc/permissions/android.hardware.keystore.app_attest_key.xml
07-17 12:22:18.446   590   616 I SystemConfig: Reading permissions from /product/etc/sysconfig/preinstalled-packages-platform-overlays.xml
07-17 12:22:18.447   590   590 V SystemServerTiming: PlatformCompat took to complete: 30ms
07-17 12:22:18.447   590   590 D SystemServerTiming: StartFileIntegrityService
07-17 12:22:18.447   590   590 I SystemServiceManager: Starting com.android.server.security.FileIntegrityService
07-17 12:22:18.447   590   616 I SystemConfig: Reading permissions from /product/etc/sysconfig/google-hiddenapi-package-whitelist.xml
07-17 12:22:18.448   590   616 I SystemConfig: Reading permissions from /product/etc/sysconfig/disable-zero-touch.xml
07-17 12:22:18.448   590   616 I SystemConfig: Reading permissions from /product/etc/sysconfig/google.xml
07-17 12:22:18.449   590   616 I SystemConfig: Adding association: com.google.android.as <- com.android.bluetooth
07-17 12:22:18.449   590   616 I SystemConfig: Adding association: com.google.android.as <- com.android.bluetooth.services
07-17 12:22:18.449   590   616 I SystemConfig: Adding association: com.google.android.as <- com.android.providers.contacts
07-17 12:22:18.449   590   616 I SystemConfig: Adding association: com.google.android.as <- com.android.providers.media
07-17 12:22:18.449   590   616 I SystemConfig: Adding association: com.google.android.as <- com.android.providers.telephony
07-17 12:22:18.449   590   616 I SystemConfig: Adding association: com.google.android.as <- com.android.systemui
07-17 12:22:18.449   590   616 I SystemConfig: Adding association: com.google.android.as <- com.google.android.bluetooth.services
07-17 12:22:18.449   590   616 I SystemConfig: Adding association: com.google.android.as <- com.google.android.providers.media.module
07-17 12:22:18.449   590   616 I SystemConfig: Adding association: com.google.android.as <- com.google.android.as.oss
07-17 12:22:18.449   590   616 I SystemConfig: Adding association: com.google.android.as.oss <- com.google.android.as
07-17 12:22:18.449   590   616 I SystemConfig: Reading permissions from /product/etc/sysconfig/google_build.xml
07-17 12:22:18.450   590   616 I SystemConfig: Reading permissions from /product/etc/sysconfig/preinstalled-packages-platform-aosp-product.xml
07-17 12:22:18.450   590   616 I SystemConfig: Reading permissions from /product/etc/sysconfig/google-staged-installer-whitelist.xml
07-17 12:22:18.450   590   590 V SystemServerTiming: StartFileIntegrityService took to complete: 3ms
07-17 12:22:18.450   590   590 D SystemServerTiming: StartInstaller
07-17 12:22:18.450   590   590 I SystemServiceManager: Starting com.android.server.pm.Installer
07-17 12:22:18.450   590   616 I SystemConfig: Reading permissions from /product/etc/sysconfig/preinstalled-packages-platform-handheld-product.xml
07-17 12:22:18.451   590   616 I SystemConfig: Reading permissions from /product/etc/sysconfig/wellbeing.xml
07-17 12:22:18.451   590   616 I SystemConfig: Reading permissions from /product/etc/permissions/privapp-permissions-google-p.xml
07-17 12:22:18.453   521   533 D installd: Found quota mount /dev/block/dm-33 at /data
07-17 12:22:18.453   521   533 D installd: Found quota mount /dev/block/dm-33 at /data/user/0
07-17 12:22:18.454   590   590 V SystemServerTiming: StartInstaller took to complete: 3ms
07-17 12:22:18.454   590   590 D SystemServerTiming: DeviceIdentifiersPolicyService
07-17 12:22:18.454   590   590 I SystemServiceManager: Starting com.android.server.os.DeviceIdentifiersPolicyService
07-17 12:22:18.454   590   616 I SystemConfig: Reading permissions from /product/etc/permissions/privapp-permissions-sdk-google.xml
07-17 12:22:18.454   590   590 V SystemServerTiming: DeviceIdentifiersPolicyService took to complete: 1ms
07-17 12:22:18.454   590   590 D SystemServerTiming: UriGrantsManagerService
07-17 12:22:18.454   590   590 I SystemServiceManager: Starting com.android.server.uri.UriGrantsManagerService$Lifecycle
07-17 12:22:18.454   590   616 I SystemConfig: Reading permissions from /product/etc/permissions/com.google.android.dialer.support.xml
07-17 12:22:18.455   590   616 I SystemConfig: Reading permissions from /product/etc/permissions/android.hardware.telephony.euicc.xml
07-17 12:22:18.455   590   590 V SystemServerTiming: UriGrantsManagerService took to complete: 1ms
07-17 12:22:18.455   590   616 I SystemConfig: Reading permissions from /product/etc/permissions/android.software.verified_boot.xml
07-17 12:22:18.455   590   590 D SystemServerTiming: StartPowerStatsService
07-17 12:22:18.455   590   590 I SystemServiceManager: Starting com.android.server.powerstats.PowerStatsService
07-17 12:22:18.456   590   616 I SystemConfig: Reading permissions from /product/etc/permissions/com.android.imsserviceentitlement.xml
07-17 12:22:18.456   590   616 I SystemConfig: Reading permissions from /product/etc/permissions/privapp-permissions-goldfish.xml
07-17 12:22:18.456   590   616 I SystemConfig: Reading permissions from /product/etc/permissions/split-permissions-google.xml
07-17 12:22:18.457   590   616 W SystemConfig: No directory /system_ext/etc/sysconfig, skipping
07-17 12:22:18.457   233   233 I servicemanager: Could not find android.hardware.power.stats.IPowerStats/default in the VINTF manifest.
07-17 12:22:18.457   590   616 I SystemConfig: Reading permissions from /system_ext/etc/permissions/com.android.storagemanager.xml
07-17 12:22:18.457   590   616 I SystemConfig: Reading permissions from /system_ext/etc/permissions/com.android.emulator.radio.config.xml
07-17 12:22:18.458   590   616 I SystemConfig: Reading permissions from /system_ext/etc/permissions/com.android.systemui.xml
07-17 12:22:18.458   590   616 I SystemConfig: Reading permissions from /system_ext/etc/permissions/com.android.launcher3.xml
07-17 12:22:18.458   590   616 I SystemConfig: Reading permissions from /system_ext/etc/permissions/androidx.window.extensions.xml
07-17 12:22:18.459   590   616 I SystemConfig: Reading permissions from /system_ext/etc/permissions/privapp-permissions-google-se.xml
07-17 12:22:18.460   590   590 V SystemServerTiming: StartPowerStatsService took to complete: 4ms
07-17 12:22:18.460   590   590 D SystemServerTiming: StartIStatsService
07-17 12:22:18.460   590   616 I SystemConfig: Reading permissions from /system_ext/etc/permissions/androidx.window.sidecar.xml
07-17 12:22:18.460   590   616 I SystemConfig: Reading permissions from /system_ext/etc/permissions/com.android.settings.xml
07-17 12:22:18.460   590   590 I HidlServiceManagement: Registered android.frameworks.stats@1.0::IStats/default
07-17 12:22:18.460   233   233 I servicemanager: Found android.frameworks.stats.IStats/default in framework VINTF manifest.
07-17 12:22:18.461   590   590 V SystemServerTiming: StartIStatsService took to complete: 1ms
07-17 12:22:18.461   590   590 D SystemServerTiming: MemtrackProxyService
07-17 12:22:18.461   590   616 I SystemConfig: Reading permissions from /system_ext/etc/permissions/com.google.android.sdksetup.xml
07-17 12:22:18.461   234   234 I hwservicemanager: getTransport: Cannot find entry android.hardware.memtrack@1.0::IMemtrack/default in either framework or device VINTF manifest.
07-17 12:22:18.461   233   233 I servicemanager: Could not find android.hardware.memtrack.IMemtrack/default in the VINTF manifest.
07-17 12:22:18.461   590   616 I SystemConfig: Reading permissions from /system_ext/etc/permissions/com.android.carrierconfig.xml
07-17 12:22:18.461   590   590 I Stability: Interface set with vintf stability downgraded to system stability stability
07-17 12:22:18.461   590   590 V SystemServerTiming: MemtrackProxyService took to complete: 1ms
07-17 12:22:18.461   590   590 D SystemServerTiming: StartActivityManager
07-17 12:22:18.461   590   590 I SystemServiceManager: Starting com.android.server.wm.ActivityTaskManagerService$Lifecycle
07-17 12:22:18.461   590   616 I SystemConfig: Reading permissions from /system_ext/etc/permissions/com.android.emergency.xml
07-17 12:22:18.462   590   616 I SystemConfig: Reading permissions from /apex/com.android.adservices/etc/permissions/privapp_allowlist_com.google.android.adservices.api.xml
07-17 12:22:18.463   590   616 I SystemConfig: Reading permissions from /apex/com.android.ipsec/etc/permissions/android.net.ipsec.ike.xml
07-17 12:22:18.463   590   616 I SystemConfig: Reading permissions from /apex/com.android.cellbroadcast/etc/permissions/privapp_allowlist_com.google.android.cellbroadcastreceiver.xml
07-17 12:22:18.464   590   616 I SystemConfig: Reading permissions from /apex/com.android.cellbroadcast/etc/permissions/privapp_allowlist_com.google.android.cellbroadcastservice.xml
07-17 12:22:18.464   590   616 I SystemConfig: Reading permissions from /apex/com.android.extservices/etc/permissions/privapp_allowlist_com.google.android.ext.services.xml
07-17 12:22:18.465   590   616 I SystemConfig: Reading permissions from /apex/com.android.permission/etc/permissions/privapp_allowlist_com.google.android.permissioncontroller.xml
07-17 12:22:18.466   590   616 I SystemConfig: Reading permissions from /apex/com.android.tethering/etc/permissions/privapp_allowlist_com.google.android.networkstack.tethering.xml
07-17 12:22:18.466   590   616 I SystemConfig: Reading permissions from /apex/com.android.mediaprovider/etc/permissions/privapp_allowlist_com.google.android.providers.media.module.xml
07-17 12:22:18.467   590   616 I SystemConfig: Reading permissions from /apex/com.android.btservices/etc/permissions/privapp_allowlist_com.android.bluetooth.xml
07-17 12:22:18.468   590   590 I SystemServiceManager: Starting com.android.server.am.ActivityManagerService$Lifecycle
07-17 12:22:18.470   590   616 W SystemConfig: Failed to read public libraries file /vendor/etc/public.libraries.txt
07-17 12:22:18.470   590   616 W SystemConfig: java.io.FileNotFoundException: /vendor/etc/public.libraries.txt: open failed: ENOENT (No such file or directory)
07-17 12:22:18.470   590   616 W SystemConfig: 	at libcore.io.IoBridge.open(IoBridge.java:574)
07-17 12:22:18.470   590   616 W SystemConfig: 	at java.io.FileInputStream.<init>(FileInputStream.java:160)
07-17 12:22:18.470   590   616 W SystemConfig: 	at java.io.FileReader.<init>(FileReader.java:75)
07-17 12:22:18.470   590   616 W SystemConfig: 	at com.android.server.SystemConfig.readPublicLibrariesListFile(SystemConfig.java:1825)
07-17 12:22:18.470   590   616 W SystemConfig: 	at com.android.server.SystemConfig.readPublicNativeLibrariesList(SystemConfig.java:1807)
07-17 12:22:18.470   590   616 W SystemConfig: 	at com.android.server.SystemConfig.<init>(SystemConfig.java:605)
07-17 12:22:18.470   590   616 W SystemConfig: 	at com.android.server.SystemConfig.getInstance(SystemConfig.java:369)
07-17 12:22:18.470   590   616 W SystemConfig: 	at com.android.server.SystemServer$$ExternalSyntheticLambda2.run(Unknown Source:0)
07-17 12:22:18.470   590   616 W SystemConfig: 	at com.android.server.SystemServerInitThreadPool.lambda$submitTask$0(SystemServerInitThreadPool.java:106)
07-17 12:22:18.470   590   616 W SystemConfig: 	at com.android.server.SystemServerInitThreadPool.$r8$lambda$aGlXt69ihU44Qi7EB_RNeu8pnrY(Unknown Source:0)
07-17 12:22:18.470   590   616 W SystemConfig: 	at com.android.server.SystemServerInitThreadPool$$ExternalSyntheticLambda0.run(Unknown Source:6)
07-17 12:22:18.470   590   616 W SystemConfig: 	at java.util.concurrent.Executors$RunnableAdapter.call(Executors.java:463)
07-17 12:22:18.470   590   616 W SystemConfig: 	at java.util.concurrent.FutureTask.run(FutureTask.java:264)
07-17 12:22:18.470   590   616 W SystemConfig: 	at java.util.concurrent.ThreadPoolExecutor.runWorker(ThreadPoolExecutor.java:1137)
07-17 12:22:18.470   590   616 W SystemConfig: 	at java.util.concurrent.ThreadPoolExecutor$Worker.run(ThreadPoolExecutor.java:637)
07-17 12:22:18.470   590   616 W SystemConfig: 	at com.android.internal.util.ConcurrentUtils$1$1.run(ConcurrentUtils.java:65)
07-17 12:22:18.470   590   616 W SystemConfig: Caused by: android.system.ErrnoException: open failed: ENOENT (No such file or directory)
07-17 12:22:18.470   590   616 W SystemConfig: 	at libcore.io.Linux.open(Native Method)
07-17 12:22:18.470   590   616 W SystemConfig: 	at libcore.io.ForwardingOs.open(ForwardingOs.java:563)
07-17 12:22:18.470   590   616 W SystemConfig: 	at libcore.io.BlockGuardOs.open(BlockGuardOs.java:274)
07-17 12:22:18.470   590   616 W SystemConfig: 	at libcore.io.IoBridge.open(IoBridge.java:560)
07-17 12:22:18.470   590   616 W SystemConfig: 	... 15 more
07-17 12:22:18.471   590   616 V SystemConfig: readAllPermissions took to complete: 53ms
07-17 12:22:18.471   590   616 D SystemServerInitThreadPool: Finished executing ReadingSystemConfig
07-17 12:22:18.471   590   616 V SystemServerTimingAsync: InitThreadPoolExec:ReadingSystemConfig took to complete: 53ms
07-17 12:22:18.473   590   590 I ActivityManager: Memory class: 192
07-17 12:22:18.474   590   620 I Binder  : Setting heavy hitter watcher config: false, 0, 0.0
07-17 12:22:18.477   590   590 E libpsi  : No kernel psi monitor support (errno=1)
07-17 12:22:18.477   590   590 E LowMemDetector: Failed to register psi trigger
07-17 12:22:18.483   590   590 I PackageWatchdog: Updated health check state for package com.google.android.providers.media.module: INACTIVE -> PASSED
07-17 12:22:18.483   590   590 I PackageWatchdog: Updated health check state for package android: INACTIVE -> PASSED
07-17 12:22:18.483   590   590 I PackageWatchdog: Updated health check state for package com.google.android.permissioncontroller: INACTIVE -> PASSED
07-17 12:22:18.483   590   590 I PackageWatchdog: Updated health check state for package com.google.android.networkstack: INACTIVE -> PASSED
07-17 12:22:18.483   590   590 I PackageWatchdog: Updated health check state for package com.android.keychain: INACTIVE -> PASSED
07-17 12:22:18.483   590   590 I PackageWatchdog: Updated health check state for package com.google.android.gms: INACTIVE -> PASSED
07-17 12:22:18.483   590   590 I PackageWatchdog: Updated health check state for package com.google.android.gsf: INACTIVE -> PASSED
07-17 12:22:18.483   590   590 I PackageWatchdog: Updated health check state for package com.google.android.apps.nexuslauncher: INACTIVE -> PASSED
07-17 12:22:18.483   590   590 I PackageWatchdog: Updated health check state for package com.android.settings: INACTIVE -> PASSED
07-17 12:22:18.483   590   590 I PackageWatchdog: Updated health check state for package com.android.phone: INACTIVE -> PASSED
07-17 12:22:18.483   590   590 I PackageWatchdog: Updated health check state for package com.android.providers.blockednumber: INACTIVE -> PASSED
07-17 12:22:18.483   590   590 I PackageWatchdog: Updated health check state for package com.android.systemui: INACTIVE -> PASSED
07-17 12:22:18.483   590   590 I PackageWatchdog: Updated health check state for package com.android.bluetooth: INACTIVE -> PASSED
07-17 12:22:18.483   590   590 I PackageWatchdog: Updated health check state for package com.android.providers.contacts: INACTIVE -> PASSED
07-17 12:22:18.485   590   590 W PowerProfile: ambient.on is deprecated! Use ambient.on.display0 instead.
07-17 12:22:18.485   590   590 W PowerProfile: screen.on is deprecated! Use screen.on.display0 instead.
07-17 12:22:18.485   590   590 W PowerProfile: screen.full is deprecated! Use screen.full.display0 instead.
07-17 12:22:18.485   590   590 W ModemPowerProfile: getAverageBatteryDrainMaH called with unexpected key: 0x0, drain:0,RAT:DEFAULT
07-17 12:22:18.485   590   590 W ModemPowerProfile: getAverageBatteryDrainMaH called with unexpected key: 0x10000000, drain:IDLE,RAT:DEFAULT
07-17 12:22:18.485   590   590 W ModemPowerProfile: getAverageBatteryDrainMaH called with unexpected key: 0x20000000, drain:RX,RAT:DEFAULT
07-17 12:22:18.485   590   590 W ModemPowerProfile: getAverageBatteryDrainMaH called with unexpected key: 0x30000000, drain:TX,level:UNKNOWN(0x0)RAT:DEFAULT
07-17 12:22:18.485   590   590 W ModemPowerProfile: getAverageBatteryDrainMaH called with unexpected key: 0x31000000, drain:TX,level:UNKNOWN(0x1000000)RAT:DEFAULT
07-17 12:22:18.485   590   590 W ModemPowerProfile: getAverageBatteryDrainMaH called with unexpected key: 0x32000000, drain:TX,level:UNKNOWN(0x2000000)RAT:DEFAULT
07-17 12:22:18.485   590   590 W ModemPowerProfile: getAverageBatteryDrainMaH called with unexpected key: 0x33000000, drain:TX,level:UNKNOWN(0x3000000)RAT:DEFAULT
07-17 12:22:18.485   590   590 W ModemPowerProfile: getAverageBatteryDrainMaH called with unexpected key: 0x34000000, drain:TX,level:UNKNOWN(0x4000000)RAT:DEFAULT
07-17 12:22:18.488   590   590 D BatteryStatsImpl: Reading daily items from /data/system/batterystats-daily.xml
07-17 12:22:18.491   590   626 I BatteryStatsService: Using power.stats HAL
07-17 12:22:18.491   590   626 W BatteryStatsService: Rail information is not available
07-17 12:22:18.491   590   626 W BatteryStatsService: Rail energy data is not available
07-17 12:22:18.492   590   626 E BluetoothAdapter: Bluetooth service is null
07-17 12:22:18.492   590   626 I KernelCpuUidFreqTimeReader: mPerClusterTimesAvailable=false
07-17 12:22:18.494   590   626 W KernelCpuProcStringReader: File not found. It's normal if not implemented: /proc/uid_concurrent_policy_time
07-17 12:22:18.504   590   626 W KernelMemoryBandwidthStats: No kernel memory bandwidth stats available
07-17 12:22:18.506   590   619 I commit_sys_config_file: [batterystats,1]
07-17 12:22:18.507   590   619 I commit_sys_config_file: [batterystats,1]
07-17 12:22:18.537   590   590 I service_manager_stats: [100,6,13196]
07-17 12:22:18.564   590   590 I IntentFirewall: Read new rules (A:0 B:0 S:0)
07-17 12:22:18.569   590   590 D OomAdjuster: Not killing cached processes
07-17 12:22:18.592   590   590 D AppOps  : AppOpsService published
07-17 12:22:18.595   590   590 V SystemServerTiming: StartActivityManager took to complete: 133ms
07-17 12:22:18.595   590   590 D SystemServerTiming: StartDataLoaderManagerService
07-17 12:22:18.595   590   590 I SystemServiceManager: Starting com.android.server.pm.DataLoaderManagerService
07-17 12:22:18.595   590   630 I CriticalEventLog: No log found, returning empty log proto.
07-17 12:22:18.595   590   590 V SystemServerTiming: StartDataLoaderManagerService took to complete: 1ms
07-17 12:22:18.595   590   590 D SystemServerTiming: StartIncrementalService
07-17 12:22:18.598   590   590 I incfs-mounts: [incfs] Loaded incremental-fs mount info: 0 instances, 0 mount points
07-17 12:22:18.598   590   590 V SystemServerTiming: StartIncrementalService took to complete: 3ms
07-17 12:22:18.598   590   590 D SystemServerTiming: StartPowerManager
07-17 12:22:18.598   590   590 I SystemServiceManager: Starting com.android.server.power.PowerManagerService
07-17 12:22:18.602   233   233 I servicemanager: Found android.hardware.power.IPower/default in device VINTF manifest.
07-17 12:22:18.603   425   425 I android.hardware.power-service.example: Power isModeSupported: 7
07-17 12:22:18.603   425   425 I android.hardware.power-service.example: Power isModeSupported: 0
07-17 12:22:18.603   590   590 V SystemServerTiming: StartPowerManager took to complete: 5ms
07-17 12:22:18.603   590   590 D SystemServerTiming: StartThermalManager
07-17 12:22:18.603   590   590 I SystemServiceManager: Starting com.android.server.power.ThermalManagerService
07-17 12:22:18.604   590   590 V SystemServerTiming: StartThermalManager took to complete: 0ms
07-17 12:22:18.604   590   590 D SystemServerTiming: StartHintManager
07-17 12:22:18.604   590   590 I SystemServiceManager: Starting com.android.server.power.hint.HintManagerService
07-17 12:22:18.604   590   590 V SystemServerTiming: StartHintManager took to complete: 0ms
07-17 12:22:18.604   590   590 D SystemServerTiming: InitPowerManagement
07-17 12:22:18.604   590   590 V SystemServerTiming: InitPowerManagement took to complete: 0ms
07-17 12:22:18.604   590   590 D SystemServerTiming: StartRecoverySystemService
07-17 12:22:18.605   590   590 I SystemServiceManager: Starting com.android.server.recoverysystem.RecoverySystemService$Lifecycle
07-17 12:22:18.605   590   590 V SystemServerTiming: StartRecoverySystemService took to complete: 1ms
07-17 12:22:18.606   590   590 I rescue_note: [0,1,13264]
07-17 12:22:18.606   590   590 D SystemServerTiming: StartLightsService
07-17 12:22:18.606   590   590 I SystemServiceManager: Starting com.android.server.lights.LightsService
07-17 12:22:18.607   233   233 I servicemanager: Found android.hardware.light.ILights/default in device VINTF manifest.
07-17 12:22:18.608   424   424 I android.hardware.lights-service.example: Lights reporting supported lights
07-17 12:22:18.608   590   590 V SystemServerTiming: StartLightsService took to complete: 3ms
07-17 12:22:18.608   590   590 D SystemServerTiming: StartDisplayOffloadService
07-17 12:22:18.608   590   590 V SystemServerTiming: StartDisplayOffloadService took to complete: 0ms
07-17 12:22:18.608   590   590 D SystemServerTiming: StartSidekickService
07-17 12:22:18.608   590   590 V SystemServerTiming: StartSidekickService took to complete: 0ms
07-17 12:22:18.608   590   590 D SystemServerTiming: StartDisplayManager
07-17 12:22:18.608   590   590 I SystemServiceManager: Starting com.android.server.display.DisplayManagerService
07-17 12:22:18.614   590   590 V SystemServerTiming: StartDisplayManager took to complete: 6ms
07-17 12:22:18.614   590   590 D SystemServerTiming: WaitForDisplay
07-17 12:22:18.614   590   590 I SystemServiceManager: Starting phase 100
07-17 12:22:18.614   590   590 D SystemServerTiming: OnBootPhase_100
07-17 12:22:18.614   590   590 D SystemServerTiming: OnBootPhase_100_com.android.server.security.FileIntegrityService
07-17 12:22:18.614   590   590 V SystemServerTiming: OnBootPhase_100_com.android.server.security.FileIntegrityService took to complete: 0ms
07-17 12:22:18.614   590   590 D SystemServerTiming: OnBootPhase_100_com.android.server.pm.Installer
07-17 12:22:18.614   590   590 V SystemServerTiming: OnBootPhase_100_com.android.server.pm.Installer took to complete: 0ms
07-17 12:22:18.614   590   590 D SystemServerTiming: OnBootPhase_100_com.android.server.os.DeviceIdentifiersPolicyService
07-17 12:22:18.614   590   590 V SystemServerTiming: OnBootPhase_100_com.android.server.os.DeviceIdentifiersPolicyService took to complete: 0ms
07-17 12:22:18.614   590   590 D SystemServerTiming: OnBootPhase_100_com.android.server.uri.UriGrantsManagerService$Lifecycle
07-17 12:22:18.615   590   590 V SystemServerTiming: OnBootPhase_100_com.android.server.uri.UriGrantsManagerService$Lifecycle took to complete: 0ms
07-17 12:22:18.615   590   590 D SystemServerTiming: OnBootPhase_100_com.android.server.powerstats.PowerStatsService
07-17 12:22:18.615   590   590 V SystemServerTiming: OnBootPhase_100_com.android.server.powerstats.PowerStatsService took to complete: 0ms
07-17 12:22:18.615   590   590 D SystemServerTiming: OnBootPhase_100_com.android.server.wm.ActivityTaskManagerService$Lifecycle
07-17 12:22:18.615   590   590 V SystemServerTiming: OnBootPhase_100_com.android.server.wm.ActivityTaskManagerService$Lifecycle took to complete: 0ms
07-17 12:22:18.615   590   590 D SystemServerTiming: OnBootPhase_100_com.android.server.am.ActivityManagerService$Lifecycle
07-17 12:22:18.615   590   590 V SystemServerTiming: OnBootPhase_100_com.android.server.am.ActivityManagerService$Lifecycle took to complete: 0ms
07-17 12:22:18.615   590   590 D SystemServerTiming: OnBootPhase_100_com.android.server.pm.DataLoaderManagerService
07-17 12:22:18.615   590   590 V SystemServerTiming: OnBootPhase_100_com.android.server.pm.DataLoaderManagerService took to complete: 0ms
07-17 12:22:18.615   590   590 D SystemServerTiming: OnBootPhase_100_com.android.server.power.PowerManagerService
07-17 12:22:18.615   590   590 V SystemServerTiming: OnBootPhase_100_com.android.server.power.PowerManagerService took to complete: 0ms
07-17 12:22:18.615   590   590 D SystemServerTiming: OnBootPhase_100_com.android.server.power.ThermalManagerService
07-17 12:22:18.615   590   590 V SystemServerTiming: OnBootPhase_100_com.android.server.power.ThermalManagerService took to complete: 0ms
07-17 12:22:18.615   590   590 D SystemServerTiming: OnBootPhase_100_com.android.server.power.hint.HintManagerService
07-17 12:22:18.615   590   590 V SystemServerTiming: OnBootPhase_100_com.android.server.power.hint.HintManagerService took to complete: 0ms
07-17 12:22:18.615   590   590 D SystemServerTiming: OnBootPhase_100_com.android.server.recoverysystem.RecoverySystemService$Lifecycle
07-17 12:22:18.615   590   590 V SystemServerTiming: OnBootPhase_100_com.android.server.recoverysystem.RecoverySystemService$Lifecycle took to complete: 0ms
07-17 12:22:18.615   590   590 D SystemServerTiming: OnBootPhase_100_com.android.server.lights.LightsService
07-17 12:22:18.615   590   590 V SystemServerTiming: OnBootPhase_100_com.android.server.lights.LightsService took to complete: 0ms
07-17 12:22:18.615   590   590 D SystemServerTiming: OnBootPhase_100_com.android.server.display.DisplayManagerService
07-17 12:22:18.616   590   612 E LocalDisplayAdapter: Can't find display mode with id -1
07-17 12:22:18.616   590   612 W LocalDisplayAdapter: DisplayModeSpecs base mode no longer available, using currently active mode.
07-17 12:22:18.621   590   612 I DisplayDeviceRepository: Display device added: DisplayDeviceInfo{"Built-in Screen": uniqueId="local:4619827259835644672", 768 x 1280, modeId 1, defaultModeId 1, supportedModes [{id=1, width=768, height=1280, fps=60.000004, alternativeRefreshRates=[]}], colorMode 0, supportedColorModes [0], hdrCapabilities HdrCapabilities{mSupportedHdrTypes=[], mMaxLuminance=500.0, mMaxAverageLuminance=500.0, mMinLuminance=0.0}, allmSupported false, gameContentTypeSupported false, density 320, 320.0 x 320.0 dpi, appVsyncOff 1000000, presDeadline 16666666, touch INTERNAL, rotation 0, type INTERNAL, address {port=0, model=0x401cec6a7a2b7b}, deviceProductInfo DeviceProductInfo{name=EMU_display_0, manufacturerPnpId=GGL, productId=1, modelYear=null, manufactureDate=ManufactureDate{week=27, year=2006}, connectionToSinkType=0}, state UNKNOWN, frameRateOverride , brightnessMinimum 0.0, brightnessMaximum 1.0, brightnessDefault 0.39763778, FLAG_ALLOWED_TO_BE_DEFAULT_DISPLAY, FLAG_ROTATES_WITH_CONTENT, FLAG_SECURE, FLAG_SUPPORTS_PROTECTED_BUFFERS, installOrientation 0}
07-17 12:22:18.622   590   612 I LogicalDisplayMapper: Applying layout: [{addr: {port=0, model=0x401cec6a7a2b7b}, dispId: 0(ON)}], Previous layout: null
07-17 12:22:18.624   590   612 I LogicalDisplayMapper: Adding new display: 0: DisplayInfo{"Built-in Screen", displayId 0", displayGroupId -1, FLAG_SECURE, FLAG_SUPPORTS_PROTECTED_BUFFERS, FLAG_TRUSTED, real 768 x 1280, largest app 768 x 1280, smallest app 768 x 1280, appVsyncOff 1000000, presDeadline 16666666, mode 1, defaultMode 1, modes [{id=1, width=768, height=1280, fps=60.000004, alternativeRefreshRates=[]}], hdrCapabilities HdrCapabilities{mSupportedHdrTypes=[], mMaxLuminance=500.0, mMaxAverageLuminance=500.0, mMinLuminance=0.0}, userDisabledHdrTypes [], minimalPostProcessingSupported false, rotation 0, state UNKNOWN, type INTERNAL, uniqueId "local:4619827259835644672", app 768 x 1280, density 320 (320.0 x 320.0) dpi, layerStack 0, colorMode 0, supportedColorModes [0], address {port=0, model=0x401cec6a7a2b7b}, deviceProductInfo DeviceProductInfo{name=EMU_display_0, manufacturerPnpId=GGL, productId=1, modelYear=null, manufactureDate=ManufactureDate{week=27, year=2006}, connectionToSinkType=0}, removeMode 0, refreshRateOverride 0.0, brightnessMinimum 0.0, brightnessMaximum 1.0, brightnessDefault 0.39763778, installOrientation ROTATION_0}
07-17 12:22:18.624   590   612 I LogicalDisplayMapper: Setting new display group 0 for display 0, from previous group: null
07-17 12:22:18.625   590   590 V SystemServerTiming: OnBootPhase_100_com.android.server.display.DisplayManagerService took to complete: 9ms
07-17 12:22:18.625   590   590 V SystemServerTiming: OnBootPhase_100 took to complete: 10ms
07-17 12:22:18.625   590   590 V SystemServerTiming: WaitForDisplay took to complete: 10ms
07-17 12:22:18.625   590   590 D SystemServerTiming: StartDomainVerificationService
07-17 12:22:18.627   590   612 W StrictMode: No activity manager; failed to Dropbox violation.
07-17 12:22:18.627   590   590 V SystemServerTiming: StartDomainVerificationService took to complete: 3ms
07-17 12:22:18.627   590   590 D SystemServerTiming: StartPackageManagerService
07-17 12:22:18.627   590   590 I Watchdog: Pausing HandlerChecker: main thread for reason: packagemanagermain. Pause count: 1
07-17 12:22:18.627   590   612 W StrictMode: No activity manager; failed to Dropbox violation.
07-17 12:22:18.628   590   612 W StrictMode: No activity manager; failed to Dropbox violation.
07-17 12:22:18.628   590   612 W StrictMode: No activity manager; failed to Dropbox violation.
07-17 12:22:18.628   590   612 W StrictMode: No activity manager; failed to Dropbox violation.
07-17 12:22:18.628   590   612 W StrictMode: No activity manager; failed to Dropbox violation.
07-17 12:22:18.628   590   612 W StrictMode: No activity manager; failed to Dropbox violation.
07-17 12:22:18.630   590   590 D PackageManagerTiming: create package manager
07-17 12:22:18.633   590   590 I boot_progress_pms_start: 13291
07-17 12:22:18.633   590   590 D PackageManagerTiming: createSubComponents
07-17 12:22:18.644   590   590 V PackageManagerTiming: createSubComponents took to complete: 11ms
07-17 12:22:18.644   590   590 D PackageManagerTiming: addSharedUsers
07-17 12:22:18.644   590   590 V PackageManagerTiming: addSharedUsers took to complete: 1ms
07-17 12:22:18.645   590   590 W BackgroundDexOptService: SysProp pm.dexopt.downgrade_after_inactive_days not set
07-17 12:22:18.645   590   590 D PackageManagerTiming: get system config
07-17 12:22:18.645   590   590 V PackageManagerTiming: get system config took to complete: 0ms
07-17 12:22:18.647   590   590 D SELinuxMMAC: Using policy file /system/etc/selinux/plat_mac_permissions.xml
07-17 12:22:18.649   590   590 D SELinuxMMAC: Using policy file /system_ext/etc/selinux/system_ext_mac_permissions.xml
07-17 12:22:18.649   590   590 D SELinuxMMAC: Using policy file /vendor/etc/selinux/vendor_mac_permissions.xml
07-17 12:22:18.650   590   590 D PackageManagerTiming: loadFallbacks
07-17 12:22:18.651   590   590 D FallbackCategoryProvider: Found 387 fallback categories
07-17 12:22:18.652   590   590 V PackageManagerTiming: loadFallbacks took to complete: 2ms
07-17 12:22:18.652   590   590 D PackageManagerTiming: read user settings
07-17 12:22:18.717   590   590 E PackageManager: Package com.google.android.networkstack.tethering was user id 0 but is now user SharedUserSetting{51f694e android.uid.networkstack/1073} with id 1073; I am not changing its files so it will probably fail!
07-17 12:22:18.717   590   590 I pm_critical_info: Package com.google.android.networkstack.tethering was user id 0 but is now user SharedUserSetting{51f694e android.uid.networkstack/1073} with id 1073; I am not changing its files so it will probably fail!
07-17 12:22:18.718   590   590 E PackageManager: Package com.android.providers.telephony was user id 0 but is now user SharedUserSetting{2a4e405 android.uid.phone/1001} with id 1001; I am not changing its files so it will probably fail!
07-17 12:22:18.718   590   590 I pm_critical_info: Package com.android.providers.telephony was user id 0 but is now user SharedUserSetting{2a4e405 android.uid.phone/1001} with id 1001; I am not changing its files so it will probably fail!
07-17 12:22:18.718   590   590 E PackageManager: Package com.android.dynsystem was user id 0 but is now user SharedUserSetting{37e0b68 android.uid.system/1000} with id 1000; I am not changing its files so it will probably fail!
07-17 12:22:18.718   590   590 I pm_critical_info: Package com.android.dynsystem was user id 0 but is now user SharedUserSetting{37e0b68 android.uid.system/1000} with id 1000; I am not changing its files so it will probably fail!
07-17 12:22:18.719   590   590 E PackageManager: Package com.google.android.cellbroadcastservice was user id 0 but is now user SharedUserSetting{51f694e android.uid.networkstack/1073} with id 1073; I am not changing its files so it will probably fail!
07-17 12:22:18.719   590   590 I pm_critical_info: Package com.google.android.cellbroadcastservice was user id 0 but is now user SharedUserSetting{51f694e android.uid.networkstack/1073} with id 1073; I am not changing its files so it will probably fail!
07-17 12:22:18.719   590   590 E PackageManager: Package com.android.providers.calendar was user id 0 but is now user SharedUserSetting{a508ebd android.uid.calendar/10059} with id 10059; I am not changing its files so it will probably fail!
07-17 12:22:18.719   590   590 I pm_critical_info: Package com.android.providers.calendar was user id 0 but is now user SharedUserSetting{a508ebd android.uid.calendar/10059} with id 10059; I am not changing its files so it will probably fail!
07-17 12:22:18.719   590   590 E PackageManager: Package com.android.providers.media was user id 0 but is now user SharedUserSetting{d14df80 android.media/10062} with id 10062; I am not changing its files so it will probably fail!
07-17 12:22:18.719   590   590 I pm_critical_info: Package com.android.providers.media was user id 0 but is now user SharedUserSetting{d14df80 android.media/10062} with id 10062; I am not changing its files so it will probably fail!
07-17 12:22:18.720   590   590 E PackageManager: Package com.android.mms.service was user id 0 but is now user SharedUserSetting{2a4e405 android.uid.phone/1001} with id 1001; I am not changing its files so it will probably fail!
07-17 12:22:18.720   590   590 I pm_critical_info: Package com.android.mms.service was user id 0 but is now user SharedUserSetting{2a4e405 android.uid.phone/1001} with id 1001; I am not changing its files so it will probably fail!
07-17 12:22:18.720   590   590 E PackageManager: Package com.android.providers.downloads was user id 0 but is now user SharedUserSetting{d14df80 android.media/10062} with id 10062; I am not changing its files so it will probably fail!
07-17 12:22:18.720   590   590 I pm_critical_info: Package com.android.providers.downloads was user id 0 but is now user SharedUserSetting{d14df80 android.media/10062} with id 10062; I am not changing its files so it will probably fail!
07-17 12:22:18.720   590   590 E PackageManager: Package com.android.providers.downloads.ui was user id 0 but is now user SharedUserSetting{d14df80 android.media/10062} with id 10062; I am not changing its files so it will probably fail!
