07-17 12:22:15.521   539   539 D FingerprintHal: ----------------> fingerprint_open ----------------->
07-17 12:22:15.521   539   539 D FingerprintHal: ----------------> set_notify_callback ----------------->
07-17 12:22:15.521   539   539 D FingerprintHal: fingerprint callback notification set
07-17 12:22:15.522   539   543 D FingerprintHal: ----------------> listenerFunction ----------------->
07-17 12:22:15.523   539   539 I HidlServiceManagement: Registered android.hardware.biometrics.fingerprint@2.1::IBiometricsFingerprint/default
07-17 12:22:15.523   539   539 I HidlServiceManagement: Removing namespace from process name android.hardware.biometrics.fingerprint@2.1-service to fingerprint@2.1-service.
07-17 12:22:15.537   523   523 I MediaExtractorFactory: plugin directory not present (/system/lib64/extractors)
07-17 12:22:15.537   523   523 I MediaExtractorFactory: plugin directory not present (/system_ext/lib64/extractors)
07-17 12:22:15.548   482   545 I adbd    : host-16: read thread spawning
07-17 12:22:15.558   482   547 I adbd    : host-19: read thread spawning
07-17 12:22:15.559   482   482 I adbd    : host-19: already offline
07-17 12:22:15.559   482   482 I adbd    : authentication not required
07-17 12:22:15.566   482   546 I adbd    : host-16: write thread spawning
07-17 12:22:15.567   482   548 I adbd    : host-19: write thread spawning
07-17 12:22:15.571   534   534 I BootAnimation: boot animation disabled
07-17 12:22:15.606   532   532 I mediaswcodec: media swcodec service starting
07-17 12:22:15.607   532   532 W mediaswcodec: Could not read additional policy file '/vendor/etc/seccomp_policy/mediaswcodec.policy'
07-17 12:22:15.607   532   532 W mediaswcodec: libminijail[532]: failed to get path of fd 5: No such file or directory
07-17 12:22:15.607   532   532 W mediaswcodec: libminijail[532]: allowing syscall: socket
07-17 12:22:15.607   532   532 W mediaswcodec: libminijail[532]: allowing syscall: connect
07-17 12:22:15.607   532   532 W mediaswcodec: libminijail[532]: allowing syscall: fcntl
07-17 12:22:15.607   532   532 W mediaswcodec: libminijail[532]: allowing syscall: writev
07-17 12:22:15.607   532   532 W mediaswcodec: libminijail[532]: compile_file: <fd>(20): nonexistent syscall 'getuid32'
07-17 12:22:15.607   532   532 W mediaswcodec: libminijail[532]: compile_file: <fd>(26): nonexistent syscall 'mmap2'
07-17 12:22:15.607   532   532 W mediaswcodec: libminijail[532]: compile_file: <fd>(28): nonexistent syscall 'fstat64'
07-17 12:22:15.607   532   532 W mediaswcodec: libminijail[532]: compile_file: <fd>(31): nonexistent syscall 'stat64'
07-17 12:22:15.607   532   532 W mediaswcodec: libminijail[532]: compile_file: <fd>(32): nonexistent syscall 'statfs64'
07-17 12:22:15.607   532   532 W mediaswcodec: libminijail[532]: compile_file: <fd>(34): nonexistent syscall 'fstatat64'
07-17 12:22:15.607   532   532 W mediaswcodec: libminijail[532]: compile_file: <fd>(39): nonexistent syscall '_llseek'
07-17 12:22:15.607   532   532 W mediaswcodec: libminijail[532]: compile_file: <fd>(48): nonexistent syscall 'ugetrlimit'
07-17 12:22:15.607   532   532 W mediaswcodec: libminijail[532]: compile_file: <fd>(51): nonexistent syscall '_llseek'
07-17 12:22:15.607   532   532 W mediaswcodec: libminijail[532]: compile_file: <fd>(52): nonexistent syscall 'fstatfs64'
07-17 12:22:15.607   532   532 W mediaswcodec: libminijail[532]: compile_file: <fd>(64): nonexistent syscall 'ftruncate64'
07-17 12:22:15.607   532   532 W mediaswcodec: libminijail[532]: compile_file: <fd>(70): syscall gettid redefined here
07-17 12:22:15.607   532   532 W mediaswcodec: libminijail[532]: compile_file: <fd>(67): previous definition here
07-17 12:22:15.610   532   532 W mediaswcodec: libminijail[532]: compile_file: /apex/com.android.media.swcodec/etc/seccomp_policy/crash_dump.x86_64.policy(1): syscall read redefined here
07-17 12:22:15.610   532   532 W mediaswcodec: libminijail[532]: compile_file: <fd>(15): previous definition here
07-17 12:22:15.610   532   532 W mediaswcodec: libminijail[532]: compile_file: /apex/com.android.media.swcodec/etc/seccomp_policy/crash_dump.x86_64.policy(2): syscall write redefined here
07-17 12:22:15.610   532   532 W mediaswcodec: libminijail[532]: compile_file: <fd>(58): previous definition here
07-17 12:22:15.610   532   532 W mediaswcodec: libminijail[532]: compile_file: /apex/com.android.media.swcodec/etc/seccomp_policy/crash_dump.x86_64.policy(3): syscall exit redefined here
07-17 12:22:15.610   532   532 W mediaswcodec: libminijail[532]: compile_file: <fd>(45): previous definition here
07-17 12:22:15.610   532   532 W mediaswcodec: libminijail[532]: compile_file: /apex/com.android.media.swcodec/etc/seccomp_policy/crash_dump.x86_64.policy(4): syscall rt_sigreturn redefined here
07-17 12:22:15.610   532   532 W mediaswcodec: libminijail[532]: compile_file: <fd>(47): previous definition here
07-17 12:22:15.610   532   532 W mediaswcodec: libminijail[532]: compile_file: /apex/com.android.media.swcodec/etc/seccomp_policy/crash_dump.x86_64.policy(5): syscall exit_group redefined here
07-17 12:22:15.610   532   532 W mediaswcodec: libminijail[532]: compile_file: <fd>(46): previous definition here
07-17 12:22:15.610   532   532 W mediaswcodec: libminijail[532]: compile_file: /apex/com.android.media.swcodec/etc/seccomp_policy/crash_dump.x86_64.policy(8): syscall futex redefined here
07-17 12:22:15.610   532   532 W mediaswcodec: libminijail[532]: compile_file: <fd>(36): previous definition here
07-17 12:22:15.610   532   532 W mediaswcodec: libminijail[532]: compile_file: /apex/com.android.media.swcodec/etc/seccomp_policy/crash_dump.x86_64.policy(10): syscall getpid redefined here
07-17 12:22:15.610   532   532 W mediaswcodec: libminijail[532]: compile_file: <fd>(69): previous definition here
07-17 12:22:15.610   532   532 W mediaswcodec: libminijail[532]: compile_file: /apex/com.android.media.swcodec/etc/seccomp_policy/crash_dump.x86_64.policy(11): syscall gettid redefined here
07-17 12:22:15.610   532   532 W mediaswcodec: libminijail[532]: compile_file: <fd>(67): previous definition here
07-17 12:22:15.610   532   532 W mediaswcodec: libminijail[532]: compile_file: /apex/com.android.media.swcodec/etc/seccomp_policy/crash_dump.x86_64.policy(14): syscall openat redefined here
07-17 12:22:15.610   532   532 W mediaswcodec: libminijail[532]: compile_file: <fd>(18): previous definition here
07-17 12:22:15.610   532   532 W mediaswcodec: libminijail[532]: compile_file: /apex/com.android.media.swcodec/etc/seccomp_policy/crash_dump.x86_64.policy(15): syscall dup redefined here
07-17 12:22:15.610   532   532 W mediaswcodec: libminijail[532]: compile_file: <fd>(56): previous definition here
07-17 12:22:15.610   532   532 W mediaswcodec: libminijail[532]: compile_file: /apex/com.android.media.swcodec/etc/seccomp_policy/crash_dump.x86_64.policy(16): syscall close redefined here
07-17 12:22:15.610   532   532 W mediaswcodec: libminijail[532]: compile_file: <fd>(25): previous definition here
07-17 12:22:15.610   532   532 W mediaswcodec: libminijail[532]: compile_file: /apex/com.android.media.swcodec/etc/seccomp_policy/crash_dump.x86_64.policy(17): syscall lseek redefined here
07-17 12:22:15.610   532   532 W mediaswcodec: libminijail[532]: compile_file: <fd>(40): previous definition here
07-17 12:22:15.610   532   532 W mediaswcodec: libminijail[532]: compile_file: /apex/com.android.media.swcodec/etc/seccomp_policy/crash_dump.x86_64.policy(19): syscall faccessat redefined here
07-17 12:22:15.610   532   532 W mediaswcodec: libminijail[532]: compile_file: <fd>(38): previous definition here
07-17 12:22:15.610   532   532 W mediaswcodec: libminijail[532]: compile_file: /apex/com.android.media.swcodec/etc/seccomp_policy/crash_dump.x86_64.policy(28): syscall prctl redefined here
07-17 12:22:15.610   532   532 W mediaswcodec: libminijail[532]: compile_file: <fd>(17): previous definition here
07-17 12:22:15.611   532   532 W mediaswcodec: libminijail[532]: compile_file: /apex/com.android.media.swcodec/etc/seccomp_policy/crash_dump.x86_64.policy(29): syscall madvise redefined here
07-17 12:22:15.611   532   532 W mediaswcodec: libminijail[532]: compile_file: <fd>(33): previous definition here
07-17 12:22:15.611   532   532 W mediaswcodec: libminijail[532]: compile_file: /apex/com.android.media.swcodec/etc/seccomp_policy/crash_dump.x86_64.policy(30): syscall mprotect redefined here
07-17 12:22:15.611   532   532 W mediaswcodec: libminijail[532]: compile_file: <fd>(16): previous definition here
07-17 12:22:15.611   532   532 W mediaswcodec: libminijail[532]: compile_file: /apex/com.android.media.swcodec/etc/seccomp_policy/crash_dump.x86_64.policy(31): syscall munmap redefined here
07-17 12:22:15.611   532   532 W mediaswcodec: libminijail[532]: compile_file: <fd>(37): previous definition here
07-17 12:22:15.611   532   532 W mediaswcodec: libminijail[532]: compile_file: /apex/com.android.media.swcodec/etc/seccomp_policy/crash_dump.x86_64.policy(32): syscall getuid redefined here
07-17 12:22:15.611   532   532 W mediaswcodec: libminijail[532]: compile_file: <fd>(21): previous definition here
07-17 12:22:15.611   532   532 W mediaswcodec: libminijail[532]: compile_file: /apex/com.android.media.swcodec/etc/seccomp_policy/crash_dump.x86_64.policy(33): syscall fstat redefined here
07-17 12:22:15.611   532   532 W mediaswcodec: libminijail[532]: compile_file: <fd>(29): previous definition here
07-17 12:22:15.611   532   532 W mediaswcodec: libminijail[532]: compile_file: /apex/com.android.media.swcodec/etc/seccomp_policy/crash_dump.x86_64.policy(34): syscall mmap redefined here
07-17 12:22:15.611   532   532 W mediaswcodec: libminijail[532]: compile_file: <fd>(27): previous definition here
07-17 12:22:15.611   532   532 W mediaswcodec: libminijail[532]: logging seccomp filter failures
07-17 12:22:15.614   532   532 I CodecServiceRegistrant: Creating software Codec2 service...
07-17 12:22:15.618   532   532 D C2Store : Default ION heapmask = -1
07-17 12:22:15.618   532   532 D C2Store : Default ION flags = 0
07-17 12:22:15.618   532   532 D C2Store : Default ION align = 0
07-17 12:22:15.619   532   532 I HidlServiceManagement: Registered android.hardware.media.c2@1.2::IComponentStore/software
07-17 12:22:15.620   532   532 I CodecServiceRegistrant: Preferred Codec2 store is set to "default".
07-17 12:22:15.621   532   532 I CodecServiceRegistrant: Software Codec2 service created and registered.
07-17 12:22:15.624   233   233 I servicemanager: Found android.hardware.radio.data.IRadioData/slot1 in device VINTF manifest.
07-17 12:22:15.624   233   233 I servicemanager: Found android.hardware.radio.messaging.IRadioMessaging/slot1 in device VINTF manifest.
07-17 12:22:15.625   233   233 I servicemanager: Found android.hardware.radio.modem.IRadioModem/slot1 in device VINTF manifest.
07-17 12:22:15.625   233   233 I servicemanager: Found android.hardware.radio.network.IRadioNetwork/slot1 in device VINTF manifest.
07-17 12:22:15.625   233   233 I servicemanager: Found android.hardware.radio.sim.IRadioSim/slot1 in device VINTF manifest.
07-17 12:22:15.625   233   233 I servicemanager: Found android.hardware.radio.voice.IRadioVoice/slot1 in device VINTF manifest.
07-17 12:22:15.625   233   233 I servicemanager: Found android.hardware.radio.config.IRadioConfig/default in device VINTF manifest.
07-17 12:22:15.642   524   524 V MediaUtils: physMem: 4104720384
07-17 12:22:15.642   524   524 V MediaUtils: requested limit: 134217728
07-17 12:22:15.642   524   524 I libc    : malloc_limit: Allocation limit enabled, max size 134217728 bytes
07-17 12:22:15.645   524   524 D AudioPowerUsage: AudioPowerUsage
07-17 12:22:15.645   524   524 D AudioAnalytics: AudioAnalytics
07-17 12:22:15.645   524   524 D MediaMetricsService: MediaMetricsService
07-17 12:22:15.658   517   517 I cameraserver: ServiceManager: 0x7af01562e660
07-17 12:22:15.658   517   517 I CameraService: CameraService started (pid=517)
07-17 12:22:15.659   517   517 I CameraService: CameraService process starting
07-17 12:22:15.659   517   517 W BatteryNotifier: batterystats service unavailable!
07-17 12:22:15.659   517   517 W BatteryNotifier: batterystats service unavailable!
07-17 12:22:15.668   517   517 I cameraserver: Connecting to new camera provider: legacy/0, isRemote? 1
07-17 12:22:15.668   517   517 I CameraProviderManager: Camera provider legacy/0 ready with 0 camera devices
07-17 12:22:15.670   517   517 I cameraserver: Connecting to new camera provider: internal/0, isRemote? 1
07-17 12:22:15.673   517   517 I CameraProviderManager: Enumerating new camera device: device@1.1/internal/1
07-17 12:22:15.674   396   396 I EmulatedCameraDeviceHwlImpl: Create: Created EmulatedCameraDeviceHwlImpl for camera 1
07-17 12:22:15.675   396   396 D GCH_Utils: FindLibraryPaths: Unable to open directory /vendor/lib64/camera/capture_sessions/ (No such file or directory)
07-17 12:22:15.675   396   396 I GCH_CameraDevice: Create: Created a camera device for public(1)
07-17 12:22:15.675   396   396 W GCH_HalVendorTags: ModifyCharacteristicsKeys: failed to get ANDROID_REQUEST_AVAILABLE_SESSION_KEYS
07-17 12:22:15.675   517   517 E CameraProviderManager: addDynamicDepthTags: Advertised depth exclusive tag but value is not present!
07-17 12:22:15.675   517   517 E cameraserver: AidlDeviceInfo3: Failed appending dynamic depth tags: Invalid argument (-22)
07-17 12:22:15.676   396   396 W GCH_HalVendorTags: ModifyCharacteristicsKeys: failed to get ANDROID_REQUEST_AVAILABLE_SESSION_KEYS
07-17 12:22:15.676   396   396 W GCH_HalVendorTags: ModifyCharacteristicsKeys: failed to get ANDROID_REQUEST_AVAILABLE_SESSION_KEYS
07-17 12:22:15.677   517   517 I CameraProviderManager: Enumerating new camera device: device@1.1/internal/0
07-17 12:22:15.677   396   396 W StreamConfigurationMap: StreamConfigurationMap: ANDROID_SCALER_AVAILABLE_STREAM_CONFIGURATIONS missing, maxResolution ? true!
07-17 12:22:15.677   396   396 W StreamConfigurationMap: StreamConfigurationMap: ANDROID_SCALER_AVAILABLE_MIN_FRAME_DURATIONS missing!, max resolution ? true
07-17 12:22:15.677   396   396 W StreamConfigurationMap: StreamConfigurationMap: ANDROID_SCALER_AVAILABLE_STALL_DURATIONS missing! maxResolution ? true
07-17 12:22:15.677   396   396 I EmulatedCameraDeviceHwlImpl: Create: Created EmulatedCameraDeviceHwlImpl for camera 0
07-17 12:22:15.677   396   396 D GCH_Utils: FindLibraryPaths: Unable to open directory /vendor/lib64/camera/capture_sessions/ (No such file or directory)
07-17 12:22:15.677   396   396 I GCH_CameraDevice: Create: Created a camera device for public(0)
07-17 12:22:15.677   517   517 I CameraProviderManager: Camera provider internal/0 ready with 2 camera devices
07-17 12:22:15.677   517   517 I CameraService: onDeviceStatusChanged: Status changed for cameraId=0, newStatus=1
07-17 12:22:15.678   517   517 I CameraService: onDeviceStatusChanged: Unknown camera ID 0, a new camera is added
07-17 12:22:15.678   517   517 I CameraService: onDeviceStatusChanged: Status changed for cameraId=1, newStatus=1
07-17 12:22:15.678   517   517 I CameraService: onDeviceStatusChanged: Unknown camera ID 1, a new camera is added
07-17 12:22:15.678   517   557 W CameraProviderManager: addHidlProviderLocked: Camera provider HAL with name 'legacy/0' already registered
07-17 12:22:15.678   517   517 I cameraserver: Waiting for activity service
07-17 12:22:15.699   527   527 I mediaserver: ServiceManager: 0x7736f3d16580
07-17 12:22:15.700   386   386 D zygote64: Time zone APEX ICU file found: /apex/com.android.tzdata/etc/icu/icu_tzdata.dat
07-17 12:22:15.700   527   527 W BatteryNotifier: batterystats service unavailable!
07-17 12:22:15.700   527   527 W BatteryNotifier: batterystats service unavailable!
07-17 12:22:15.702   386   386 D zygote64: I18n APEX ICU file found: /apex/com.android.i18n/etc/icu/icudt70l.dat
07-17 12:22:15.726   436   436 I ServiceManager: Waiting for service 'media.metrics' on '/dev/binder' successful after waiting 607ms
07-17 12:22:15.727   436   436 I AudioFlinger: Using default 3000 mSec as standby time.
07-17 12:22:15.727   524   555 I ServiceManager: Waiting for service 'package_native' on '/dev/binder'...
07-17 12:22:15.750   436   436 D APM_EngineLoader: Loaded engine from libaudiopolicyenginedefault.so
07-17 12:22:15.750   436   436 D APM::AudioPolicyEngine/Base: loadAudioPolicyEngineConfig: No configuration found, using default matching phone experience.
07-17 12:22:15.753   436   436 W APM::AudioPolicyEngine/Base: loadAudioPolicyEngineConfig: No configuration of AUDIO_STREAM_CALL_ASSISTANT found, using default volume configuration
07-17 12:22:15.757   436   436 I AudioFlinger: loadHwModule() Loaded primary audio interface, handle 10
07-17 12:22:15.759   436   436 I AudioFlinger: openOutput() this 0x70682d4498a0, module 10 Device AUDIO_DEVICE_OUT_SPEAKER, @:, SamplingRate 48000, Format 0x000001, Channels 0x3, flags 0x2
07-17 12:22:15.763   436   436 I AudioFlinger: HAL output buffer size 1056 frames, normal sink buffer size 1056 frames
07-17 12:22:15.764   234   234 I hwservicemanager: getTransport: Cannot find entry android.hardware.audio.effect@7.1::IEffectsFactory/default in either framework or device VINTF manifest.
07-17 12:22:15.772   436   436 I BufferProvider: found effect "Multichannel Downmix To Stereo" from The Android Open Source Project
07-17 12:22:15.772   436   436 D AudioFlinger: Failed to add event callback
07-17 12:22:15.772   386   386 I snet_event_log: [200284993,-1,]
07-17 12:22:15.772   386   386 I zygote64: Using memfd for future sealing
07-17 12:22:15.773   392   392 E android.hardware.audio@7.1-impl.ranchu: device/generic/goldfish/audio/primary_device.cpp:getParameters:211 failure: Result::NOT_SUPPORTED
07-17 12:22:15.773   436   436 E APM_AudioPolicyManager: invalid volume index range
07-17 12:22:15.773   436   436 E APM_AudioPolicyManager: invalid volume index range
07-17 12:22:15.773   436   436 E APM_AudioPolicyManager: invalid volume index range
07-17 12:22:15.773   436   436 V APM_AudioPolicyManager: checkAndSetVolume cannot set volume group 4 volume when is not requested for comm
07-17 12:22:15.773   436   436 E APM_AudioPolicyManager: invalid volume index range
07-17 12:22:15.773   436   436 E APM_AudioPolicyManager: invalid volume index range
07-17 12:22:15.773   436   436 E APM_AudioPolicyManager: invalid volume index range
07-17 12:22:15.773   436   436 E APM_AudioPolicyManager: invalid volume index range
07-17 12:22:15.773   436   567 I AudioFlinger: AudioFlinger's thread 0x7069acc929a0 tid=567 ready to run
07-17 12:22:15.774   436   567 W AudioFlinger: no wake lock to update, system not ready yet
07-17 12:22:15.774   436   567 D AudioFlinger: ro.audio.silent is ignored since no output device is set
07-17 12:22:15.774   392   392 E android.hardware.audio@7.1-impl.ranchu: device/generic/goldfish/audio/stream_out.cpp:getPresentationPosition:475 failure: Result::INVALID_STATE
07-17 12:22:15.774   436   567 W AudioFlinger: no wake lock to update, system not ready yet
07-17 12:22:15.774   436   567 D AudioFlinger: ro.audio.silent is ignored since no output device is set
07-17 12:22:15.774   436   436 E APM_AudioPolicyManager: invalid volume index range
07-17 12:22:15.774   436   436 E APM_AudioPolicyManager: invalid volume index range
07-17 12:22:15.775   436   436 E APM_AudioPolicyManager: invalid volume index range
07-17 12:22:15.775   436   436 E APM_AudioPolicyManager: invalid volume index range
07-17 12:22:15.775   436   436 W AudioFlinger: moveEffects() bad srcOutput 0
07-17 12:22:15.776   436   436 V APM_AudioPolicyManager: selectOutputForMusicEffects selected output 13
07-17 12:22:15.776   436   436 V APM_AudioPolicyManager: setOutputDevices device {AUDIO_DEVICE_OUT_SPEAKER, @:} delayMs 0
07-17 12:22:15.776   436   436 V APM_AudioPolicyManager: setOutputDevices() prevDevice {AUDIO_DEVICE_OUT_SPEAKER, @:}
07-17 12:22:15.776   436   436 V APM_AudioPolicyManager: setOutputDevices changing device to {AUDIO_DEVICE_OUT_SPEAKER, @:}
07-17 12:22:15.776   386   386 W zygote64: Unexpected CPU variant for x86: x86_64.
07-17 12:22:15.776   386   386 W zygote64: Known variants: atom, sandybridge, silvermont, kabylake, default
07-17 12:22:15.805   436   436 V APM_AudioPolicyManager: setOutputDevices() AF::createAudioPatch returned 0 patchHandle 12 num_sources 1 num_sinks 1
07-17 12:22:15.805   436   436 E APM_AudioPolicyManager: invalid volume index range
07-17 12:22:15.805   436   436 E APM_AudioPolicyManager: invalid volume index range
07-17 12:22:15.805   436   436 E APM_AudioPolicyManager: invalid volume index range
07-17 12:22:15.805   436   436 V APM_AudioPolicyManager: checkAndSetVolume cannot set volume group 4 volume when is not requested for comm
07-17 12:22:15.805   436   436 E APM_AudioPolicyManager: invalid volume index range
07-17 12:22:15.805   436   436 E APM_AudioPolicyManager: invalid volume index range
07-17 12:22:15.805   436   436 E APM_AudioPolicyManager: invalid volume index range
07-17 12:22:15.805   436   436 E APM_AudioPolicyManager: invalid volume index range
07-17 12:22:15.805   436   436 E APM_AudioPolicyManager: invalid volume index range
07-17 12:22:15.805   436   436 E APM_AudioPolicyManager: invalid volume index range
07-17 12:22:15.805   436   436 E APM_AudioPolicyManager: invalid volume index range
07-17 12:22:15.805   436   436 E APM_AudioPolicyManager: invalid volume index range
07-17 12:22:15.806   436   436 I AudioFlinger: openOutput() this 0x70682d4498a0, module 10 Device AUDIO_DEVICE_OUT_TELEPHONY_TX, @:, SamplingRate 48000, Format 0x000001, Channels 0x3, flags 0
07-17 12:22:15.806   436   436 I AudioFlinger: HAL output buffer size 1056 frames, normal sink buffer size 1056 frames
07-17 12:22:15.807   436   436 D AudioFlinger: Failed to add event callback
07-17 12:22:15.807   436   570 I AudioFlinger: AudioFlinger's thread 0x7069acc439a0 tid=570 ready to run
07-17 12:22:15.807   436   570 W AudioFlinger: no wake lock to update, system not ready yet
07-17 12:22:15.807   392   392 E android.hardware.audio@7.1-impl.ranchu: device/generic/goldfish/audio/primary_device.cpp:getParameters:211 failure: Result::NOT_SUPPORTED
07-17 12:22:15.807   436   570 D AudioFlinger: ro.audio.silent is ignored since no output device is set
07-17 12:22:15.807   392   392 E android.hardware.audio@7.1-impl.ranchu: device/generic/goldfish/audio/stream_out.cpp:getPresentationPosition:475 failure: Result::INVALID_STATE
07-17 12:22:15.807   436   436 E APM_AudioPolicyManager: invalid volume index range
07-17 12:22:15.807   436   436 E APM_AudioPolicyManager: invalid volume index range
07-17 12:22:15.807   436   436 E APM_AudioPolicyManager: invalid volume index range
07-17 12:22:15.807   436   436 V APM_AudioPolicyManager: checkAndSetVolume cannot set volume group 4 volume when is not requested for comm
07-17 12:22:15.807   436   436 E APM_AudioPolicyManager: invalid volume index range
07-17 12:22:15.807   436   436 E APM_AudioPolicyManager: invalid volume index range
07-17 12:22:15.807   436   436 E APM_AudioPolicyManager: invalid volume index range
07-17 12:22:15.807   436   436 E APM_AudioPolicyManager: invalid volume index range
07-17 12:22:15.808   436   570 W AudioFlinger: no wake lock to update, system not ready yet
07-17 12:22:15.808   436   570 D AudioFlinger: ro.audio.silent is ignored since no output device is set
07-17 12:22:15.808   436   436 E APM_AudioPolicyManager: invalid volume index range
07-17 12:22:15.808   436   436 E APM_AudioPolicyManager: invalid volume index range
07-17 12:22:15.808   436   436 E APM_AudioPolicyManager: invalid volume index range
07-17 12:22:15.808   436   436 E APM_AudioPolicyManager: invalid volume index range
07-17 12:22:15.809   436   436 V APM_AudioPolicyManager: selectOutputForMusicEffects selected output 13
07-17 12:22:15.809   436   436 V APM_AudioPolicyManager: setOutputDevices device {AUDIO_DEVICE_OUT_TELEPHONY_TX, @:} delayMs 0
07-17 12:22:15.809   436   436 V APM_AudioPolicyManager: setOutputDevices() prevDevice {AUDIO_DEVICE_OUT_TELEPHONY_TX, @:}
07-17 12:22:15.810   436   436 V APM_AudioPolicyManager: setOutputDevices changing device to {AUDIO_DEVICE_OUT_TELEPHONY_TX, @:}
07-17 12:22:15.811   436   436 V APM_AudioPolicyManager: setOutputDevices() AF::createAudioPatch returned 0 patchHandle 20 num_sources 1 num_sinks 1
07-17 12:22:15.813   436   436 E APM_AudioPolicyManager: invalid volume index range
07-17 12:22:15.813   436   436 E APM_AudioPolicyManager: invalid volume index range
07-17 12:22:15.813   436   436 E APM_AudioPolicyManager: invalid volume index range
07-17 12:22:15.813   436   436 V APM_AudioPolicyManager: checkAndSetVolume cannot set volume group 4 volume when is not requested for comm
07-17 12:22:15.813   436   436 E APM_AudioPolicyManager: invalid volume index range
07-17 12:22:15.813   436   436 E APM_AudioPolicyManager: invalid volume index range
07-17 12:22:15.813   436   436 E APM_AudioPolicyManager: invalid volume index range
07-17 12:22:15.813   436   436 E APM_AudioPolicyManager: invalid volume index range
07-17 12:22:15.813   436   436 E APM_AudioPolicyManager: invalid volume index range
07-17 12:22:15.813   436   436 E APM_AudioPolicyManager: invalid volume index range
07-17 12:22:15.813   436   436 E APM_AudioPolicyManager: invalid volume index range
07-17 12:22:15.813   436   436 E APM_AudioPolicyManager: invalid volume index range
07-17 12:22:15.818   436   572 I AudioFlinger: AudioFlinger's thread 0x7069a9ef5bb0 tid=572 ready to run
07-17 12:22:15.818   436   572 W AudioFlinger: no wake lock to update, system not ready yet
07-17 12:22:15.818   436   572 W AudioFlinger: no wake lock to update, system not ready yet
07-17 12:22:15.819   436   578 I AudioFlinger: AudioFlinger's thread 0x7069a911fbb0 tid=578 ready to run
07-17 12:22:15.820   436   578 W AudioFlinger: no wake lock to update, system not ready yet
07-17 12:22:15.820   436   578 W AudioFlinger: no wake lock to update, system not ready yet
07-17 12:22:15.821   436   580 I AudioFlinger: AudioFlinger's thread 0x7069a9ef5bb0 tid=580 ready to run
07-17 12:22:15.822   392   392 E DevicesFactoryHAL: loadAudioInterface couldn't load audio hw module audio.a2dp (No such file or directory)
07-17 12:22:15.822   436   436 W DevicesFactoryHalHidl: The specified device name is not recognized: "a2dp"
07-17 12:22:15.822   436   436 E AudioFlinger: loadHwModule() error -22 loading module a2dp
07-17 12:22:15.822   436   436 W APM_AudioPolicyManager: could not open HW module a2dp
07-17 12:22:15.823   392   392 I r_submix: adev_open(name=audio_hw_if)
07-17 12:22:15.823   392   392 I r_submix: adev_init_check()
07-17 12:22:15.823   436   436 I AudioFlinger: loadHwModule() Loaded r_submix audio interface, handle 18
07-17 12:22:15.824   392   392 D r_submix: adev_open_input_stream(addr=0)
07-17 12:22:15.824   392   392 I r_submix: adev_open_input_stream(): about to create pipe at index 9, rate 48000, pipe size 4096
07-17 12:22:15.824   392   392 D r_submix: submix_audio_device_create_pipe_l(addr=0, idx=9)
07-17 12:22:15.824   392   392 D r_submix:   now using address 0 for route 9
07-17 12:22:15.825   436   582 I AudioFlinger: AudioFlinger's thread 0x7069a9ef5bb0 tid=582 ready to run
07-17 12:22:15.825   392   464 I r_submix: in_standby()
07-17 12:22:15.826   436   582 W AudioFlinger: no wake lock to update, system not ready yet
07-17 12:22:15.826   392   464 I r_submix: in_standby()
07-17 12:22:15.826   392   464 D r_submix: adev_close_input_stream()
07-17 12:22:15.826   392   464 D r_submix: submix_audio_device_release_pipe_l(idx=9) addr=0
07-17 12:22:15.826   392   464 D r_submix: submix_audio_device_destroy_pipe_l(): pipe destroyed
07-17 12:22:15.829   436   436 I AudioFlinger: loadHwModule() Loaded bluetooth audio interface, handle 26
07-17 12:22:15.831   436   436 I audioserver: Waiting for activity service
07-17 12:22:16.023   386   386 I boot_progress_preload_start: 10681
07-17 12:22:16.023   386   386 D Zygote  : begin preload
07-17 12:22:16.023   386   386 I Zygote  : Calling ZygoteHooks.beginPreload()
07-17 12:22:16.129   386   386 V Zygote64Timing: BeginPreload took to complete: 106ms
07-17 12:22:16.130   386   386 I Zygote  : Preloading classes...
07-17 12:22:16.185   482   494 I adbd    : adbd mDNS service _adb._tcp registered: 1
07-17 12:22:16.208   386   569 I zygote64: Verified 4433 classes from mainline modules in 346.457ms
07-17 12:22:16.241   386   386 I Typeface: Preloading /system/fonts/Roboto-Regular.ttf
07-17 12:22:16.243   515   515 I bt_vhci_forwarder: ignore 0xff packet
07-17 12:22:16.246   386   386 I Typeface: Preloading /system/fonts/RobotoStatic-Regular.ttf
07-17 12:22:16.305   386   386 E ActivityRecognitionHardware: activity_recognition HAL is deprecated. class_init is effectively a no-op
07-17 12:22:16.550   386   386 D MtpDeviceJNI: register_android_mtp_MtpDevice
07-17 12:22:16.584   386   386 I zygote64: Thread[1,tid=386,Native,Thread*=0x74a30907dbe0,peer=0x12f40078,"main"] recursive attempt to load library "librtp_jni.so"
07-17 12:22:16.715   406   474 D goldfish-address-space: claimShared: Ask to claim region [0x3fd2e0000 0x3fd2f0000]
07-17 12:22:16.715   406   474 D goldfish-address-space: claimShared: Ask to claim region [0x3fd2f0000 0x3fd310000]
07-17 12:22:17.165   386   386 I Zygote  : ...preloaded 16252 classes in 1036ms.
07-17 12:22:17.165   386   386 V Zygote64Timing: PreloadClasses took to complete: 1036ms
07-17 12:22:17.168   386   386 D nativeloader: Configuring classloader-namespace-shared for other apk /system/framework/android.hidl.base-V1.0-java.jar. target_sdk_version=33, uses_libraries=, library_path=, permitted_path=/data:/mnt/expand
07-17 12:22:17.169   386   386 D ApplicationLoaders: Created zygote-cached class loader: /system/framework/android.hidl.base-V1.0-java.jar
07-17 12:22:17.171   386   386 D nativeloader: Configuring classloader-namespace-shared for other apk /system/framework/android.hidl.manager-V1.0-java.jar. target_sdk_version=33, uses_libraries=, library_path=, permitted_path=/data:/mnt/expand
07-17 12:22:17.171   386   386 D ApplicationLoaders: Created zygote-cached class loader: /system/framework/android.hidl.manager-V1.0-java.jar
07-17 12:22:17.173   386   386 D nativeloader: Configuring classloader-namespace-shared for other apk /system/framework/android.test.base.jar. target_sdk_version=33, uses_libraries=, library_path=, permitted_path=/data:/mnt/expand
07-17 12:22:17.173   386   386 D ApplicationLoaders: Created zygote-cached class loader: /system/framework/android.test.base.jar
07-17 12:22:17.174   386   386 V Zygote64Timing: CacheNonBootClasspathClassLoaders took to complete: 8ms
07-17 12:22:17.174   386   386 I Zygote  : Preloading resources...
07-17 12:22:17.193   386   386 W Resources: Preloaded drawable resource #0x1080287 (android:drawable/dialog_background_material) that varies with configuration!!
07-17 12:22:17.203   386   386 I Zygote  : ...preloaded 64 resources in 29ms.
07-17 12:22:17.204   386   386 I Zygote  : ...preloaded 41 resources in 2ms.
07-17 12:22:17.205   386   386 V Zygote64Timing: PreloadResources took to complete: 31ms
07-17 12:22:17.214   386   386 I Zygote  : Preloading shared libraries...
07-17 12:22:17.217   386   386 E zygote64: Unable to find pattern file or unable to map it for am
07-17 12:22:17.220   386   386 I Zygote  : Called ZygoteHooks.endPreload()
07-17 12:22:17.221   386   386 I Zygote  : Installed AndroidKeyStoreProvider in 0ms.
07-17 12:22:17.222   386   386 I Zygote  : Warmed up JCA providers in 2ms.
07-17 12:22:17.222   386   386 D Zygote  : end preload
07-17 12:22:17.222   386   386 I boot_progress_preload_end: 11881
07-17 12:22:17.222   386   386 V Zygote64Timing: ZygotePreload took to complete: 1200ms
07-17 12:22:17.281   386   386 I zygote64: Explicit concurrent copying GC freed 68952(3301KB) AllocSpace objects, 2(40KB) LOS objects, 49% free, 9862KB/19MB, paused 54us,9us total 58.660ms
07-17 12:22:17.317   386   386 I zygote64: Explicit concurrent copying GC freed 9049(343KB) AllocSpace objects, 1(28KB) LOS objects, 49% free, 9522KB/18MB, paused 13us,6us total 34.560ms
07-17 12:22:17.318   386   386 V Zygote64Timing: PostZygoteInitGC took to complete: 95ms
07-17 12:22:17.318   386   386 V Zygote64Timing: ZygoteInit took to complete: 1309ms
07-17 12:22:17.532   386   386 D Zygote  : Forked child process 590
07-17 12:22:17.532   386   386 I Zygote  : System server process 590 has been created
07-17 12:22:17.533   386   386 I Zygote  : Accepting command socket connections
07-17 12:22:17.699   590   590 D nativeloader: Configuring classloader-namespace-shared for other apk /system/framework/com.android.location.provider.jar:/system/framework/services.jar:/apex/com.android.adservices/javalib/service-adservices.jar:/apex/com.android.adservices/javalib/service-sdksandbox.jar:/apex/com.android.appsearch/javalib/service-appsearch.jar:/apex/com.android.art/javalib/service-art.jar:/apex/com.android.media/javalib/service-media-s.jar:/apex/com.android.permission/javalib/service-permission.jar. target_sdk_version=10000, uses_libraries=ALL, library_path=/system/lib64:/system_ext/lib64, permitted_path=/data:/mnt/expand:/system/lib64:/system_ext/lib64
07-17 12:22:17.708   590   590 D nativeloader: Configuring classloader-namespace-shared for other apk /apex/com.android.btservices/javalib/service-bluetooth.jar. target_sdk_version=33, uses_libraries=ALL, library_path=, permitted_path=/data:/mnt/expand
07-17 12:22:17.712   590   590 D nativeloader: Configuring classloader-namespace-shared for other apk /apex/com.android.os.statsd/javalib/service-statsd.jar. target_sdk_version=33, uses_libraries=ALL, library_path=, permitted_path=/data:/mnt/expand
07-17 12:22:17.715   590   590 D nativeloader: Configuring classloader-namespace-shared for other apk /apex/com.android.scheduling/javalib/service-scheduling.jar. target_sdk_version=33, uses_libraries=ALL, library_path=, permitted_path=/data:/mnt/expand
07-17 12:22:17.724   590   590 D nativeloader: Configuring classloader-namespace-shared for other apk /apex/com.android.tethering/javalib/service-connectivity.jar. target_sdk_version=33, uses_libraries=ALL, library_path=, permitted_path=/data:/mnt/expand
07-17 12:22:17.737   590   590 D nativeloader: Configuring classloader-namespace-shared for other apk /apex/com.android.uwb/javalib/service-uwb.jar. target_sdk_version=33, uses_libraries=ALL, library_path=, permitted_path=/data:/mnt/expand
07-17 12:22:17.753   590   590 D nativeloader: Configuring classloader-namespace-shared for other apk /apex/com.android.wifi/javalib/service-wifi.jar. target_sdk_version=33, uses_libraries=ALL, library_path=, permitted_path=/data:/mnt/expand
07-17 12:22:17.760   590   590 W system_server: Unexpected CPU variant for x86: x86_64.
07-17 12:22:17.760   590   590 W system_server: Known variants: atom, sandybridge, silvermont, kabylake, default
07-17 12:22:17.761   590   590 W system_server: Failed to upload odrefresh metrics: metrics file '/data/misc/odrefresh/odrefresh-metrics.txt' could not be opened: No such file or directory
07-17 12:22:17.774   482   497 I adbd    : jdwp connection from 590
07-17 12:22:17.817   590   590 D SystemServerTiming: InitBeforeStartServices
07-17 12:22:17.818   590   590 I system_server_start: [1,12466,12466]
07-17 12:22:17.820   590   590 I SystemServer: Entered the Android system server!
07-17 12:22:17.820   590   590 I boot_progress_system_run: 12479
07-17 12:22:18.100   590   590 I SystemServerInitThreadPool: Creating instance with 4 threads
07-17 12:22:18.409   590   590 V SystemServerTiming: InitBeforeStartServices took to complete: 591ms
07-17 12:22:18.409   590   590 D SystemServerTiming: StartServices
07-17 12:22:18.409   590   590 D SystemServerTiming: startBootstrapServices
07-17 12:22:18.409   590   590 D SystemServerTiming: StartWatchdog
07-17 12:22:18.416   590   590 V SystemServerTiming: StartWatchdog took to complete: 7ms
07-17 12:22:18.417   590   590 I SystemServer: Reading configuration...
07-17 12:22:18.417   590   590 D SystemServerTiming: ReadingSystemConfig
07-17 12:22:18.417   590   590 V SystemServerTiming: ReadingSystemConfig took to complete: 0ms
07-17 12:22:18.417   590   590 D SystemServerTiming: PlatformCompat
07-17 12:22:18.417   590   616 D SystemServerTimingAsync: InitThreadPoolExec:ReadingSystemConfig
07-17 12:22:18.418   590   616 D SystemServerInitThreadPool: Started executing ReadingSystemConfig
07-17 12:22:18.419   590   616 I SystemConfig: Reading permissions from /system/etc/sysconfig/framework-sysconfig.xml
07-17 12:22:18.419   590   616 I incfs   : Initial API level of the device: 33
07-17 12:22:18.420   590   616 I incfs   : ro.incremental.enable: yes
07-17 12:22:18.420   590   616 I incfs   : isFsAvailable: true
07-17 12:22:18.420   590   616 I incfs   : isFsAvailable: true
07-17 12:22:18.420   590   616 I incfs   : IncFs_Features: v2
07-17 12:22:18.420   590   590 D CompatConfig: Found a config file: /system/etc/compatconfig/services-platform-compat-config.xml
07-17 12:22:18.420   590   616 I SystemConfig: Reading permissions from /system/etc/sysconfig/hiddenapi-package-whitelist.xml
07-17 12:22:18.421   590   616 I SystemConfig: Reading permissions from /system/etc/sysconfig/preinstalled-packages-platform.xml
07-17 12:22:18.421   590   590 D CompatConfig: Adding: com.android.server.compat.config.Change@c033773
07-17 12:22:18.421   590   590 D CompatConfig: Adding: com.android.server.compat.config.Change@e35d630
07-17 12:22:18.421   590   590 D CompatConfig: Adding: com.android.server.compat.config.Change@d4f02a9
07-17 12:22:18.421   590   590 D CompatConfig: Adding: com.android.server.compat.config.Change@529d02e
07-17 12:22:18.421   590   590 D CompatConfig: Adding: com.android.server.compat.config.Change@1cfd7cf
07-17 12:22:18.421   590   590 D CompatConfig: Adding: com.android.server.compat.config.Change@25a255c
07-17 12:22:18.421   590   590 D CompatConfig: Adding: com.android.server.compat.config.Change@8ec2065
07-17 12:22:18.421   590   590 D CompatConfig: Adding: com.android.server.compat.config.Change@186c13a
07-17 12:22:18.421   590   590 D CompatConfig: Adding: com.android.server.compat.config.Change@21c21eb
07-17 12:22:18.421   590   590 D CompatConfig: Adding: com.android.server.compat.config.Change@f123b48
07-17 12:22:18.422   590   590 D CompatConfig: Adding: com.android.server.compat.config.Change@a835de1
07-17 12:22:18.422   590   590 D CompatConfig: Adding: com.android.server.compat.config.Change@d8fb706
07-17 12:22:18.422   590   590 D CompatConfig: Adding: com.android.server.compat.config.Change@498f1c7
07-17 12:22:18.422   590   590 D CompatConfig: Adding: com.android.server.compat.config.Change@5b3c3f4
07-17 12:22:18.422   590   590 D CompatConfig: Adding: com.android.server.compat.config.Change@5f6f71d
07-17 12:22:18.422   590   590 D CompatConfig: Adding: com.android.server.compat.config.Change@6e03d92
07-17 12:22:18.422   590   590 D CompatConfig: Adding: com.android.server.compat.config.Change@128e363
07-17 12:22:18.422   590   590 D CompatConfig: Adding: com.android.server.compat.config.Change@5432b60
07-17 12:22:18.422   590   590 D CompatConfig: Adding: com.android.server.compat.config.Change@110e819
07-17 12:22:18.422   590   590 D CompatConfig: Adding: com.android.server.compat.config.Change@740a0de
07-17 12:22:18.422   590   590 D CompatConfig: Adding: com.android.server.compat.config.Change@13c52bf
07-17 12:22:18.422   590   590 D CompatConfig: Adding: com.android.server.compat.config.Change@69f9d8c
07-17 12:22:18.422   590   590 D CompatConfig: Adding: com.android.server.compat.config.Change@a3eecd5
07-17 12:22:18.422   590   590 D CompatConfig: Adding: com.android.server.compat.config.Change@ab1ecea
07-17 12:22:18.422   590   590 D CompatConfig: Adding: com.android.server.compat.config.Change@aed5bdb
07-17 12:22:18.422   590   590 D CompatConfig: Adding: com.android.server.compat.config.Change@f6f0678
07-17 12:22:18.422   590   590 D CompatConfig: Adding: com.android.server.compat.config.Change@f0e8151
07-17 12:22:18.422   590   590 D CompatConfig: Adding: com.android.server.compat.config.Change@a39edb6
07-17 12:22:18.422   590   590 D CompatConfig: Adding: com.android.server.compat.config.Change@1dbdab7
07-17 12:22:18.422   590   590 D CompatConfig: Adding: com.android.server.compat.config.Change@7ca1224
07-17 12:22:18.422   590   590 D CompatConfig: Adding: com.android.server.compat.config.Change@e68e18d
07-17 12:22:18.422   590   590 D CompatConfig: Adding: com.android.server.compat.config.Change@76f2f42
07-17 12:22:18.422   590   590 D CompatConfig: Adding: com.android.server.compat.config.Change@9c96b53
07-17 12:22:18.422   590   590 D CompatConfig: Adding: com.android.server.compat.config.Change@ea82c90
07-17 12:22:18.422   590   590 D CompatConfig: Adding: com.android.server.compat.config.Change@28f0989
07-17 12:22:18.422   590   590 D CompatConfig: Adding: com.android.server.compat.config.Change@4c4fd8e
07-17 12:22:18.422   590   590 D CompatConfig: Adding: com.android.server.compat.config.Change@6f569af
07-17 12:22:18.422   590   590 D CompatConfig: Adding: com.android.server.compat.config.Change@90b81bc
07-17 12:22:18.422   590   590 D CompatConfig: Adding: com.android.server.compat.config.Change@ed5b545
07-17 12:22:18.422   590   590 D CompatConfig: Adding: com.android.server.compat.config.Change@697649a
07-17 12:22:18.422   590   590 D CompatConfig: Adding: com.android.server.compat.config.Change@838f1cb
07-17 12:22:18.422   590   590 D CompatConfig: Adding: com.android.server.compat.config.Change@7ecfda8
07-17 12:22:18.422   590   590 D CompatConfig: Adding: com.android.server.compat.config.Change@d2160c1
07-17 12:22:18.422   590   590 D CompatConfig: Adding: com.android.server.compat.config.Change@8f73066
07-17 12:22:18.422   590   590 D CompatConfig: Adding: com.android.server.compat.config.Change@6e2dfa7
07-17 12:22:18.422   590   590 D CompatConfig: Adding: com.android.server.compat.config.Change@e84c54
07-17 12:22:18.422   590   590 D CompatConfig: Adding: com.android.server.compat.config.Change@72247fd
07-17 12:22:18.422   590   590 D CompatConfig: Adding: com.android.server.compat.config.Change@853cf43
07-17 12:22:18.422   590   590 D CompatConfig: Adding: com.android.server.compat.config.Change@5a7d9c0
07-17 12:22:18.422   590   590 D CompatConfig: Adding: com.android.server.compat.config.Change@75066f9
07-17 12:22:18.422   590   590 D CompatConfig: Adding: com.android.server.compat.config.Change@a31e63e
07-17 12:22:18.422   590   590 D CompatConfig: Adding: com.android.server.compat.config.Change@d5a1c9f
07-17 12:22:18.422   590   590 D CompatConfig: Adding: com.android.server.compat.config.Change@610d1ec
07-17 12:22:18.422   590   590 D CompatConfig: Adding: com.android.server.compat.config.Change@da779b5
07-17 12:22:18.422   590   616 I SystemConfig: Reading permissions from /system/etc/permissions/org.apache.http.legacy.xml
07-17 12:22:18.422   590   590 D CompatConfig: Adding: com.android.server.compat.config.Change@e62284a
07-17 12:22:18.422   590   590 D CompatConfig: Adding: com.android.server.compat.config.Change@b4de3bb
07-17 12:22:18.422   590   590 D CompatConfig: Adding: com.android.server.compat.config.Change@92f20d8
07-17 12:22:18.422   590   590 D CompatConfig: Adding: com.android.server.compat.config.Change@422fc31
07-17 12:22:18.422   590   590 D CompatConfig: Adding: com.android.server.compat.config.Change@aa27f16
07-17 12:22:18.422   590   590 D CompatConfig: Adding: com.android.server.compat.config.Change@aed0097
07-17 12:22:18.422   590   590 D CompatConfig: Adding: com.android.server.compat.config.Change@8e17284
07-17 12:22:18.423   590   590 D CompatConfig: Adding: com.android.server.compat.config.Change@efa2a6d
07-17 12:22:18.423   590   590 D CompatConfig: Adding: com.android.server.compat.config.Change@6bf76a2
07-17 12:22:18.423   590   590 D CompatConfig: Found a config file: /system/etc/compatconfig/framework-platform-compat-config.xml
07-17 12:22:18.423   590   616 I SystemConfig: Reading permissions from /system/etc/permissions/android.test.runner.xml
07-17 12:22:18.424   590   616 I SystemConfig: Reading permissions from /system/etc/permissions/android.test.base.xml
07-17 12:22:18.425   590   616 I SystemConfig: Reading permissions from /system/etc/permissions/com.android.media.remotedisplay.xml
07-17 12:22:18.425   590   590 D CompatConfig: Adding: com.android.server.compat.config.Change@4896b8f
07-17 12:22:18.425   590   590 D CompatConfig: Adding: com.android.server.compat.config.Change@ce28e1c
07-17 12:22:18.425   590   590 D CompatConfig: Adding: com.android.server.compat.config.Change@96b3a25
07-17 12:22:18.425   590   590 D CompatConfig: Adding: com.android.server.compat.config.Change@bfd37fa
07-17 12:22:18.425   590   590 D CompatConfig: Adding: com.android.server.compat.config.Change@73b31ab
07-17 12:22:18.425   590   590 D CompatConfig: Adding: com.android.server.compat.config.Change@2987008
07-17 12:22:18.425   590   590 D CompatConfig: Adding: com.android.server.compat.config.Change@cd6d9c6
07-17 12:22:18.425   590   590 D CompatConfig: Adding: com.android.server.compat.config.Change@2f93d87
07-17 12:22:18.425   590   616 I SystemConfig: Reading permissions from /system/etc/permissions/javax.obex.xml
07-17 12:22:18.425   590   590 D CompatConfig: Adding: com.android.server.compat.config.Change@24884b4
07-17 12:22:18.425   590   590 D CompatConfig: Adding: com.android.server.compat.config.Change@88788dd
07-17 12:22:18.425   590   590 D CompatConfig: Adding: com.android.server.compat.config.Change@556cc52
07-17 12:22:18.425   590   590 D CompatConfig: Adding: com.android.server.compat.config.Change@1a22b23
07-17 12:22:18.425   590   590 D CompatConfig: Adding: com.android.server.compat.config.Change@b433820
07-17 12:22:18.425   590   590 D CompatConfig: Adding: com.android.server.compat.config.Change@f78d5d9
07-17 12:22:18.425   590   590 D CompatConfig: Adding: com.android.server.compat.config.Change@6715b9e
07-17 12:22:18.425   590   590 D CompatConfig: Adding: com.android.server.compat.config.Change@262567f
07-17 12:22:18.425   590   590 D CompatConfig: Adding: com.android.server.compat.config.Change@f73b64c
07-17 12:22:18.425   590   590 D CompatConfig: Adding: com.android.server.compat.config.Change@97f695
07-17 12:22:18.425   590   590 D CompatConfig: Adding: com.android.server.compat.config.Change@a1393aa
07-17 12:22:18.425   590   590 D CompatConfig: Adding: com.android.server.compat.config.Change@cfdb9b
07-17 12:22:18.425   590   590 D CompatConfig: Adding: com.android.server.compat.config.Change@24beb38
07-17 12:22:18.425   590   590 D CompatConfig: Adding: com.android.server.compat.config.Change@14e6711
07-17 12:22:18.425   590   590 D CompatConfig: Adding: com.android.server.compat.config.Change@9ef4076
07-17 12:22:18.425   590   590 D CompatConfig: Adding: com.android.server.compat.config.Change@1c69677
07-17 12:22:18.425   590   590 D CompatConfig: Adding: com.android.server.compat.config.Change@a7082e4
07-17 12:22:18.425   590   590 D CompatConfig: Adding: com.android.server.compat.config.Change@a21634d
07-17 12:22:18.425   590   590 D CompatConfig: Adding: com.android.server.compat.config.Change@706ee02
07-17 12:22:18.426   590   590 D CompatConfig: Adding: com.android.server.compat.config.Change@2042313
07-17 12:22:18.426   590   590 D CompatConfig: Adding: com.android.server.compat.config.Change@224e950
07-17 12:22:18.426   590   590 D CompatConfig: Adding: com.android.server.compat.config.Change@cade749
07-17 12:22:18.426   590   590 D CompatConfig: Adding: com.android.server.compat.config.Change@df9e84e
07-17 12:22:18.426   590   590 D CompatConfig: Adding: com.android.server.compat.config.Change@283dd6f
07-17 12:22:18.426   590   590 D CompatConfig: Adding: com.android.server.compat.config.Change@2774a7c
07-17 12:22:18.426   590   590 D CompatConfig: Adding: com.android.server.compat.config.Change@d64af05
07-17 12:22:18.426   590   590 D CompatConfig: Adding: com.android.server.compat.config.Change@4103b5a
07-17 12:22:18.426   590   590 D CompatConfig: Adding: com.android.server.compat.config.Change@e9ae18b
07-17 12:22:18.426   590   590 D CompatConfig: Adding: com.android.server.compat.config.Change@52c9268
07-17 12:22:18.426   590   590 D CompatConfig: Adding: com.android.server.compat.config.Change@d063681
07-17 12:22:18.426   590   590 D CompatConfig: Adding: com.android.server.compat.config.Change@906b326
07-17 12:22:18.426   590   590 D CompatConfig: Adding: com.android.server.compat.config.Change@7d40b67
07-17 12:22:18.426   590   590 D CompatConfig: Adding: com.android.server.compat.config.Change@96c6d14
07-17 12:22:18.426   590   590 D CompatConfig: Adding: com.android.server.compat.config.Change@ddeb9bd
07-17 12:22:18.426   590   590 D CompatConfig: Adding: com.android.server.compat.config.Change@99adbb2
07-17 12:22:18.426   590   590 D CompatConfig: Adding: com.android.server.compat.config.Change@38bf703
07-17 12:22:18.426   590   590 D CompatConfig: Adding: com.android.server.compat.config.Change@72d4680
07-17 12:22:18.426   590   590 D CompatConfig: Adding: com.android.server.compat.config.Change@c234b9
07-17 12:22:18.426   590   590 D CompatConfig: Adding: com.android.server.compat.config.Change@ed700fe
07-17 12:22:18.426   590   590 D CompatConfig: Adding: com.android.server.compat.config.Change@64d005f
07-17 12:22:18.426   590   590 D CompatConfig: Adding: com.android.server.compat.config.Change@d604aac
07-17 12:22:18.426   590   590 D CompatConfig: Adding: com.android.server.compat.config.Change@5c86375
07-17 12:22:18.426   590   590 D CompatConfig: Adding: com.android.server.compat.config.Change@61e2f0a
07-17 12:22:18.426   590   590 D CompatConfig: Adding: com.android.server.compat.config.Change@8eb437b
