07-17 12:22:19.105   517   517 I cameraserver: Waiting for sensor privacy service
07-17 12:22:19.105   436   436 I audioserver: Waiting for sensor privacy service
07-17 12:22:19.106   590   590 I am_uid_running: 1000
07-17 12:22:19.111   590   622 I ActivityManager: Connection with lmkd established
07-17 12:22:19.111   232   232 I lowmemorykiller: lmkd data connection established
07-17 12:22:19.111   590   590 I am_uid_active: 1000
07-17 12:22:19.117   590   590 V SystemServerTiming: SetSystemProcess took to complete: 15ms
07-17 12:22:19.117   590   590 D CompatibilityChangeReporter: Compat change id reported: 161145287; UID 1000; state: DISABLED
07-17 12:22:19.117   590   590 D SystemServerTiming: InitWatchdog
07-17 12:22:19.118   590   590 V SystemServerTiming: InitWatchdog took to complete: 0ms
07-17 12:22:19.141   590   590 D SystemServerTiming: StartOverlayManagerService
07-17 12:22:19.151   524   555 I ServiceManager: Waiting for service 'package_native' on '/dev/binder' successful after waiting 3423ms
07-17 12:22:19.161   528   528 I ServiceManager: Waiting for service 'package_native' on '/dev/binder' successful after waiting 3732ms
07-17 12:22:19.168   590   647 V SystemServerTimingAsync: AppDataFixup took to complete: 105ms
07-17 12:22:19.168   590   647 W PackageManager: Skipping preparing app data for com.google.android.sdksandbox
07-17 12:22:19.170   528   656 I storaged: storaged: Start
07-17 12:22:19.174   518   525 W idmap2d : failed to parse idmap header of '/data/resource-cache/product@overlay@ManagedProvisioning__auto_generated_rro_product.apk@idmap'
07-17 12:22:19.186   518   525 W idmap2d : failed to find resource 'array/vendor_required_apps_managed_device'
07-17 12:22:19.186   518   525 W idmap2d : failed to find resource 'array/vendor_required_apps_managed_profile'
07-17 12:22:19.187   518   525 W idmap2d : failed to find resource 'array/vendor_required_apps_managed_user'
07-17 12:22:19.187   518   525 E idmap2d : no resources were overlaid
07-17 12:22:19.203   518   525 W idmap2d : failed to parse idmap header of '/data/resource-cache/vendor@overlay@SystemUIGoogle__auto_generated_rro_vendor.apk@idmap'
07-17 12:22:19.207   521   533 W cutils  : Expected path /data/user_de/0/com.google.android.gms with mode 700 but found 711
07-17 12:22:19.226   518   525 W idmap2d : failed to find resource 'bool/config_show4GForLTE'
07-17 12:22:19.226   518   525 E idmap2d : no resources were overlaid
07-17 12:22:19.234   590   647 V SystemServerTimingAsync: AppDataPrepare took to complete: 66ms
07-17 12:22:19.234   590   647 I PackageManager: Deferred reconcileAppsData finished 169 packages
07-17 12:22:19.234   590   647 D SystemServerInitThreadPool: Finished executing prepareAppData
07-17 12:22:19.234   590   647 V SystemServerTimingAsync: InitThreadPoolExec:prepareAppData took to complete: 172ms
07-17 12:22:19.338   518   525 W idmap2d : active ffro iterator was not previously released
07-17 12:22:19.344   590   590 I commit_sys_config_file: [overlays,5]
07-17 12:22:19.359   590   590 V SystemServerTiming: StartOverlayManagerService took to complete: 217ms
07-17 12:22:19.359   590   590 D SystemServerTiming: StartResourcesManagerService
07-17 12:22:19.359   590   590 V SystemServerTiming: StartResourcesManagerService took to complete: 1ms
07-17 12:22:19.359   590   590 D SystemServerTiming: StartSensorPrivacyService
07-17 12:22:19.361   590   609 W ActivityTaskManager: Skip updateConfiguration because mWindowManager isn't set
07-17 12:22:19.363   590   590 V SystemServerTiming: StartSensorPrivacyService took to complete: 4ms
07-17 12:22:19.363   590   590 D SystemServerTiming: StartSensorService
07-17 12:22:19.363   590   590 I SystemServiceManager: Starting com.android.server.sensors.SensorService
07-17 12:22:19.364   590   590 V SystemServerTiming: StartSensorService took to complete: 0ms
07-17 12:22:19.364   590   590 V SystemServerTiming: startBootstrapServices took to complete: 954ms
07-17 12:22:19.364   590   590 D SystemServerTiming: startCoreServices
07-17 12:22:19.364   590   590 D SystemServerTiming: StartSystemConfigService
07-17 12:22:19.364   590   590 I SystemServiceManager: Starting com.android.server.SystemConfigService
07-17 12:22:19.364   590   659 D SystemServerTimingAsync: InitThreadPoolExec:StartNativeSensorService
07-17 12:22:19.364   590   659 D SystemServerInitThreadPool: Started executing StartNativeSensorService
07-17 12:22:19.364   590   659 D SystemServerTimingAsync: StartNativeSensorService
07-17 12:22:19.364   590   659 D SensorService: nuSensorService starting...
07-17 12:22:19.364   590   590 V SystemServerTiming: StartSystemConfigService took to complete: 1ms
07-17 12:22:19.364   590   590 D SystemServerTiming: StartBatteryService
07-17 12:22:19.364   590   590 I SystemServiceManager: Starting com.android.server.BatteryService
07-17 12:22:19.364   233   233 I servicemanager: Could not find android.hardware.sensors.ISensors/default in the VINTF manifest.
07-17 12:22:19.365   233   233 I servicemanager: Could not find android.hardware.health.IHealth/default in the VINTF manifest.
07-17 12:22:19.366   590   590 I android_os_HwBinder: HwBinder: Starting thread pool for getting: android.hardware.health@2.0::IHealth/default
07-17 12:22:19.367   590   617 I battery_status: [4,2,1,0,Li-ion]
07-17 12:22:19.367   590   617 I battery_level: [100,5000,250]
07-17 12:22:19.367   590   626 E BluetoothAdapter: Bluetooth service is null
07-17 12:22:19.370   590   659 W SensorService: Goldfish 3-axis Accelerometer's max range 39.299999237061 is not a multiple of the resolution 0.000248015887 - updated to 39.300102233887
07-17 12:22:19.370   590   659 I SensorService: Goldfish Ambient Temperature sensor's reported power 0.000000 invalid, clamped to 0.001000
07-17 12:22:19.370   590   590 I android_os_HwBinder: HwBinder: Starting thread pool for getting: android.hidl.manager@1.0::IServiceManager/default
07-17 12:22:19.371   590   590 I HealthServiceWrapperHidl: health: HealthServiceWrapper listening to instance default
07-17 12:22:19.371   590   590 I BatteryService: health: Waited 0ms and received the update.
07-17 12:22:19.371   590   590 V SystemServerTiming: StartBatteryService took to complete: 7ms
07-17 12:22:19.371   590   590 D SystemServerTiming: StartUsageService
07-17 12:22:19.371   590   590 I SystemServiceManager: Starting com.android.server.usage.UsageStatsService
07-17 12:22:19.373   590   665 D SensorService: nuSensorService thread starting...
07-17 12:22:19.373   590   590 V SystemServerTiming: StartUsageService took to complete: 2ms
07-17 12:22:19.373   590   590 D SystemServerTiming: StartWebViewUpdateService
07-17 12:22:19.373   590   590 I SystemServiceManager: Starting com.android.server.webkit.WebViewUpdateService
07-17 12:22:19.374   590   590 V SystemServerTiming: StartWebViewUpdateService took to complete: 1ms
07-17 12:22:19.374   590   590 D SystemServerTiming: StartCachedDeviceStateService
07-17 12:22:19.374   590   590 I SystemServiceManager: Starting com.android.server.CachedDeviceStateService
07-17 12:22:19.374   590   590 V SystemServerTiming: StartCachedDeviceStateService took to complete: 0ms
07-17 12:22:19.374   590   590 D SystemServerTiming: StartBinderCallsStatsService
07-17 12:22:19.374   590   590 I SystemServiceManager: Starting com.android.server.BinderCallsStatsService$LifeCycle
07-17 12:22:19.375   590   590 V SystemServerTiming: StartBinderCallsStatsService took to complete: 0ms
07-17 12:22:19.375   590   590 D SystemServerTiming: StartLooperStatsService
07-17 12:22:19.375   590   590 I SystemServiceManager: Starting com.android.server.LooperStatsService$Lifecycle
07-17 12:22:19.375   590   664 D SensorService: new thread SensorEventAckReceiver
07-17 12:22:19.376   590   662 I android_os_HwBinder: HwBinder: Starting thread pool for getting: android.hardware.health@2.0::IHealth/default
07-17 12:22:19.376   590   659 V HistoricalRegistry: Interaction before persistence initialized
07-17 12:22:19.376   590   590 V SystemServerTiming: StartLooperStatsService took to complete: 2ms
07-17 12:22:19.376   590   590 D SystemServerTiming: StartRollbackManagerService
07-17 12:22:19.376   590   590 I SystemServiceManager: Starting com.android.server.rollback.RollbackManagerService
07-17 12:22:19.377   521   533 D installd: Found quota mount /dev/block/dm-33 at /data
07-17 12:22:19.377   521   533 D installd: Found quota mount /dev/block/dm-33 at /data/user/0
07-17 12:22:19.378   590   659 V SystemServerTimingAsync: StartNativeSensorService took to complete: 14ms
07-17 12:22:19.378   590   659 D SystemServerInitThreadPool: Finished executing StartNativeSensorService
07-17 12:22:19.378   590   659 V SystemServerTimingAsync: InitThreadPoolExec:StartNativeSensorService took to complete: 14ms
07-17 12:22:19.378   590   590 I PackageWatchdog: Syncing state, reason: added new observer
07-17 12:22:19.378   590   590 I PackageWatchdog: Not pruning observers, elapsed time: 0ms
07-17 12:22:19.380   590   590 V SystemServerTiming: StartRollbackManagerService took to complete: 4ms
07-17 12:22:19.380   590   590 D SystemServerTiming: StartNativeTombstoneManagerService
07-17 12:22:19.380   590   590 I SystemServiceManager: Starting com.android.server.os.NativeTombstoneManagerService
07-17 12:22:19.386   517   517 I HidlServiceManagement: Registered android.frameworks.cameraservice.service@2.2::ICameraService/default
07-17 12:22:19.387   436   436 D audioserver: Do not init aaudio service, status 0, policy info size 1
07-17 12:22:19.387   524   654 W AudioAnalytics: onAudioServerStart: (key=audio.policy) AudioPolicy ctor, loadTimeMs:3654.998047
07-17 12:22:19.388   517   517 I CameraService: CameraService pinged cameraservice proxy
07-17 12:22:19.388   517   517 I cameraserver: ServiceManager: 0x7af01562e660 done instantiate
07-17 12:22:19.388   517   517 W CameraProviderManager: addAidlProviderLocked: Camera provider HAL with name 'android.hardware.camera.provider.ICameraProvider/internal/0' already registered
07-17 12:22:19.388   590   590 V SystemServerTiming: StartNativeTombstoneManagerService took to complete: 8ms
07-17 12:22:19.388   590   590 D SystemServerTiming: StartBugreportManagerService
07-17 12:22:19.389   590   590 I SystemServiceManager: Starting com.android.server.os.BugreportManagerService
07-17 12:22:19.389   590   590 V SystemServerTiming: StartBugreportManagerService took to complete: 0ms
07-17 12:22:19.389   590   590 D SystemServerTiming: GpuService
07-17 12:22:19.389   590   590 I SystemServiceManager: Starting com.android.server.gpu.GpuService
07-17 12:22:19.389   590   590 V SystemServerTiming: GpuService took to complete: 0ms
07-17 12:22:19.389   590   590 V SystemServerTiming: startCoreServices took to complete: 25ms
07-17 12:22:19.389   590   590 D SystemServerTiming: startOtherServices
07-17 12:22:19.389   590   590 D SystemServerTiming: StartKeyAttestationApplicationIdProviderService
07-17 12:22:19.389   590   590 V SystemServerTiming: StartKeyAttestationApplicationIdProviderService took to complete: 0ms
07-17 12:22:19.389   590   590 D SystemServerTiming: StartKeyChainSystemService
07-17 12:22:19.389   590   590 I SystemServiceManager: Starting com.android.server.security.KeyChainSystemService
07-17 12:22:19.389   590   672 D SystemServerTimingAsync: InitThreadPoolExec:SecondaryZygotePreload
07-17 12:22:19.389   590   590 V SystemServerTiming: StartKeyChainSystemService took to complete: 0ms
07-17 12:22:19.389   590   619 I PackageWatchdog: Saving observer state to file
07-17 12:22:19.389   590   590 D SystemServerTiming: StartBinaryTransparencyService
07-17 12:22:19.389   590   590 I SystemServiceManager: Starting com.android.server.BinaryTransparencyService
07-17 12:22:19.390   590   590 I TransparencyService: Started BinaryTransparencyService
07-17 12:22:19.390   590   590 V SystemServerTiming: StartBinaryTransparencyService took to complete: 0ms
07-17 12:22:19.390   590   590 D SystemServerTiming: StartSchedulingPolicyService
07-17 12:22:19.390   590   616 D SystemServerTimingAsync: InitThreadPoolExec:SchedulingPolicyService.<init>
07-17 12:22:19.390   590   616 D SystemServerInitThreadPool: Started executing SchedulingPolicyService.<init>
07-17 12:22:19.390   590   590 V SystemServerTiming: StartSchedulingPolicyService took to complete: 1ms
07-17 12:22:19.390   590   590 D SystemServerTiming: StartTelecomLoaderService
07-17 12:22:19.390   590   590 I SystemServiceManager: Starting com.android.server.telecom.TelecomLoaderService
07-17 12:22:19.392   590   590 V SystemServerTiming: StartTelecomLoaderService took to complete: 1ms
07-17 12:22:19.392   590   590 D SystemServerTiming: StartTelephonyRegistry
07-17 12:22:19.393   590   590 V SystemServerTiming: StartTelephonyRegistry took to complete: 1ms
07-17 12:22:19.393   590   590 D SystemServerTiming: StartEntropyMixer
07-17 12:22:19.393   590   590 I EntropyMixer: Loaded existing seed file
07-17 12:22:19.394   590   616 I SchedulingPolicyService: Moving 532 back to group default
07-17 12:22:19.394   590   616 D SystemServerInitThreadPool: Finished executing SchedulingPolicyService.<init>
07-17 12:22:19.394   590   616 V SystemServerTimingAsync: InitThreadPoolExec:SchedulingPolicyService.<init> took to complete: 3ms
07-17 12:22:19.394   590   672 D SystemServerInitThreadPool: Started executing SecondaryZygotePreload
07-17 12:22:19.394   590   672 I SystemServer: SecondaryZygotePreload
07-17 12:22:19.394   590   672 D SystemServerTimingAsync: SecondaryZygotePreload
07-17 12:22:19.394   590   672 V SystemServerTimingAsync: SecondaryZygotePreload took to complete: 0ms
07-17 12:22:19.394   590   672 D SystemServerInitThreadPool: Finished executing SecondaryZygotePreload
07-17 12:22:19.394   590   672 V SystemServerTimingAsync: InitThreadPoolExec:SecondaryZygotePreload took to complete: 5ms
07-17 12:22:19.395   590   590 I EntropyMixer: Updated seed file
07-17 12:22:19.395   590   590 V SystemServerTiming: StartEntropyMixer took to complete: 2ms
07-17 12:22:19.395   590   590 D SystemServerTiming: StartAccountManagerService
07-17 12:22:19.395   590   590 I SystemServiceManager: Starting com.android.server.accounts.AccountManagerService$Lifecycle
07-17 12:22:19.397   590   590 D CompatibilityChangeReporter: Compat change id reported: 148180766; UID 1000; state: ENABLED
07-17 12:22:19.397   590   590 V SystemServerTiming: StartAccountManagerService took to complete: 3ms
07-17 12:22:19.397   590   590 D SystemServerTiming: StartContentService
07-17 12:22:19.397   590   590 I SystemServiceManager: Starting com.android.server.content.ContentService$Lifecycle
07-17 12:22:19.398   590   590 V SystemServerTiming: StartContentService took to complete: 1ms
07-17 12:22:19.398   590   590 D SystemServerTiming: InstallSystemProviders
07-17 12:22:19.407   590   590 D nativeloader: Configuring classloader-namespace-shared for other apk /system/priv-app/SettingsProvider/SettingsProvider.apk. target_sdk_version=33, uses_libraries=, library_path=/system/priv-app/SettingsProvider/lib/x86_64:/system/priv-app/SettingsProvider/SettingsProvider.apk!/lib/x86_64:/system/lib64:/system_ext/lib64, permitted_path=/data:/mnt/expand:/data/user_de/0/com.android.providers.settings:/system/priv-app/SettingsProvider:/system/lib64:/system_ext/lib64
07-17 12:22:19.439   590   620 D ActivityManager: Freezer enabled
07-17 12:22:19.439   590   620 D ActivityManager: freezer override set to false
07-17 12:22:19.439   590   590 V SystemServerTiming: InstallSystemProviders took to complete: 41ms
07-17 12:22:19.439   590   590 D SystemServerTiming: UpdateWatchdogTimeout
07-17 12:22:19.439   590   590 I Watchdog: Watchdog timeout updated to 60000 millis
07-17 12:22:19.439   590   590 V SystemServerTiming: UpdateWatchdogTimeout took to complete: 0ms
07-17 12:22:19.439   590   590 D SystemServerTiming: StartDropBoxManager
07-17 12:22:19.439   590   590 I SystemServiceManager: Starting com.android.server.DropBoxManagerService
07-17 12:22:19.440   590   590 V SystemServerTiming: StartDropBoxManager took to complete: 0ms
07-17 12:22:19.440   590   590 D SystemServerTiming: StartRoleManagerService
07-17 12:22:19.440   590   590 I SystemServiceManager: Starting com.android.role.RoleService
07-17 12:22:19.474   590   590 V SystemServerTiming: StartRoleManagerService took to complete: 34ms
07-17 12:22:19.474   590   590 D SystemServerTiming: StartVibratorManagerService
07-17 12:22:19.474   590   590 I SystemServiceManager: Starting com.android.server.vibrator.VibratorManagerService$Lifecycle
07-17 12:22:19.478   233   233 I servicemanager: Found android.hardware.vibrator.IVibratorManager/default in device VINTF manifest.
07-17 12:22:19.479   427   427 I android.hardware.vibrator-service.example: Vibrator manager reporting capabilities
07-17 12:22:19.479   427   427 I android.hardware.vibrator-service.example: Vibrator manager getting vibrator ids
07-17 12:22:19.480   427   427 I android.hardware.vibrator-service.example: Vibrator manager getting vibrator 1
07-17 12:22:19.481   427   427 I android.hardware.vibrator-service.example: Vibrator Manager cancel synced
07-17 12:22:19.481   427   427 I android.hardware.vibrator-service.example: Vibrator manager getting vibrator 1
07-17 12:22:19.482   590   590 V SystemServerTiming: StartVibratorManagerService took to complete: 9ms
07-17 12:22:19.482   590   590 D SystemServerTiming: StartDynamicSystemService
07-17 12:22:19.483   590   590 V SystemServerTiming: StartDynamicSystemService took to complete: 0ms
07-17 12:22:19.483   590   590 D SystemServerTiming: StartConsumerIrService
07-17 12:22:19.483   233   233 I servicemanager: Could not find android.hardware.ir.IConsumerIr/default in the VINTF manifest.
07-17 12:22:19.483   234   234 I hwservicemanager: getTransport: Cannot find entry android.hardware.ir@1.0::IConsumerIr/default in either framework or device VINTF manifest.
07-17 12:22:19.484   590   590 V SystemServerTiming: StartConsumerIrService took to complete: 1ms
07-17 12:22:19.484   590   590 D SystemServerTiming: StartResourceEconomy
07-17 12:22:19.484   590   590 I SystemServiceManager: Starting com.android.server.tare.InternalResourceService
07-17 12:22:19.486   590   590 V SystemServerTiming: StartResourceEconomy took to complete: 3ms
07-17 12:22:19.486   590   590 D SystemServerTiming: StartAlarmManagerService
07-17 12:22:19.487   590   590 I SystemServiceManager: Starting com.android.server.alarm.AlarmManagerService
07-17 12:22:19.490   590   590 D AlarmManagerService: Kernel timezone updated to 0 minutes west of GMT
07-17 12:22:19.490   590   590 D CompatibilityChangeReporter: Compat change id reported: 160794467; UID 1000; state: ENABLED
07-17 12:22:19.493   590   590 V SystemServerTiming: StartAlarmManagerService took to complete: 6ms
07-17 12:22:19.493   590   590 D SystemServerTiming: StartInputManagerService
07-17 12:22:19.494   384   390 I ServiceManager: Waiting for service 'statscompanion' on '/dev/binder'...
07-17 12:22:19.495   590   590 I InputManager: Initializing input manager, mUseDevInputEventForAudioJack=true
07-17 12:22:19.495   590   590 V SystemServerTiming: StartInputManagerService took to complete: 3ms
07-17 12:22:19.495   590   590 D SystemServerTiming: DeviceStateManagerService
07-17 12:22:19.495   590   590 I SystemServiceManager: Starting com.android.server.devicestate.DeviceStateManagerService
07-17 12:22:19.504   590   590 V SystemServerTiming: DeviceStateManagerService took to complete: 9ms
07-17 12:22:19.504   590   590 D SystemServerTiming: StartCameraServiceProxy
07-17 12:22:19.504   590   590 I SystemServiceManager: Starting com.android.server.camera.CameraServiceProxy
07-17 12:22:19.507   590   590 V SystemServerTiming: StartCameraServiceProxy took to complete: 3ms
07-17 12:22:19.507   590   590 D SystemServerTiming: StartWindowManagerService
07-17 12:22:19.507   590   590 I SystemServiceManager: Starting phase 200
07-17 12:22:19.507   590   590 D SystemServerTiming: OnBootPhase_200
07-17 12:22:19.508   590   590 D SystemServerTiming: OnBootPhase_200_com.android.server.security.FileIntegrityService
07-17 12:22:19.508   590   590 V SystemServerTiming: OnBootPhase_200_com.android.server.security.FileIntegrityService took to complete: 0ms
07-17 12:22:19.508   590   590 D SystemServerTiming: OnBootPhase_200_com.android.server.pm.Installer
07-17 12:22:19.508   590   590 V SystemServerTiming: OnBootPhase_200_com.android.server.pm.Installer took to complete: 0ms
07-17 12:22:19.508   590   590 D SystemServerTiming: OnBootPhase_200_com.android.server.os.DeviceIdentifiersPolicyService
07-17 12:22:19.508   590   590 V SystemServerTiming: OnBootPhase_200_com.android.server.os.DeviceIdentifiersPolicyService took to complete: 0ms
07-17 12:22:19.508   590   590 D SystemServerTiming: OnBootPhase_200_com.android.server.uri.UriGrantsManagerService$Lifecycle
07-17 12:22:19.508   590   590 V SystemServerTiming: OnBootPhase_200_com.android.server.uri.UriGrantsManagerService$Lifecycle took to complete: 0ms
07-17 12:22:19.508   590   590 D SystemServerTiming: OnBootPhase_200_com.android.server.powerstats.PowerStatsService
07-17 12:22:19.508   590   590 V SystemServerTiming: OnBootPhase_200_com.android.server.powerstats.PowerStatsService took to complete: 0ms
07-17 12:22:19.508   590   590 D SystemServerTiming: OnBootPhase_200_com.android.server.wm.ActivityTaskManagerService$Lifecycle
07-17 12:22:19.508   590   590 V SystemServerTiming: OnBootPhase_200_com.android.server.wm.ActivityTaskManagerService$Lifecycle took to complete: 0ms
07-17 12:22:19.508   590   590 D SystemServerTiming: OnBootPhase_200_com.android.server.am.ActivityManagerService$Lifecycle
07-17 12:22:19.508   590   590 V SystemServerTiming: OnBootPhase_200_com.android.server.am.ActivityManagerService$Lifecycle took to complete: 0ms
07-17 12:22:19.508   590   590 D SystemServerTiming: OnBootPhase_200_com.android.server.pm.DataLoaderManagerService
07-17 12:22:19.508   590   590 V SystemServerTiming: OnBootPhase_200_com.android.server.pm.DataLoaderManagerService took to complete: 0ms
07-17 12:22:19.508   590   590 D SystemServerTiming: OnBootPhase_200_com.android.server.power.PowerManagerService
07-17 12:22:19.508   590   590 V SystemServerTiming: OnBootPhase_200_com.android.server.power.PowerManagerService took to complete: 0ms
07-17 12:22:19.508   590   590 D SystemServerTiming: OnBootPhase_200_com.android.server.power.ThermalManagerService
07-17 12:22:19.508   590   590 V SystemServerTiming: OnBootPhase_200_com.android.server.power.ThermalManagerService took to complete: 0ms
07-17 12:22:19.508   590   590 D SystemServerTiming: OnBootPhase_200_com.android.server.power.hint.HintManagerService
07-17 12:22:19.508   590   590 V SystemServerTiming: OnBootPhase_200_com.android.server.power.hint.HintManagerService took to complete: 0ms
07-17 12:22:19.508   590   590 D SystemServerTiming: OnBootPhase_200_com.android.server.recoverysystem.RecoverySystemService$Lifecycle
07-17 12:22:19.508   590   590 V SystemServerTiming: OnBootPhase_200_com.android.server.recoverysystem.RecoverySystemService$Lifecycle took to complete: 0ms
07-17 12:22:19.508   590   590 D SystemServerTiming: OnBootPhase_200_com.android.server.lights.LightsService
07-17 12:22:19.508   590   590 V SystemServerTiming: OnBootPhase_200_com.android.server.lights.LightsService took to complete: 0ms
07-17 12:22:19.508   590   590 D SystemServerTiming: OnBootPhase_200_com.android.server.display.DisplayManagerService
07-17 12:22:19.508   590   590 V SystemServerTiming: OnBootPhase_200_com.android.server.display.DisplayManagerService took to complete: 0ms
07-17 12:22:19.508   590   590 D SystemServerTiming: OnBootPhase_200_com.android.server.pm.verify.domain.DomainVerificationService
07-17 12:22:19.508   590   590 V SystemServerTiming: OnBootPhase_200_com.android.server.pm.verify.domain.DomainVerificationService took to complete: 0ms
07-17 12:22:19.508   590   590 D SystemServerTiming: OnBootPhase_200_com.android.server.pm.PackageInstallerService$Lifecycle
07-17 12:22:19.508   590   590 V SystemServerTiming: OnBootPhase_200_com.android.server.pm.PackageInstallerService$Lifecycle took to complete: 0ms
07-17 12:22:19.508   590   590 D SystemServerTiming: OnBootPhase_200_com.android.server.pm.UserManagerService$LifeCycle
07-17 12:22:19.508   590   590 V SystemServerTiming: OnBootPhase_200_com.android.server.pm.UserManagerService$LifeCycle took to complete: 0ms
07-17 12:22:19.508   590   590 D SystemServerTiming: OnBootPhase_200_com.android.server.om.OverlayManagerService
07-17 12:22:19.508   590   590 V SystemServerTiming: OnBootPhase_200_com.android.server.om.OverlayManagerService took to complete: 0ms
07-17 12:22:19.508   590   590 D SystemServerTiming: OnBootPhase_200_com.android.server.resources.ResourcesManagerService
07-17 12:22:19.508   590   590 V SystemServerTiming: OnBootPhase_200_com.android.server.resources.ResourcesManagerService took to complete: 0ms
07-17 12:22:19.508   590   590 D SystemServerTiming: OnBootPhase_200_com.android.server.sensorprivacy.SensorPrivacyService
07-17 12:22:19.508   590   590 V SystemServerTiming: OnBootPhase_200_com.android.server.sensorprivacy.SensorPrivacyService took to complete: 0ms
07-17 12:22:19.508   590   590 D SystemServerTiming: OnBootPhase_200_com.android.server.sensors.SensorService
07-17 12:22:19.508   590   590 V SystemServerTiming: OnBootPhase_200_com.android.server.sensors.SensorService took to complete: 0ms
07-17 12:22:19.508   590   590 D SystemServerTiming: OnBootPhase_200_com.android.server.SystemConfigService
07-17 12:22:19.508   590   590 V SystemServerTiming: OnBootPhase_200_com.android.server.SystemConfigService took to complete: 0ms
07-17 12:22:19.508   590   590 D SystemServerTiming: OnBootPhase_200_com.android.server.BatteryService
07-17 12:22:19.508   590   590 V SystemServerTiming: OnBootPhase_200_com.android.server.BatteryService took to complete: 0ms
07-17 12:22:19.508   590   590 D SystemServerTiming: OnBootPhase_200_com.android.server.usage.UsageStatsService
07-17 12:22:19.508   590   590 V SystemServerTiming: OnBootPhase_200_com.android.server.usage.UsageStatsService took to complete: 0ms
07-17 12:22:19.508   590   590 D SystemServerTiming: OnBootPhase_200_com.android.server.webkit.WebViewUpdateService
07-17 12:22:19.508   590   590 V SystemServerTiming: OnBootPhase_200_com.android.server.webkit.WebViewUpdateService took to complete: 0ms
07-17 12:22:19.508   590   590 D SystemServerTiming: OnBootPhase_200_com.android.server.CachedDeviceStateService
07-17 12:22:19.508   590   590 V SystemServerTiming: OnBootPhase_200_com.android.server.CachedDeviceStateService took to complete: 0ms
07-17 12:22:19.508   590   590 D SystemServerTiming: OnBootPhase_200_com.android.server.BinderCallsStatsService$LifeCycle
07-17 12:22:19.508   590   590 V SystemServerTiming: OnBootPhase_200_com.android.server.BinderCallsStatsService$LifeCycle took to complete: 0ms
07-17 12:22:19.508   590   590 D SystemServerTiming: OnBootPhase_200_com.android.server.LooperStatsService$Lifecycle
07-17 12:22:19.508   590   590 V SystemServerTiming: OnBootPhase_200_com.android.server.LooperStatsService$Lifecycle took to complete: 0ms
07-17 12:22:19.508   590   590 D SystemServerTiming: OnBootPhase_200_com.android.server.rollback.RollbackManagerService
07-17 12:22:19.508   590   590 V SystemServerTiming: OnBootPhase_200_com.android.server.rollback.RollbackManagerService took to complete: 0ms
07-17 12:22:19.508   590   590 D SystemServerTiming: OnBootPhase_200_com.android.server.os.NativeTombstoneManagerService
07-17 12:22:19.508   590   590 V SystemServerTiming: OnBootPhase_200_com.android.server.os.NativeTombstoneManagerService took to complete: 0ms
07-17 12:22:19.508   590   590 D SystemServerTiming: OnBootPhase_200_com.android.server.os.BugreportManagerService
07-17 12:22:19.508   590   590 V SystemServerTiming: OnBootPhase_200_com.android.server.os.BugreportManagerService took to complete: 0ms
07-17 12:22:19.508   590   590 D SystemServerTiming: OnBootPhase_200_com.android.server.gpu.GpuService
07-17 12:22:19.508   590   590 V SystemServerTiming: OnBootPhase_200_com.android.server.gpu.GpuService took to complete: 0ms
07-17 12:22:19.508   590   590 D SystemServerTiming: OnBootPhase_200_com.android.server.security.KeyChainSystemService
07-17 12:22:19.508   590   590 V SystemServerTiming: OnBootPhase_200_com.android.server.security.KeyChainSystemService took to complete: 0ms
07-17 12:22:19.508   590   590 D SystemServerTiming: OnBootPhase_200_com.android.server.BinaryTransparencyService
07-17 12:22:19.509   590   590 V SystemServerTiming: OnBootPhase_200_com.android.server.BinaryTransparencyService took to complete: 0ms
07-17 12:22:19.509   590   590 D SystemServerTiming: OnBootPhase_200_com.android.server.telecom.TelecomLoaderService
07-17 12:22:19.509   590   590 V SystemServerTiming: OnBootPhase_200_com.android.server.telecom.TelecomLoaderService took to complete: 0ms
07-17 12:22:19.509   590   590 D SystemServerTiming: OnBootPhase_200_com.android.server.accounts.AccountManagerService$Lifecycle
07-17 12:22:19.509   590   590 V SystemServerTiming: OnBootPhase_200_com.android.server.accounts.AccountManagerService$Lifecycle took to complete: 0ms
07-17 12:22:19.509   590   590 D SystemServerTiming: OnBootPhase_200_com.android.server.content.ContentService$Lifecycle
07-17 12:22:19.509   590   590 V SystemServerTiming: OnBootPhase_200_com.android.server.content.ContentService$Lifecycle took to complete: 0ms
07-17 12:22:19.509   590   590 D SystemServerTiming: OnBootPhase_200_com.android.server.DropBoxManagerService
07-17 12:22:19.509   590   590 V SystemServerTiming: OnBootPhase_200_com.android.server.DropBoxManagerService took to complete: 0ms
07-17 12:22:19.509   590   590 D SystemServerTiming: OnBootPhase_200_com.android.role.RoleService
07-17 12:22:19.509   590   590 V SystemServerTiming: OnBootPhase_200_com.android.role.RoleService took to complete: 0ms
07-17 12:22:19.509   590   590 D SystemServerTiming: OnBootPhase_200_com.android.server.vibrator.VibratorManagerService$Lifecycle
07-17 12:22:19.509   590   590 V SystemServerTiming: OnBootPhase_200_com.android.server.vibrator.VibratorManagerService$Lifecycle took to complete: 0ms
07-17 12:22:19.509   590   590 D SystemServerTiming: OnBootPhase_200_com.android.server.tare.InternalResourceService
07-17 12:22:19.509   590   590 V SystemServerTiming: OnBootPhase_200_com.android.server.tare.InternalResourceService took to complete: 0ms
07-17 12:22:19.509   590   590 D SystemServerTiming: OnBootPhase_200_com.android.server.alarm.AlarmManagerService
07-17 12:22:19.509   590   590 V SystemServerTiming: OnBootPhase_200_com.android.server.alarm.AlarmManagerService took to complete: 0ms
07-17 12:22:19.509   590   590 D SystemServerTiming: OnBootPhase_200_com.android.server.devicestate.DeviceStateManagerService
07-17 12:22:19.509   590   590 V SystemServerTiming: OnBootPhase_200_com.android.server.devicestate.DeviceStateManagerService took to complete: 0ms
07-17 12:22:19.509   590   590 D SystemServerTiming: OnBootPhase_200_com.android.server.camera.CameraServiceProxy
07-17 12:22:19.509   590   590 V SystemServerTiming: OnBootPhase_200_com.android.server.camera.CameraServiceProxy took to complete: 0ms
07-17 12:22:19.509   590   590 V SystemServerTiming: OnBootPhase_200 took to complete: 1ms
07-17 12:22:19.515   590   590 I WindowManager: No existing display settings, starting empty
07-17 12:22:19.519   590   612 I WindowTracing: Setting window tracing log level to 1
07-17 12:22:19.520   590   612 I WindowTracing: Setting window tracing buffer capacity to 10485760bytes
07-17 12:22:19.525   590   590 V SystemServerTiming: StartWindowManagerService took to complete: 17ms
07-17 12:22:19.525   590   590 D SystemServerTiming: SetWindowManagerService
07-17 12:22:19.542   384   384 W ServiceManager: Service statscompanion didn't start. Returning NULL
07-17 12:22:19.543   384   384 I statsd  : Statsd starts to listen to socket.
07-17 12:22:19.546   590   590 I ActivityTaskManager: Loaded persisted task ids for user 0
07-17 12:22:19.546   590   590 I wm_task_created: [1,-1]
07-17 12:22:19.547   590   590 V SystemServerTiming: SetWindowManagerService took to complete: 23ms
07-17 12:22:19.547   590   590 D SystemServerTiming: WindowManagerServiceOnInitReady
07-17 12:22:19.601   590   610 W WindowManager: Unable to add bookmark: com.google.android.talk/com.google.android.talk.SigningInActivity not found.
07-17 12:22:19.631   590   612 I sysui_multi_action: [757,1594,758,4,759,0,806,NULL]
07-17 12:22:19.632   590   590 V SystemServerTiming: WindowManagerServiceOnInitReady took to complete: 85ms
07-17 12:22:19.632   590   590 D SystemServerTiming: StartInputManager
07-17 12:22:19.633   590   590 I InputManager: Starting input manager
07-17 12:22:19.633   590   647 D SystemServerTimingAsync: InitThreadPoolExec:StartHidlServices
07-17 12:22:19.633   590   647 D SystemServerInitThreadPool: Started executing StartHidlServices
07-17 12:22:19.633   590   647 D SystemServerTimingAsync: StartHidlServices
07-17 12:22:19.633   590   647 I HidlServiceManagement: Registered android.frameworks.sensorservice@1.0::ISensorManager/default
07-17 12:22:19.634   590   647 I HidlServiceManagement: Registered android.frameworks.schedulerservice@1.0::ISchedulingPolicyService/default
07-17 12:22:19.634   590   647 V SystemServerTimingAsync: StartHidlServices took to complete: 1ms
07-17 12:22:19.634   590   647 D SystemServerInitThreadPool: Finished executing StartHidlServices
07-17 12:22:19.634   590   647 V SystemServerTimingAsync: InitThreadPoolExec:StartHidlServices took to complete: 1ms
07-17 12:22:19.634   590   590 I InputManager: Enabling motion classifier because just booted: feature enabled, long press timeout = 400
07-17 12:22:19.634   590   590 I InputClassifier: Enabling motion classifier
07-17 12:22:19.635   233   233 I servicemanager: Could not find android.hardware.input.processor.IInputProcessor/default in the VINTF manifest.
07-17 12:22:19.635   590   590 V SystemServerTiming: StartInputManager took to complete: 2ms
07-17 12:22:19.635   590   590 D SystemServerTiming: DisplayManagerWindowManagerAndInputReady
07-17 12:22:19.635   590   590 V SystemServerTiming: DisplayManagerWindowManagerAndInputReady took to complete: 0ms
07-17 12:22:19.635   590   590 D SystemServerTiming: StartBluetoothService
07-17 12:22:19.635   590   612 I LogicalDisplayMapper: Requesting Transition to state: 0, from state=-1, interactive=true
07-17 12:22:19.635   590   612 I LogicalDisplayMapper: Applying layout: [{addr: {port=0, model=0x401cec6a7a2b7b}, dispId: 0(ON)}], Previous layout: [{addr: {port=0, model=0x401cec6a7a2b7b}, dispId: 0(ON)}]
07-17 12:22:19.635   590   687 I InputClassifier: HAL android.hardware.input.processor.IInputProcessor/default is not declared
07-17 12:22:19.637   590   686 I EventHub: usingClockIoctl=true
07-17 12:22:19.637   590   686 I EventHub: New device: id=1, fd=199, path='/dev/input/event12', name='virtio_input_multi_touch_11', classes=TOUCH | TOUCH_MT | SWITCH, configuration='/vendor/usr/idc/virtio_input_multi_touch_11.idc', keyLayout='', keyCharacterMap='', builtinKeyboard=false, 
07-17 12:22:19.638   590   686 I EventHub: usingClockIoctl=true
07-17 12:22:19.638   590   686 I EventHub: New device: id=2, fd=200, path='/dev/input/event9', name='virtio_input_multi_touch_8', classes=TOUCH | TOUCH_MT | SWITCH, configuration='/vendor/usr/idc/virtio_input_multi_touch_8.idc', keyLayout='', keyCharacterMap='', builtinKeyboard=false, 
07-17 12:22:19.639   590   686 I EventHub: usingClockIoctl=true
07-17 12:22:19.639   590   686 I EventHub: New device: id=3, fd=201, path='/dev/input/event3', name='virtio_input_multi_touch_2', classes=TOUCH | TOUCH_MT | SWITCH, configuration='/vendor/usr/idc/virtio_input_multi_touch_2.idc', keyLayout='', keyCharacterMap='', builtinKeyboard=false, 
07-17 12:22:19.639   590   686 I EventHub: usingClockIoctl=true
07-17 12:22:19.640   590   686 I EventHub: New device: id=4, fd=202, path='/dev/input/event7', name='virtio_input_multi_touch_6', classes=TOUCH | TOUCH_MT | SWITCH, configuration='/vendor/usr/idc/virtio_input_multi_touch_6.idc', keyLayout='', keyCharacterMap='', builtinKeyboard=false, 
07-17 12:22:19.640   590   686 I EventHub: usingClockIoctl=true
07-17 12:22:19.640   590   686 I EventHub: New device: id=5, fd=203, path='/dev/input/event11', name='virtio_input_multi_touch_10', classes=TOUCH | TOUCH_MT | SWITCH, configuration='/vendor/usr/idc/virtio_input_multi_touch_10.idc', keyLayout='', keyCharacterMap='', builtinKeyboard=false, 
07-17 12:22:19.641   590   686 D EventHub: No input device configuration file found for device 'Power Button'.
07-17 12:22:19.642   590   590 I SystemServiceManager: Starting com.android.server.bluetooth.BluetoothService
07-17 12:22:19.645   590   590 D BluetoothManagerService: Loading stored name and address
07-17 12:22:19.645   590   590 D BluetoothManagerService: Stored bluetooth Name=sdk_gphone64_x86_64,Address=DA:4C:10:DE:17:00
07-17 12:22:19.645   590   590 D BluetoothManagerService: Bluetooth persisted state: 1
07-17 12:22:19.645   590   590 D BluetoothManagerService: Startup: Bluetooth persisted state is ON.
07-17 12:22:19.646   590   590 D BluetoothManagerService: Detected SystemUiUid: 10142
07-17 12:22:19.646   590   590 V SystemServerTiming: StartBluetoothService took to complete: 11ms
07-17 12:22:19.646   590   590 D SystemServerTiming: IpConnectivityMetrics
07-17 12:22:19.646   590   590 I SystemServiceManager: Starting com.android.server.connectivity.IpConnectivityMetrics
07-17 12:22:19.646   590   590 V SystemServerTiming: IpConnectivityMetrics took to complete: 0ms
07-17 12:22:19.646   590   590 D SystemServerTiming: NetworkWatchlistService
07-17 12:22:19.646   590   590 I SystemServiceManager: Starting com.android.server.net.watchlist.NetworkWatchlistService$Lifecycle
07-17 12:22:19.646   590   686 W EventHub: Unable to disable kernel key repeat for /dev/input/event0: Function not implemented
07-17 12:22:19.647   590   686 I EventHub: usingClockIoctl=true
07-17 12:22:19.647   590   686 I EventHub: New device: id=6, fd=204, path='/dev/input/event0', name='Power Button', classes=KEYBOARD, configuration='', keyLayout='/system/usr/keylayout/Generic.kl', keyCharacterMap='/system/usr/keychars/Generic.kcm', builtinKeyboard=false, 
07-17 12:22:19.647   590   686 I EventHub: usingClockIoctl=true
07-17 12:22:19.647   590   686 I EventHub: New device: id=7, fd=205, path='/dev/input/event5', name='virtio_input_multi_touch_4', classes=TOUCH | TOUCH_MT | SWITCH, configuration='/vendor/usr/idc/virtio_input_multi_touch_4.idc', keyLayout='', keyCharacterMap='', builtinKeyboard=false, 
07-17 12:22:19.648   590   686 I EventHub: usingClockIoctl=true
07-17 12:22:19.648   590   686 I EventHub: New device: id=8, fd=208, path='/dev/input/event2', name='virtio_input_multi_touch_1', classes=TOUCH | TOUCH_MT | SWITCH, configuration='/vendor/usr/idc/virtio_input_multi_touch_1.idc', keyLayout='', keyCharacterMap='', builtinKeyboard=false, 
07-17 12:22:19.648   590   686 I EventHub: usingClockIoctl=true
07-17 12:22:19.648   590   686 I EventHub: New device: id=9, fd=209, path='/dev/input/event6', name='virtio_input_multi_touch_5', classes=TOUCH | TOUCH_MT | SWITCH, configuration='/vendor/usr/idc/virtio_input_multi_touch_5.idc', keyLayout='', keyCharacterMap='', builtinKeyboard=false, 
07-17 12:22:19.648   590   686 I EventHub: usingClockIoctl=true
07-17 12:22:19.648   590   686 I EventHub: New device: id=10, fd=210, path='/dev/input/event8', name='virtio_input_multi_touch_7', classes=TOUCH | TOUCH_MT | SWITCH, configuration='/vendor/usr/idc/virtio_input_multi_touch_7.idc', keyLayout='', keyCharacterMap='', builtinKeyboard=false, 
07-17 12:22:19.649   590   590 I WatchlistSettings: Reload watchlist settings done
07-17 12:22:19.649   590   686 I EventHub: usingClockIoctl=true
07-17 12:22:19.649   590   686 I EventHub: New device: id=11, fd=214, path='/dev/input/event10', name='virtio_input_multi_touch_9', classes=TOUCH | TOUCH_MT | SWITCH, configuration='/vendor/usr/idc/virtio_input_multi_touch_9.idc', keyLayout='', keyCharacterMap='', builtinKeyboard=false, 
07-17 12:22:19.649   590   590 V SystemServerTiming: NetworkWatchlistService took to complete: 3ms
07-17 12:22:19.649   590   590 D SystemServerTiming: PinnerService
07-17 12:22:19.649   590   590 I SystemServiceManager: Starting com.android.server.PinnerService
07-17 12:22:19.649   590   686 I EventHub: usingClockIoctl=true
07-17 12:22:19.649   590   686 I EventHub: New device: id=12, fd=213, path='/dev/input/event4', name='virtio_input_multi_touch_3', classes=TOUCH | TOUCH_MT | SWITCH, configuration='/vendor/usr/idc/virtio_input_multi_touch_3.idc', keyLayout='', keyCharacterMap='', builtinKeyboard=false, 
07-17 12:22:19.650   590   686 D EventHub: No input device configuration file found for device 'AT Translated Set 2 keyboard'.
07-17 12:22:19.650   590   590 V HistoricalRegistry: Interaction before persistence initialized
07-17 12:22:19.650   590   689 I WatchlistLoggingHandler: Start aggregating watchlist records.
07-17 12:22:19.650   590   590 V SystemServerTiming: PinnerService took to complete: 1ms
07-17 12:22:19.650   590   590 D SystemServerTiming: SignedConfigService
07-17 12:22:19.650   590   590 V SystemServerTiming: SignedConfigService took to complete: 0ms
07-17 12:22:19.651   590   590 D SystemServerTiming: AppIntegrityService
07-17 12:22:19.651   590   590 I SystemServiceManager: Starting com.android.server.integrity.AppIntegrityManagerService
07-17 12:22:19.651   590   686 I EventHub: usingClockIoctl=true
07-17 12:22:19.651   590   686 I EventHub: New device: id=13, fd=215, path='/dev/input/event1', name='AT Translated Set 2 keyboard', classes=KEYBOARD | ALPHAKEY, configuration='', keyLayout='/system/usr/keylayout/Generic.kl', keyCharacterMap='/system/usr/keychars/Generic.kcm', builtinKeyboard=false, 
07-17 12:22:19.651   590   590 E IntegrityFileManager: Error creating staging and rules directory
07-17 12:22:19.652   590   590 V SystemServerTiming: AppIntegrityService took to complete: 2ms
07-17 12:22:19.652   590   590 D SystemServerTiming: StartLogcatManager
07-17 12:22:19.653   590   590 I SystemServiceManager: Starting com.android.server.logcat.LogcatManagerService
07-17 12:22:19.653   590   686 I InputReader: Device added: id=-1, eventHubId=-1, name='Virtual', descriptor='a718a782d34bc767f4689c232d64d527998ea7fd',sources=KEYBOARD | DPAD
07-17 12:22:19.653   590   686 I InputReader: Device added: id=2, eventHubId=13, name='AT Translated Set 2 keyboard', descriptor='485d69228e24f5e46da1598745890b214130dbc4',sources=KEYBOARD
07-17 12:22:19.653   590   686 I InputReader: Touch device 'virtio_input_multi_touch_3' could not query the properties of its associated display.  The device will be inoperable until the display size becomes available.
07-17 12:22:19.653   590   686 I InputReader: Device added: id=3, eventHubId=12, name='virtio_input_multi_touch_3', descriptor='d02b0eff93435c71d7fcb0c5db2c4e01c700002e',sources=TOUCHSCREEN | STYLUS
07-17 12:22:19.653   590   686 I InputReader: Touch device 'virtio_input_multi_touch_9' could not query the properties of its associated display.  The device will be inoperable until the display size becomes available.
07-17 12:22:19.653   590   686 I InputReader: Device added: id=4, eventHubId=11, name='virtio_input_multi_touch_9', descriptor='ac8abc2b3d95a68148a903fffc0a312b4dd19302',sources=TOUCHSCREEN | STYLUS
07-17 12:22:19.653   590   686 I InputReader: Touch device 'virtio_input_multi_touch_7' could not query the properties of its associated display.  The device will be inoperable until the display size becomes available.
07-17 12:22:19.653   590   686 I InputReader: Device added: id=5, eventHubId=10, name='virtio_input_multi_touch_7', descriptor='e1c836c7be888adb29ca6646292e486f96461e97',sources=TOUCHSCREEN | STYLUS
07-17 12:22:19.653   590   686 I InputReader: Touch device 'virtio_input_multi_touch_5' could not query the properties of its associated display.  The device will be inoperable until the display size becomes available.
07-17 12:22:19.654   590   686 I InputReader: Device added: id=6, eventHubId=9, name='virtio_input_multi_touch_5', descriptor='a009ac16f7539a9e4072c1f537120c35a8163d3b',sources=TOUCHSCREEN | STYLUS
07-17 12:22:19.654   590   686 I InputReader: Touch device 'virtio_input_multi_touch_1' could not query the properties of its associated display.  The device will be inoperable until the display size becomes available.
07-17 12:22:19.654   590   686 I InputReader: Device added: id=7, eventHubId=8, name='virtio_input_multi_touch_1', descriptor='43db9dd6fa61939c1b516cd9522f0fe93926a00b',sources=TOUCHSCREEN | STYLUS
07-17 12:22:19.654   590   686 I InputReader: Touch device 'virtio_input_multi_touch_4' could not query the properties of its associated display.  The device will be inoperable until the display size becomes available.
07-17 12:22:19.654   590   686 I InputReader: Device added: id=8, eventHubId=7, name='virtio_input_multi_touch_4', descriptor='3e50b6575df319e017bd447766007caeb20ef93b',sources=TOUCHSCREEN | STYLUS
07-17 12:22:19.654   590   686 I InputReader: Device added: id=9, eventHubId=6, name='Power Button', descriptor='26d13db3fa0f6bd5d05831266fb01ea6c500b88c',sources=KEYBOARD
07-17 12:22:19.654   590   686 I InputReader: Touch device 'virtio_input_multi_touch_10' could not query the properties of its associated display.  The device will be inoperable until the display size becomes available.
07-17 12:22:19.654   590   686 I InputReader: Device added: id=10, eventHubId=5, name='virtio_input_multi_touch_10', descriptor='03d5168c37d991df1726df002537cd6ccc5b68cb',sources=TOUCHSCREEN | STYLUS
07-17 12:22:19.654   590   686 I InputReader: Touch device 'virtio_input_multi_touch_6' could not query the properties of its associated display.  The device will be inoperable until the display size becomes available.
07-17 12:22:19.654   590   686 I InputReader: Device added: id=11, eventHubId=4, name='virtio_input_multi_touch_6', descriptor='0b49b597447c4c7be1d009f9a86bbed08b2e6b6d',sources=TOUCHSCREEN | STYLUS
07-17 12:22:19.654   590   686 I InputReader: Touch device 'virtio_input_multi_touch_2' could not query the properties of its associated display.  The device will be inoperable until the display size becomes available.
07-17 12:22:19.654   590   686 I InputReader: Device added: id=12, eventHubId=3, name='virtio_input_multi_touch_2', descriptor='929d4636b8e04f50240a26561429a6e91c9eff9e',sources=TOUCHSCREEN | STYLUS
07-17 12:22:19.654   590   686 I InputReader: Touch device 'virtio_input_multi_touch_8' could not query the properties of its associated display.  The device will be inoperable until the display size becomes available.
07-17 12:22:19.654   590   686 I InputReader: Device added: id=13, eventHubId=2, name='virtio_input_multi_touch_8', descriptor='df0ec362af5f2fec5a1bbb512f6e9556bd6b3fcf',sources=TOUCHSCREEN | STYLUS
07-17 12:22:19.654   590   686 I InputReader: Touch device 'virtio_input_multi_touch_11' could not query the properties of its associated display.  The device will be inoperable until the display size becomes available.
07-17 12:22:19.654   590   686 I InputReader: Device added: id=14, eventHubId=1, name='virtio_input_multi_touch_11', descriptor='e760666b71e579617395a5018f318365e9f44147',sources=TOUCHSCREEN | STYLUS
07-17 12:22:19.655   590   590 V SystemServerTiming: StartLogcatManager took to complete: 2ms
07-17 12:22:19.655   590   590 I WindowManager: SAFE MODE not enabled
07-17 12:22:19.655   590   590 D SystemServerTiming: StartInputMethodManagerLifecycle
07-17 12:22:19.655   590   590 I SystemServiceManager: Starting com.android.server.inputmethod.InputMethodManagerService$Lifecycle
07-17 12:22:19.657   590   590 V SystemServerTiming: StartInputMethodManagerLifecycle took to complete: 3ms
07-17 12:22:19.657   590   590 D SystemServerTiming: StartAccessibilityManagerService
07-17 12:22:19.657   590   590 I SystemServiceManager: Starting com.android.server.accessibility.AccessibilityManagerService$Lifecycle
07-17 12:22:19.659   590   590 V SystemServerTiming: StartAccessibilityManagerService took to complete: 2ms
07-17 12:22:19.659   590   590 D SystemServerTiming: MakeDisplayReady
07-17 12:22:19.660   590   590 I configuration_changed: 536894968
07-17 12:22:19.660   590   590 I ActivityTaskManager: Config changes=20005df8 {1.0 ?mcc?mnc [en_US] ldltr sw384dp w384dp h640dp 320dpi nrml long port ?uimode ?night -touch qwerty/v/v -nav/h winConfig={ mBounds=Rect(0, 0 - 768, 1280) mAppBounds=Rect(0, 0 - 768, 1280) mMaxBounds=Rect(0, 0 - 768, 1280) mDisplayRotation=ROTATION_0 mWindowingMode=fullscreen mDisplayWindowingMode=fullscreen mActivityType=undefined mAlwaysOnTop=undefined mRotation=ROTATION_0} s.2 ?fontWeightAdjustment}
07-17 12:22:19.662   590   590 I WindowManager: Override config changes=60007dfc {1.0 ?mcc?mnc [en_US] ldltr sw384dp w384dp h640dp 320dpi nrml long port ?uimode ?night -touch qwerty/v/v -nav/h winConfig={ mBounds=Rect(0, 0 - 768, 1280) mAppBounds=Rect(0, 0 - 768, 1280) mMaxBounds=Rect(0, 0 - 768, 1280) mDisplayRotation=ROTATION_0 mWindowingMode=fullscreen mDisplayWindowingMode=fullscreen mActivityType=undefined mAlwaysOnTop=undefined mRotation=ROTATION_0} s.2 ?fontWeightAdjustment} for displayId=0
07-17 12:22:19.662   590   590 I sysui_multi_action: [757,1659,758,4,759,1,1660,0]
07-17 12:22:19.665   590   590 I configuration_changed: 8
