07-17 12:22:19.665   590   590 I ActivityTaskManager: Config changes=8 {1.0 ?mcc?mnc [en_US] ldltr sw384dp w384dp h640dp 320dpi nrml long port ?uimode ?night finger qwerty/v/v -nav/h winConfig={ mBounds=Rect(0, 0 - 768, 1280) mAppBounds=Rect(0, 0 - 768, 1280) mMaxBounds=Rect(0, 0 - 768, 1280) mDisplayRotation=ROTATION_0 mWindowingMode=fullscreen mDisplayWindowingMode=fullscreen mActivityType=undefined mAlwaysOnTop=undefined mRotation=ROTATION_0} s.4 ?fontWeightAdjustment}
07-17 12:22:19.665   590   590 I WindowManager: Override config changes=8 {1.0 ?mcc?mnc [en_US] ldltr sw384dp w384dp h640dp 320dpi nrml long port ?uimode ?night finger qwerty/v/v -nav/h winConfig={ mBounds=Rect(0, 0 - 768, 1280) mAppBounds=Rect(0, 0 - 768, 1280) mMaxBounds=Rect(0, 0 - 768, 1280) mDisplayRotation=ROTATION_0 mWindowingMode=fullscreen mDisplayWindowingMode=fullscreen mActivityType=undefined mAlwaysOnTop=undefined mRotation=ROTATION_0} s.4 ?fontWeightAdjustment} for displayId=0
07-17 12:22:19.666   590   590 V SystemServerTiming: MakeDisplayReady took to complete: 6ms
07-17 12:22:19.666   590   590 D SystemServerTiming: StartStorageManagerService
07-17 12:22:19.666   590   590 I SystemServiceManager: Starting com.android.server.StorageManagerService$Lifecycle
07-17 12:22:19.667   521   533 D installd: Found quota mount /dev/block/dm-33 at /data
07-17 12:22:19.667   521   533 D installd: Found quota mount /dev/block/dm-33 at /data/user/0
07-17 12:22:19.670   590   692 D StorageManagerService: Thinking about init, mBootCompleted=false, mDaemonConnected=true
07-17 12:22:19.670   590   692 D StorageManagerService: Thinking about reset, mBootCompleted=false, mDaemonConnected=true
07-17 12:22:19.671   590   692 D StorageManagerService: Thinking about init, mBootCompleted=false, mDaemonConnected=true
07-17 12:22:19.671   590   590 V SystemServerTiming: StartStorageManagerService took to complete: 5ms
07-17 12:22:19.671   590   590 D SystemServerTiming: StartStorageStatsService
07-17 12:22:19.671   590   692 D StorageManagerService: Thinking about reset, mBootCompleted=false, mDaemonConnected=true
07-17 12:22:19.671   590   590 I SystemServiceManager: Starting com.android.server.usage.StorageStatsService$Lifecycle
07-17 12:22:19.671   521   533 D installd: Found quota mount /dev/block/dm-33 at /data
07-17 12:22:19.671   521   533 D installd: Found quota mount /dev/block/dm-33 at /data/user/0
07-17 12:22:19.673   521   533 D installd: Found quota mount /dev/block/dm-33 at /data
07-17 12:22:19.673   521   533 D installd: Found quota mount /dev/block/dm-33 at /data/user/0
07-17 12:22:19.674   590   590 V SystemServerTiming: StartStorageStatsService took to complete: 4ms
07-17 12:22:19.674   590   590 D SystemServerTiming: StartUiModeManager
07-17 12:22:19.674   590   590 I SystemServiceManager: Starting com.android.server.UiModeManagerService
07-17 12:22:19.676   590   590 V SystemServerTiming: StartUiModeManager took to complete: 1ms
07-17 12:22:19.676   590   590 D SystemServerTiming: StartLocaleManagerService
07-17 12:22:19.676   590   590 I SystemServiceManager: Starting com.android.server.locales.LocaleManagerService
07-17 12:22:19.676   590   659 D SystemServerTimingAsync: InitThreadPoolExec:UiModeManager.onStart
07-17 12:22:19.676   590   659 D SystemServerInitThreadPool: Started executing UiModeManager.onStart
07-17 12:22:19.677   590   590 V SystemServerTiming: StartLocaleManagerService took to complete: 2ms
07-17 12:22:19.677   590   590 D SystemServerTiming: UpdatePackagesIfNeeded
07-17 12:22:19.677   590   590 I Watchdog: Pausing HandlerChecker: main thread for reason: dexopt. Pause count: 1
07-17 12:22:19.678   590   590 I Watchdog: Resuming HandlerChecker: main thread for reason: dexopt. Pause count: 0
07-17 12:22:19.678   590   590 V SystemServerTiming: UpdatePackagesIfNeeded took to complete: 0ms
07-17 12:22:19.678   590   590 D SystemServerTiming: PerformFstrimIfNeeded
07-17 12:22:19.678   590   590 W PackageManager: No disk maintenance in 1000885678; running immediately
07-17 12:22:19.678   590   692 I StorageManagerService: Running fstrim idle maintenance
07-17 12:22:19.678   590   590 V SystemServerTiming: PerformFstrimIfNeeded took to complete: 1ms
07-17 12:22:19.678   590   590 D SystemServerTiming: StartLockSettingsService
07-17 12:22:19.679   590   590 I SystemServiceManager: Starting com.android.server.locksettings.LockSettingsService$Lifecycle
07-17 12:22:19.680   590   659 D SystemServerInitThreadPool: Finished executing UiModeManager.onStart
07-17 12:22:19.680   590   659 V SystemServerTimingAsync: InitThreadPoolExec:UiModeManager.onStart took to complete: 4ms
07-17 12:22:19.683   246   696 D vold    : Starting trim of /data
07-17 12:22:19.683   246   696 W vold    : Trim failed on /data: Operation not supported on transport endpoint
07-17 12:22:19.683   246   696 D vold    : Starting trim of /metadata
07-17 12:22:19.683   246   696 W vold    : Trim failed on /metadata: Operation not supported on transport endpoint
07-17 12:22:19.683   590   612 I InputManager-JNI: Viewport [0] to add: local:4619827259835644672, isActive: false
07-17 12:22:19.683   590   686 I InputReader: Reconfiguring input devices, changes=DISPLAY_INFO | 
07-17 12:22:19.683   590   686 I InputReader: Touch device 'virtio_input_multi_touch_11' could not query the properties of its associated display.  The device will be inoperable until the display size becomes available.
07-17 12:22:19.683   590   686 I InputReader: Touch device 'virtio_input_multi_touch_8' could not query the properties of its associated display.  The device will be inoperable until the display size becomes available.
07-17 12:22:19.683   590   686 I InputReader: Touch device 'virtio_input_multi_touch_2' could not query the properties of its associated display.  The device will be inoperable until the display size becomes available.
07-17 12:22:19.683   590   686 I InputReader: Touch device 'virtio_input_multi_touch_10' could not query the properties of its associated display.  The device will be inoperable until the display size becomes available.
07-17 12:22:19.683   590   686 I InputReader: Touch device 'virtio_input_multi_touch_4' could not query the properties of its associated display.  The device will be inoperable until the display size becomes available.
07-17 12:22:19.683   590   686 I InputReader: Disabling virtio_input_multi_touch_1 (device 7) because the associated viewport is not active
07-17 12:22:19.683   590   686 I InputReader: Device reconfigured: id=7, name='virtio_input_multi_touch_1', size 32768x32768, orientation 0, mode 0, display id 0
07-17 12:22:19.683   590   686 I InputReader: Touch device 'virtio_input_multi_touch_5' could not query the properties of its associated display.  The device will be inoperable until the display size becomes available.
07-17 12:22:19.683   590   686 I InputReader: Touch device 'virtio_input_multi_touch_9' could not query the properties of its associated display.  The device will be inoperable until the display size becomes available.
07-17 12:22:19.683   590   686 I InputReader: Touch device 'virtio_input_multi_touch_3' could not query the properties of its associated display.  The device will be inoperable until the display size becomes available.
07-17 12:22:19.683   590   686 I InputReader: Touch device 'virtio_input_multi_touch_7' could not query the properties of its associated display.  The device will be inoperable until the display size becomes available.
07-17 12:22:19.683   590   686 I InputReader: Touch device 'virtio_input_multi_touch_6' could not query the properties of its associated display.  The device will be inoperable until the display size becomes available.
07-17 12:22:19.690   590   590 V SystemServerTiming: StartLockSettingsService took to complete: 12ms
07-17 12:22:19.690   590   590 D SystemServerTiming: StartTestHarnessMode
07-17 12:22:19.690   590   590 I SystemServiceManager: Starting com.android.server.testharness.TestHarnessModeService
07-17 12:22:19.691   590   590 V SystemServerTiming: StartTestHarnessMode took to complete: 0ms
07-17 12:22:19.696   234   234 I hwservicemanager: getTransport: Cannot find entry android.hardware.oemlock@1.0::IOemLock/default in either framework or device VINTF manifest.
07-17 12:22:19.699   590   590 I OemLock : OemLock HAL not present on device
07-17 12:22:19.699   590   590 D SystemServerTiming: StartDeviceIdleController
07-17 12:22:19.701   590   590 I SystemServiceManager: Starting com.android.server.DeviceIdleController
07-17 12:22:19.703   590   590 I device_idle: [0,boot]
07-17 12:22:19.703   590   590 I device_idle_light: [0,boot]
07-17 12:22:19.703   590   590 V SystemServerTiming: StartDeviceIdleController took to complete: 5ms
07-17 12:22:19.703   590   590 D SystemServerTiming: StartDevicePolicyManager
07-17 12:22:19.703   590   590 I SystemServiceManager: Starting com.android.server.devicepolicy.DevicePolicyManagerService$Lifecycle
07-17 12:22:19.708   590   590 I DevicePolicyManager: Current version 3, latest version 3, not upgrading.
07-17 12:22:19.709   590   590 I DevicePolicyManager: Set ro.organization_owned property to false
07-17 12:22:19.709   590   590 D DevicePolicyManagerService: /data/system/updated_resources.xml doesn't exist
07-17 12:22:19.710   590   590 V SystemServerTiming: StartDevicePolicyManager took to complete: 6ms
07-17 12:22:19.710   590   590 D SystemServerTiming: StartStatusBarManagerService
07-17 12:22:19.711   590   590 V SystemServerTiming: StartStatusBarManagerService took to complete: 1ms
07-17 12:22:19.712   590   590 D SystemServerTiming: StartMusicRecognitionManagerService
07-17 12:22:19.712   590   590 I SystemServiceManager: Starting com.android.server.musicrecognition.MusicRecognitionManagerService
07-17 12:22:19.712   590   590 V SystemServerTiming: StartMusicRecognitionManagerService took to complete: 1ms
07-17 12:22:19.713   590   590 D SystemServerTiming: StartContentCaptureService
07-17 12:22:19.713   590   590 I SystemServiceManager: Starting com.android.server.contentcapture.ContentCaptureManagerService
07-17 12:22:19.714   590   590 I ContentCaptureHelper: Setting logging level to DEBUG
07-17 12:22:19.714   590   590 D ContentCaptureManagerService: log history size: 20
07-17 12:22:19.714   590   590 V SystemServerTiming: StartContentCaptureService took to complete: 2ms
07-17 12:22:19.715   590   590 D SystemServer: AttentionService is not configured on this device
07-17 12:22:19.715   590   590 D SystemServer: RotationResolverService is not configured on this device
07-17 12:22:19.715   590   590 D SystemServerTiming: StartSystemCaptionsManagerService
07-17 12:22:19.715   590   590 I SystemServiceManager: Starting com.android.server.systemcaptions.SystemCaptionsManagerService
07-17 12:22:19.715   590   590 V SystemServerTiming: StartSystemCaptionsManagerService took to complete: 1ms
07-17 12:22:19.715   590   590 D SystemServerTiming: StartTextToSpeechManagerService
07-17 12:22:19.715   590   590 I SystemServiceManager: Starting com.android.server.texttospeech.TextToSpeechManagerService
07-17 12:22:19.716   590   590 V SystemServerTiming: StartTextToSpeechManagerService took to complete: 1ms
07-17 12:22:19.716   590   590 D SystemServerTiming: StartAmbientContextService
07-17 12:22:19.716   590   590 I SystemServiceManager: Starting com.android.server.ambientcontext.AmbientContextManagerService
07-17 12:22:19.717   590   590 V SystemServerTiming: StartAmbientContextService took to complete: 1ms
07-17 12:22:19.717   590   590 D SystemServerTiming: StartSpeechRecognitionManagerService
07-17 12:22:19.717   590   590 I SystemServiceManager: Starting com.android.server.speech.SpeechRecognitionManagerService
07-17 12:22:19.718   590   590 V SystemServerTiming: StartSpeechRecognitionManagerService took to complete: 1ms
07-17 12:22:19.718   590   590 D SystemServerTiming: StartAppPredictionService
07-17 12:22:19.718   590   590 I SystemServiceManager: Starting com.android.server.appprediction.AppPredictionManagerService
07-17 12:22:19.719   590   590 V SystemServerTiming: StartAppPredictionService took to complete: 0ms
07-17 12:22:19.719   590   590 D SystemServerTiming: StartContentSuggestionsService
07-17 12:22:19.719   590   590 I SystemServiceManager: Starting com.android.server.contentsuggestions.ContentSuggestionsManagerService
07-17 12:22:19.719   590   590 V SystemServerTiming: StartContentSuggestionsService took to complete: 1ms
07-17 12:22:19.719   590   590 D SystemServerTiming: StartSearchUiService
07-17 12:22:19.719   590   590 I SystemServiceManager: Starting com.android.server.searchui.SearchUiManagerService
07-17 12:22:19.720   590   590 V SystemServerTiming: StartSearchUiService took to complete: 0ms
07-17 12:22:19.720   590   590 D SystemServerTiming: StartSmartspaceService
07-17 12:22:19.720   590   590 I SystemServiceManager: Starting com.android.server.smartspace.SmartspaceManagerService
07-17 12:22:19.721   590   590 V SystemServerTiming: StartSmartspaceService took to complete: 0ms
07-17 12:22:19.721   590   590 D SystemServerTiming: StartCloudSearchService
07-17 12:22:19.721   590   590 I SystemServiceManager: Starting com.android.server.cloudsearch.CloudSearchManagerService
07-17 12:22:19.721   590   590 V SystemServerTiming: StartCloudSearchService took to complete: 1ms
07-17 12:22:19.721   590   590 D SystemServerTiming: InitConnectivityModuleConnector
07-17 12:22:19.722   590   590 D ConnectivityModuleConnector: Network stack init
07-17 12:22:19.723   590   590 V SystemServerTiming: InitConnectivityModuleConnector took to complete: 2ms
07-17 12:22:19.723   590   590 D SystemServerTiming: InitNetworkStackClient
07-17 12:22:19.723   590   590 V SystemServerTiming: InitNetworkStackClient took to complete: 0ms
07-17 12:22:19.723   590   590 D SystemServerTiming: StartNetworkManagementService
07-17 12:22:19.725   385   456 I netd    : registerUnsolicitedEventListener() <0.05ms>
07-17 12:22:19.725   590   590 V SystemServerTiming: StartNetworkManagementService took to complete: 2ms
07-17 12:22:19.725   590   590 D SystemServerTiming: StartFontManagerService
07-17 12:22:19.823   590   590 V SystemServerTiming: StartFontManagerService took to complete: 97ms
07-17 12:22:19.823   590   590 D SystemServerTiming: StartTextServicesManager
07-17 12:22:19.823   590   590 I SystemServiceManager: Starting com.android.server.textservices.TextServicesManagerService$Lifecycle
07-17 12:22:19.825   590   590 V SystemServerTiming: StartTextServicesManager took to complete: 2ms
07-17 12:22:19.825   590   590 D SystemServerTiming: StartTextClassificationManagerService
07-17 12:22:19.825   590   590 I SystemServiceManager: Starting com.android.server.textclassifier.TextClassificationManagerService$Lifecycle
07-17 12:22:19.828   590   590 V SystemServerTiming: StartTextClassificationManagerService took to complete: 3ms
07-17 12:22:19.828   590   590 D SystemServerTiming: StartNetworkScoreService
07-17 12:22:19.828   590   590 I SystemServiceManager: Starting com.android.server.NetworkScoreService$Lifecycle
07-17 12:22:19.828   590   590 I NetworkScoreService: Registering network_score
07-17 12:22:19.829   590   590 V SystemServerTiming: StartNetworkScoreService took to complete: 0ms
07-17 12:22:19.829   590   590 D SystemServerTiming: StartNetworkStatsService
07-17 12:22:19.841   590   590 I SystemServiceManager: Starting com.android.server.NetworkStatsServiceInitializer
07-17 12:22:19.856   590   590 D BpfNetMaps: BpfNetMaps is initialized with sEnableJavaBpfMap=false
07-17 12:22:19.857   590   674 I commit_sys_config_file: [settings-0-0,4]
07-17 12:22:19.859   590   590 I TrafficController: initMaps successfully
07-17 12:22:19.862   590   590 I NetworkStatsServiceInitializer: Registering netstats
07-17 12:22:19.862   385   456 I netd    : registerUnsolicitedEventListener() <0.03ms>
07-17 12:22:19.862   385   456 I netd    : interfaceGetList() -> {[ifb0, ip6tnl0, ip_vti0, hwsim0, sit0, ifb1, lo, ip6gre0, ip6_vti0, gretap0, dummy0, erspan0, eth0, gre0, tunl0, wlan0]} <0.10ms>
07-17 12:22:19.862   590   590 V SystemServerTiming: StartNetworkStatsService took to complete: 33ms
07-17 12:22:19.862   590   590 D SystemServerTiming: StartNetworkPolicyManagerService
07-17 12:22:19.866   590   718 D CompatibilityChangeReporter: Compat change id reported: 170188668; UID 1000; state: ENABLED
07-17 12:22:19.891   590   590 V SystemServerTiming: StartNetworkPolicyManagerService took to complete: 29ms
07-17 12:22:19.891   590   590 D SystemServerTiming: StartWifi
07-17 12:22:19.907   590   590 I SystemServiceManager: Starting com.android.server.wifi.WifiService
07-17 12:22:19.917   590   590 I WifiContext: Got resolveInfos for com.android.server.wifi.intent.action.SERVICE_WIFI_RESOURCES_APK: [ResolveInfo{1bfbc67 com.google.android.wifi.resources/android.app.Activity m=0x108000}]
07-17 12:22:19.917   590   590 I WifiContext: Found Wifi Resources APK at: com.google.android.wifi.resources
07-17 12:22:19.936   590   590 D ScanMetrics: Settings package: com.android.settings
07-17 12:22:19.936   590   590 D ScanMetrics: GMS uid: 10105
07-17 12:22:19.946   233   233 I servicemanager: Found android.hardware.wifi.supplicant.ISupplicant/default in device VINTF manifest.
07-17 12:22:19.946   590   590 I SupplicantStaIfaceHal: Initializing SupplicantStaIfaceHal using AIDL implementation.
07-17 12:22:19.948   233   233 I servicemanager: Found android.hardware.wifi.supplicant.ISupplicant/default in device VINTF manifest.
07-17 12:22:19.948   590   590 I SupplicantP2pIfaceHal: Initializing SupplicantP2pIfaceHal using AIDL implementation.
07-17 12:22:19.949   590   590 I WifiCoexManager: Default coex algorithm is disabled.
07-17 12:22:19.958   590   590 D WifiOpenNetworkNotifier: Settings toggle enabled=true
07-17 12:22:19.960   590   590 D WifiNl80211Manager: registerCountryCodeEventListener called
07-17 12:22:19.960   590   590 D WifiCountryCode: Default country code from system property ro.boot.wificountrycode is null
07-17 12:22:19.960   530   530 I wificond: New wificond event callback registered
07-17 12:22:19.961   590   590 D WakeupController: WifiWake enabled
07-17 12:22:19.962   590   590 V HistoricalRegistry: Interaction before persistence initialized
07-17 12:22:19.963   590   590 I WifiService: Registering wifi
07-17 12:22:19.964   590   590 V SystemServerTiming: StartWifi took to complete: 72ms
07-17 12:22:19.964   590   590 D SystemServerTiming: StartWifiScanning
07-17 12:22:19.964   590   590 I SystemServiceManager: Starting com.android.server.wifi.scanner.WifiScanningService
07-17 12:22:19.964   590   590 I WifiScanningService: Creating wifiscanner
07-17 12:22:19.966   590   590 I WifiScanningService: Publishing wifiscanner
07-17 12:22:19.966   590   590 V SystemServerTiming: StartWifiScanning took to complete: 3ms
07-17 12:22:19.966   590   590 D SystemServerTiming: StartWifiP2P
07-17 12:22:19.966   590   590 I SystemServiceManager: Starting com.android.server.wifi.p2p.WifiP2pService
07-17 12:22:19.968   590   590 D CompatibilityChangeReporter: Compat change id reported: 183155436; UID 1000; state: ENABLED
07-17 12:22:19.969   590   590 I WifiP2pService: Registering wifip2p
07-17 12:22:19.969   590   590 V SystemServerTiming: StartWifiP2P took to complete: 2ms
07-17 12:22:19.969   590   590 D SystemServerTiming: StartPacProxyService
07-17 12:22:19.970   590   590 V SystemServerTiming: StartPacProxyService took to complete: 1ms
07-17 12:22:19.970   590   590 D SystemServerTiming: StartConnectivityService
07-17 12:22:19.970   590   590 I SystemServiceManager: Starting com.android.server.ConnectivityServiceInitializer
07-17 12:22:19.975   590   590 D ConnectivityService: ConnectivityService starting up
07-17 12:22:19.980   385   456 I netd    : registerUnsolicitedEventListener() <0.01ms>
07-17 12:22:19.982   590   590 D CompatibilityChangeReporter: Compat change id reported: 182478738; UID 1000; state: ENABLED
07-17 12:22:19.986   590   590 D ConnectivityNativeService: Attached BPF_CGROUP_INET4_BIND and BPF_CGROUP_INET6_BIND programs
07-17 12:22:19.992   590   590 W UnsafeUtil: platform method missing - proto runtime falling back to safer methods: java.lang.NoSuchMethodException: sun.misc.Unsafe.copyMemory [class java.lang.Object, long, class java.lang.Object, long, long]
07-17 12:22:19.992   590   590 I ConnectivityServiceInitializer: Registering connectivity
07-17 12:22:19.992   590   590 I ConnectivityServiceInitializer: Registering ipsec
07-17 12:22:19.993   590   590 I ConnectivityServiceInitializer: Registering connectivity_native
07-17 12:22:19.993   590   590 I ConnectivityServiceInitializer: Registering servicediscovery
07-17 12:22:19.993   590   590 I ConnectivityServiceInitializer: Registering nearby
07-17 12:22:19.993   590   590 V SystemServerTiming: StartConnectivityService took to complete: 24ms
07-17 12:22:19.993   590   590 D SystemServerTiming: StartVpnManagerService
07-17 12:22:19.994   590   590 D VpnManagerService: VpnManagerService starting up
07-17 12:22:19.995   590   590 V SystemServerTiming: StartVpnManagerService took to complete: 1ms
07-17 12:22:19.995   590   590 D SystemServerTiming: StartVcnManagementService
07-17 12:22:19.996   590   590 V SystemServerTiming: StartVcnManagementService took to complete: 1ms
07-17 12:22:19.996   590   590 D SystemServerTiming: StartSystemUpdateManagerService
07-17 12:22:19.996   590   590 I SystemUpdateManagerService: No existing info file /data/system/system-update-info.xml
07-17 12:22:19.996   590   590 V SystemServerTiming: StartSystemUpdateManagerService took to complete: 1ms
07-17 12:22:19.996   590   590 D SystemServerTiming: StartUpdateLockService
07-17 12:22:19.997   590   590 V SystemServerTiming: StartUpdateLockService took to complete: 0ms
07-17 12:22:19.997   590   590 D SystemServerTiming: StartNotificationManager
07-17 12:22:19.997   590   590 I SystemServiceManager: Starting com.android.server.notification.NotificationManagerService
07-17 12:22:20.003   590   590 D ConditionProviders.SCP: new ScheduleConditionProvider()
07-17 12:22:20.017   590   590 I NotificationListeners: Read notification listener permissions from xml
07-17 12:22:20.017   590   590 I ConditionProviders: Read condition provider permissions from xml
07-17 12:22:20.017   590   590 I ConditionProviders: Read condition provider permissions from xml
07-17 12:22:20.018   590   590 D NotificationAssistants: Approving default notification assistant for user 0
07-17 12:22:20.019   590   590 D CompatibilityChangeReporter: Compat change id reported: 147600208; UID 1000; state: ENABLED
07-17 12:22:20.019   590   590 D CompatibilityChangeReporter: Compat change id reported: 157233955; UID 1000; state: ENABLED
07-17 12:22:20.024   590   590 V SystemServerTiming: StartNotificationManager took to complete: 28ms
07-17 12:22:20.024   590   590 D SystemServerTiming: StartDeviceMonitor
07-17 12:22:20.024   590   590 I SystemServiceManager: Starting com.android.server.storage.DeviceStorageMonitorService
07-17 12:22:20.025   590   590 V SystemServerTiming: StartDeviceMonitor took to complete: 1ms
07-17 12:22:20.025   590   590 D SystemServerTiming: StartLocationManagerService
07-17 12:22:20.025   590   590 I SystemServiceManager: Starting com.android.server.location.LocationManagerService$Lifecycle
07-17 12:22:20.026   590   738 I storage_state: [41217664-9172-527a-b3d5-edabb50a7d69,0,0,5197164544,6228115456]
07-17 12:22:20.028   590   590 V SystemServerTiming: StartLocationManagerService took to complete: 2ms
07-17 12:22:20.028   590   590 D SystemServerTiming: StartCountryDetectorService
07-17 12:22:20.028   590   590 V SystemServerTiming: StartCountryDetectorService took to complete: 1ms
07-17 12:22:20.028   590   590 D SystemServerTiming: StartTimeDetectorService
07-17 12:22:20.028   590   590 I SystemServiceManager: Starting com.android.server.timedetector.TimeDetectorService$Lifecycle
07-17 12:22:20.029   590   590 V SystemServerTiming: StartTimeDetectorService took to complete: 1ms
07-17 12:22:20.029   590   590 D SystemServerTiming: StartTimeZoneDetectorService
07-17 12:22:20.029   590   590 I SystemServiceManager: Starting com.android.server.timezonedetector.TimeZoneDetectorService$Lifecycle
07-17 12:22:20.031   590   590 V SystemServerTiming: StartTimeZoneDetectorService took to complete: 1ms
07-17 12:22:20.031   590   590 D SystemServerTiming: StartLocationTimeZoneManagerService
07-17 12:22:20.031   590   590 I SystemServiceManager: Starting com.android.server.timezonedetector.location.LocationTimeZoneManagerService$Lifecycle
07-17 12:22:20.031   590   590 V SystemServerTiming: StartLocationTimeZoneManagerService took to complete: 1ms
07-17 12:22:20.031   590   590 D SystemServerTiming: StartSearchManagerService
07-17 12:22:20.031   590   590 I SystemServiceManager: Starting com.android.server.search.SearchManagerService$Lifecycle
07-17 12:22:20.032   590   590 V SystemServerTiming: StartSearchManagerService took to complete: 1ms
07-17 12:22:20.032   590   590 D SystemServerTiming: StartWallpaperManagerService
07-17 12:22:20.032   590   590 I SystemServiceManager: Starting com.android.server.wallpaper.WallpaperManagerService$Lifecycle
07-17 12:22:20.033   590   590 V SystemServerTiming: StartWallpaperManagerService took to complete: 0ms
07-17 12:22:20.033   590   590 D SystemServerTiming: StartWallpaperEffectsGenerationService
07-17 12:22:20.033   590   590 I SystemServiceManager: Starting com.android.server.wallpapereffectsgeneration.WallpaperEffectsGenerationManagerService
07-17 12:22:20.033   590   590 V SystemServerTiming: StartWallpaperEffectsGenerationService took to complete: 1ms
07-17 12:22:20.033   590   590 D SystemServerTiming: StartAudioService
07-17 12:22:20.033   590   590 I SystemServiceManager: Starting com.android.server.audio.AudioService$Lifecycle
07-17 12:22:20.045   590   590 I AS.AudioService: Stream 5: using max vol of 7
07-17 12:22:20.045   590   590 I AS.AudioService: Stream 5: using default vol of 5
07-17 12:22:20.045   590   590 I AS.AudioService: Stream 2: using max vol of 7
07-17 12:22:20.045   590   590 I AS.AudioService: Stream 2: using default vol of 5
07-17 12:22:20.046   590   590 I android_os_HwBinder: HwBinder: Starting thread pool for getting: android.hidl.manager@1.0::IServiceManager/default
07-17 12:22:20.049   436   567 W AudioFlinger: no wake lock to update, system not ready yet
07-17 12:22:20.049   436   570 W AudioFlinger: no wake lock to update, system not ready yet
07-17 12:22:20.052   436   436 D PermissionCache: checking android.permission.MODIFY_AUDIO_ROUTING for uid=1000 => granted (278 us)
07-17 12:22:20.057   436   436 D PermissionCache: checking android.permission.MODIFY_AUDIO_SETTINGS for uid=1000 => granted (91 us)
07-17 12:22:20.060   436   436 D AudioFlinger: isLowRamDevice:false totalMemory:4104720384 mClientSharedHeapSize:16777216
07-17 12:22:20.061   590   590 V SystemServerTiming: StartAudioService took to complete: 28ms
07-17 12:22:20.061   590   590 D SystemServerTiming: StartSoundTriggerMiddlewareService
07-17 12:22:20.061   590   590 I SystemServiceManager: Starting com.android.server.soundtrigger_middleware.SoundTriggerMiddlewareService$Lifecycle
07-17 12:22:20.064   233   233 I servicemanager: Could not find android.hardware.soundtrigger3.ISoundTriggerHw/default in the VINTF manifest.
07-17 12:22:20.064   590   590 I SoundTriggerMiddlewareDefaultHalFactory: Connecting to default soundtrigger-V2.x.ISoundTriggerHw
07-17 12:22:20.065   590   590 I android_os_HwBinder: HwBinder: Starting thread pool for getting: android.hardware.soundtrigger@2.0::ISoundTriggerHw/default
07-17 12:22:20.066   590   590 V SystemServerTiming: StartSoundTriggerMiddlewareService took to complete: 5ms
07-17 12:22:20.066   590   590 D SystemServerTiming: StartDockObserver
07-17 12:22:20.066   590   590 I SystemServiceManager: Starting com.android.server.DockObserver
07-17 12:22:20.066   590   590 I DockObserver: No extcon dock device found in this kernel.
07-17 12:22:20.067   436   436 I CaptureStateNotifier: Registering a listener
07-17 12:22:20.067   590   590 V SystemServerTiming: StartDockObserver took to complete: 0ms
07-17 12:22:20.067   590   590 D SystemServerTiming: StartWiredAccessoryManager
07-17 12:22:20.067   590   590 W WiredAccessoryManager: This kernel does not have usb audio support
07-17 12:22:20.067   590   590 W WiredAccessoryManager: This kernel does not have HDMI audio support
07-17 12:22:20.067   590   590 V SystemServerTiming: StartWiredAccessoryManager took to complete: 1ms
07-17 12:22:20.067   590   590 D SystemServerTiming: StartMidiManager
07-17 12:22:20.067   590   590 I SystemServiceManager: Starting com.android.server.midi.MidiService$Lifecycle
07-17 12:22:20.070   590   590 V SystemServerTiming: StartMidiManager took to complete: 2ms
07-17 12:22:20.070   590   590 D SystemServerTiming: StartAdbService
07-17 12:22:20.070   590   590 I SystemServiceManager: Starting com.android.server.adb.AdbService$Lifecycle
07-17 12:22:20.071   590   590 V SystemServerTiming: StartAdbService took to complete: 1ms
07-17 12:22:20.071   590   590 D SystemServerTiming: StartUsbService
07-17 12:22:20.071   590   590 I SystemServiceManager: Starting com.android.server.usb.UsbService$Lifecycle
07-17 12:22:20.071   590   590 V SystemServerTiming: StartUsbService took to complete: 0ms
07-17 12:22:20.071   590   590 D SystemServerTiming: StartSerialService
07-17 12:22:20.071   590   590 V SystemServerTiming: StartSerialService took to complete: 1ms
07-17 12:22:20.071   590   590 D SystemServerTiming: StartHardwarePropertiesManagerService
07-17 12:22:20.071   590   616 D SystemServerTimingAsync: InitThreadPoolExec:UsbService$Lifecycle#onStart
07-17 12:22:20.071   590   616 D SystemServerInitThreadPool: Started executing UsbService$Lifecycle#onStart
07-17 12:22:20.072   590   590 D HardwarePropertiesManagerService-JNI: Link to death notification successful
07-17 12:22:20.072   590   590 V SystemServerTiming: StartHardwarePropertiesManagerService took to complete: 1ms
07-17 12:22:20.072   590   590 D SystemServerTiming: StartTwilightService
07-17 12:22:20.072   590   590 I SystemServiceManager: Starting com.android.server.twilight.TwilightService
07-17 12:22:20.072   590   590 V SystemServerTiming: StartTwilightService took to complete: 0ms
07-17 12:22:20.072   590   590 D SystemServerTiming: StartColorDisplay
07-17 12:22:20.072   590   590 I SystemServiceManager: Starting com.android.server.display.color.ColorDisplayService
07-17 12:22:20.073   590   590 V SystemServerTiming: StartColorDisplay took to complete: 0ms
07-17 12:22:20.073   590   590 D SystemServerTiming: StartJobScheduler
07-17 12:22:20.073   590   590 I SystemServiceManager: Starting com.android.server.job.JobSchedulerService
07-17 12:22:20.073   590   616 I UsbDeviceManager: failed to write to /sys/class/android_usb/android0/f_rndis/ethaddr
07-17 12:22:20.074   234   234 I hwservicemanager: getTransport: Cannot find entry android.hardware.usb.gadget@1.0::IUsbGadget/default in either framework or device VINTF manifest.
07-17 12:22:20.075   590   590 D JobStore: Start tag: job-info
07-17 12:22:20.077   590   616 I UsbDeviceManager: USB GADGET HAL not present in the device
07-17 12:22:20.077   590   616 I UsbDeviceManager: java.util.NoSuchElementException
07-17 12:22:20.077   590   616 I UsbDeviceManager: 	at android.os.HwBinder.getService(Native Method)
07-17 12:22:20.077   590   616 I UsbDeviceManager: 	at android.hardware.usb.gadget.V1_0.IUsbGadget.getService(IUsbGadget.java:57)
07-17 12:22:20.077   590   616 I UsbDeviceManager: 	at android.hardware.usb.gadget.V1_0.IUsbGadget.getService(IUsbGadget.java:64)
07-17 12:22:20.077   590   616 I UsbDeviceManager: 	at com.android.server.usb.UsbDeviceManager.<init>(UsbDeviceManager.java:302)
07-17 12:22:20.077   590   616 I UsbDeviceManager: 	at com.android.server.usb.UsbService.<init>(UsbService.java:183)
07-17 12:22:20.077   590   616 I UsbDeviceManager: 	at com.android.server.usb.UsbService$Lifecycle.lambda$onStart$0(UsbService.java:97)
07-17 12:22:20.077   590   616 I UsbDeviceManager: 	at com.android.server.usb.UsbService$Lifecycle.$r8$lambda$CxV7IL0QHEjIgNnhuBbpakF4-Bg(Unknown Source:0)
07-17 12:22:20.077   590   616 I UsbDeviceManager: 	at com.android.server.usb.UsbService$Lifecycle$$ExternalSyntheticLambda2.run(Unknown Source:2)
07-17 12:22:20.077   590   616 I UsbDeviceManager: 	at com.android.server.SystemServerInitThreadPool.lambda$submitTask$0(SystemServerInitThreadPool.java:106)
07-17 12:22:20.077   590   616 I UsbDeviceManager: 	at com.android.server.SystemServerInitThreadPool.$r8$lambda$aGlXt69ihU44Qi7EB_RNeu8pnrY(Unknown Source:0)
07-17 12:22:20.077   590   616 I UsbDeviceManager: 	at com.android.server.SystemServerInitThreadPool$$ExternalSyntheticLambda0.run(Unknown Source:6)
07-17 12:22:20.077   590   616 I UsbDeviceManager: 	at java.util.concurrent.Executors$RunnableAdapter.call(Executors.java:463)
07-17 12:22:20.077   590   616 I UsbDeviceManager: 	at java.util.concurrent.FutureTask.run(FutureTask.java:264)
07-17 12:22:20.077   590   616 I UsbDeviceManager: 	at java.util.concurrent.ThreadPoolExecutor.runWorker(ThreadPoolExecutor.java:1137)
07-17 12:22:20.077   590   616 I UsbDeviceManager: 	at java.util.concurrent.ThreadPoolExecutor$Worker.run(ThreadPoolExecutor.java:637)
07-17 12:22:20.077   590   616 I UsbDeviceManager: 	at com.android.internal.util.ConcurrentUtils$1$1.run(ConcurrentUtils.java:65)
07-17 12:22:20.079   590   616 E UsbDeviceManagerJNI: could not open control for mtp No such file or directory
07-17 12:22:20.079   590   616 E UsbDeviceManager: Failed to open control for mtp
07-17 12:22:20.079   590   616 E UsbDeviceManagerJNI: could not open control for ptp No such file or directory
07-17 12:22:20.079   590   616 E UsbDeviceManager: Failed to open control for ptp
07-17 12:22:20.079   590   590 I JobStore: Read 24 jobs
07-17 12:22:20.083   590   730 D ConnectivityService: NetReassign [no changes] [c 0] [a 0] [i 0]
07-17 12:22:20.083   590   616 W StorageManagerService: No primary storage defined yet; hacking together a stub
07-17 12:22:20.084   590   590 V HistoricalRegistry: Interaction before persistence initialized
07-17 12:22:20.084   590   590 V HistoricalRegistry: Interaction before persistence initialized
07-17 12:22:20.084   590   616 E UsbDeviceManagerJNI: could not open /dev/usb_accessory
07-17 12:22:20.084   590   590 V SystemServerTiming: StartJobScheduler took to complete: 12ms
07-17 12:22:20.084   590   616 D UsbPortManager: Querying USB HAL version
07-17 12:22:20.085   590   590 D SystemServerTiming: StartSoundTrigger
07-17 12:22:20.085   590   590 I SystemServiceManager: Starting com.android.server.soundtrigger.SoundTriggerService
07-17 12:22:20.085   233   233 I servicemanager: Could not find android.hardware.usb.IUsb/default in the VINTF manifest.
07-17 12:22:20.086   590   590 V SystemServerTiming: StartSoundTrigger took to complete: 1ms
07-17 12:22:20.086   590   590 D SystemServerTiming: StartTrustManager
07-17 12:22:20.086   590   616 I android_os_HwBinder: HwBinder: Starting thread pool for getting: android.hardware.usb@1.0::IUsb/default
07-17 12:22:20.086   590   616 I UsbPortManager: USB HAL HIDL present
07-17 12:22:20.087   590   590 I SystemServiceManager: Starting com.android.server.trust.TrustManagerService
07-17 12:22:20.088   590   616 I android_os_HwBinder: HwBinder: Starting thread pool for getting: android.hidl.manager@1.0::IServiceManager/default
07-17 12:22:20.088   590   590 V SystemServerTiming: StartTrustManager took to complete: 1ms
07-17 12:22:20.088   590   590 D SystemServerTiming: StartBackupManager
07-17 12:22:20.088   590   590 I SystemServiceManager: Starting com.android.server.backup.BackupManagerService$Lifecycle
07-17 12:22:20.088   590   617 I UsbPortManager: Usb hal service started android.hardware.usb@1.0::IUsb default
07-17 12:22:20.094   590   616 I android_os_HwBinder: HwBinder: Starting thread pool for getting: android.hardware.usb@1.0::IUsb/default
07-17 12:22:20.095   590   740 I stream_devices_changed: [4,0,2]
07-17 12:22:20.095   590   740 I stream_devices_changed: [6,0,2]
07-17 12:22:20.095   590   740 I stream_devices_changed: [3,0,2]
07-17 12:22:20.095   590   616 D UsbPortManager: getInstance done
07-17 12:22:20.095   420   420 I android.hardware.usb@1.0-service: registering callback
07-17 12:22:20.096   420   420 E android.hardware.usb@1.0-service: Failed to open /sys/class/dual_role_usb
07-17 12:22:20.096   420   754 E android.hardware.usb@1.0-service: creating thread
07-17 12:22:20.096   590   590 V SystemServerTiming: StartBackupManager took to complete: 8ms
07-17 12:22:20.096   590   590 D SystemServerTiming: StartAppWidgetService
07-17 12:22:20.096   590   590 I SystemServiceManager: Starting com.android.server.appwidget.AppWidgetService
07-17 12:22:20.097   590   616 D SystemServerInitThreadPool: Finished executing UsbService$Lifecycle#onStart
07-17 12:22:20.097   590   616 V SystemServerTimingAsync: InitThreadPoolExec:UsbService$Lifecycle#onStart took to complete: 25ms
07-17 12:22:20.097   590   740 I stream_devices_changed: [2,0,2]
07-17 12:22:20.097   590   740 I stream_devices_changed: [0,0,2]
07-17 12:22:20.098   590   590 V SystemServerTiming: StartAppWidgetService took to complete: 1ms
07-17 12:22:20.098   590   590 D SystemServerTiming: StartVoiceRecognitionManager
07-17 12:22:20.098   590   590 I SystemServiceManager: Starting com.android.server.voiceinteraction.VoiceInteractionManagerService
07-17 12:22:20.101   590   740 E AS.AudioService: error reading spatial audio device settings
07-17 12:22:20.101   590   740 I AS.SpatializerHelper: init effectExpected=false
07-17 12:22:20.101   590   740 I AS.SpatializerHelper: init(): setting state to STATE_NOT_SUPPORTED due to effect not expected
07-17 12:22:20.101   590   740 I AS.SpatializerHelper: setFeatureEnabled(false) was featureEnabled:false
07-17 12:22:20.173   590   590 V SystemServerTiming: StartVoiceRecognitionManager took to complete: 75ms
07-17 12:22:20.173   590   590 D SystemServerTiming: StartAppHibernationService
07-17 12:22:20.173   590   590 I SystemServiceManager: Starting com.android.server.apphibernation.AppHibernationService
07-17 12:22:20.174   590   590 V SystemServerTiming: StartAppHibernationService took to complete: 2ms
07-17 12:22:20.174   590   590 D SystemServerTiming: StartGestureLauncher
07-17 12:22:20.174   590   590 I SystemServiceManager: Starting com.android.server.GestureLauncherService
07-17 12:22:20.174   590   590 V SystemServerTiming: StartGestureLauncher took to complete: 0ms
07-17 12:22:20.174   590   590 D SystemServerTiming: StartSensorNotification
07-17 12:22:20.174   590   590 I SystemServiceManager: Starting com.android.server.SensorNotificationService
07-17 12:22:20.174   590   590 V SystemServerTiming: StartSensorNotification took to complete: 0ms
07-17 12:22:20.174   590   590 D SystemServerTiming: StartDiskStatsService
07-17 12:22:20.175   590   590 D CompatibilityChangeReporter: Compat change id reported: 194532703; UID 1000; state: ENABLED
07-17 12:22:20.175   590   590 D CompatibilityChangeReporter: Compat change id reported: 194532703; UID 1000; state: ENABLED
07-17 12:22:20.176   590   590 V SystemServerTiming: StartDiskStatsService took to complete: 2ms
07-17 12:22:20.176   590   590 D SystemServerTiming: RuntimeService
07-17 12:22:20.176   590   590 V SystemServerTiming: RuntimeService took to complete: 0ms
07-17 12:22:20.176   590   590 D SystemServerTiming: StartNetworkTimeUpdateService
07-17 12:22:20.177   590   590 V SystemServerTiming: StartNetworkTimeUpdateService took to complete: 0ms
07-17 12:22:20.177   590   590 D SystemServerTiming: CertBlacklister
07-17 12:22:20.177   590   590 V SystemServerTiming: CertBlacklister took to complete: 1ms
07-17 12:22:20.177   590   590 D SystemServerTiming: StartEmergencyAffordanceService
07-17 12:22:20.177   590   590 I SystemServiceManager: Starting com.android.server.emergency.EmergencyAffordanceService
07-17 12:22:20.177   590   590 V SystemServerTiming: StartEmergencyAffordanceService took to complete: 0ms
07-17 12:22:20.177   590   590 D SystemServerTiming: startBlobStoreManagerService
07-17 12:22:20.178   590   590 I SystemServiceManager: Starting com.android.server.blob.BlobStoreManagerService
07-17 12:22:20.179   590   590 V SystemServerTiming: startBlobStoreManagerService took to complete: 1ms
07-17 12:22:20.179   590   590 D SystemServerTiming: StartDreamManager
07-17 12:22:20.179   590   590 I SystemServiceManager: Starting com.android.server.dreams.DreamManagerService
07-17 12:22:20.179   590   590 V SystemServerTiming: StartDreamManager took to complete: 0ms
07-17 12:22:20.179   590   590 D SystemServerTiming: AddGraphicsStatsService
07-17 12:22:20.181   590   590 V SystemServerTiming: AddGraphicsStatsService took to complete: 3ms
07-17 12:22:20.182   590   590 D SystemServerTiming: StartPrintManager
07-17 12:22:20.182   590   590 I SystemServiceManager: Starting com.android.server.print.PrintManagerService
07-17 12:22:20.182   590   590 V SystemServerTiming: StartPrintManager took to complete: 1ms
07-17 12:22:20.183   590   590 D SystemServerTiming: StartAttestationVerificationService
07-17 12:22:20.183   590   590 I SystemServiceManager: Starting com.android.server.security.AttestationVerificationManagerService
07-17 12:22:20.183   590   590 D AVF     : Started
07-17 12:22:20.183   590   590 V SystemServerTiming: StartAttestationVerificationService took to complete: 1ms
07-17 12:22:20.183   590   590 D SystemServerTiming: StartCompanionDeviceManager
07-17 12:22:20.183   590   590 I SystemServiceManager: Starting com.android.server.companion.CompanionDeviceManagerService
07-17 12:22:20.184   590   590 I CompanionDevice_PersistentDataStore: Reading associations for user 0 from disk
07-17 12:22:20.184   590   590 V SystemServerTiming: StartCompanionDeviceManager took to complete: 1ms
07-17 12:22:20.184   590   590 D SystemServerTiming: StartVirtualDeviceManager
07-17 12:22:20.184   590   590 I SystemServiceManager: Starting com.android.server.companion.virtual.VirtualDeviceManagerService
07-17 12:22:20.185   590   590 V SystemServerTiming: StartVirtualDeviceManager took to complete: 0ms
07-17 12:22:20.185   590   590 D SystemServerTiming: StartRestrictionManager
07-17 12:22:20.185   590   590 I SystemServiceManager: Starting com.android.server.restrictions.RestrictionsManagerService
07-17 12:22:20.185   590   590 V SystemServerTiming: StartRestrictionManager took to complete: 1ms
07-17 12:22:20.185   590   590 D SystemServerTiming: StartMediaSessionService
07-17 12:22:20.185   590   590 I SystemServiceManager: Starting com.android.server.media.MediaSessionService
07-17 12:22:20.186   590   590 V SystemServerTiming: StartMediaSessionService took to complete: 1ms
07-17 12:22:20.186   590   590 D SystemServerTiming: StartMediaResourceMonitor
07-17 12:22:20.186   590   590 I SystemServiceManager: Starting com.android.server.media.MediaResourceMonitorService
07-17 12:22:20.187   590   590 V SystemServerTiming: StartMediaResourceMonitor took to complete: 0ms
07-17 12:22:20.187   590   590 D SystemServerTiming: StartMediaRouterService
07-17 12:22:20.187   590   590 V HistoricalRegistry: Interaction before persistence initialized
07-17 12:22:20.187   590   590 V SystemServerTiming: StartMediaRouterService took to complete: 1ms
07-17 12:22:20.187   590   590 D SystemServerTiming: StartFingerprintSensor
07-17 12:22:20.187   590   590 I SystemServiceManager: Starting com.android.server.biometrics.sensors.fingerprint.FingerprintService
07-17 12:22:20.188   590   590 V SystemServerTiming: StartFingerprintSensor took to complete: 0ms
07-17 12:22:20.188   590   590 D SystemServerTiming: StartBiometricService
07-17 12:22:20.188   590   590 I SystemServiceManager: Starting com.android.server.biometrics.BiometricService
07-17 12:22:20.191   590   590 V SystemServerTiming: StartBiometricService took to complete: 3ms
07-17 12:22:20.191   590   590 D SystemServerTiming: StartAuthService
07-17 12:22:20.191   590   590 I SystemServiceManager: Starting com.android.server.biometrics.AuthService
07-17 12:22:20.191   590   590 D AuthService: Registering HIDL ID: 0 Modality: 2 Strength: 15
07-17 12:22:20.193   590   590 V SystemServerTiming: StartAuthService took to complete: 2ms
07-17 12:22:20.193   590   590 D SystemServerTiming: StartDynamicCodeLoggingService
07-17 12:22:20.193   590   761 D BiometricService: Registering ID: 0 Modality: 2 Strength: 15
07-17 12:22:20.193   590   761 D BiometricStrengthController: updateStrengths: revert sensorId=0 to oemStrength=15
07-17 12:22:20.194   590   761 D BiometricService/Sensor: updateStrength: Before(ID(0), oemStrength: 15, updatedStrength: 15, modality 2, state: 0, cookie: 0) After(ID(0), oemStrength: 15, updatedStrength: 15, modality 2, state: 0, cookie: 0)
07-17 12:22:20.194   590   590 V SystemServerTiming: StartDynamicCodeLoggingService took to complete: 1ms
07-17 12:22:20.194   590   590 D SystemServerTiming: StartPruneInstantAppsJobService
07-17 12:22:20.194   590   590 V SystemServerTiming: StartPruneInstantAppsJobService took to complete: 0ms
07-17 12:22:20.194   590   590 D SystemServerTiming: StartShortcutServiceLifecycle
07-17 12:22:20.194   590   590 I SystemServiceManager: Starting com.android.server.pm.ShortcutService$Lifecycle
07-17 12:22:20.195   590   590 V HistoricalRegistry: Interaction before persistence initialized
07-17 12:22:20.195   590   590 V SystemServerTiming: StartShortcutServiceLifecycle took to complete: 1ms
07-17 12:22:20.195   590   590 D SystemServerTiming: StartLauncherAppsService
07-17 12:22:20.195   590   590 I SystemServiceManager: Starting com.android.server.pm.LauncherAppsService
07-17 12:22:20.196   590   590 V SystemServerTiming: StartLauncherAppsService took to complete: 1ms
07-17 12:22:20.196   590   590 D SystemServerTiming: StartCrossProfileAppsService
07-17 12:22:20.196   590   590 I SystemServiceManager: Starting com.android.server.pm.CrossProfileAppsService
07-17 12:22:20.196   590   590 V SystemServerTiming: StartCrossProfileAppsService took to complete: 0ms
07-17 12:22:20.196   590   590 D SystemServerTiming: StartPeopleService
07-17 12:22:20.196   590   590 I SystemServiceManager: Starting com.android.server.people.PeopleService
07-17 12:22:20.196   590   590 V SystemServerTiming: StartPeopleService took to complete: 0ms
07-17 12:22:20.196   590   590 D SystemServerTiming: StartMediaMetricsManager
07-17 12:22:20.197   590   590 I SystemServiceManager: Starting com.android.server.media.metrics.MediaMetricsManagerService
07-17 12:22:20.197   590   590 V SystemServerTiming: StartMediaMetricsManager took to complete: 0ms
07-17 12:22:20.197   590   590 D SystemServerTiming: StartMediaProjectionManager
07-17 12:22:20.197   590   590 I SystemServiceManager: Starting com.android.server.media.projection.MediaProjectionManagerService
07-17 12:22:20.199   590   590 V MediaRouter: Selecting route: RouteInfo{ name=Phone, description=null, status=null, category=RouteCategory{ name=System types=ROUTE_TYPE_LIVE_AUDIO ROUTE_TYPE_LIVE_VIDEO  groupable=false }, supportedTypes=ROUTE_TYPE_LIVE_AUDIO ROUTE_TYPE_LIVE_VIDEO , presentationDisplay=null }
07-17 12:22:20.199   590   590 I MediaRouter: Skip setBluetoothA2dpOn(): types=8388615, isPlaybackActive()=false, BT route=null
07-17 12:22:20.199   590   590 V SystemServerTiming: StartMediaProjectionManager took to complete: 2ms
07-17 12:22:20.199   590   590 D SystemServerTiming: StartSliceManagerService
07-17 12:22:20.199   590   590 I SystemServiceManager: Starting com.android.server.slice.SliceManagerService$Lifecycle
07-17 12:22:20.200   590   590 V SystemServerTiming: StartSliceManagerService took to complete: 1ms
07-17 12:22:20.200   590   590 D SystemServerTiming: StartStatsCompanion
07-17 12:22:20.200   590   590 I SystemServiceManager: Starting com.android.server.stats.StatsCompanion$Lifecycle
07-17 12:22:20.201   590   590 V SystemServerTiming: StartStatsCompanion took to complete: 2ms
07-17 12:22:20.201   590   590 D SystemServerTiming: StartRebootReadinessManagerService
07-17 12:22:20.201   590   590 I SystemServiceManager: Starting com.android.server.scheduling.RebootReadinessManagerService$Lifecycle
07-17 12:22:20.203   590   590 I TetheringManager: registerTetheringEventCallback:android
07-17 12:22:20.203   590   590 I TetheringManager: registerTetheringEventCallback caller:android
07-17 12:22:20.203   590   590 V SystemServerTiming: StartRebootReadinessManagerService took to complete: 2ms
07-17 12:22:20.203   590   590 D SystemServerTiming: StartStatsPullAtomService
07-17 12:22:20.203   590   590 I SystemServiceManager: Starting com.android.server.stats.pull.StatsPullAtomService
07-17 12:22:20.204   590   590 V SystemServerTiming: StartStatsPullAtomService took to complete: 0ms
07-17 12:22:20.204   590   590 D SystemServerTiming: StatsBootstrapAtomService
07-17 12:22:20.204   590   590 I SystemServiceManager: Starting com.android.server.stats.bootstrap.StatsBootstrapAtomService$Lifecycle
07-17 12:22:20.204   590   590 V SystemServerTiming: StatsBootstrapAtomService took to complete: 1ms
07-17 12:22:20.204   590   590 D SystemServerTiming: StartIncidentCompanionService
07-17 12:22:20.204   590   590 I SystemServiceManager: Starting com.android.server.incident.IncidentCompanionService
07-17 12:22:20.204   590   590 V SystemServerTiming: StartIncidentCompanionService took to complete: 0ms
07-17 12:22:20.204   590   590 D SystemServerTiming: StarSdkSandboxManagerService
07-17 12:22:20.204   590   590 I SystemServiceManager: Starting com.android.server.sdksandbox.SdkSandboxManagerService$Lifecycle
07-17 12:22:20.205   590   590 V SystemServerTiming: StarSdkSandboxManagerService took to complete: 1ms
