07-17 12:06:02.871   542   542 I HidlServiceManagement: Registered android.hardware.biometrics.face@1.0::IBiometricsFace/default
07-17 12:06:02.871   542   542 I HidlServiceManagement: Removing namespace from process name android.hardware.biometrics.face@1.0-service.example to face@1.0-service.example.
07-17 12:06:02.871   542   542 I android.hardware.biometrics.face@1.0-service: BiometricsFace HAL has started successfully.
07-17 12:06:02.872   515   515 W mediaextractor: libminijail[515]: logging seccomp filter failures
07-17 12:06:02.911   548   548 I flags_health_check: ServerConfigurableFlagsReset reset_mode value: 0
07-17 12:06:02.911   548   548 I flags_health_check: ServerConfigurableFlagsReset attempted boot count is under threshold, skipping reset.
07-17 12:06:02.913   431   431 D APM_EngineLoader: Loaded engine from libaudiopolicyenginedefault.so
07-17 12:06:02.913   431   431 D APM::AudioPolicyEngine/Base: loadAudioPolicyEngineConfig: No configuration found, using default matching phone experience.
07-17 12:06:02.915   431   431 W APM::AudioPolicyEngine/Base: loadAudioPolicyEngineConfig: No configuration of AUDIO_STREAM_CALL_ASSISTANT found, using default volume configuration
07-17 12:06:02.930   431   431 I AudioFlinger: loadHwModule() Loaded primary audio interface, handle 10
07-17 12:06:02.951   235   235 I servicemanager: Found android.hardware.radio.data.IRadioData/slot1 in device VINTF manifest.
07-17 12:06:02.952   235   235 I servicemanager: Found android.hardware.radio.messaging.IRadioMessaging/slot1 in device VINTF manifest.
07-17 12:06:02.952   431   431 I AudioFlinger: openOutput() this 0x7ecb5b419840, module 10 Device AUDIO_DEVICE_OUT_SPEAKER, @:, SamplingRate 48000, Format 0x000001, Channels 0x3, flags 0x2
07-17 12:06:02.952   235   235 I servicemanager: Found android.hardware.radio.modem.IRadioModem/slot1 in device VINTF manifest.
07-17 12:06:02.952   235   235 I servicemanager: Found android.hardware.radio.network.IRadioNetwork/slot1 in device VINTF manifest.
07-17 12:06:02.952   235   235 I servicemanager: Found android.hardware.radio.sim.IRadioSim/slot1 in device VINTF manifest.
07-17 12:06:02.953   235   235 I servicemanager: Found android.hardware.radio.voice.IRadioVoice/slot1 in device VINTF manifest.
07-17 12:06:02.953   235   235 I servicemanager: Found android.hardware.radio.config.IRadioConfig/default in device VINTF manifest.
07-17 12:06:02.960   431   431 I AudioFlinger: HAL output buffer size 1056 frames, normal sink buffer size 1056 frames
07-17 12:06:02.960   236   236 I hwservicemanager: getTransport: Cannot find entry android.hardware.audio.effect@7.1::IEffectsFactory/default in either framework or device VINTF manifest.
07-17 12:06:02.971   431   431 I BufferProvider: found effect "Multichannel Downmix To Stereo" from The Android Open Source Project
07-17 12:06:02.971   431   431 D AudioFlinger: Failed to add event callback
07-17 12:06:02.972   394   394 E android.hardware.audio@7.1-impl.ranchu: device/generic/goldfish/audio/primary_device.cpp:getParameters:211 failure: Result::NOT_SUPPORTED
07-17 12:06:02.972   431   431 E APM_AudioPolicyManager: invalid volume index range
07-17 12:06:02.972   431   431 E APM_AudioPolicyManager: invalid volume index range
07-17 12:06:02.972   431   431 E APM_AudioPolicyManager: invalid volume index range
07-17 12:06:02.972   431   431 V APM_AudioPolicyManager: checkAndSetVolume cannot set volume group 4 volume when is not requested for comm
07-17 12:06:02.972   431   431 E APM_AudioPolicyManager: invalid volume index range
07-17 12:06:02.972   431   431 E APM_AudioPolicyManager: invalid volume index range
07-17 12:06:02.972   431   431 E APM_AudioPolicyManager: invalid volume index range
07-17 12:06:02.972   431   431 E APM_AudioPolicyManager: invalid volume index range
07-17 12:06:02.972   431   555 I AudioFlinger: AudioFlinger's thread 0x7ecce57389a0 tid=555 ready to run
07-17 12:06:02.973   515   515 I MediaExtractorFactory: plugin directory not present (/system/lib64/extractors)
07-17 12:06:02.973   515   515 I MediaExtractorFactory: plugin directory not present (/system_ext/lib64/extractors)
07-17 12:06:02.977   431   555 W AudioFlinger: no wake lock to update, system not ready yet
07-17 12:06:02.977   431   555 D AudioFlinger: ro.audio.silent is ignored since no output device is set
07-17 12:06:02.977   431   431 E APM_AudioPolicyManager: invalid volume index range
07-17 12:06:02.977   431   431 E APM_AudioPolicyManager: invalid volume index range
07-17 12:06:02.977   431   431 E APM_AudioPolicyManager: invalid volume index range
07-17 12:06:02.977   431   431 E APM_AudioPolicyManager: invalid volume index range
07-17 12:06:02.977   394   394 E android.hardware.audio@7.1-impl.ranchu: device/generic/goldfish/audio/stream_out.cpp:getPresentationPosition:475 failure: Result::INVALID_STATE
07-17 12:06:02.979   431   555 W AudioFlinger: no wake lock to update, system not ready yet
07-17 12:06:02.979   431   555 D AudioFlinger: ro.audio.silent is ignored since no output device is set
07-17 12:06:02.979   431   431 W AudioFlinger: moveEffects() bad srcOutput 0
07-17 12:06:02.979   431   431 V APM_AudioPolicyManager: selectOutputForMusicEffects selected output 13
07-17 12:06:02.979   431   431 V APM_AudioPolicyManager: setOutputDevices device {AUDIO_DEVICE_OUT_SPEAKER, @:} delayMs 0
07-17 12:06:02.979   431   431 V APM_AudioPolicyManager: setOutputDevices() prevDevice {AUDIO_DEVICE_OUT_SPEAKER, @:}
07-17 12:06:02.979   431   431 V APM_AudioPolicyManager: setOutputDevices changing device to {AUDIO_DEVICE_OUT_SPEAKER, @:}
07-17 12:06:02.998   522   522 I mediaswcodec: media swcodec service starting
07-17 12:06:02.999   522   522 W mediaswcodec: Could not read additional policy file '/vendor/etc/seccomp_policy/mediaswcodec.policy'
07-17 12:06:02.999   235   235 I servicemanager: Could not find android.hardware.health.IHealth/default in the VINTF manifest.
07-17 12:06:02.999   518   518 I storaged: Unable to get AIDL health service, trying HIDL...
07-17 12:06:03.001   518   518 I ServiceManager: Waiting for service 'package_native' on '/dev/binder'...
07-17 12:06:03.001   522   522 W mediaswcodec: libminijail[522]: failed to get path of fd 5: No such file or directory
07-17 12:06:03.001   522   522 W mediaswcodec: libminijail[522]: allowing syscall: socket
07-17 12:06:03.001   522   522 W mediaswcodec: libminijail[522]: allowing syscall: connect
07-17 12:06:03.001   522   522 W mediaswcodec: libminijail[522]: allowing syscall: fcntl
07-17 12:06:03.001   522   522 W mediaswcodec: libminijail[522]: allowing syscall: writev
07-17 12:06:03.001   522   522 W mediaswcodec: libminijail[522]: compile_file: <fd>(20): nonexistent syscall 'getuid32'
07-17 12:06:03.001   522   522 W mediaswcodec: libminijail[522]: compile_file: <fd>(26): nonexistent syscall 'mmap2'
07-17 12:06:03.009   522   522 W mediaswcodec: libminijail[522]: compile_file: <fd>(28): nonexistent syscall 'fstat64'
07-17 12:06:03.009   522   522 W mediaswcodec: libminijail[522]: compile_file: <fd>(31): nonexistent syscall 'stat64'
07-17 12:06:03.009   522   522 W mediaswcodec: libminijail[522]: compile_file: <fd>(32): nonexistent syscall 'statfs64'
07-17 12:06:03.009   522   522 W mediaswcodec: libminijail[522]: compile_file: <fd>(34): nonexistent syscall 'fstatat64'
07-17 12:06:03.010   522   522 W mediaswcodec: libminijail[522]: compile_file: <fd>(39): nonexistent syscall '_llseek'
07-17 12:06:03.010   522   522 W mediaswcodec: libminijail[522]: compile_file: <fd>(48): nonexistent syscall 'ugetrlimit'
07-17 12:06:03.010   522   522 W mediaswcodec: libminijail[522]: compile_file: <fd>(51): nonexistent syscall '_llseek'
07-17 12:06:03.010   522   522 W mediaswcodec: libminijail[522]: compile_file: <fd>(52): nonexistent syscall 'fstatfs64'
07-17 12:06:03.010   522   522 W mediaswcodec: libminijail[522]: compile_file: <fd>(64): nonexistent syscall 'ftruncate64'
07-17 12:06:03.010   522   522 W mediaswcodec: libminijail[522]: compile_file: <fd>(70): syscall gettid redefined here
07-17 12:06:03.010   522   522 W mediaswcodec: libminijail[522]: compile_file: <fd>(67): previous definition here
07-17 12:06:03.010   431   431 V APM_AudioPolicyManager: setOutputDevices() AF::createAudioPatch returned 0 patchHandle 12 num_sources 1 num_sinks 1
07-17 12:06:03.011   431   431 E APM_AudioPolicyManager: invalid volume index range
07-17 12:06:03.011   431   431 E APM_AudioPolicyManager: invalid volume index range
07-17 12:06:03.011   431   431 E APM_AudioPolicyManager: invalid volume index range
07-17 12:06:03.011   431   431 V APM_AudioPolicyManager: checkAndSetVolume cannot set volume group 4 volume when is not requested for comm
07-17 12:06:03.011   431   431 E APM_AudioPolicyManager: invalid volume index range
07-17 12:06:03.011   431   431 E APM_AudioPolicyManager: invalid volume index range
07-17 12:06:03.011   431   431 E APM_AudioPolicyManager: invalid volume index range
07-17 12:06:03.011   431   431 E APM_AudioPolicyManager: invalid volume index range
07-17 12:06:03.011   431   431 E APM_AudioPolicyManager: invalid volume index range
07-17 12:06:03.011   431   431 E APM_AudioPolicyManager: invalid volume index range
07-17 12:06:03.011   431   431 E APM_AudioPolicyManager: invalid volume index range
07-17 12:06:03.011   431   431 E APM_AudioPolicyManager: invalid volume index range
07-17 12:06:03.011   431   431 I AudioFlinger: openOutput() this 0x7ecb5b419840, module 10 Device AUDIO_DEVICE_OUT_TELEPHONY_TX, @:, SamplingRate 48000, Format 0x000001, Channels 0x3, flags 0
07-17 12:06:03.011   522   522 W mediaswcodec: libminijail[522]: compile_file: /apex/com.android.media.swcodec/etc/seccomp_policy/crash_dump.x86_64.policy(1): syscall read redefined here
07-17 12:06:03.011   522   522 W mediaswcodec: libminijail[522]: compile_file: <fd>(15): previous definition here
07-17 12:06:03.011   522   522 W mediaswcodec: libminijail[522]: compile_file: /apex/com.android.media.swcodec/etc/seccomp_policy/crash_dump.x86_64.policy(2): syscall write redefined here
07-17 12:06:03.011   522   522 W mediaswcodec: libminijail[522]: compile_file: <fd>(58): previous definition here
07-17 12:06:03.011   522   522 W mediaswcodec: libminijail[522]: compile_file: /apex/com.android.media.swcodec/etc/seccomp_policy/crash_dump.x86_64.policy(3): syscall exit redefined here
07-17 12:06:03.011   522   522 W mediaswcodec: libminijail[522]: compile_file: <fd>(45): previous definition here
07-17 12:06:03.011   522   522 W mediaswcodec: libminijail[522]: compile_file: /apex/com.android.media.swcodec/etc/seccomp_policy/crash_dump.x86_64.policy(4): syscall rt_sigreturn redefined here
07-17 12:06:03.011   522   522 W mediaswcodec: libminijail[522]: compile_file: <fd>(47): previous definition here
07-17 12:06:03.011   522   522 W mediaswcodec: libminijail[522]: compile_file: /apex/com.android.media.swcodec/etc/seccomp_policy/crash_dump.x86_64.policy(5): syscall exit_group redefined here
07-17 12:06:03.011   522   522 W mediaswcodec: libminijail[522]: compile_file: <fd>(46): previous definition here
07-17 12:06:03.011   522   522 W mediaswcodec: libminijail[522]: compile_file: /apex/com.android.media.swcodec/etc/seccomp_policy/crash_dump.x86_64.policy(8): syscall futex redefined here
07-17 12:06:03.011   522   522 W mediaswcodec: libminijail[522]: compile_file: <fd>(36): previous definition here
07-17 12:06:03.011   522   522 W mediaswcodec: libminijail[522]: compile_file: /apex/com.android.media.swcodec/etc/seccomp_policy/crash_dump.x86_64.policy(10): syscall getpid redefined here
07-17 12:06:03.011   522   522 W mediaswcodec: libminijail[522]: compile_file: <fd>(69): previous definition here
07-17 12:06:03.011   522   522 W mediaswcodec: libminijail[522]: compile_file: /apex/com.android.media.swcodec/etc/seccomp_policy/crash_dump.x86_64.policy(11): syscall gettid redefined here
07-17 12:06:03.011   522   522 W mediaswcodec: libminijail[522]: compile_file: <fd>(67): previous definition here
07-17 12:06:03.011   522   522 W mediaswcodec: libminijail[522]: compile_file: /apex/com.android.media.swcodec/etc/seccomp_policy/crash_dump.x86_64.policy(14): syscall openat redefined here
07-17 12:06:03.011   522   522 W mediaswcodec: libminijail[522]: compile_file: <fd>(18): previous definition here
07-17 12:06:03.011   522   522 W mediaswcodec: libminijail[522]: compile_file: /apex/com.android.media.swcodec/etc/seccomp_policy/crash_dump.x86_64.policy(15): syscall dup redefined here
07-17 12:06:03.011   522   522 W mediaswcodec: libminijail[522]: compile_file: <fd>(56): previous definition here
07-17 12:06:03.011   522   522 W mediaswcodec: libminijail[522]: compile_file: /apex/com.android.media.swcodec/etc/seccomp_policy/crash_dump.x86_64.policy(16): syscall close redefined here
07-17 12:06:03.011   522   522 W mediaswcodec: libminijail[522]: compile_file: <fd>(25): previous definition here
07-17 12:06:03.011   522   522 W mediaswcodec: libminijail[522]: compile_file: /apex/com.android.media.swcodec/etc/seccomp_policy/crash_dump.x86_64.policy(17): syscall lseek redefined here
07-17 12:06:03.011   522   522 W mediaswcodec: libminijail[522]: compile_file: <fd>(40): previous definition here
07-17 12:06:03.011   522   522 W mediaswcodec: libminijail[522]: compile_file: /apex/com.android.media.swcodec/etc/seccomp_policy/crash_dump.x86_64.policy(19): syscall faccessat redefined here
07-17 12:06:03.011   522   522 W mediaswcodec: libminijail[522]: compile_file: <fd>(38): previous definition here
07-17 12:06:03.011   522   522 W mediaswcodec: libminijail[522]: compile_file: /apex/com.android.media.swcodec/etc/seccomp_policy/crash_dump.x86_64.policy(28): syscall prctl redefined here
07-17 12:06:03.011   522   522 W mediaswcodec: libminijail[522]: compile_file: <fd>(17): previous definition here
07-17 12:06:03.012   522   522 W mediaswcodec: libminijail[522]: compile_file: /apex/com.android.media.swcodec/etc/seccomp_policy/crash_dump.x86_64.policy(29): syscall madvise redefined here
07-17 12:06:03.012   522   522 W mediaswcodec: libminijail[522]: compile_file: <fd>(33): previous definition here
07-17 12:06:03.012   522   522 W mediaswcodec: libminijail[522]: compile_file: /apex/com.android.media.swcodec/etc/seccomp_policy/crash_dump.x86_64.policy(30): syscall mprotect redefined here
07-17 12:06:03.012   522   522 W mediaswcodec: libminijail[522]: compile_file: <fd>(16): previous definition here
07-17 12:06:03.012   522   522 W mediaswcodec: libminijail[522]: compile_file: /apex/com.android.media.swcodec/etc/seccomp_policy/crash_dump.x86_64.policy(31): syscall munmap redefined here
07-17 12:06:03.012   522   522 W mediaswcodec: libminijail[522]: compile_file: <fd>(37): previous definition here
07-17 12:06:03.012   522   522 W mediaswcodec: libminijail[522]: compile_file: /apex/com.android.media.swcodec/etc/seccomp_policy/crash_dump.x86_64.policy(32): syscall getuid redefined here
07-17 12:06:03.012   522   522 W mediaswcodec: libminijail[522]: compile_file: <fd>(21): previous definition here
07-17 12:06:03.012   522   522 W mediaswcodec: libminijail[522]: compile_file: /apex/com.android.media.swcodec/etc/seccomp_policy/crash_dump.x86_64.policy(33): syscall fstat redefined here
07-17 12:06:03.012   522   522 W mediaswcodec: libminijail[522]: compile_file: <fd>(29): previous definition here
07-17 12:06:03.012   522   522 W mediaswcodec: libminijail[522]: compile_file: /apex/com.android.media.swcodec/etc/seccomp_policy/crash_dump.x86_64.policy(34): syscall mmap redefined here
07-17 12:06:03.012   522   522 W mediaswcodec: libminijail[522]: compile_file: <fd>(27): previous definition here
07-17 12:06:03.012   431   431 I AudioFlinger: HAL output buffer size 1056 frames, normal sink buffer size 1056 frames
07-17 12:06:03.012   431   431 D AudioFlinger: Failed to add event callback
07-17 12:06:03.013   522   522 W mediaswcodec: libminijail[522]: logging seccomp filter failures
07-17 12:06:03.013   522   522 I CodecServiceRegistrant: Creating software Codec2 service...
07-17 12:06:03.014   394   394 E android.hardware.audio@7.1-impl.ranchu: device/generic/goldfish/audio/primary_device.cpp:getParameters:211 failure: Result::NOT_SUPPORTED
07-17 12:06:03.014   431   431 E APM_AudioPolicyManager: invalid volume index range
07-17 12:06:03.014   431   431 E APM_AudioPolicyManager: invalid volume index range
07-17 12:06:03.014   431   431 E APM_AudioPolicyManager: invalid volume index range
07-17 12:06:03.014   431   431 V APM_AudioPolicyManager: checkAndSetVolume cannot set volume group 4 volume when is not requested for comm
07-17 12:06:03.014   431   431 E APM_AudioPolicyManager: invalid volume index range
07-17 12:06:03.014   431   431 E APM_AudioPolicyManager: invalid volume index range
07-17 12:06:03.014   431   431 E APM_AudioPolicyManager: invalid volume index range
07-17 12:06:03.014   431   431 E APM_AudioPolicyManager: invalid volume index range
07-17 12:06:03.018   522   522 D C2Store : Default ION heapmask = -1
07-17 12:06:03.018   522   522 D C2Store : Default ION flags = 0
07-17 12:06:03.018   522   522 D C2Store : Default ION align = 0
07-17 12:06:03.021   431   431 E APM_AudioPolicyManager: invalid volume index range
07-17 12:06:03.021   431   431 E APM_AudioPolicyManager: invalid volume index range
07-17 12:06:03.021   431   431 E APM_AudioPolicyManager: invalid volume index range
07-17 12:06:03.021   431   431 E APM_AudioPolicyManager: invalid volume index range
07-17 12:06:03.022   431   431 V APM_AudioPolicyManager: selectOutputForMusicEffects selected output 13
07-17 12:06:03.022   431   431 V APM_AudioPolicyManager: setOutputDevices device {AUDIO_DEVICE_OUT_TELEPHONY_TX, @:} delayMs 0
07-17 12:06:03.022   431   431 V APM_AudioPolicyManager: setOutputDevices() prevDevice {AUDIO_DEVICE_OUT_TELEPHONY_TX, @:}
07-17 12:06:03.022   431   431 V APM_AudioPolicyManager: setOutputDevices changing device to {AUDIO_DEVICE_OUT_TELEPHONY_TX, @:}
07-17 12:06:03.025   431   559 I AudioFlinger: AudioFlinger's thread 0x7ecce56e79a0 tid=559 ready to run
07-17 12:06:03.025   431   559 W AudioFlinger: no wake lock to update, system not ready yet
07-17 12:06:03.025   431   559 D AudioFlinger: ro.audio.silent is ignored since no output device is set
07-17 12:06:03.025   522   522 I HidlServiceManagement: Registered android.hardware.media.c2@1.2::IComponentStore/software
07-17 12:06:03.026   394   394 E android.hardware.audio@7.1-impl.ranchu: device/generic/goldfish/audio/stream_out.cpp:getPresentationPosition:475 failure: Result::INVALID_STATE
07-17 12:06:03.026   522   522 I CodecServiceRegistrant: Preferred Codec2 store is set to "default".
07-17 12:06:03.026   522   522 I CodecServiceRegistrant: Software Codec2 service created and registered.
07-17 12:06:03.027   431   431 V APM_AudioPolicyManager: setOutputDevices() AF::createAudioPatch returned 0 patchHandle 20 num_sources 1 num_sinks 1
07-17 12:06:03.027   431   431 E APM_AudioPolicyManager: invalid volume index range
07-17 12:06:03.028   431   431 E APM_AudioPolicyManager: invalid volume index range
07-17 12:06:03.028   431   431 E APM_AudioPolicyManager: invalid volume index range
07-17 12:06:03.028   431   431 V APM_AudioPolicyManager: checkAndSetVolume cannot set volume group 4 volume when is not requested for comm
07-17 12:06:03.030   431   431 E APM_AudioPolicyManager: invalid volume index range
07-17 12:06:03.030   482   564 I adbd    : host-19: read thread spawning
07-17 12:06:03.030   482   482 I adbd    : host-19: already offline
07-17 12:06:03.031   482   482 I adbd    : authentication not required
07-17 12:06:03.031   431   431 E APM_AudioPolicyManager: invalid volume index range
07-17 12:06:03.031   431   431 E APM_AudioPolicyManager: invalid volume index range
07-17 12:06:03.031   431   431 E APM_AudioPolicyManager: invalid volume index range
07-17 12:06:03.031   431   431 E APM_AudioPolicyManager: invalid volume index range
07-17 12:06:03.031   431   431 E APM_AudioPolicyManager: invalid volume index range
07-17 12:06:03.031   431   431 E APM_AudioPolicyManager: invalid volume index range
07-17 12:06:03.032   431   431 E APM_AudioPolicyManager: invalid volume index range
07-17 12:06:03.033   482   562 I adbd    : host-18: read thread spawning
07-17 12:06:03.040   482   563 I adbd    : host-18: write thread spawning
07-17 12:06:03.041   482   565 I adbd    : host-19: write thread spawning
07-17 12:06:03.042   496   496 I cameraserver: ServiceManager: 0x74bd0e1e6080
07-17 12:06:03.042   496   496 I CameraService: CameraService started (pid=496)
07-17 12:06:03.043   496   496 I CameraService: CameraService process starting
07-17 12:06:03.044   496   496 W BatteryNotifier: batterystats service unavailable!
07-17 12:06:03.044   496   496 W BatteryNotifier: batterystats service unavailable!
07-17 12:06:03.047   496   496 I cameraserver: Connecting to new camera provider: legacy/0, isRemote? 1
07-17 12:06:03.048   496   496 I CameraProviderManager: Camera provider legacy/0 ready with 0 camera devices
07-17 12:06:03.050   496   496 I cameraserver: Connecting to new camera provider: internal/0, isRemote? 1
07-17 12:06:03.055   431   566 I AudioFlinger: AudioFlinger's thread 0x7ecce565ebb0 tid=566 ready to run
07-17 12:06:03.057   431   572 I AudioFlinger: AudioFlinger's thread 0x7ecce53eabb0 tid=572 ready to run
07-17 12:06:03.057   496   496 I CameraProviderManager: Enumerating new camera device: device@1.1/internal/1
07-17 12:06:03.057   398   398 I EmulatedCameraDeviceHwlImpl: Create: Created EmulatedCameraDeviceHwlImpl for camera 1
07-17 12:06:03.057   431   572 W AudioFlinger: no wake lock to update, system not ready yet
07-17 12:06:03.057   398   398 D GCH_Utils: FindLibraryPaths: Unable to open directory /vendor/lib64/camera/capture_sessions/ (No such file or directory)
07-17 12:06:03.057   398   398 I GCH_CameraDevice: Create: Created a camera device for public(1)
07-17 12:06:03.058   398   398 W GCH_HalVendorTags: ModifyCharacteristicsKeys: failed to get ANDROID_REQUEST_AVAILABLE_SESSION_KEYS
07-17 12:06:03.058   496   496 E CameraProviderManager: addDynamicDepthTags: Advertised depth exclusive tag but value is not present!
07-17 12:06:03.058   496   496 E cameraserver: AidlDeviceInfo3: Failed appending dynamic depth tags: Invalid argument (-22)
07-17 12:06:03.059   398   398 W GCH_HalVendorTags: ModifyCharacteristicsKeys: failed to get ANDROID_REQUEST_AVAILABLE_SESSION_KEYS
07-17 12:06:03.059   398   398 W GCH_HalVendorTags: ModifyCharacteristicsKeys: failed to get ANDROID_REQUEST_AVAILABLE_SESSION_KEYS
07-17 12:06:03.059   496   496 I CameraProviderManager: Enumerating new camera device: device@1.1/internal/0
07-17 12:06:03.059   398   398 W StreamConfigurationMap: StreamConfigurationMap: ANDROID_SCALER_AVAILABLE_STREAM_CONFIGURATIONS missing, maxResolution ? true!
07-17 12:06:03.059   398   398 W StreamConfigurationMap: StreamConfigurationMap: ANDROID_SCALER_AVAILABLE_MIN_FRAME_DURATIONS missing!, max resolution ? true
07-17 12:06:03.059   398   398 W StreamConfigurationMap: StreamConfigurationMap: ANDROID_SCALER_AVAILABLE_STALL_DURATIONS missing! maxResolution ? true
07-17 12:06:03.059   398   398 I EmulatedCameraDeviceHwlImpl: Create: Created EmulatedCameraDeviceHwlImpl for camera 0
07-17 12:06:03.059   398   398 D GCH_Utils: FindLibraryPaths: Unable to open directory /vendor/lib64/camera/capture_sessions/ (No such file or directory)
07-17 12:06:03.059   398   398 I GCH_CameraDevice: Create: Created a camera device for public(0)
07-17 12:06:03.060   496   496 I CameraProviderManager: Camera provider internal/0 ready with 2 camera devices
07-17 12:06:03.060   496   496 I CameraService: onDeviceStatusChanged: Status changed for cameraId=0, newStatus=1
07-17 12:06:03.060   496   496 I CameraService: onDeviceStatusChanged: Unknown camera ID 0, a new camera is added
07-17 12:06:03.060   496   569 W CameraProviderManager: addHidlProviderLocked: Camera provider HAL with name 'legacy/0' already registered
07-17 12:06:03.060   496   496 I CameraService: onDeviceStatusChanged: Status changed for cameraId=1, newStatus=1
07-17 12:06:03.060   496   496 I CameraService: onDeviceStatusChanged: Unknown camera ID 1, a new camera is added
07-17 12:06:03.060   496   496 I cameraserver: Waiting for activity service
07-17 12:06:03.061   517   517 I mediaserver: ServiceManager: 0x7de9747daa90
07-17 12:06:03.061   517   517 W BatteryNotifier: batterystats service unavailable!
07-17 12:06:03.062   517   517 W BatteryNotifier: batterystats service unavailable!
07-17 12:06:03.076   547   547 I BootAnimation: boot animation disabled
07-17 12:06:03.077   431   572 W AudioFlinger: no wake lock to update, system not ready yet
07-17 12:06:03.101   431   576 I AudioFlinger: AudioFlinger's thread 0x7ecce565ebb0 tid=576 ready to run
07-17 12:06:03.102   394   394 E DevicesFactoryHAL: loadAudioInterface couldn't load audio hw module audio.a2dp (No such file or directory)
07-17 12:06:03.102   431   431 W DevicesFactoryHalHidl: The specified device name is not recognized: "a2dp"
07-17 12:06:03.102   431   431 E AudioFlinger: loadHwModule() error -22 loading module a2dp
07-17 12:06:03.102   431   431 W APM_AudioPolicyManager: could not open HW module a2dp
07-17 12:06:03.103   394   394 I r_submix: adev_open(name=audio_hw_if)
07-17 12:06:03.104   394   394 I r_submix: adev_init_check()
07-17 12:06:03.104   431   431 I AudioFlinger: loadHwModule() Loaded r_submix audio interface, handle 18
07-17 12:06:03.104   394   394 D r_submix: adev_open_input_stream(addr=0)
07-17 12:06:03.104   394   394 I r_submix: adev_open_input_stream(): about to create pipe at index 9, rate 48000, pipe size 4096
07-17 12:06:03.104   394   394 D r_submix: submix_audio_device_create_pipe_l(addr=0, idx=9)
07-17 12:06:03.104   394   394 D r_submix:   now using address 0 for route 9
07-17 12:06:03.119   389   389 D zygote64: Time zone APEX ICU file found: /apex/com.android.tzdata/etc/icu/icu_tzdata.dat
07-17 12:06:03.120   389   389 D zygote64: I18n APEX ICU file found: /apex/com.android.i18n/etc/icu/icudt70l.dat
07-17 12:06:03.141   431   578 I AudioFlinger: AudioFlinger's thread 0x7ecce565ebb0 tid=578 ready to run
07-17 12:06:03.142   394   394 D r_submix: adev_close_input_stream()
07-17 12:06:03.142   394   394 D r_submix: submix_audio_device_release_pipe_l(idx=9) addr=0
07-17 12:06:03.142   394   394 D r_submix: submix_audio_device_destroy_pipe_l(): pipe destroyed
07-17 12:06:03.144   431   431 I AudioFlinger: loadHwModule() Loaded bluetooth audio interface, handle 26
07-17 12:06:03.145   431   431 I audioserver: Waiting for activity service
07-17 12:06:03.191   389   389 I snet_event_log: [200284993,-1,]
07-17 12:06:03.191   389   389 I zygote64: Using memfd for future sealing
07-17 12:06:03.195   389   389 W zygote64: Unexpected CPU variant for x86: x86_64.
07-17 12:06:03.195   389   389 W zygote64: Known variants: atom, sandybridge, silvermont, kabylake, default
07-17 12:06:03.387   389   389 I boot_progress_preload_start: 9991
07-17 12:06:03.387   389   389 D Zygote  : begin preload
07-17 12:06:03.387   389   389 I Zygote  : Calling ZygoteHooks.beginPreload()
07-17 12:06:03.468   389   389 V Zygote64Timing: BeginPreload took to complete: 82ms
07-17 12:06:03.468   389   389 I Zygote  : Preloading classes...
07-17 12:06:03.543   389   581 I zygote64: Verified 4433 classes from mainline modules in 283.348ms
07-17 12:06:03.552   389   389 I Typeface: Preloading /system/fonts/Roboto-Regular.ttf
07-17 12:06:03.556   389   389 I Typeface: Preloading /system/fonts/RobotoStatic-Regular.ttf
07-17 12:06:03.594   389   389 E ActivityRecognitionHardware: activity_recognition HAL is deprecated. class_init is effectively a no-op
07-17 12:06:03.650   495   495 I bt_vhci_forwarder: ignore 0xff packet
07-17 12:06:03.765   482   506 I adbd    : adbd mDNS service _adb._tcp registered: 1
07-17 12:06:03.822   389   389 D MtpDeviceJNI: register_android_mtp_MtpDevice
07-17 12:06:03.843   389   389 I zygote64: Thread[1,tid=389,Native,Thread*=0x7497d5e5bbe0,peer=0x13340000,"main"] recursive attempt to load library "librtp_jni.so"
07-17 12:06:04.061   409   450 D goldfish-address-space: claimShared: Ask to claim region [0x3fd2e0000 0x3fd2f0000]
07-17 12:06:04.062   409   450 D goldfish-address-space: claimShared: Ask to claim region [0x3fd2f0000 0x3fd310000]
07-17 12:06:04.280   389   389 I Zygote  : ...preloaded 16252 classes in 812ms.
07-17 12:06:04.280   389   389 V Zygote64Timing: PreloadClasses took to complete: 812ms
07-17 12:06:04.283   389   389 D nativeloader: Configuring classloader-namespace-shared for other apk /system/framework/android.hidl.base-V1.0-java.jar. target_sdk_version=33, uses_libraries=, library_path=, permitted_path=/data:/mnt/expand
07-17 12:06:04.284   389   389 D ApplicationLoaders: Created zygote-cached class loader: /system/framework/android.hidl.base-V1.0-java.jar
07-17 12:06:04.285   389   389 D nativeloader: Configuring classloader-namespace-shared for other apk /system/framework/android.hidl.manager-V1.0-java.jar. target_sdk_version=33, uses_libraries=, library_path=, permitted_path=/data:/mnt/expand
07-17 12:06:04.286   389   389 D ApplicationLoaders: Created zygote-cached class loader: /system/framework/android.hidl.manager-V1.0-java.jar
07-17 12:06:04.287   389   389 D nativeloader: Configuring classloader-namespace-shared for other apk /system/framework/android.test.base.jar. target_sdk_version=33, uses_libraries=, library_path=, permitted_path=/data:/mnt/expand
07-17 12:06:04.287   389   389 D ApplicationLoaders: Created zygote-cached class loader: /system/framework/android.test.base.jar
07-17 12:06:04.287   389   389 V Zygote64Timing: CacheNonBootClasspathClassLoaders took to complete: 7ms
07-17 12:06:04.288   389   389 I Zygote  : Preloading resources...
07-17 12:06:04.304   389   389 W Resources: Preloaded drawable resource #0x1080287 (android:drawable/dialog_background_material) that varies with configuration!!
07-17 12:06:04.313   389   389 I Zygote  : ...preloaded 64 resources in 26ms.
07-17 12:06:04.315   389   389 I Zygote  : ...preloaded 41 resources in 1ms.
07-17 12:06:04.315   389   389 V Zygote64Timing: PreloadResources took to complete: 27ms
07-17 12:06:04.323   389   389 I Zygote  : Preloading shared libraries...
07-17 12:06:04.326   389   389 E zygote64: Unable to find pattern file or unable to map it for am
07-17 12:06:04.329   389   389 I Zygote  : Called ZygoteHooks.endPreload()
07-17 12:06:04.330   389   389 I Zygote  : Installed AndroidKeyStoreProvider in 0ms.
07-17 12:06:04.331   389   389 I Zygote  : Warmed up JCA providers in 1ms.
07-17 12:06:04.331   389   389 D Zygote  : end preload
07-17 12:06:04.331   389   389 I boot_progress_preload_end: 10935
07-17 12:06:04.331   389   389 V Zygote64Timing: ZygotePreload took to complete: 944ms
07-17 12:06:04.370   389   389 I zygote64: Explicit concurrent copying GC freed 27666(1677KB) AllocSpace objects, 1(20KB) LOS objects, 49% free, 9874KB/19MB, paused 16us,7us total 39.341ms
07-17 12:06:04.401   389   389 I zygote64: Explicit concurrent copying GC freed 9018(340KB) AllocSpace objects, 1(28KB) LOS objects, 49% free, 9538KB/18MB, paused 8us,7us total 29.115ms
07-17 12:06:04.401   389   389 V Zygote64Timing: PostZygoteInitGC took to complete: 70ms
07-17 12:06:04.401   389   389 V Zygote64Timing: ZygoteInit took to complete: 1024ms
07-17 12:06:04.595   389   389 D Zygote  : Forked child process 592
07-17 12:06:04.595   389   389 I Zygote  : System server process 592 has been created
07-17 12:06:04.597   389   389 I Zygote  : Accepting command socket connections
07-17 12:06:04.745   592   592 D nativeloader: Configuring classloader-namespace-shared for other apk /system/framework/com.android.location.provider.jar:/system/framework/services.jar:/apex/com.android.adservices/javalib/service-adservices.jar:/apex/com.android.adservices/javalib/service-sdksandbox.jar:/apex/com.android.appsearch/javalib/service-appsearch.jar:/apex/com.android.art/javalib/service-art.jar:/apex/com.android.media/javalib/service-media-s.jar:/apex/com.android.permission/javalib/service-permission.jar. target_sdk_version=10000, uses_libraries=ALL, library_path=/system/lib64:/system_ext/lib64, permitted_path=/data:/mnt/expand:/system/lib64:/system_ext/lib64
07-17 12:06:04.753   592   592 D nativeloader: Configuring classloader-namespace-shared for other apk /apex/com.android.btservices/javalib/service-bluetooth.jar. target_sdk_version=33, uses_libraries=ALL, library_path=, permitted_path=/data:/mnt/expand
07-17 12:06:04.757   592   592 D nativeloader: Configuring classloader-namespace-shared for other apk /apex/com.android.os.statsd/javalib/service-statsd.jar. target_sdk_version=33, uses_libraries=ALL, library_path=, permitted_path=/data:/mnt/expand
07-17 12:06:04.760   592   592 D nativeloader: Configuring classloader-namespace-shared for other apk /apex/com.android.scheduling/javalib/service-scheduling.jar. target_sdk_version=33, uses_libraries=ALL, library_path=, permitted_path=/data:/mnt/expand
07-17 12:06:04.771   592   592 D nativeloader: Configuring classloader-namespace-shared for other apk /apex/com.android.tethering/javalib/service-connectivity.jar. target_sdk_version=33, uses_libraries=ALL, library_path=, permitted_path=/data:/mnt/expand
07-17 12:06:04.783   592   592 D nativeloader: Configuring classloader-namespace-shared for other apk /apex/com.android.uwb/javalib/service-uwb.jar. target_sdk_version=33, uses_libraries=ALL, library_path=, permitted_path=/data:/mnt/expand
07-17 12:06:04.804   592   592 D nativeloader: Configuring classloader-namespace-shared for other apk /apex/com.android.wifi/javalib/service-wifi.jar. target_sdk_version=33, uses_libraries=ALL, library_path=, permitted_path=/data:/mnt/expand
07-17 12:06:04.810   592   592 W system_server: Unexpected CPU variant for x86: x86_64.
07-17 12:06:04.810   592   592 W system_server: Known variants: atom, sandybridge, silvermont, kabylake, default
07-17 12:06:04.812   592   592 W system_server: Failed to upload odrefresh metrics: metrics file '/data/misc/odrefresh/odrefresh-metrics.txt' could not be opened: No such file or directory
07-17 12:06:04.826   482   509 I adbd    : jdwp connection from 592
07-17 12:06:04.866   592   592 D SystemServerTiming: InitBeforeStartServices
07-17 12:06:04.867   592   592 I system_server_start: [1,11463,11463]
07-17 12:06:04.868   592   592 I SystemServer: Entered the Android system server!
07-17 12:06:04.868   592   592 I boot_progress_system_run: 11473
07-17 12:06:05.086   592   592 I SystemServerInitThreadPool: Creating instance with 4 threads
07-17 12:06:05.335   592   592 V SystemServerTiming: InitBeforeStartServices took to complete: 470ms
07-17 12:06:05.335   592   592 D SystemServerTiming: StartServices
07-17 12:06:05.336   592   592 D SystemServerTiming: startBootstrapServices
07-17 12:06:05.336   592   592 D SystemServerTiming: StartWatchdog
07-17 12:06:05.342   592   592 V SystemServerTiming: StartWatchdog took to complete: 7ms
07-17 12:06:05.343   592   592 I SystemServer: Reading configuration...
07-17 12:06:05.343   592   592 D SystemServerTiming: ReadingSystemConfig
07-17 12:06:05.343   592   592 V SystemServerTiming: ReadingSystemConfig took to complete: 1ms
07-17 12:06:05.343   592   592 D SystemServerTiming: PlatformCompat
07-17 12:06:05.343   592   616 D SystemServerTimingAsync: InitThreadPoolExec:ReadingSystemConfig
07-17 12:06:05.343   592   616 D SystemServerInitThreadPool: Started executing ReadingSystemConfig
07-17 12:06:05.344   592   616 I SystemConfig: Reading permissions from /system/etc/sysconfig/framework-sysconfig.xml
07-17 12:06:05.345   592   592 D CompatConfig: Found a config file: /system/etc/compatconfig/services-platform-compat-config.xml
07-17 12:06:05.345   592   616 I incfs   : Initial API level of the device: 33
07-17 12:06:05.345   592   616 I incfs   : ro.incremental.enable: yes
07-17 12:06:05.345   592   616 I incfs   : isFsAvailable: true
07-17 12:06:05.345   592   616 I incfs   : isFsAvailable: true
07-17 12:06:05.345   592   616 I incfs   : IncFs_Features: v2
07-17 12:06:05.346   592   616 I SystemConfig: Reading permissions from /system/etc/sysconfig/hiddenapi-package-whitelist.xml
07-17 12:06:05.346   592   592 D CompatConfig: Adding: com.android.server.compat.config.Change@7654e3d
07-17 12:06:05.346   592   592 D CompatConfig: Adding: com.android.server.compat.config.Change@4271632
07-17 12:06:05.346   592   592 D CompatConfig: Adding: com.android.server.compat.config.Change@a13df83
07-17 12:06:05.346   592   592 D CompatConfig: Adding: com.android.server.compat.config.Change@ae24500
07-17 12:06:05.346   592   592 D CompatConfig: Adding: com.android.server.compat.config.Change@15d9139
07-17 12:06:05.346   592   592 D CompatConfig: Adding: com.android.server.compat.config.Change@22c637e
07-17 12:06:05.346   592   592 D CompatConfig: Adding: com.android.server.compat.config.Change@4aaf0df
07-17 12:06:05.346   592   592 D CompatConfig: Adding: com.android.server.compat.config.Change@da6b12c
07-17 12:06:05.346   592   592 D CompatConfig: Adding: com.android.server.compat.config.Change@dfd07f5
07-17 12:06:05.346   592   592 D CompatConfig: Adding: com.android.server.compat.config.Change@9a7398a
07-17 12:06:05.346   592   592 D CompatConfig: Adding: com.android.server.compat.config.Change@a77bbfb
07-17 12:06:05.346   592   592 D CompatConfig: Adding: com.android.server.compat.config.Change@f63b418
07-17 12:06:05.346   592   592 D CompatConfig: Adding: com.android.server.compat.config.Change@5476456
07-17 12:06:05.346   592   592 D CompatConfig: Adding: com.android.server.compat.config.Change@7c1cd7
07-17 12:06:05.346   592   616 I SystemConfig: Reading permissions from /system/etc/sysconfig/preinstalled-packages-platform.xml
07-17 12:06:05.347   592   592 D CompatConfig: Adding: com.android.server.compat.config.Change@aebf9c4
07-17 12:06:05.347   592   592 D CompatConfig: Adding: com.android.server.compat.config.Change@e2b40ad
07-17 12:06:05.347   592   592 D CompatConfig: Adding: com.android.server.compat.config.Change@8ed6fe2
07-17 12:06:05.347   592   592 D CompatConfig: Adding: com.android.server.compat.config.Change@ffbaf73
07-17 12:06:05.347   592   592 D CompatConfig: Adding: com.android.server.compat.config.Change@390ee30
07-17 12:06:05.347   592   592 D CompatConfig: Adding: com.android.server.compat.config.Change@6683aa9
07-17 12:06:05.347   592   592 D CompatConfig: Adding: com.android.server.compat.config.Change@3f6a82e
07-17 12:06:05.347   592   592 D CompatConfig: Adding: com.android.server.compat.config.Change@8d7cfcf
07-17 12:06:05.347   592   592 D CompatConfig: Adding: com.android.server.compat.config.Change@e4ebd5c
07-17 12:06:05.347   592   592 D CompatConfig: Adding: com.android.server.compat.config.Change@660d865
07-17 12:06:05.347   592   592 D CompatConfig: Adding: com.android.server.compat.config.Change@c49193a
07-17 12:06:05.347   592   592 D CompatConfig: Adding: com.android.server.compat.config.Change@dab99eb
07-17 12:06:05.347   592   592 D CompatConfig: Adding: com.android.server.compat.config.Change@1b85348
07-17 12:06:05.347   592   592 D CompatConfig: Adding: com.android.server.compat.config.Change@68b95e1
07-17 12:06:05.347   592   592 D CompatConfig: Adding: com.android.server.compat.config.Change@e1f8f06
07-17 12:06:05.347   592   592 D CompatConfig: Adding: com.android.server.compat.config.Change@5a7e9c7
07-17 12:06:05.347   592   592 D CompatConfig: Adding: com.android.server.compat.config.Change@8a35bf4
07-17 12:06:05.347   592   592 D CompatConfig: Adding: com.android.server.compat.config.Change@64aaf1d
07-17 12:06:05.347   592   592 D CompatConfig: Adding: com.android.server.compat.config.Change@c959592
07-17 12:06:05.347   592   592 D CompatConfig: Adding: com.android.server.compat.config.Change@2f5b63
07-17 12:06:05.347   592   592 D CompatConfig: Adding: com.android.server.compat.config.Change@3944360
07-17 12:06:05.347   592   592 D CompatConfig: Adding: com.android.server.compat.config.Change@ee82019
07-17 12:06:05.347   592   592 D CompatConfig: Adding: com.android.server.compat.config.Change@ef378de
07-17 12:06:05.347   592   592 D CompatConfig: Adding: com.android.server.compat.config.Change@4ea358c
07-17 12:06:05.347   592   592 D CompatConfig: Adding: com.android.server.compat.config.Change@a51a4d5
07-17 12:06:05.347   592   592 D CompatConfig: Adding: com.android.server.compat.config.Change@6ba44ea
07-17 12:06:05.347   592   616 I SystemConfig: Reading permissions from /system/etc/permissions/org.apache.http.legacy.xml
07-17 12:06:05.347   592   592 D CompatConfig: Adding: com.android.server.compat.config.Change@54ad3db
07-17 12:06:05.347   592   592 D CompatConfig: Adding: com.android.server.compat.config.Change@3cb1e78
07-17 12:06:05.347   592   592 D CompatConfig: Adding: com.android.server.compat.config.Change@994b951
07-17 12:06:05.347   592   592 D CompatConfig: Adding: com.android.server.compat.config.Change@a6fc5b6
07-17 12:06:05.347   592   592 D CompatConfig: Adding: com.android.server.compat.config.Change@98d2b7
07-17 12:06:05.347   592   592 D CompatConfig: Adding: com.android.server.compat.config.Change@1cfaa24
07-17 12:06:05.347   592   592 D CompatConfig: Adding: com.android.server.compat.config.Change@71a998d
07-17 12:06:05.347   592   592 D CompatConfig: Adding: com.android.server.compat.config.Change@12a8742
07-17 12:06:05.347   592   592 D CompatConfig: Adding: com.android.server.compat.config.Change@35de353
07-17 12:06:05.348   592   592 D CompatConfig: Adding: com.android.server.compat.config.Change@f6f4490
07-17 12:06:05.348   592   592 D CompatConfig: Adding: com.android.server.compat.config.Change@a44189
07-17 12:06:05.348   592   592 D CompatConfig: Adding: com.android.server.compat.config.Change@addd58e
07-17 12:06:05.348   592   592 D CompatConfig: Adding: com.android.server.compat.config.Change@15961af
07-17 12:06:05.348   592   592 D CompatConfig: Adding: com.android.server.compat.config.Change@b2c19bc
07-17 12:06:05.348   592   592 D CompatConfig: Adding: com.android.server.compat.config.Change@5066d45
07-17 12:06:05.348   592   592 D CompatConfig: Adding: com.android.server.compat.config.Change@165bc9a
07-17 12:06:05.348   592   592 D CompatConfig: Adding: com.android.server.compat.config.Change@e469cb
07-17 12:06:05.348   592   592 D CompatConfig: Adding: com.android.server.compat.config.Change@77f15a8
07-17 12:06:05.348   592   592 D CompatConfig: Adding: com.android.server.compat.config.Change@1a598c1
07-17 12:06:05.348   592   592 D CompatConfig: Adding: com.android.server.compat.config.Change@e530866
07-17 12:06:05.348   592   592 D CompatConfig: Adding: com.android.server.compat.config.Change@acdd7a7
07-17 12:06:05.348   592   592 D CompatConfig: Adding: com.android.server.compat.config.Change@383e454
07-17 12:06:05.348   592   592 D CompatConfig: Adding: com.android.server.compat.config.Change@bb1fffd
07-17 12:06:05.348   592   616 I SystemConfig: Reading permissions from /system/etc/permissions/android.test.runner.xml
07-17 12:06:05.349   592   616 I SystemConfig: Reading permissions from /system/etc/permissions/android.test.base.xml
07-17 12:06:05.349   592   616 I SystemConfig: Reading permissions from /system/etc/permissions/com.android.media.remotedisplay.xml
07-17 12:06:05.350   592   616 I SystemConfig: Reading permissions from /system/etc/permissions/javax.obex.xml
07-17 12:06:05.350   592   592 D CompatConfig: Found a config file: /system/etc/compatconfig/framework-platform-compat-config.xml
07-17 12:06:05.350   592   616 I SystemConfig: Reading permissions from /system/etc/permissions/android.software.webview.xml
07-17 12:06:05.350   592   616 I SystemConfig: Reading permissions from /system/etc/permissions/com.android.nfc_extras.xml
07-17 12:06:05.351   592   616 I SystemConfig: Reading permissions from /system/etc/permissions/android.test.mock.xml
07-17 12:06:05.351   592   616 I SystemConfig: Reading permissions from /system/etc/permissions/android.software.live_wallpaper.xml
07-17 12:06:05.351   592   592 D CompatConfig: Adding: com.android.server.compat.config.Change@1c75bbb
07-17 12:06:05.351   592   592 D CompatConfig: Adding: com.android.server.compat.config.Change@d7738d8
07-17 12:06:05.351   592   592 D CompatConfig: Adding: com.android.server.compat.config.Change@e253431
07-17 12:06:05.351   592   592 D CompatConfig: Adding: com.android.server.compat.config.Change@aa45716
07-17 12:06:05.351   592   592 D CompatConfig: Adding: com.android.server.compat.config.Change@b85f897
07-17 12:06:05.351   592   592 D CompatConfig: Adding: com.android.server.compat.config.Change@5930a84
07-17 12:06:05.351   592   592 D CompatConfig: Adding: com.android.server.compat.config.Change@2e7e26d
07-17 12:06:05.351   592   592 D CompatConfig: Adding: com.android.server.compat.config.Change@106cea2
07-17 12:06:05.351   592   592 D CompatConfig: Adding: com.android.server.compat.config.Change@6278733
07-17 12:06:05.351   592   592 D CompatConfig: Adding: com.android.server.compat.config.Change@e784af0
07-17 12:06:05.351   592   592 D CompatConfig: Adding: com.android.server.compat.config.Change@5ad3869
07-17 12:06:05.351   592   592 D CompatConfig: Adding: com.android.server.compat.config.Change@c2732ee
07-17 12:06:05.351   592   592 D CompatConfig: Adding: com.android.server.compat.config.Change@49638f
07-17 12:06:05.351   592   592 D CompatConfig: Adding: com.android.server.compat.config.Change@657f225
07-17 12:06:05.351   592   616 I SystemConfig: Reading permissions from /system/etc/permissions/privapp-permissions-google.xml
07-17 12:06:05.351   592   592 D CompatConfig: Adding: com.android.server.compat.config.Change@cd78ffa
07-17 12:06:05.352   592   592 D CompatConfig: Adding: com.android.server.compat.config.Change@b02a9ab
07-17 12:06:05.352   592   592 D CompatConfig: Adding: com.android.server.compat.config.Change@5168808
07-17 12:06:05.352   592   592 D CompatConfig: Adding: com.android.server.compat.config.Change@63a8ba1
07-17 12:06:05.352   592   592 D CompatConfig: Adding: com.android.server.compat.config.Change@cfeb1c6
07-17 12:06:05.352   592   592 D CompatConfig: Adding: com.android.server.compat.config.Change@7c03587
07-17 12:06:05.352   592   592 D CompatConfig: Adding: com.android.server.compat.config.Change@a901cb4
07-17 12:06:05.352   592   592 D CompatConfig: Adding: com.android.server.compat.config.Change@f5340dd
07-17 12:06:05.352   592   592 D CompatConfig: Adding: com.android.server.compat.config.Change@c242452
07-17 12:06:05.352   592   592 D CompatConfig: Adding: com.android.server.compat.config.Change@7e0a323
07-17 12:06:05.352   592   592 D CompatConfig: Adding: com.android.server.compat.config.Change@c6c5020
07-17 12:06:05.352   592   592 D CompatConfig: Adding: com.android.server.compat.config.Change@3480dd9
07-17 12:06:05.352   592   592 D CompatConfig: Adding: com.android.server.compat.config.Change@8bc339e
07-17 12:06:05.352   592   592 D CompatConfig: Adding: com.android.server.compat.config.Change@a104e7f
07-17 12:06:05.352   592   592 D CompatConfig: Adding: com.android.server.compat.config.Change@6164e4c
07-17 12:06:05.352   592   592 D CompatConfig: Adding: com.android.server.compat.config.Change@e22ae95
07-17 12:06:05.352   592   592 D CompatConfig: Adding: com.android.server.compat.config.Change@233ebaa
07-17 12:06:05.352   592   592 D CompatConfig: Adding: com.android.server.compat.config.Change@165539b
07-17 12:06:05.352   592   592 D CompatConfig: Adding: com.android.server.compat.config.Change@c800338
07-17 12:06:05.352   592   592 D CompatConfig: Adding: com.android.server.compat.config.Change@8cc9f11
07-17 12:06:05.352   592   592 D CompatConfig: Adding: com.android.server.compat.config.Change@fbd1876
07-17 12:06:05.352   592   592 D CompatConfig: Adding: com.android.server.compat.config.Change@23b8e77
07-17 12:06:05.352   592   592 D CompatConfig: Adding: com.android.server.compat.config.Change@fce1ae4
07-17 12:06:05.352   592   592 D CompatConfig: Adding: com.android.server.compat.config.Change@74b1b4d
07-17 12:06:05.352   592   592 D CompatConfig: Adding: com.android.server.compat.config.Change@7da4602
07-17 12:06:05.352   592   592 D CompatConfig: Adding: com.android.server.compat.config.Change@d09b13
07-17 12:06:05.352   592   592 D CompatConfig: Adding: com.android.server.compat.config.Change@bc40150
07-17 12:06:05.352   592   592 D CompatConfig: Adding: com.android.server.compat.config.Change@ebb1f49
07-17 12:06:05.352   592   592 D CompatConfig: Adding: com.android.server.compat.config.Change@4aac04e
07-17 12:06:05.352   592   592 D CompatConfig: Adding: com.android.server.compat.config.Change@d9fd56f
07-17 12:06:05.352   592   592 D CompatConfig: Adding: com.android.server.compat.config.Change@2efe27c
07-17 12:06:05.352   592   592 D CompatConfig: Adding: com.android.server.compat.config.Change@f0d6705
07-17 12:06:05.352   592   592 D CompatConfig: Adding: com.android.server.compat.config.Change@f6935a
07-17 12:06:05.352   592   592 D CompatConfig: Adding: com.android.server.compat.config.Change@b7e598b
07-17 12:06:05.352   592   592 D CompatConfig: Adding: com.android.server.compat.config.Change@c826e81
07-17 12:06:05.352   592   592 D CompatConfig: Adding: com.android.server.compat.config.Change@9fa8b26
07-17 12:06:05.352   592   616 I SystemConfig: Reading permissions from /system/etc/permissions/privapp-permissions-platform.xml
07-17 12:06:05.353   592   592 D CompatConfig: Adding: com.android.server.compat.config.Change@b770367
07-17 12:06:05.353   592   592 D CompatConfig: Adding: com.android.server.compat.config.Change@d600514
07-17 12:06:05.353   592   592 D CompatConfig: Adding: com.android.server.compat.config.Change@4e671bd
07-17 12:06:05.353   592   592 D CompatConfig: Adding: com.android.server.compat.config.Change@1f433b2
