--------- beginning of main
07-17 12:05:59.624   234   234 I lowmemorykiller: Using psi monitors for memory pressure detection
07-17 12:05:59.624   234   234 I lowmemorykiller: Process polling is supported
07-17 12:05:59.625   234   234 I lowmemorykiller: Process reaper initialized with 2 threads in the pool
--------- beginning of events
07-17 12:05:59.637   235   235 I snet_event_log: [121035042,-1,]
07-17 12:05:59.640   235   235 I SELinux : SELinux: Loaded service_contexts from:
07-17 12:05:59.640   235   235 I auditd  : SELinux: Loaded service_contexts from:
07-17 12:05:59.640   235   235 I SELinux :     /system/etc/selinux/plat_service_contexts
07-17 12:05:59.640   235   235 I auditd  :     /system/etc/selinux/plat_service_contexts
07-17 12:05:59.640   235   235 I SELinux :     /system_ext/etc/selinux/system_ext_service_contexts
07-17 12:05:59.640   235   235 I auditd  :     /system_ext/etc/selinux/system_ext_service_contexts
07-17 12:05:59.640   235   235 I SELinux :     /vendor/etc/selinux/vendor_service_contexts
07-17 12:05:59.640   235   235 I auditd  :     /vendor/etc/selinux/vendor_service_contexts
07-17 12:05:54.170   233   233 I auditd  : type=2000 audit(0.0:1): state=initialized audit_enabled=0 res=1
07-17 12:05:54.170   233   233 W auditd  : type=2000 audit(0.0:1): state=initialized audit_enabled=0 res=1
07-17 12:05:59.655   242   242 I qemu-props: connected to 'boot-properties' qemud service.
07-17 12:05:59.656   242   242 I qemu-props: receiving..
07-17 12:05:59.656   242   242 I qemu-props: received: ro.opengles.version=196608
07-17 12:05:59.656   242   242 I qemu-props: ignoring 'ro.opengles.version' property
07-17 12:05:59.656   242   242 I qemu-props: receiving..
07-17 12:05:59.656   242   242 I qemu-props: received: qemu.sf.fake_camera=both
07-17 12:05:59.656   242   242 I qemu-props: successfully set property 'vendor.qemu.sf.fake_camera' to 'both'
07-17 12:05:59.656   242   242 I qemu-props: receiving..
07-17 12:05:59.656   242   242 I qemu-props: received: dalvik.vm.heapsize=576m
07-17 12:05:59.656   242   242 I qemu-props: ignoring 'dalvik.vm.heapsize' property
07-17 12:05:59.656   242   242 I qemu-props: receiving..
07-17 12:05:59.656   242   242 I qemu-props: received: qemu.hw.mainkeys=0
07-17 12:05:59.656   242   242 I qemu-props: successfully set property 'qemu.hw.mainkeys' to '0'
07-17 12:05:59.656   242   242 I qemu-props: receiving..
07-17 12:05:59.656   242   242 I qemu-props: received: qemu.sf.lcd_density=320
07-17 12:05:59.656   242   242 I qemu-props: successfully set property 'qemu.sf.lcd_density' to '320'
07-17 12:05:59.656   242   242 I qemu-props: receiving..
07-17 12:05:59.656   242   242 I qemu-props: received: net.wifi_mac_prefix=5554
07-17 12:05:59.656   242   242 I qemu-props: successfully set property 'vendor.net.wifi_mac_prefix' to '5554'
07-17 12:05:59.656   242   242 I qemu-props: receiving..
07-17 12:05:59.656   242   242 I qemu-props: received: qemu.timezone=Etc/UTC
07-17 12:05:59.656   242   242 I qemu-props: successfully set property 'vendor.qemu.timezone' to 'Etc/UTC'
07-17 12:05:59.656   242   242 I qemu-props: receiving..
07-17 12:05:59.657   242   242 I qemu-props: successfully set property 'vendor.qemu.vport.bluetooth' to '/dev/vport8p2'
07-17 12:05:59.657   242   242 W qemu-props: could not open '/sys/class/virtio-ports/vport8p0/name'
07-17 12:05:59.657   242   242 I qemu-props: successfully set property 'vendor.qemu.vport.modem' to '/dev/vport9p1'
07-17 12:05:59.657   242   242 W qemu-props: could not open '/sys/class/virtio-ports/vport8p1/name'
07-17 12:05:59.662   236   236 I hwservicemanager: getFrameworkHalManifest: Reading VINTF information.
07-17 12:05:58.112   233   233 I auditd  : type=1403 audit(0.0:2): auid=4294967295 ses=4294967295 lsm=selinux res=1
07-17 12:05:58.112   233   233 W auditd  : type=1403 audit(0.0:2): auid=4294967295 ses=4294967295 lsm=selinux res=1
07-17 12:05:58.116   233   233 I auditd  : type=1404 audit(0.0:3): enforcing=1 old_enforcing=0 auid=4294967295 ses=4294967295 enabled=1 old-enabled=1 lsm=selinux res=1
07-17 12:05:58.116   233   233 W auditd  : type=1404 audit(0.0:3): enforcing=1 old_enforcing=0 auid=4294967295 ses=4294967295 enabled=1 old-enabled=1 lsm=selinux res=1
07-17 12:05:59.665   236   236 I hwservicemanager: getDeviceHalManifest: Reading VINTF information.
07-17 12:05:59.675   236   236 I hwservicemanager: getDeviceHalManifest: Successfully processed VINTF information
07-17 12:05:59.675   236   236 I hwservicemanager: getFrameworkHalManifest: Successfully processed VINTF information
07-17 12:05:59.698   236   236 I hwservicemanager: hwservicemanager is ready now.
--------- beginning of system
07-17 12:05:59.734   246   246 I vold    : Vold 3.0 (the awakening) firing up
07-17 12:05:59.734   246   246 D vold    : Detected support for: ext4 f2fs vfat
07-17 12:05:59.738   246   246 D vold    : VoldNativeService::start() completed OK
07-17 12:05:59.743   246   253 I vold    : Found disk at /devices/pci0000:00/0000:00:08.0/virtio6/block/vdf but delaying scan due to secure keyguard
07-17 12:05:59.810   235   235 I servicemanager: getDeviceHalManifest: Reading VINTF information.
07-17 12:05:59.812   235   235 I servicemanager: getDeviceHalManifest: Successfully processed VINTF information
07-17 12:05:59.812   235   235 I servicemanager: getFrameworkHalManifest: Reading VINTF information.
07-17 12:05:59.812   235   235 I servicemanager: getFrameworkHalManifest: Successfully processed VINTF information
07-17 12:05:59.813   235   235 I servicemanager: Found android.system.suspend.ISystemSuspend/default in framework VINTF manifest.
07-17 12:05:59.813   255   255 I HidlServiceManagement: Registered android.system.suspend@1.0::ISystemSuspend/default
07-17 12:05:59.814   255   255 I HidlServiceManagement: Removing namespace from process name android.system.suspend@1.0-service to suspend@1.0-service.
07-17 12:05:59.827   257   257 I HidlServiceManagement: Registered android.hardware.atrace@1.0::IAtraceDevice/default
07-17 12:05:59.827   257   257 I HidlServiceManagement: Removing namespace from process name android.hardware.atrace@1.0-service to atrace@1.0-service.
07-17 12:05:59.830   261   261 I fsverity_init: LoadKeyFromFile path=/system/etc/security/fsverity/fsverity-release.x509.der keyname=fsv_system_0
07-17 12:05:59.831   261   261 I fsverity_init: LoadKeyFromFile path=/product/etc/security/fsverity/gms_fsverity_cert.der keyname=fsv_product_0
07-17 12:05:59.838   260   260 I keymaster:  patchlevel string does not match expected format.  Using patchlevel 0
07-17 12:05:59.838   260   260 I android.hardware.security.keymint-service: adding keymint service instance: android.hardware.security.keymint.IKeyMintDevice/default
07-17 12:05:59.839   235   235 I servicemanager: Found android.hardware.security.keymint.IKeyMintDevice/default in device VINTF manifest.
07-17 12:05:59.839   260   260 I android.hardware.security.keymint-service: adding keymint service instance: android.hardware.security.secureclock.ISecureClock/default
07-17 12:05:59.839   235   235 I servicemanager: Found android.hardware.security.secureclock.ISecureClock/default in device VINTF manifest.
07-17 12:05:59.839   260   260 I android.hardware.security.keymint-service: adding keymint service instance: android.hardware.security.sharedsecret.ISharedSecret/default
07-17 12:05:59.839   235   235 I servicemanager: Found android.hardware.security.sharedsecret.ISharedSecret/default in device VINTF manifest.
07-17 12:05:59.839   260   260 I android.hardware.security.keymint-service: adding keymint service instance: android.hardware.security.keymint.IRemotelyProvisionedComponent/default
07-17 12:05:59.839   235   235 I servicemanager: Found android.hardware.security.keymint.IRemotelyProvisionedComponent/default in device VINTF manifest.
07-17 12:05:59.851   246   246 D vold    : fscrypt_mount_metadata_encrypted: /data encrypt: 0 format: 0 with null
07-17 12:05:59.852   246   246 D vold    : metadata_key_dir/key: /metadata/vold/metadata_encryption/key
07-17 12:05:59.852   246   246 D vold    : Key exists, using: /metadata/vold/metadata_encryption/key
07-17 12:05:59.853   235   235 I servicemanager: Since 'android.system.keystore2.IKeystoreService/default' could not be found, trying to start it as a lazy AIDL service
07-17 12:05:59.873   256   256 I keystore2: keystore2_main: Keystore2 is starting.
07-17 12:05:59.873   256   256 I keystore2: keystore2_main: Setting up sqlite logging for keystore2
07-17 12:05:59.878   256   256 W keystore2: keystore2::metrics_store: In update_keystore_crash_sysprop: Failed to read the existing system property due to: In read_keystore_crash_count: Property not set..Therefore, keystore crashes will not be logged.
07-17 12:05:59.881   256   256 I keystore2: keystore2_main: Starting thread pool now.
07-17 12:05:59.882   256   264 I keystore2: getDeviceHalManifest: Reading VINTF information.
07-17 12:05:59.884   256   264 I keystore2: getDeviceHalManifest: Successfully processed VINTF information
07-17 12:05:59.884   256   256 I keystore2: keystore2::globals: KeyMint device is current version (Some(200)) for security level: SecurityLevel(1)
07-17 12:05:59.885   256   264 I keystore2: keystore2::shared_secret_negotiation: Shared secret negotiation concluded successfully.
07-17 12:05:59.886   236   236 I hwservicemanager: getTransport: Cannot find entry android.hardware.keymaster@4.0::IKeymasterDevice/default in either framework or device VINTF manifest.
07-17 12:05:59.886   236   236 I hwservicemanager: getTransport: Cannot find entry android.hardware.keymaster@3.0::IKeymasterDevice/default in either framework or device VINTF manifest.
07-17 12:05:59.886   256   264 I keystore2: keystore2::shared_secret_negotiation: No StrongBox Keymint available, so no RoT transfer
07-17 12:05:59.887   236   236 I hwservicemanager: getTransport: Cannot find entry android.hardware.keymaster@4.0::IKeymasterDevice/default in either framework or device VINTF manifest.
07-17 12:05:59.887   236   236 I hwservicemanager: getTransport: Cannot find entry android.hardware.keymaster@3.0::IKeymasterDevice/default in either framework or device VINTF manifest.
07-17 12:05:59.887   235   235 I servicemanager: Found android.system.keystore2.IKeystoreService/default in framework VINTF manifest.
07-17 12:05:59.887   235   235 I BpBinder: onLastStrongRef automatically unlinking death recipients: <uncached descriptor>
07-17 12:05:59.888   256   265 I SELinux : SELinux: Loaded keystore2_key_contexts from:
07-17 12:05:59.888   256   265 I auditd  : SELinux: Loaded keystore2_key_contexts from:
07-17 12:05:59.888   256   265 I SELinux :     /system/etc/selinux/plat_keystore2_key_contexts
07-17 12:05:59.888   256   265 I auditd  :     /system/etc/selinux/plat_keystore2_key_contexts
07-17 12:05:59.889   256   256 I keystore2: keystore2_main: Successfully registered Keystore 2.0 service.
07-17 12:05:59.889   256   256 I keystore2: keystore2_main: Joining thread pool now.
07-17 12:05:59.911   246   246 D vold    : Mounting metadata-encrypted filesystem:/data
07-17 12:05:59.911   236   236 I hwservicemanager: getTransport: Cannot find entry android.hardware.boot@1.0::IBootControl/default in either framework or device VINTF manifest.
07-17 12:05:59.912   246   246 I vold    : [libfs_mgr]superblock s_max_mnt_count:65535,/dev/block/dm-33
07-17 12:05:59.912   246   246 I vold    : [libfs_mgr]Filesystem on /dev/block/dm-33 was not cleanly shutdown; state flags: 0x1, incompat feature flags: 0x30046
07-17 12:05:59.988   246   246 I vold    : [libfs_mgr]check_fs(): mount(/dev/block/dm-33,/data,ext4)=0: Success
07-17 12:06:00.012   246   246 I vold    : [libfs_mgr]umount_retry(): unmount(/data) succeeded
07-17 12:06:00.013   246   246 I vold    : [libfs_mgr]Running /system/bin/e2fsck on /dev/block/dm-33
07-17 12:06:00.224   246   246 I vold    : [libfs_mgr]superblock s_max_mnt_count:65535,/dev/block/dm-33
07-17 12:06:00.225   246   246 W vold    : [libfs_mgr]Reserved blocks 32768 is too large; capping to 31457
07-17 12:06:00.233   246   246 I vold    : [libfs_mgr]__mount(source=/dev/block/dm-33,target=/data,type=ext4)=0: Success
07-17 12:06:00.233   246   246 D vold    : Mounted /data
07-17 12:06:00.244   235   263 W libc    : Unable to set property "ctl.interface_start" to "aidl/android.system.keystore2.IKeystoreService/default": error code: 0x20
07-17 12:06:00.244   235   263 I servicemanager: Tried to start aidl service android.system.keystore2.IKeystoreService/default as a lazy service, but was unable to. Usually this happens when a service is not installed, but if the service is intended to be used as a lazy service, then it may be configured incorrectly.
07-17 12:06:00.255   246   246 I Checkpoint: cp_prepareCheckpoint called
07-17 12:06:00.273   246   246 I vold    : fscrypt_initialize_systemwide_keys
07-17 12:06:00.273   246   246 D vold    : Key exists, using: /data/unencrypted/key
07-17 12:06:00.276   246   246 D vold    : Installed fscrypt key with ref 195f51e8090d23e5a3356a9cc39c7581 to /data
07-17 12:06:00.276   246   246 D vold    : Added fscrypt-provisioning key for 195f51e8090d23e5a3356a9cc39c7581 to session keyring
07-17 12:06:00.280   246   246 I vold    : Wrote system DE key reference to:/data/unencrypted/ref
07-17 12:06:00.280   246   246 D vold    : Generating standard storage key
07-17 12:06:00.280   246   246 D vold    : Installed fscrypt key with ref ed10169e25566e3a482bc53d25ba59f9 to /data
07-17 12:06:00.280   246   246 D vold    : Added fscrypt-provisioning key for ed10169e25566e3a482bc53d25ba59f9 to session keyring
07-17 12:06:00.281   246   246 I vold    : Wrote per boot key reference to:/data/unencrypted/per_boot_ref
07-17 12:06:00.332   291   291 I auditd  : type=1400 audit(0.0:4): avc: denied { execute_no_trans } for comm="init" path="/vendor/bin/toybox_vendor" dev="dm-3" ino=221 scontext=u:r:init:s0 tcontext=u:object_r:vendor_toolbox_exec:s0 tclass=file permissive=0 bug=b/183668221
07-17 12:06:00.332   291   291 W init    : type=1400 audit(0.0:4): avc: denied { execute_no_trans } for path="/vendor/bin/toybox_vendor" dev="dm-3" ino=221 scontext=u:r:init:s0 tcontext=u:object_r:vendor_toolbox_exec:s0 tclass=file permissive=0 bug=b/183668221
07-17 12:06:00.340   290   290 I tombstoned: tombstoned successfully initialized
07-17 12:06:00.378   246   246 I incfs   : Initial API level of the device: 33
07-17 12:06:00.378   246   246 I incfs   : ro.incremental.enable: yes
07-17 12:06:00.378   246   246 I incfs   : isFsAvailable: true
07-17 12:06:00.378   246   246 I incfs   : isFsAvailable: true
07-17 12:06:00.378   246   246 I incfs   : IncFs_Features: v2
07-17 12:06:00.379   256   256 I keystore2: keystore2::maintenance: In early_boot_ended.
07-17 12:06:00.387   256   256 I keystore2: keystore2::globals: Touching Keystore 2.0 database for this first time since boot.
07-17 12:06:00.387   256   256 I keystore2: keystore2::globals: Calling cleanup leftovers.
07-17 12:06:00.389   256   256 I keystore2: keystore2::super_key: Starting boot level watcher.
07-17 12:06:00.389   256   294 I keystore2: keystore2::super_key: Read keystore.boot_level value 30
07-17 12:06:00.389   256   256 I keystore2: keystore2::maintenance: Call to earlyBootEnded succeeded for security level TRUSTED_ENVIRONMENT.
07-17 12:06:00.389   256   294 I keystore2: keystore2::super_key: Read keystore.boot_level value 30
07-17 12:06:00.389   236   236 I hwservicemanager: getTransport: Cannot find entry android.hardware.keymaster@4.0::IKeymasterDevice/default in either framework or device VINTF manifest.
07-17 12:06:00.390   236   236 I hwservicemanager: getTransport: Cannot find entry android.hardware.keymaster@3.0::IKeymasterDevice/default in either framework or device VINTF manifest.
07-17 12:06:00.390   256   256 E keystore2: keystore2::maintenance: Call to earlyBootEnded failed for security level STRONGBOX: In call_with_watchdog: getting keymint device.
07-17 12:06:00.390   256   256 E keystore2: keystore2::error: In call_with_watchdog: getting keymint device
07-17 12:06:00.390   256   256 E keystore2: 
07-17 12:06:00.390   256   256 E keystore2: Caused by:
07-17 12:06:00.390   256   256 E keystore2:     0: In get_keymint_device.
07-17 12:06:00.390   256   256 E keystore2:     1: In connect_keymint: Trying to get Legacy wrapper.
07-17 12:06:00.390   256   256 E keystore2:     2: Error::Km(ErrorCode(-68))
07-17 12:06:00.390   246   246 E vold    : keystore2 Keystore earlyBootEnded returned service specific error: -68
07-17 12:06:01.205   354   354 I derive_sdk: Read version 3 from 11
07-17 12:06:01.205   354   354 I derive_sdk: Read version 3 from 1
07-17 12:06:01.206   354   354 I derive_sdk: Read version 3 from 6
07-17 12:06:01.206   354   354 I derive_sdk: Read version 3 from 2
07-17 12:06:01.206   354   354 I derive_sdk: Read version 3 from 9
07-17 12:06:01.206   354   354 I derive_sdk: Read version 3 from 8
07-17 12:06:01.206   354   354 I derive_sdk: Read version 3 from 10
07-17 12:06:01.207   354   354 I derive_sdk: Read version 3 from 4
07-17 12:06:01.207   354   354 I derive_sdk: Read version 3 from 5
07-17 12:06:01.207   354   354 I derive_sdk: Read version 3 from 7
07-17 12:06:01.208   354   354 I derive_sdk: Read version 3 from 3
07-17 12:06:01.208   354   354 I derive_sdk: Read version 3 from 13
07-17 12:06:01.208   354   354 I derive_sdk: Read version 3 from 12
07-17 12:06:01.208   354   354 I derive_sdk: extension r version is 3
07-17 12:06:01.208   354   354 I derive_sdk: extension s version is 3
07-17 12:06:01.208   354   354 I derive_sdk: extension t version is 3
07-17 12:06:01.224   246   246 D vold    : fscrypt_init_user0
07-17 12:06:01.224   246   246 D vold    : Preparing: /data/misc/vold/user_keys
07-17 12:06:01.224   246   246 D vold    : Preparing: /data/misc/vold/user_keys/ce
07-17 12:06:01.225   246   246 D vold    : Preparing: /data/misc/vold/user_keys/de
07-17 12:06:01.227   246   246 D vold    : Installed fscrypt key with ref d7177be3d8d3b6610e5bdb12def3215c to /data
07-17 12:06:01.227   246   246 D vold    : Added fscrypt-provisioning key for d7177be3d8d3b6610e5bdb12def3215c to session keyring
07-17 12:06:01.227   246   246 D vold    : Installed de key for user 0
07-17 12:06:01.227   246   246 D vold    : fscrypt_prepare_user_storage for volume null, user 0, serial 0, flags 1
07-17 12:06:01.227   246   246 D vold    : Preparing: /data/system/users/0
07-17 12:06:01.227   246   246 D vold    : Preparing: /data/misc/profiles/cur/0
07-17 12:06:01.227   246   246 D vold    : Preparing: /data/system_de/0
07-17 12:06:01.228   246   246 D vold    : Preparing: /data/vendor_de/0
07-17 12:06:01.228   246   246 D vold    : Preparing: /data/misc_de/0
07-17 12:06:01.228   246   246 D vold    : Preparing: /data/user_de/0
07-17 12:06:01.229   246   246 I vold    : Verified that /data/system_de/0 has the encryption policy d7177be3d8d3b6610e5bdb12def3215c v2 modes 1/4 flags 0x2
07-17 12:06:01.229   246   246 I vold    : Verified that /data/vendor_de/0 has the encryption policy d7177be3d8d3b6610e5bdb12def3215c v2 modes 1/4 flags 0x2
07-17 12:06:01.229   246   246 I vold    : Verified that /data/misc_de/0 has the encryption policy d7177be3d8d3b6610e5bdb12def3215c v2 modes 1/4 flags 0x2
07-17 12:06:01.229   246   246 I vold    : Verified that /data/user_de/0 has the encryption policy d7177be3d8d3b6610e5bdb12def3215c v2 modes 1/4 flags 0x2
07-17 12:06:01.229   246   246 D vold    : /system/bin/vold_prepare_subdirs
07-17 12:06:01.229   246   246 D vold    :     prepare
07-17 12:06:01.229   246   246 D vold    :     
07-17 12:06:01.229   246   246 D vold    :     0
07-17 12:06:01.229   246   246 D vold    :     1
07-17 12:06:01.242   356   356 D vold_prepare_subdirs: Setting up mode 771 uid 1000 gid 1000 context u:object_r:system_data_file:s0:c512,c768 on path: /data/user_de/0
07-17 12:06:01.243   356   356 D vold_prepare_subdirs: Setting up mode 771 uid 1000 gid 1000 context u:object_r:sdk_sandbox_system_data_file:s0:c512,c768 on path: /data/misc_de/0/sdksandbox
07-17 12:06:01.244   356   356 D vold_prepare_subdirs: Setting up mode 700 uid 0 gid 0 context u:object_r:vold_data_file:s0 on path: /data/misc_de/0/vold
07-17 12:06:01.244   356   356 D vold_prepare_subdirs: Setting up mode 700 uid 0 gid 0 context u:object_r:storaged_data_file:s0 on path: /data/misc_de/0/storaged
07-17 12:06:01.245   356   356 D vold_prepare_subdirs: Setting up mode 700 uid 0 gid 0 context u:object_r:rollback_data_file:s0 on path: /data/misc_de/0/rollback
07-17 12:06:01.245   356   356 D vold_prepare_subdirs: Setting up mode 700 uid 0 gid 0 context u:object_r:apex_rollback_data_file:s0 on path: /data/misc_de/0/apexrollback
07-17 12:06:01.245   356   356 D vold_prepare_subdirs: Setting up mode 711 uid 0 gid 0 context u:object_r:apex_module_data_file:s0 on path: /data/misc_de/0/apexdata
07-17 12:06:01.246   356   356 D vold_prepare_subdirs: Setting up mode 771 uid 0 gid 1000 context u:object_r:apex_module_data_file:s0 on path: /data/misc_de/0/apexdata/com.android.adservices
07-17 12:06:01.246   356   356 D vold_prepare_subdirs: Setting up mode 771 uid 0 gid 1000 context u:object_r:apex_module_data_file:s0 on path: /data/misc_de/0/apexdata/com.android.resolv
07-17 12:06:01.246   356   356 D vold_prepare_subdirs: Setting up mode 771 uid 0 gid 1000 context u:object_r:apex_module_data_file:s0 on path: /data/misc_de/0/apexdata/com.android.ipsec
07-17 12:06:01.246   356   356 D vold_prepare_subdirs: Setting up mode 771 uid 0 gid 1000 context u:object_r:apex_module_data_file:s0 on path: /data/misc_de/0/apexdata/com.android.adbd
07-17 12:06:01.246   356   356 D vold_prepare_subdirs: Setting up mode 771 uid 0 gid 1000 context u:object_r:apex_module_data_file:s0 on path: /data/misc_de/0/apexdata/com.android.media.swcodec
07-17 12:06:01.246   356   356 D vold_prepare_subdirs: Setting up mode 771 uid 0 gid 1000 context u:object_r:apex_system_server_data_file:s0 on path: /data/misc_de/0/apexdata/com.android.wifi
07-17 12:06:01.247   356   356 D vold_prepare_subdirs: Setting up mode 771 uid 0 gid 1000 context u:object_r:apex_module_data_file:s0 on path: /data/misc_de/0/apexdata/com.android.neuralnetworks
07-17 12:06:01.247   356   356 D vold_prepare_subdirs: Setting up mode 771 uid 0 gid 1000 context u:object_r:apex_module_data_file:s0 on path: /data/misc_de/0/apexdata/com.android.cellbroadcast
07-17 12:06:01.247   356   356 D vold_prepare_subdirs: Setting up mode 771 uid 0 gid 1000 context u:object_r:apex_module_data_file:s0 on path: /data/misc_de/0/apexdata/com.android.os.statsd
07-17 12:06:01.247   356   356 D vold_prepare_subdirs: Setting up mode 771 uid 0 gid 1000 context u:object_r:apex_module_data_file:s0 on path: /data/misc_de/0/apexdata/com.android.media
07-17 12:06:01.247   356   356 D vold_prepare_subdirs: Setting up mode 771 uid 0 gid 1000 context u:object_r:apex_system_server_data_file:s0 on path: /data/misc_de/0/apexdata/com.android.uwb
07-17 12:06:01.247   356   356 D vold_prepare_subdirs: Setting up mode 771 uid 0 gid 1000 context u:object_r:apex_module_data_file:s0 on path: /data/misc_de/0/apexdata/com.android.extservices
07-17 12:06:01.247   356   356 D vold_prepare_subdirs: Setting up mode 771 uid 0 gid 1000 context u:object_r:apex_module_data_file:s0 on path: /data/misc_de/0/apexdata/com.android.scheduling
07-17 12:06:01.248   356   356 D vold_prepare_subdirs: Setting up mode 771 uid 0 gid 1000 context u:object_r:apex_module_data_file:s0 on path: /data/misc_de/0/apexdata/com.android.art
07-17 12:06:01.248   356   356 D vold_prepare_subdirs: Setting up mode 771 uid 0 gid 1000 context u:object_r:apex_module_data_file:s0 on path: /data/misc_de/0/apexdata/com.android.conscrypt
07-17 12:06:01.248   356   356 D vold_prepare_subdirs: Setting up mode 771 uid 0 gid 1000 context u:object_r:apex_system_server_data_file:s0 on path: /data/misc_de/0/apexdata/com.android.permission
07-17 12:06:01.248   356   356 D vold_prepare_subdirs: Setting up mode 771 uid 0 gid 1000 context u:object_r:apex_module_data_file:s0 on path: /data/misc_de/0/apexdata/com.android.sdkext
07-17 12:06:01.249   356   356 D vold_prepare_subdirs: Setting up mode 771 uid 0 gid 1000 context u:object_r:apex_module_data_file:s0 on path: /data/misc_de/0/apexdata/com.android.tethering
07-17 12:06:01.249   356   356 D vold_prepare_subdirs: Setting up mode 771 uid 0 gid 1000 context u:object_r:apex_module_data_file:s0 on path: /data/misc_de/0/apexdata/com.android.mediaprovider
07-17 12:06:01.249   356   356 D vold_prepare_subdirs: Setting up mode 771 uid 0 gid 1000 context u:object_r:apex_module_data_file:s0 on path: /data/misc_de/0/apexdata/com.android.ondevicepersonalization
07-17 12:06:01.249   356   356 D vold_prepare_subdirs: Setting up mode 771 uid 0 gid 1000 context u:object_r:apex_module_data_file:s0 on path: /data/misc_de/0/apexdata/com.android.appsearch
07-17 12:06:01.249   356   356 D vold_prepare_subdirs: Setting up mode 771 uid 0 gid 1000 context u:object_r:apex_module_data_file:s0 on path: /data/misc_de/0/apexdata/com.android.apex.cts.shim
07-17 12:06:01.249   356   356 D vold_prepare_subdirs: Setting up mode 771 uid 0 gid 1000 context u:object_r:apex_module_data_file:s0 on path: /data/misc_de/0/apexdata/com.android.btservices
07-17 12:06:01.250   356   356 D vold_prepare_subdirs: Setting up mode 771 uid 0 gid 1000 context u:object_r:apex_module_data_file:s0 on path: /data/misc_de/0/apexdata/com.android.tzdata
07-17 12:06:01.250   356   356 D vold_prepare_subdirs: Setting up mode 771 uid 0 gid 1000 context u:object_r:apex_module_data_file:s0 on path: /data/misc_de/0/apexdata/com.android.vndk.v33
07-17 12:06:01.250   356   356 D vold_prepare_subdirs: Setting up mode 771 uid 0 gid 1000 context u:object_r:apex_module_data_file:s0 on path: /data/misc_de/0/apexdata/com.android.i18n
07-17 12:06:01.250   356   356 D vold_prepare_subdirs: Setting up mode 771 uid 0 gid 1000 context u:object_r:apex_module_data_file:s0 on path: /data/misc_de/0/apexdata/com.android.runtime
07-17 12:06:01.250   356   356 D vold_prepare_subdirs: Setting up mode 771 uid 0 gid 1000 context u:object_r:apex_module_data_file:s0 on path: /data/misc_de/0/apexdata/sharedlibs
07-17 12:06:01.250   356   356 D vold_prepare_subdirs: Setting up mode 771 uid 1000 gid 1000 context u:object_r:user_profile_root_file:s0:c512,c768 on path: /data/misc/profiles/cur/0
07-17 12:06:01.250   356   356 D vold_prepare_subdirs: Setting up mode 700 uid 1000 gid 1000 context u:object_r:fingerprint_vendor_data_file:s0 on path: /data/vendor_de/0/fpdata
07-17 12:06:01.251   356   356 D vold_prepare_subdirs: Setting up mode 700 uid 1000 gid 1000 context u:object_r:face_vendor_data_file:s0 on path: /data/vendor_de/0/facedata
07-17 12:06:01.252   246   246 D vold    : Detected support for FS_IOC_ADD_ENCRYPTION_KEY
07-17 12:06:01.281   358   358 I derive_classpath: ParseFragments for bootclasspath
07-17 12:06:01.287   358   358 I derive_classpath: ReadClasspathFragment /apex/com.android.art/etc/classpaths/bootclasspath.pb
07-17 12:06:01.288   358   358 I derive_classpath: ReadClasspathFragment /system/etc/classpaths/bootclasspath.pb
07-17 12:06:01.288   358   358 I derive_classpath: ReadClasspathFragment /apex/com.android.adservices/etc/classpaths/bootclasspath.pb
07-17 12:06:01.288   358   358 I derive_classpath: ReadClasspathFragment /apex/com.android.appsearch/etc/classpaths/bootclasspath.pb
07-17 12:06:01.288   358   358 I derive_classpath: ReadClasspathFragment /apex/com.android.btservices/etc/classpaths/bootclasspath.pb
07-17 12:06:01.288   358   358 I derive_classpath: ReadClasspathFragment /apex/com.android.conscrypt/etc/classpaths/bootclasspath.pb
07-17 12:06:01.288   358   358 I derive_classpath: ReadClasspathFragment /apex/com.android.ipsec/etc/classpaths/bootclasspath.pb
07-17 12:06:01.289   358   358 I derive_classpath: ReadClasspathFragment /apex/com.android.media/etc/classpaths/bootclasspath.pb
07-17 12:06:01.289   358   358 I derive_classpath: ReadClasspathFragment /apex/com.android.mediaprovider/etc/classpaths/bootclasspath.pb
07-17 12:06:01.289   358   358 I derive_classpath: ReadClasspathFragment /apex/com.android.ondevicepersonalization/etc/classpaths/bootclasspath.pb
07-17 12:06:01.289   358   358 I derive_classpath: ReadClasspathFragment /apex/com.android.os.statsd/etc/classpaths/bootclasspath.pb
07-17 12:06:01.289   358   358 I derive_classpath: ReadClasspathFragment /apex/com.android.permission/etc/classpaths/bootclasspath.pb
07-17 12:06:01.289   358   358 I derive_classpath: ReadClasspathFragment /apex/com.android.scheduling/etc/classpaths/bootclasspath.pb
07-17 12:06:01.289   358   358 I derive_classpath: ReadClasspathFragment /apex/com.android.sdkext/etc/classpaths/bootclasspath.pb
07-17 12:06:01.289   358   358 I derive_classpath: ReadClasspathFragment /apex/com.android.tethering/etc/classpaths/bootclasspath.pb
07-17 12:06:01.290   358   358 I derive_classpath: ReadClasspathFragment /apex/com.android.uwb/etc/classpaths/bootclasspath.pb
07-17 12:06:01.290   358   358 I derive_classpath: ReadClasspathFragment /apex/com.android.wifi/etc/classpaths/bootclasspath.pb
07-17 12:06:01.290   358   358 I derive_classpath: ParseFragments for systemserverclasspath
07-17 12:06:01.291   358   358 I derive_classpath: ReadClasspathFragment /system/etc/classpaths/systemserverclasspath.pb
07-17 12:06:01.291   358   358 I derive_classpath: ReadClasspathFragment /apex/com.android.adservices/etc/classpaths/systemserverclasspath.pb
07-17 12:06:01.291   358   358 I derive_classpath: ReadClasspathFragment /apex/com.android.appsearch/etc/classpaths/systemserverclasspath.pb
07-17 12:06:01.291   358   358 I derive_classpath: ReadClasspathFragment /apex/com.android.art/etc/classpaths/systemserverclasspath.pb
07-17 12:06:01.291   358   358 I derive_classpath: ReadClasspathFragment /apex/com.android.btservices/etc/classpaths/systemserverclasspath.pb
07-17 12:06:01.291   358   358 I derive_classpath: ReadClasspathFragment /apex/com.android.media/etc/classpaths/systemserverclasspath.pb
07-17 12:06:01.291   358   358 I derive_classpath: ReadClasspathFragment /apex/com.android.os.statsd/etc/classpaths/systemserverclasspath.pb
07-17 12:06:01.292   358   358 I derive_classpath: ReadClasspathFragment /apex/com.android.permission/etc/classpaths/systemserverclasspath.pb
07-17 12:06:01.292   358   358 I derive_classpath: ReadClasspathFragment /apex/com.android.scheduling/etc/classpaths/systemserverclasspath.pb
07-17 12:06:01.292   358   358 I derive_classpath: ReadClasspathFragment /apex/com.android.tethering/etc/classpaths/systemserverclasspath.pb
07-17 12:06:01.292   358   358 I derive_classpath: ReadClasspathFragment /apex/com.android.uwb/etc/classpaths/systemserverclasspath.pb
07-17 12:06:01.292   358   358 I derive_classpath: ReadClasspathFragment /apex/com.android.wifi/etc/classpaths/systemserverclasspath.pb
07-17 12:06:01.292   358   358 I derive_classpath: WriteClasspathExports /data/system/environ/classpath
07-17 12:06:01.292   358   358 I derive_classpath: WriteClasspathExports content
07-17 12:06:01.292   358   358 I derive_classpath: export BOOTCLASSPATH /apex/com.android.art/javalib/core-oj.jar:/apex/com.android.art/javalib/core-libart.jar:/apex/com.android.art/javalib/okhttp.jar:/apex/com.android.art/javalib/bouncycastle.jar:/apex/com.android.art/javalib/apache-xml.jar:/system/framework/framework.jar:/system/framework/framework-graphics.jar:/system/framework/ext.jar:/system/framework/telephony-common.jar:/system/framework/voip-common.jar:/system/framework/ims-common.jar:/apex/com.android.i18n/javalib/core-icu4j.jar:/apex/com.android.adservices/javalib/framework-adservices.jar:/apex/com.android.adservices/javalib/framework-sdksandbox.jar:/apex/com.android.appsearch/javalib/framework-appsearch.jar:/apex/com.android.btservices/javalib/framework-bluetooth.jar:/apex/com.android.conscrypt/javalib/conscrypt.jar:/apex/com.android.ipsec/javalib/android.net.ipsec.ike.jar:/apex/com.android.media/javalib/updatable-media.jar:/apex/com.android.mediaprovider/javalib/framework-mediaprovider.jar:/apex/com.android.ondevicepersonalization/javalib/framework-ondevicepersonalization.jar:/apex/com.android.os.statsd/javalib/framework-statsd.jar:/apex/com.android.permission/javalib/framework-permission.jar:/apex/com.android.permission/javalib/framework-permission-s.jar:/apex/com.android.scheduling/javalib/framework-scheduling.jar:/apex/com.android.sdkext/javalib/framework-sdkextensions.jar:/apex/com.android.tethering/javalib/framework-connectivity.jar:/apex/com.android.tethering/javalib/framework-connectivity-t.jar:/apex/com.android.tethering/javalib/framework-tethering.jar:/apex/com.android.uwb/javalib/framework-uwb.jar:/apex/com.android.wifi/javalib/framework-wifi.jar
07-17 12:06:01.292   358   358 I derive_classpath: export DEX2OATBOOTCLASSPATH /apex/com.android.art/javalib/core-oj.jar:/apex/com.android.art/javalib/core-libart.jar:/apex/com.android.art/javalib/okhttp.jar:/apex/com.android.art/javalib/bouncycastle.jar:/apex/com.android.art/javalib/apache-xml.jar:/system/framework/framework.jar:/system/framework/framework-graphics.jar:/system/framework/ext.jar:/system/framework/telephony-common.jar:/system/framework/voip-common.jar:/system/framework/ims-common.jar:/apex/com.android.i18n/javalib/core-icu4j.jar
07-17 12:06:01.292   358   358 I derive_classpath: export SYSTEMSERVERCLASSPATH /system/framework/com.android.location.provider.jar:/system/framework/services.jar:/apex/com.android.adservices/javalib/service-adservices.jar:/apex/com.android.adservices/javalib/service-sdksandbox.jar:/apex/com.android.appsearch/javalib/service-appsearch.jar:/apex/com.android.art/javalib/service-art.jar:/apex/com.android.media/javalib/service-media-s.jar:/apex/com.android.permission/javalib/service-permission.jar
07-17 12:06:01.292   358   358 I derive_classpath: export STANDALONE_SYSTEMSERVER_JARS /apex/com.android.btservices/javalib/service-bluetooth.jar:/apex/com.android.os.statsd/javalib/service-statsd.jar:/apex/com.android.scheduling/javalib/service-scheduling.jar:/apex/com.android.tethering/javalib/service-connectivity.jar:/apex/com.android.uwb/javalib/service-uwb.jar:/apex/com.android.wifi/javalib/service-wifi.jar
07-17 12:06:01.322   359   359 I odsign  : Trying to retrieve existing HMAC key...
07-17 12:06:01.324   359   359 I odsign  : Trying to retrieve existing keystore key...
07-17 12:06:01.328   359   359 I odsign  : Verified public key signature.
07-17 12:06:01.328   359   359 I odsign  : Initialized Keystore key.
07-17 12:06:01.329   359   359 I odsign  : Found and verified existing public key certificate: /data/misc/odsign/key.cert
07-17 12:06:01.416   361   361 I odrefresh: ART APEX version 331012010
07-17 12:06:01.416   361   361 I odrefresh: Factory ART APEX mounted.
07-17 12:06:01.416   361   361 I odrefresh: System properties are set to default values.
07-17 12:06:01.417   361   361 I odrefresh: Factory APEXes mounted.
07-17 12:06:01.417   361   361 I odrefresh: System properties are set to default values.
07-17 12:06:01.421   359   359 I odsign  : Metrics report is empty
07-17 12:06:01.421   359   359 I odsign  : /data/misc/odsign/odsign.info not found.
07-17 12:06:01.423   359   359 I odsign  : odrefresh said artifacts are VALID
07-17 12:06:01.423   359   359 I odsign  : On-device signing done.
07-17 12:06:01.445   256   294 I keystore2: keystore2::super_key: keystore.boot_level 1000000000 hits maximum 1000000000, finishing.
07-17 12:06:01.480   364   364 I tzdatacheck: timezone distro dir /data/misc/zoneinfo/current does not exist. No action required.
07-17 12:06:01.550   375   375 W otapreopt_slot: Slot property empty.
07-17 12:06:01.594   378   378 E recovery-persist: Failed to unlink /data/misc/recovery/last_install: No such file or directory
07-17 12:06:02.047   387   387 I ServiceManager: Waiting for service 'statscompanion' on '/dev/binder'...
07-17 12:06:02.075   393   393 I HidlServiceManagement: Registered android.hidl.allocator@1.0::IAllocator/ashmem
07-17 12:06:02.075   393   393 I HidlServiceManagement: Removing namespace from process name android.hidl.allocator@1.0-service to allocator@1.0-service.
07-17 12:06:02.078   388   388 I netdClient: Skipping libnetd_client init since *we* are netd
07-17 12:06:02.088   395   395 I HidlServiceManagement: Registered android.hardware.authsecret@1.0::IAuthSecret/default
07-17 12:06:02.089   395   395 I HidlServiceManagement: Removing namespace from process name android.hardware.authsecret@1.0-service to authsecret@1.0-service.
07-17 12:06:02.089   396   396 I HidlServiceManagement: Registered android.hardware.bluetooth@1.1::IBluetoothHci/default
07-17 12:06:02.090   396   396 I HidlServiceManagement: Removing namespace from process name android.hardware.bluetooth@1.1-service.btlinux to bluetooth@1.1-service.btlinux.
07-17 12:06:02.100   388   388 I netd    : netd 1.0 starting
07-17 12:06:02.104   388   388 I netd    : Pid file removed
07-17 12:06:02.104   388   388 I netd    : SIGPIPE is blocked
07-17 12:06:02.104   388   388 I netd    : setCloseOnExec(dnsproxyd)
07-17 12:06:02.104   388   388 I netd    : setCloseOnExec(fwmarkd)
07-17 12:06:02.104   388   388 I netd    : setCloseOnExec(mdns)
07-17 12:06:02.104   388   388 I NetdUpdatable: libnetd_updatable_init: Initializing
07-17 12:06:02.104   388   388 I BpfHandler: BPF programs are loaded
07-17 12:06:02.105   388   388 I BpfHandler: initMaps successfully
07-17 12:06:02.105   388   388 I netd    : libnetd_updatable_init success
07-17 12:06:02.105   388   388 I netd    : NetlinkManager instanced
07-17 12:06:02.105   388   388 I netd    : enter NetworkController ctor
07-17 12:06:02.105   388   388 E TcUtils : NLMSG_ERROR message return error: -2
07-17 12:06:02.105   388   388 E TcUtils : NLMSG_ERROR message return error: -2
07-17 12:06:02.105   388   388 E TcUtils : NLMSG_ERROR message return error: -2
07-17 12:06:02.105   388   388 E TcUtils : NLMSG_ERROR message return error: -2
07-17 12:06:02.105   388   388 E TcUtils : NLMSG_ERROR message return error: -2
07-17 12:06:02.105   388   388 E TcUtils : NLMSG_ERROR message return error: -2
07-17 12:06:02.105   388   388 E TcUtils : NLMSG_ERROR message return error: -2
07-17 12:06:02.105   388   388 E TcUtils : NLMSG_ERROR message return error: -2
07-17 12:06:02.105   388   388 E TcUtils : NLMSG_ERROR message return error: -2
07-17 12:06:02.105   388   388 E TcUtils : NLMSG_ERROR message return error: -2
07-17 12:06:02.105   388   388 E TcUtils : NLMSG_ERROR message return error: -2
07-17 12:06:02.106   388   388 E TcUtils : NLMSG_ERROR message return error: -2
07-17 12:06:02.106   388   388 E TcUtils : NLMSG_ERROR message return error: -2
07-17 12:06:02.106   388   388 E TcUtils : NLMSG_ERROR message return error: -2
07-17 12:06:02.106   388   388 E TcUtils : NLMSG_ERROR message return error: -2
07-17 12:06:02.106   388   388 E TcUtils : NLMSG_ERROR message return error: -2
07-17 12:06:02.106   388   388 I netd    : leave NetworkController ctor
07-17 12:06:02.108   388   388 I netd    : enter TetherController ctor
07-17 12:06:02.108   388   388 D TetherController: Setting IP forward enable = 0
07-17 12:06:02.109   388   388 I netd    : leave TetherController ctor
07-17 12:06:02.190   397   397 I android.hardware.camera.provider@2.4-service: CameraProvider@2.4 legacy service is starting.
07-17 12:06:02.192   415   415 I android.hardware.power.stats@1.0-service-mock: power.stats service 1.0 mock is starting.
07-17 12:06:02.224   418   418 I android.hardware.thermal@2.0-service-mock: Thermal HAL Service Mock 2.0 starting...
07-17 12:06:02.227   417   417 I android.hardware.sensors@2.1-impl.ranchu: MultihalSensors:78: host sensors mask=7ff, available sensors mask=3ff
07-17 12:06:02.230   235   235 I servicemanager: Found android.hardware.drm.IDrmFactory/clearkey in device VINTF manifest.
07-17 12:06:02.243   411   411 I android.hardware.health@2.1-service: default instance initializing with healthd_config...
07-17 12:06:02.246   235   235 I servicemanager: Found android.hardware.light.ILights/default in device VINTF manifest.
07-17 12:06:02.247   235   235 I servicemanager: Found android.hardware.rebootescrow.IRebootEscrow/default in device VINTF manifest.
07-17 12:06:02.248   400   400 I HidlServiceManagement: Registered android.hardware.contexthub@1.1::IContexthub/default
07-17 12:06:02.248   400   400 I HidlServiceManagement: Removing namespace from process name android.hardware.contexthub@1.1-service.mock to contexthub@1.1-service.mock.
07-17 12:06:02.251   407   407 I HidlServiceManagement: Registered android.hardware.drm@1.4::IDrmFactory/clearkey
07-17 12:06:02.252   407   407 I HidlServiceManagement: Removing namespace from process name android.hardware.drm@1.4-service.clearkey to drm@1.4-service.clearkey.
07-17 12:06:02.252   408   408 I HidlServiceManagement: Registered android.hardware.gatekeeper@1.0::IGatekeeper/default
07-17 12:06:02.252   408   408 I HidlServiceManagement: Removing namespace from process name android.hardware.gatekeeper@1.0-service.software to gatekeeper@1.0-service.software.
07-17 12:06:02.254   419   419 I HidlServiceManagement: Registered android.hardware.usb@1.0::IUsb/default
07-17 12:06:02.254   419   419 I HidlServiceManagement: Removing namespace from process name android.hardware.usb@1.0-service to usb@1.0-service.
07-17 12:06:02.254   419   419 I android.hardware.usb@1.0-service: USB HAL Ready.
07-17 12:06:02.254   415   415 I HidlServiceManagement: Registered android.hardware.power.stats@1.0::IPowerStats/default
07-17 12:06:02.255   417   417 I HidlServiceManagement: Registered android.hardware.sensors@2.1::ISensors/default
07-17 12:06:02.255   415   415 I HidlServiceManagement: Removing namespace from process name android.hardware.power.stats@1.0-service.mock to stats@1.0-service.mock.
07-17 12:06:02.255   417   417 I HidlServiceManagement: Removing namespace from process name android.hardware.sensors@2.1-service.multihal to sensors@2.1-service.multihal.
07-17 12:06:02.255   415   415 I android.hardware.power.stats@1.0-service-mock: power.stats service is ready
07-17 12:06:02.257   388   388 I netd    : Creating child chains: 142561us
07-17 12:06:02.257   388   388 I netd    : Setting up OEM hooks: 118us
07-17 12:06:02.257   388   388 I netd    : Setting up FirewallController hooks: 497us
07-17 12:06:02.258   411   411 I HidlServiceManagement: Registered android.hardware.health@2.1::IHealth/default
07-17 12:06:02.258   411   411 I HidlServiceManagement: Removing namespace from process name android.hardware.health@2.1-service to health@2.1-service.
07-17 12:06:02.258   411   411 I android.hardware.health@2.1-service: default: Hal init done
07-17 12:06:02.261   407   407 I HidlServiceManagement: Registered android.hardware.drm@1.4::ICryptoFactory/clearkey
07-17 12:06:02.262   407   407 I HidlServiceManagement: Removing namespace from process name android.hardware.drm@1.4-service.clearkey to drm@1.4-service.clearkey.
07-17 12:06:02.264   388   388 I netd    : Setting up TetherController hooks: 6134us
07-17 12:06:02.264   388   388 I netd    : Setting up BandwidthController hooks: 747us
07-17 12:06:02.264   388   388 I netd    : Setting up IdletimerController hooks: 33us
07-17 12:06:02.265   418   418 I HidlServiceManagement: Registered android.hardware.thermal@2.0::IThermal/default
07-17 12:06:02.266   418   418 I HidlServiceManagement: Removing namespace from process name android.hardware.thermal@2.0-service.mock to thermal@2.0-service.mock.
07-17 12:06:02.266   418   418 I android.hardware.thermal@2.0-service-mock: Thermal Service started successfully.
07-17 12:06:02.266   406   406 I HidlServiceManagement: Registered android.hardware.drm@1.0::IDrmFactory/default
07-17 12:06:02.266   399   399 I HidlServiceManagement: Registered android.hardware.cas@1.2::IMediaCasService/default
07-17 12:06:02.266   399   399 I HidlServiceManagement: Removing namespace from process name android.hardware.cas@1.2-service to cas@1.2-service.
07-17 12:06:02.266   406   406 I HidlServiceManagement: Removing namespace from process name android.hardware.drm@1.0-service to drm@1.0-service.
07-17 12:06:02.266   406   406 I LegacySupport: Registration complete for android.hardware.drm@1.0::IDrmFactory/default.
07-17 12:06:02.267   388   388 I netd    : Setting up StrictController hooks: 2240us
07-17 12:06:02.268   406   406 I HidlServiceManagement: Registered android.hardware.drm@1.0::ICryptoFactory/default
07-17 12:06:02.268   406   406 I HidlServiceManagement: Removing namespace from process name android.hardware.drm@1.0-service to drm@1.0-service.
07-17 12:06:02.268   406   406 I LegacySupport: Registration complete for android.hardware.drm@1.0::ICryptoFactory/default.
07-17 12:06:02.269   235   235 I servicemanager: Found android.hardware.power.IPower/default in device VINTF manifest.
07-17 12:06:02.273   388   388 I netd    : Enabling bandwidth control: 6777us
07-17 12:06:02.274   388   388 I netd    : Initializing RouteController: 932us
07-17 12:06:02.274   388   388 D XfrmController: XfrmController::ipSecAddXfrmInterface, line=1480
07-17 12:06:02.275   388   388 D XfrmController: XfrmController::ipSecRemoveTunnelInterface, line=1693
07-17 12:06:02.275   388   388 D XfrmController: deviceName=ipsec_test
07-17 12:06:02.277   235   235 I servicemanager: Found android.hardware.vibrator.IVibrator/default in device VINTF manifest.
07-17 12:06:02.277   235   235 I servicemanager: Found android.hardware.vibrator.IVibratorManager/default in device VINTF manifest.
07-17 12:06:02.281   235   235 I servicemanager: Found android.hardware.identity.IIdentityCredentialStore/default in device VINTF manifest.
07-17 12:06:02.282   235   235 I servicemanager: Found android.hardware.drm.IDrmFactory/widevine in device VINTF manifest.
07-17 12:06:02.314   398   398 I android.hardware.pixel.camera.provider@2.7-service: Google camera provider service is starting.
07-17 12:06:02.315   420   420 I android.hardware.wifi@1.0-service: Wifi Hal is booting up...
07-17 12:06:02.322   398   398 I android.hardware.pixel.camera.provider@2.7-service: Not using ApexUpdateListener since not running in an apex.
07-17 12:06:02.322   420   420 I HidlServiceManagement: Registered android.hardware.wifi@1.6::IWifi/default
07-17 12:06:02.323   420   420 I HidlServiceManagement: Removing namespace from process name android.hardware.wifi@1.0-service to wifi@1.0-service.
07-17 12:06:02.323   409   409 D HostConnection: createUnique: call
07-17 12:06:02.324   398   398 I GCH_CameraProvider: CreateHwl:Loading libgooglecamerahwl_impl.so library
07-17 12:06:02.325   409   409 D HostConnection: HostConnection::get() New Host Connection established 0x7935912a2490, tid 409
07-17 12:06:02.328   388   388 D XfrmController: Sending Netlink XFRM Message: XFRM_MSG_FLUSHSA
07-17 12:06:02.328   388   388 D XfrmController: Sending Netlink XFRM Message: XFRM_MSG_FLUSHPOLICY
07-17 12:06:02.328   388   388 I netd    : Initializing XfrmController: 53533us
07-17 12:06:02.338   410   410 D RanchuHwc: isMinigbmFromProperty: Is not using minigbm, in goldfish mode.
07-17 12:06:02.338   409   409 I HidlServiceManagement: Registered android.hardware.graphics.allocator@3.0::IAllocator/default
07-17 12:06:02.338   409   409 I HidlServiceManagement: Removing namespace from process name android.hardware.graphics.allocator@3.0-service to allocator@3.0-service.
07-17 12:06:02.339   410   410 D HostConnection: createUnique: call
07-17 12:06:02.339   409   409 I android.hardware.graphics.allocator@3.0-service: graphics IAllocator@3.0 service is initialized
07-17 12:06:02.340   410   410 D HostConnection: HostConnection::get() New Host Connection established 0x75b4ee2fc750, tid 410
07-17 12:06:02.345   443   443 I gsid    : no DSU: No such file or directory
07-17 12:06:02.348   410   410 D HostConnection: HostComposition ext ANDROID_EMU_CHECKSUM_HELPER_v1 ANDROID_EMU_native_sync_v2 ANDROID_EMU_dma_v1 ANDROID_EMU_direct_mem ANDROID_EMU_host_composition_v1 ANDROID_EMU_host_composition_v2 ANDROID_EMU_YUV_Cache ANDROID_EMU_has_shared_slots_host_memory_allocator ANDROID_EMU_sync_buffer_data ANDROID_EMU_read_color_buffer_dma ANDROID_EMU_hwc_multi_configs GL_OES_EGL_image_external_essl3 GL_OES_vertex_array_object GL_KHR_texture_compression_astc_ldr ANDROID_EMU_host_side_tracing ANDROID_EMU_gles_max_version_3_0 
07-17 12:06:02.349   410   410 D RanchuHwc: init initializing display:0 with config: w:768 h:1280 dpi-x:320 dpi-y:320 vsync:60.000002 config-group:0
07-17 12:06:02.353   236   236 I hwservicemanager: getTransport: Cannot find entry android.hardware.graphics.mapper@4.0::IMapper/default in either framework or device VINTF manifest.
07-17 12:06:02.354   410   410 I Gralloc4: mapper 4.x is not supported
07-17 12:06:02.354   414   414 I HidlServiceManagement: Registered android.hardware.neuralnetworks@1.3::IDevice/nnapi-sample_float_fast
07-17 12:06:02.354   414   414 I HidlServiceManagement: Removing namespace from process name android.hardware.neuralnetworks@1.3-service-sample-limited to neuralnetworks@1.3-service-sample-limited.
07-17 12:06:02.355   414   414 I HidlServiceManagement: Registered android.hardware.neuralnetworks@1.3::IDevice/nnapi-sample_float_slow
07-17 12:06:02.355   410   410 D HostConnection: createUnique: call
07-17 12:06:02.355   414   414 I HidlServiceManagement: Removing namespace from process name android.hardware.neuralnetworks@1.3-service-sample-limited to neuralnetworks@1.3-service-sample-limited.
07-17 12:06:02.356   410   410 D HostConnection: HostConnection::get() New Host Connection established 0x75b4ee2fcb10, tid 410
07-17 12:06:02.356   410   410 D goldfish-address-space: allocate: Ask for block of size 0x100
07-17 12:06:02.356   410   410 D goldfish-address-space: allocate: ioctl allocate returned offset 0x3ffffe000 size 0x2000
