07-17 12:06:07.123   592   641 E DefaultPermGrantPolicy: Package not found: com.google.android.apps.mediashell
07-17 12:06:07.123   592   641 W DefaultPermGrantPolicy: No such package:com.google.android.apps.mediashell
07-17 12:06:07.123   592   641 E DefaultPermGrantPolicy: Package not found: com.google.android.apps.tips
07-17 12:06:07.123   592   641 W DefaultPermGrantPolicy: No such package:com.google.android.apps.tips
07-17 12:06:07.123   592   641 E DefaultPermGrantPolicy: Package not found: com.google.android.apps.turbo
07-17 12:06:07.123   592   641 W DefaultPermGrantPolicy: No such package:com.google.android.apps.turbo
07-17 12:06:07.123   592   641 E DefaultPermGrantPolicy: Package not found: com.google.android.euicc
07-17 12:06:07.123   592   641 W DefaultPermGrantPolicy: No such package:com.google.android.euicc
07-17 12:06:07.123   592   641 E DefaultPermGrantPolicy: Package not found: com.google.android.volta
07-17 12:06:07.123   592   641 W DefaultPermGrantPolicy: No such package:com.google.android.volta
07-17 12:06:07.126   592   727 D ConnectivityService: NetReassign [no changes] [c 0] [a 0] [i 0]
07-17 12:06:07.126   592   619 I StatsPullAtomService: register thermal listener successfully
07-17 12:06:07.131   592   779 I android_os_HwBinder: HwBinder: Starting thread pool for getting: android.hardware.health@2.0::IHealth/default
07-17 12:06:07.143   592   592 V StagingManagerTiming: restoreSessions took to complete: 5ms
07-17 12:06:07.144   592   592 V SystemServerTiming: MakePackageManagerServiceReady took to complete: 64ms
07-17 12:06:07.144   592   592 D SystemServerTiming: MakeDisplayManagerServiceReady
07-17 12:06:07.144   592   642 W PackageManager: Not removing package com.google.android.trichromelibrary hosting lib com.google.android.trichromelibrary version 561510137 used by [VersionedPackage[com.google.android.webview/561510137], VersionedPackage[com.android.chrome/561510137]] for user 0
07-17 12:06:07.145   592   612 E DisplayModeDirector: Asked about unknown display, returning empty display mode specs!(id=0)
07-17 12:06:07.145   592   612 E DisplayModeDirector: Asked about unknown display, returning empty display mode specs!(id=0)
07-17 12:06:07.146   592   592 I BrightnessSynchronizer: Initial brightness readings: 102(int), 0.39763778(float)
07-17 12:06:07.147   592   592 V SystemServerTiming: MakeDisplayManagerServiceReady took to complete: 3ms
07-17 12:06:07.147   441   441 I DisplayDevice: Display 4619827259835644672 policy changed
07-17 12:06:07.147   441   441 I DisplayDevice: Previous: {{defaultModeId=0, allowGroupSwitching=false, primaryRange=[0.00 Hz, 340282346638528859811704183484516925440.00 Hz], appRequestRange=[0.00 Hz, 340282346638528859811704183484516925440.00 Hz]}}
07-17 12:06:07.147   441   441 I DisplayDevice: Current:  {{defaultModeId=0, allowGroupSwitching=false, primaryRange=[0.00 Hz, 60.00 Hz], appRequestRange=[0.00 Hz, inf Hz]}}
07-17 12:06:07.147   441   441 I DisplayDevice: 0 mode changes were performed under the previous policy
07-17 12:06:07.147   592   592 D SystemServerTiming: StartDeviceSpecificServices
07-17 12:06:07.148   592   592 V SystemServerTiming: StartDeviceSpecificServices took to complete: 0ms
07-17 12:06:07.148   592   592 D SystemServerTiming: GameManagerService
07-17 12:06:07.148   592   592 I SystemServiceManager: Starting com.android.server.app.GameManagerService$Lifecycle
07-17 12:06:07.151   778   778 I wpa_supplicant: Processing aidl events on FD 3
07-17 12:06:07.151   778   778 I wpa_supplicant: Starting AIDL supplicant
07-17 12:06:07.152   235   235 I servicemanager: Found android.hardware.wifi.supplicant.ISupplicant/default in device VINTF manifest.
07-17 12:06:07.152   778   778 I wpa_supplicant: Successfully initialized wpa_supplicant
07-17 12:06:07.152   235   235 I BpBinder: onLastStrongRef automatically unlinking death recipients: <uncached descriptor>
07-17 12:06:07.154   778   778 I wpa_supplicant: rfkill: Cannot open RFKILL control device
07-17 12:06:07.158   592   720 I SupplicantStaIfaceHalAidlImpl: Obtained ISupplicant binder.
07-17 12:06:07.158   592   720 I SupplicantStaIfaceHalAidlImpl: Local Version: 1
07-17 12:06:07.162   592   602 I system_server: Background concurrent copying GC freed 141722(8388KB) AllocSpace objects, 19(588KB) LOS objects, 49% free, 13MB/27MB, paused 138us,65us total 114.419ms
07-17 12:06:07.171   592   592 V SystemServerTiming: GameManagerService took to complete: 23ms
07-17 12:06:07.171   592   592 D SystemServerTiming: ArtManagerLocal
07-17 12:06:07.171   592   592 V SystemServerTiming: ArtManagerLocal took to complete: 1ms
07-17 12:06:07.171   592   592 D SystemServerTiming: StartBootPhaseDeviceSpecificServicesReady
07-17 12:06:07.171   592   592 I SystemServiceManager: Starting phase 520
07-17 12:06:07.171   592   592 D SystemServerTiming: OnBootPhase_520
07-17 12:06:07.171   592   592 D SystemServerTiming: OnBootPhase_520_com.android.server.security.FileIntegrityService
07-17 12:06:07.171   592   592 V SystemServerTiming: OnBootPhase_520_com.android.server.security.FileIntegrityService took to complete: 0ms
07-17 12:06:07.171   592   592 D SystemServerTiming: OnBootPhase_520_com.android.server.pm.Installer
07-17 12:06:07.171   592   592 V SystemServerTiming: OnBootPhase_520_com.android.server.pm.Installer took to complete: 0ms
07-17 12:06:07.171   592   592 D SystemServerTiming: OnBootPhase_520_com.android.server.os.DeviceIdentifiersPolicyService
07-17 12:06:07.171   592   592 V SystemServerTiming: OnBootPhase_520_com.android.server.os.DeviceIdentifiersPolicyService took to complete: 0ms
07-17 12:06:07.171   592   592 D SystemServerTiming: OnBootPhase_520_com.android.server.uri.UriGrantsManagerService$Lifecycle
07-17 12:06:07.171   592   592 V SystemServerTiming: OnBootPhase_520_com.android.server.uri.UriGrantsManagerService$Lifecycle took to complete: 0ms
07-17 12:06:07.171   592   592 D SystemServerTiming: OnBootPhase_520_com.android.server.powerstats.PowerStatsService
07-17 12:06:07.171   592   592 V SystemServerTiming: OnBootPhase_520_com.android.server.powerstats.PowerStatsService took to complete: 0ms
07-17 12:06:07.171   592   592 D SystemServerTiming: OnBootPhase_520_com.android.server.wm.ActivityTaskManagerService$Lifecycle
07-17 12:06:07.171   592   592 V SystemServerTiming: OnBootPhase_520_com.android.server.wm.ActivityTaskManagerService$Lifecycle took to complete: 0ms
07-17 12:06:07.172   592   592 D SystemServerTiming: OnBootPhase_520_com.android.server.am.ActivityManagerService$Lifecycle
07-17 12:06:07.172   592   592 V SystemServerTiming: OnBootPhase_520_com.android.server.am.ActivityManagerService$Lifecycle took to complete: 0ms
07-17 12:06:07.172   592   592 D SystemServerTiming: OnBootPhase_520_com.android.server.pm.DataLoaderManagerService
07-17 12:06:07.172   592   592 V SystemServerTiming: OnBootPhase_520_com.android.server.pm.DataLoaderManagerService took to complete: 0ms
07-17 12:06:07.172   592   592 D SystemServerTiming: OnBootPhase_520_com.android.server.power.PowerManagerService
07-17 12:06:07.172   592   592 V SystemServerTiming: OnBootPhase_520_com.android.server.power.PowerManagerService took to complete: 0ms
07-17 12:06:07.172   592   592 D SystemServerTiming: OnBootPhase_520_com.android.server.power.ThermalManagerService
07-17 12:06:07.172   592   592 V SystemServerTiming: OnBootPhase_520_com.android.server.power.ThermalManagerService took to complete: 0ms
07-17 12:06:07.172   592   592 D SystemServerTiming: OnBootPhase_520_com.android.server.power.hint.HintManagerService
07-17 12:06:07.172   592   592 V SystemServerTiming: OnBootPhase_520_com.android.server.power.hint.HintManagerService took to complete: 0ms
07-17 12:06:07.172   592   592 D SystemServerTiming: OnBootPhase_520_com.android.server.recoverysystem.RecoverySystemService$Lifecycle
07-17 12:06:07.172   592   592 V SystemServerTiming: OnBootPhase_520_com.android.server.recoverysystem.RecoverySystemService$Lifecycle took to complete: 0ms
07-17 12:06:07.172   592   592 D SystemServerTiming: OnBootPhase_520_com.android.server.lights.LightsService
07-17 12:06:07.172   592   592 V SystemServerTiming: OnBootPhase_520_com.android.server.lights.LightsService took to complete: 0ms
07-17 12:06:07.172   592   592 D SystemServerTiming: OnBootPhase_520_com.android.server.display.DisplayManagerService
07-17 12:06:07.172   592   592 V SystemServerTiming: OnBootPhase_520_com.android.server.display.DisplayManagerService took to complete: 0ms
07-17 12:06:07.172   592   592 D SystemServerTiming: OnBootPhase_520_com.android.server.pm.verify.domain.DomainVerificationService
07-17 12:06:07.172   592   592 V SystemServerTiming: OnBootPhase_520_com.android.server.pm.verify.domain.DomainVerificationService took to complete: 0ms
07-17 12:06:07.172   592   592 D SystemServerTiming: OnBootPhase_520_com.android.server.pm.PackageInstallerService$Lifecycle
07-17 12:06:07.172   592   592 V SystemServerTiming: OnBootPhase_520_com.android.server.pm.PackageInstallerService$Lifecycle took to complete: 0ms
07-17 12:06:07.172   592   592 D SystemServerTiming: OnBootPhase_520_com.android.server.pm.UserManagerService$LifeCycle
07-17 12:06:07.172   592   592 V SystemServerTiming: OnBootPhase_520_com.android.server.pm.UserManagerService$LifeCycle took to complete: 0ms
07-17 12:06:07.172   592   592 D SystemServerTiming: OnBootPhase_520_com.android.server.om.OverlayManagerService
07-17 12:06:07.172   592   592 V SystemServerTiming: OnBootPhase_520_com.android.server.om.OverlayManagerService took to complete: 0ms
07-17 12:06:07.172   592   592 D SystemServerTiming: OnBootPhase_520_com.android.server.resources.ResourcesManagerService
07-17 12:06:07.172   592   592 V SystemServerTiming: OnBootPhase_520_com.android.server.resources.ResourcesManagerService took to complete: 0ms
07-17 12:06:07.172   592   592 D SystemServerTiming: OnBootPhase_520_com.android.server.sensorprivacy.SensorPrivacyService
07-17 12:06:07.172   592   592 V SystemServerTiming: OnBootPhase_520_com.android.server.sensorprivacy.SensorPrivacyService took to complete: 0ms
07-17 12:06:07.172   592   592 D SystemServerTiming: OnBootPhase_520_com.android.server.sensors.SensorService
07-17 12:06:07.172   592   592 V SystemServerTiming: OnBootPhase_520_com.android.server.sensors.SensorService took to complete: 0ms
07-17 12:06:07.172   592   592 D SystemServerTiming: OnBootPhase_520_com.android.server.SystemConfigService
07-17 12:06:07.172   592   592 V SystemServerTiming: OnBootPhase_520_com.android.server.SystemConfigService took to complete: 0ms
07-17 12:06:07.172   592   592 D SystemServerTiming: OnBootPhase_520_com.android.server.BatteryService
07-17 12:06:07.172   592   592 V SystemServerTiming: OnBootPhase_520_com.android.server.BatteryService took to complete: 0ms
07-17 12:06:07.172   592   592 D SystemServerTiming: OnBootPhase_520_com.android.server.usage.UsageStatsService
07-17 12:06:07.172   592   592 V SystemServerTiming: OnBootPhase_520_com.android.server.usage.UsageStatsService took to complete: 0ms
07-17 12:06:07.172   592   592 D SystemServerTiming: OnBootPhase_520_com.android.server.webkit.WebViewUpdateService
07-17 12:06:07.172   592   592 V SystemServerTiming: OnBootPhase_520_com.android.server.webkit.WebViewUpdateService took to complete: 0ms
07-17 12:06:07.172   592   592 D SystemServerTiming: OnBootPhase_520_com.android.server.CachedDeviceStateService
07-17 12:06:07.172   592   592 V SystemServerTiming: OnBootPhase_520_com.android.server.CachedDeviceStateService took to complete: 0ms
07-17 12:06:07.172   592   592 D SystemServerTiming: OnBootPhase_520_com.android.server.BinderCallsStatsService$LifeCycle
07-17 12:06:07.172   592   592 V SystemServerTiming: OnBootPhase_520_com.android.server.BinderCallsStatsService$LifeCycle took to complete: 0ms
07-17 12:06:07.172   592   592 D SystemServerTiming: OnBootPhase_520_com.android.server.LooperStatsService$Lifecycle
07-17 12:06:07.172   592   592 V SystemServerTiming: OnBootPhase_520_com.android.server.LooperStatsService$Lifecycle took to complete: 0ms
07-17 12:06:07.172   592   592 D SystemServerTiming: OnBootPhase_520_com.android.server.rollback.RollbackManagerService
07-17 12:06:07.172   592   592 V SystemServerTiming: OnBootPhase_520_com.android.server.rollback.RollbackManagerService took to complete: 0ms
07-17 12:06:07.172   592   592 D SystemServerTiming: OnBootPhase_520_com.android.server.os.NativeTombstoneManagerService
07-17 12:06:07.172   592   592 V SystemServerTiming: OnBootPhase_520_com.android.server.os.NativeTombstoneManagerService took to complete: 0ms
07-17 12:06:07.172   592   592 D SystemServerTiming: OnBootPhase_520_com.android.server.os.BugreportManagerService
07-17 12:06:07.172   592   592 V SystemServerTiming: OnBootPhase_520_com.android.server.os.BugreportManagerService took to complete: 0ms
07-17 12:06:07.172   592   592 D SystemServerTiming: OnBootPhase_520_com.android.server.gpu.GpuService
07-17 12:06:07.172   592   592 V SystemServerTiming: OnBootPhase_520_com.android.server.gpu.GpuService took to complete: 0ms
07-17 12:06:07.172   592   592 D SystemServerTiming: OnBootPhase_520_com.android.server.security.KeyChainSystemService
07-17 12:06:07.172   592   592 V SystemServerTiming: OnBootPhase_520_com.android.server.security.KeyChainSystemService took to complete: 0ms
07-17 12:06:07.172   592   592 D SystemServerTiming: OnBootPhase_520_com.android.server.BinaryTransparencyService
07-17 12:06:07.172   592   592 V SystemServerTiming: OnBootPhase_520_com.android.server.BinaryTransparencyService took to complete: 0ms
07-17 12:06:07.172   592   592 D SystemServerTiming: OnBootPhase_520_com.android.server.telecom.TelecomLoaderService
07-17 12:06:07.172   592   592 V SystemServerTiming: OnBootPhase_520_com.android.server.telecom.TelecomLoaderService took to complete: 0ms
07-17 12:06:07.172   592   592 D SystemServerTiming: OnBootPhase_520_com.android.server.accounts.AccountManagerService$Lifecycle
07-17 12:06:07.172   592   592 V SystemServerTiming: OnBootPhase_520_com.android.server.accounts.AccountManagerService$Lifecycle took to complete: 0ms
07-17 12:06:07.172   592   592 D SystemServerTiming: OnBootPhase_520_com.android.server.content.ContentService$Lifecycle
07-17 12:06:07.172   592   592 V SystemServerTiming: OnBootPhase_520_com.android.server.content.ContentService$Lifecycle took to complete: 0ms
07-17 12:06:07.172   592   592 D SystemServerTiming: OnBootPhase_520_com.android.server.DropBoxManagerService
07-17 12:06:07.172   592   592 V SystemServerTiming: OnBootPhase_520_com.android.server.DropBoxManagerService took to complete: 0ms
07-17 12:06:07.172   592   592 D SystemServerTiming: OnBootPhase_520_com.android.role.RoleService
07-17 12:06:07.172   592   592 V SystemServerTiming: OnBootPhase_520_com.android.role.RoleService took to complete: 0ms
07-17 12:06:07.172   592   592 D SystemServerTiming: OnBootPhase_520_com.android.server.vibrator.VibratorManagerService$Lifecycle
07-17 12:06:07.172   592   592 V SystemServerTiming: OnBootPhase_520_com.android.server.vibrator.VibratorManagerService$Lifecycle took to complete: 0ms
07-17 12:06:07.172   592   592 D SystemServerTiming: OnBootPhase_520_com.android.server.tare.InternalResourceService
07-17 12:06:07.172   592   592 V SystemServerTiming: OnBootPhase_520_com.android.server.tare.InternalResourceService took to complete: 0ms
07-17 12:06:07.172   592   592 D SystemServerTiming: OnBootPhase_520_com.android.server.alarm.AlarmManagerService
07-17 12:06:07.172   592   592 V SystemServerTiming: OnBootPhase_520_com.android.server.alarm.AlarmManagerService took to complete: 0ms
07-17 12:06:07.172   592   592 D SystemServerTiming: OnBootPhase_520_com.android.server.devicestate.DeviceStateManagerService
07-17 12:06:07.172   592   592 V SystemServerTiming: OnBootPhase_520_com.android.server.devicestate.DeviceStateManagerService took to complete: 0ms
07-17 12:06:07.172   592   592 D SystemServerTiming: OnBootPhase_520_com.android.server.camera.CameraServiceProxy
07-17 12:06:07.172   592   592 V SystemServerTiming: OnBootPhase_520_com.android.server.camera.CameraServiceProxy took to complete: 0ms
07-17 12:06:07.172   592   592 D SystemServerTiming: OnBootPhase_520_com.android.server.bluetooth.BluetoothService
07-17 12:06:07.172   592   592 V SystemServerTiming: OnBootPhase_520_com.android.server.bluetooth.BluetoothService took to complete: 0ms
07-17 12:06:07.172   592   592 D SystemServerTiming: OnBootPhase_520_com.android.server.connectivity.IpConnectivityMetrics
07-17 12:06:07.172   592   592 V SystemServerTiming: OnBootPhase_520_com.android.server.connectivity.IpConnectivityMetrics took to complete: 0ms
07-17 12:06:07.172   592   592 D SystemServerTiming: OnBootPhase_520_com.android.server.net.watchlist.NetworkWatchlistService$Lifecycle
07-17 12:06:07.172   592   592 V SystemServerTiming: OnBootPhase_520_com.android.server.net.watchlist.NetworkWatchlistService$Lifecycle took to complete: 0ms
07-17 12:06:07.173   592   592 D SystemServerTiming: OnBootPhase_520_com.android.server.PinnerService
07-17 12:06:07.173   592   592 V SystemServerTiming: OnBootPhase_520_com.android.server.PinnerService took to complete: 0ms
07-17 12:06:07.173   592   592 D SystemServerTiming: OnBootPhase_520_com.android.server.integrity.AppIntegrityManagerService
07-17 12:06:07.173   592   592 V SystemServerTiming: OnBootPhase_520_com.android.server.integrity.AppIntegrityManagerService took to complete: 0ms
07-17 12:06:07.173   592   592 D SystemServerTiming: OnBootPhase_520_com.android.server.logcat.LogcatManagerService
07-17 12:06:07.173   592   592 V SystemServerTiming: OnBootPhase_520_com.android.server.logcat.LogcatManagerService took to complete: 0ms
07-17 12:06:07.173   592   592 D SystemServerTiming: OnBootPhase_520_com.android.server.inputmethod.InputMethodManagerService$Lifecycle
07-17 12:06:07.173   592   592 V SystemServerTiming: OnBootPhase_520_com.android.server.inputmethod.InputMethodManagerService$Lifecycle took to complete: 0ms
07-17 12:06:07.173   592   592 D SystemServerTiming: OnBootPhase_520_com.android.server.accessibility.AccessibilityManagerService$Lifecycle
07-17 12:06:07.173   592   592 V SystemServerTiming: OnBootPhase_520_com.android.server.accessibility.AccessibilityManagerService$Lifecycle took to complete: 0ms
07-17 12:06:07.173   592   592 D SystemServerTiming: OnBootPhase_520_com.android.server.StorageManagerService$Lifecycle
07-17 12:06:07.173   592   592 V SystemServerTiming: OnBootPhase_520_com.android.server.StorageManagerService$Lifecycle took to complete: 0ms
07-17 12:06:07.173   592   592 D SystemServerTiming: OnBootPhase_520_com.android.server.usage.StorageStatsService$Lifecycle
07-17 12:06:07.173   592   592 V SystemServerTiming: OnBootPhase_520_com.android.server.usage.StorageStatsService$Lifecycle took to complete: 0ms
07-17 12:06:07.173   592   592 D SystemServerTiming: OnBootPhase_520_com.android.server.UiModeManagerService
07-17 12:06:07.173   592   592 V SystemServerTiming: OnBootPhase_520_com.android.server.UiModeManagerService took to complete: 0ms
07-17 12:06:07.173   592   592 D SystemServerTiming: OnBootPhase_520_com.android.server.locales.LocaleManagerService
07-17 12:06:07.173   592   592 V SystemServerTiming: OnBootPhase_520_com.android.server.locales.LocaleManagerService took to complete: 0ms
07-17 12:06:07.173   592   592 D SystemServerTiming: OnBootPhase_520_com.android.server.locksettings.LockSettingsService$Lifecycle
07-17 12:06:07.173   592   592 V SystemServerTiming: OnBootPhase_520_com.android.server.locksettings.LockSettingsService$Lifecycle took to complete: 0ms
07-17 12:06:07.173   592   592 D SystemServerTiming: OnBootPhase_520_com.android.server.testharness.TestHarnessModeService
07-17 12:06:07.173   592   592 V SystemServerTiming: OnBootPhase_520_com.android.server.testharness.TestHarnessModeService took to complete: 0ms
07-17 12:06:07.173   592   592 D SystemServerTiming: OnBootPhase_520_com.android.server.DeviceIdleController
07-17 12:06:07.173   592   592 V SystemServerTiming: OnBootPhase_520_com.android.server.DeviceIdleController took to complete: 0ms
07-17 12:06:07.173   592   592 D SystemServerTiming: OnBootPhase_520_com.android.server.devicepolicy.DevicePolicyManagerService$Lifecycle
07-17 12:06:07.173   592   592 V SystemServerTiming: OnBootPhase_520_com.android.server.devicepolicy.DevicePolicyManagerService$Lifecycle took to complete: 0ms
07-17 12:06:07.173   592   592 D SystemServerTiming: OnBootPhase_520_com.android.server.musicrecognition.MusicRecognitionManagerService
07-17 12:06:07.173   592   592 V SystemServerTiming: OnBootPhase_520_com.android.server.musicrecognition.MusicRecognitionManagerService took to complete: 0ms
07-17 12:06:07.173   592   592 D SystemServerTiming: OnBootPhase_520_com.android.server.contentcapture.ContentCaptureManagerService
07-17 12:06:07.173   592   592 V SystemServerTiming: OnBootPhase_520_com.android.server.contentcapture.ContentCaptureManagerService took to complete: 0ms
07-17 12:06:07.173   592   592 D SystemServerTiming: OnBootPhase_520_com.android.server.systemcaptions.SystemCaptionsManagerService
07-17 12:06:07.173   592   592 V SystemServerTiming: OnBootPhase_520_com.android.server.systemcaptions.SystemCaptionsManagerService took to complete: 0ms
07-17 12:06:07.173   592   592 D SystemServerTiming: OnBootPhase_520_com.android.server.texttospeech.TextToSpeechManagerService
07-17 12:06:07.173   592   592 V SystemServerTiming: OnBootPhase_520_com.android.server.texttospeech.TextToSpeechManagerService took to complete: 0ms
07-17 12:06:07.173   592   592 D SystemServerTiming: OnBootPhase_520_com.android.server.ambientcontext.AmbientContextManagerService
07-17 12:06:07.173   592   592 V SystemServerTiming: OnBootPhase_520_com.android.server.ambientcontext.AmbientContextManagerService took to complete: 0ms
07-17 12:06:07.173   592   592 D SystemServerTiming: OnBootPhase_520_com.android.server.speech.SpeechRecognitionManagerService
07-17 12:06:07.173   592   592 V SystemServerTiming: OnBootPhase_520_com.android.server.speech.SpeechRecognitionManagerService took to complete: 0ms
07-17 12:06:07.173   592   592 D SystemServerTiming: OnBootPhase_520_com.android.server.appprediction.AppPredictionManagerService
07-17 12:06:07.173   592   592 V SystemServerTiming: OnBootPhase_520_com.android.server.appprediction.AppPredictionManagerService took to complete: 0ms
07-17 12:06:07.173   592   592 D SystemServerTiming: OnBootPhase_520_com.android.server.contentsuggestions.ContentSuggestionsManagerService
07-17 12:06:07.173   592   592 V SystemServerTiming: OnBootPhase_520_com.android.server.contentsuggestions.ContentSuggestionsManagerService took to complete: 0ms
07-17 12:06:07.173   592   592 D SystemServerTiming: OnBootPhase_520_com.android.server.searchui.SearchUiManagerService
07-17 12:06:07.173   592   592 V SystemServerTiming: OnBootPhase_520_com.android.server.searchui.SearchUiManagerService took to complete: 0ms
07-17 12:06:07.173   592   592 D SystemServerTiming: OnBootPhase_520_com.android.server.smartspace.SmartspaceManagerService
07-17 12:06:07.173   592   592 V SystemServerTiming: OnBootPhase_520_com.android.server.smartspace.SmartspaceManagerService took to complete: 0ms
07-17 12:06:07.173   592   592 D SystemServerTiming: OnBootPhase_520_com.android.server.cloudsearch.CloudSearchManagerService
07-17 12:06:07.173   592   592 V SystemServerTiming: OnBootPhase_520_com.android.server.cloudsearch.CloudSearchManagerService took to complete: 0ms
07-17 12:06:07.173   592   592 D SystemServerTiming: OnBootPhase_520_com.android.server.graphics.fonts.FontManagerService$Lifecycle
07-17 12:06:07.173   592   592 V SystemServerTiming: OnBootPhase_520_com.android.server.graphics.fonts.FontManagerService$Lifecycle took to complete: 0ms
07-17 12:06:07.173   592   592 D SystemServerTiming: OnBootPhase_520_com.android.server.textservices.TextServicesManagerService$Lifecycle
07-17 12:06:07.173   592   592 V SystemServerTiming: OnBootPhase_520_com.android.server.textservices.TextServicesManagerService$Lifecycle took to complete: 0ms
07-17 12:06:07.173   592   592 D SystemServerTiming: OnBootPhase_520_com.android.server.textclassifier.TextClassificationManagerService$Lifecycle
07-17 12:06:07.173   592   592 V SystemServerTiming: OnBootPhase_520_com.android.server.textclassifier.TextClassificationManagerService$Lifecycle took to complete: 0ms
07-17 12:06:07.173   592   592 D SystemServerTiming: OnBootPhase_520_com.android.server.NetworkScoreService$Lifecycle
07-17 12:06:07.173   592   592 V SystemServerTiming: OnBootPhase_520_com.android.server.NetworkScoreService$Lifecycle took to complete: 0ms
07-17 12:06:07.173   592   592 D SystemServerTiming: OnBootPhase_520_com.android.server.NetworkStatsServiceInitializer
07-17 12:06:07.173   592   592 V SystemServerTiming: OnBootPhase_520_com.android.server.NetworkStatsServiceInitializer took to complete: 0ms
07-17 12:06:07.173   592   592 D SystemServerTiming: OnBootPhase_520_com.android.server.wifi.WifiService
07-17 12:06:07.173   592   592 V SystemServerTiming: OnBootPhase_520_com.android.server.wifi.WifiService took to complete: 0ms
07-17 12:06:07.173   592   592 D SystemServerTiming: OnBootPhase_520_com.android.server.wifi.scanner.WifiScanningService
07-17 12:06:07.173   592   592 V SystemServerTiming: OnBootPhase_520_com.android.server.wifi.scanner.WifiScanningService took to complete: 0ms
07-17 12:06:07.173   592   592 D SystemServerTiming: OnBootPhase_520_com.android.server.wifi.p2p.WifiP2pService
07-17 12:06:07.173   592   592 V SystemServerTiming: OnBootPhase_520_com.android.server.wifi.p2p.WifiP2pService took to complete: 0ms
07-17 12:06:07.173   592   592 D SystemServerTiming: OnBootPhase_520_com.android.server.ConnectivityServiceInitializer
07-17 12:06:07.173   592   592 V SystemServerTiming: OnBootPhase_520_com.android.server.ConnectivityServiceInitializer took to complete: 0ms
07-17 12:06:07.173   592   592 D SystemServerTiming: OnBootPhase_520_com.android.server.notification.NotificationManagerService
07-17 12:06:07.173   592   592 V SystemServerTiming: OnBootPhase_520_com.android.server.notification.NotificationManagerService took to complete: 0ms
07-17 12:06:07.173   592   592 D SystemServerTiming: OnBootPhase_520_com.android.server.storage.DeviceStorageMonitorService
07-17 12:06:07.173   592   592 V SystemServerTiming: OnBootPhase_520_com.android.server.storage.DeviceStorageMonitorService took to complete: 0ms
07-17 12:06:07.173   592   592 D SystemServerTiming: OnBootPhase_520_com.android.server.location.LocationManagerService$Lifecycle
07-17 12:06:07.173   592   592 V SystemServerTiming: OnBootPhase_520_com.android.server.location.LocationManagerService$Lifecycle took to complete: 0ms
07-17 12:06:07.173   592   592 D SystemServerTiming: OnBootPhase_520_com.android.server.timedetector.TimeDetectorService$Lifecycle
07-17 12:06:07.173   592   592 V SystemServerTiming: OnBootPhase_520_com.android.server.timedetector.TimeDetectorService$Lifecycle took to complete: 0ms
07-17 12:06:07.174   592   592 D SystemServerTiming: OnBootPhase_520_com.android.server.timezonedetector.TimeZoneDetectorService$Lifecycle
07-17 12:06:07.174   592   592 V SystemServerTiming: OnBootPhase_520_com.android.server.timezonedetector.TimeZoneDetectorService$Lifecycle took to complete: 0ms
07-17 12:06:07.174   592   592 D SystemServerTiming: OnBootPhase_520_com.android.server.timezonedetector.location.LocationTimeZoneManagerService$Lifecycle
07-17 12:06:07.174   592   592 V SystemServerTiming: OnBootPhase_520_com.android.server.timezonedetector.location.LocationTimeZoneManagerService$Lifecycle took to complete: 0ms
07-17 12:06:07.174   592   592 D SystemServerTiming: OnBootPhase_520_com.android.server.search.SearchManagerService$Lifecycle
07-17 12:06:07.174   592   592 V SystemServerTiming: OnBootPhase_520_com.android.server.search.SearchManagerService$Lifecycle took to complete: 0ms
07-17 12:06:07.174   592   592 D SystemServerTiming: OnBootPhase_520_com.android.server.wallpaper.WallpaperManagerService$Lifecycle
07-17 12:06:07.174   592   592 V SystemServerTiming: OnBootPhase_520_com.android.server.wallpaper.WallpaperManagerService$Lifecycle took to complete: 0ms
07-17 12:06:07.174   592   592 D SystemServerTiming: OnBootPhase_520_com.android.server.wallpapereffectsgeneration.WallpaperEffectsGenerationManagerService
07-17 12:06:07.174   592   592 V SystemServerTiming: OnBootPhase_520_com.android.server.wallpapereffectsgeneration.WallpaperEffectsGenerationManagerService took to complete: 0ms
07-17 12:06:07.174   592   592 D SystemServerTiming: OnBootPhase_520_com.android.server.audio.AudioService$Lifecycle
07-17 12:06:07.174   592   592 V SystemServerTiming: OnBootPhase_520_com.android.server.audio.AudioService$Lifecycle took to complete: 0ms
07-17 12:06:07.174   592   592 D SystemServerTiming: OnBootPhase_520_com.android.server.soundtrigger_middleware.SoundTriggerMiddlewareService$Lifecycle
07-17 12:06:07.174   592   592 V SystemServerTiming: OnBootPhase_520_com.android.server.soundtrigger_middleware.SoundTriggerMiddlewareService$Lifecycle took to complete: 0ms
07-17 12:06:07.174   592   592 D SystemServerTiming: OnBootPhase_520_com.android.server.DockObserver
07-17 12:06:07.174   592   592 V SystemServerTiming: OnBootPhase_520_com.android.server.DockObserver took to complete: 0ms
07-17 12:06:07.174   592   592 D SystemServerTiming: OnBootPhase_520_com.android.server.midi.MidiService$Lifecycle
07-17 12:06:07.174   592   592 V SystemServerTiming: OnBootPhase_520_com.android.server.midi.MidiService$Lifecycle took to complete: 0ms
07-17 12:06:07.174   592   592 D SystemServerTiming: OnBootPhase_520_com.android.server.adb.AdbService$Lifecycle
07-17 12:06:07.174   592   592 V SystemServerTiming: OnBootPhase_520_com.android.server.adb.AdbService$Lifecycle took to complete: 0ms
07-17 12:06:07.174   592   592 D SystemServerTiming: OnBootPhase_520_com.android.server.usb.UsbService$Lifecycle
07-17 12:06:07.174   592   592 V SystemServerTiming: OnBootPhase_520_com.android.server.usb.UsbService$Lifecycle took to complete: 0ms
07-17 12:06:07.174   592   592 D SystemServerTiming: OnBootPhase_520_com.android.server.twilight.TwilightService
07-17 12:06:07.174   592   592 V SystemServerTiming: OnBootPhase_520_com.android.server.twilight.TwilightService took to complete: 0ms
07-17 12:06:07.174   592   592 D SystemServerTiming: OnBootPhase_520_com.android.server.display.color.ColorDisplayService
07-17 12:06:07.174   592   592 V SystemServerTiming: OnBootPhase_520_com.android.server.display.color.ColorDisplayService took to complete: 0ms
07-17 12:06:07.174   592   592 D SystemServerTiming: OnBootPhase_520_com.android.server.job.JobSchedulerService
07-17 12:06:07.174   592   592 V SystemServerTiming: OnBootPhase_520_com.android.server.job.JobSchedulerService took to complete: 0ms
07-17 12:06:07.174   592   592 D SystemServerTiming: OnBootPhase_520_com.android.server.soundtrigger.SoundTriggerService
07-17 12:06:07.174   592   592 D SoundTriggerService: onBootPhase: 520 : false
07-17 12:06:07.174   592   592 V SystemServerTiming: OnBootPhase_520_com.android.server.soundtrigger.SoundTriggerService took to complete: 0ms
07-17 12:06:07.174   592   592 D SystemServerTiming: OnBootPhase_520_com.android.server.trust.TrustManagerService
07-17 12:06:07.174   592   592 V SystemServerTiming: OnBootPhase_520_com.android.server.trust.TrustManagerService took to complete: 0ms
07-17 12:06:07.174   592   592 D SystemServerTiming: OnBootPhase_520_com.android.server.backup.BackupManagerService$Lifecycle
07-17 12:06:07.174   592   592 V SystemServerTiming: OnBootPhase_520_com.android.server.backup.BackupManagerService$Lifecycle took to complete: 0ms
07-17 12:06:07.174   592   592 D SystemServerTiming: OnBootPhase_520_com.android.server.appwidget.AppWidgetService
07-17 12:06:07.174   592   592 V SystemServerTiming: OnBootPhase_520_com.android.server.appwidget.AppWidgetService took to complete: 0ms
07-17 12:06:07.174   592   592 D SystemServerTiming: OnBootPhase_520_com.android.server.voiceinteraction.VoiceInteractionManagerService
07-17 12:06:07.174   592   592 V SystemServerTiming: OnBootPhase_520_com.android.server.voiceinteraction.VoiceInteractionManagerService took to complete: 0ms
07-17 12:06:07.174   592   592 D SystemServerTiming: OnBootPhase_520_com.android.server.apphibernation.AppHibernationService
07-17 12:06:07.174   592   592 V SystemServerTiming: OnBootPhase_520_com.android.server.apphibernation.AppHibernationService took to complete: 0ms
07-17 12:06:07.174   592   592 D SystemServerTiming: OnBootPhase_520_com.android.server.GestureLauncherService
07-17 12:06:07.174   592   592 V SystemServerTiming: OnBootPhase_520_com.android.server.GestureLauncherService took to complete: 0ms
07-17 12:06:07.174   592   592 D SystemServerTiming: OnBootPhase_520_com.android.server.SensorNotificationService
07-17 12:06:07.174   592   592 V SystemServerTiming: OnBootPhase_520_com.android.server.SensorNotificationService took to complete: 0ms
07-17 12:06:07.174   592   592 D SystemServerTiming: OnBootPhase_520_com.android.server.emergency.EmergencyAffordanceService
07-17 12:06:07.174   592   592 V SystemServerTiming: OnBootPhase_520_com.android.server.emergency.EmergencyAffordanceService took to complete: 0ms
07-17 12:06:07.175   592   592 D SystemServerTiming: OnBootPhase_520_com.android.server.blob.BlobStoreManagerService
07-17 12:06:07.175   592   592 V SystemServerTiming: OnBootPhase_520_com.android.server.blob.BlobStoreManagerService took to complete: 0ms
07-17 12:06:07.175   592   592 D SystemServerTiming: OnBootPhase_520_com.android.server.dreams.DreamManagerService
07-17 12:06:07.175   592   592 V SystemServerTiming: OnBootPhase_520_com.android.server.dreams.DreamManagerService took to complete: 0ms
07-17 12:06:07.175   592   592 D SystemServerTiming: OnBootPhase_520_com.android.server.print.PrintManagerService
07-17 12:06:07.175   592   592 V SystemServerTiming: OnBootPhase_520_com.android.server.print.PrintManagerService took to complete: 0ms
07-17 12:06:07.175   592   592 D SystemServerTiming: OnBootPhase_520_com.android.server.security.AttestationVerificationManagerService
07-17 12:06:07.175   592   592 V SystemServerTiming: OnBootPhase_520_com.android.server.security.AttestationVerificationManagerService took to complete: 0ms
07-17 12:06:07.175   592   592 D SystemServerTiming: OnBootPhase_520_com.android.server.companion.CompanionDeviceManagerService
07-17 12:06:07.175   592   592 V SystemServerTiming: OnBootPhase_520_com.android.server.companion.CompanionDeviceManagerService took to complete: 0ms
07-17 12:06:07.175   592   592 D SystemServerTiming: OnBootPhase_520_com.android.server.companion.virtual.VirtualDeviceManagerService
07-17 12:06:07.175   592   592 V SystemServerTiming: OnBootPhase_520_com.android.server.companion.virtual.VirtualDeviceManagerService took to complete: 0ms
07-17 12:06:07.175   592   592 D SystemServerTiming: OnBootPhase_520_com.android.server.restrictions.RestrictionsManagerService
07-17 12:06:07.175   592   592 V SystemServerTiming: OnBootPhase_520_com.android.server.restrictions.RestrictionsManagerService took to complete: 0ms
07-17 12:06:07.175   592   592 D SystemServerTiming: OnBootPhase_520_com.android.server.media.MediaSessionService
07-17 12:06:07.175   592   592 V SystemServerTiming: OnBootPhase_520_com.android.server.media.MediaSessionService took to complete: 0ms
07-17 12:06:07.175   592   592 D SystemServerTiming: OnBootPhase_520_com.android.server.media.MediaResourceMonitorService
07-17 12:06:07.175   592   592 V SystemServerTiming: OnBootPhase_520_com.android.server.media.MediaResourceMonitorService took to complete: 0ms
07-17 12:06:07.175   592   592 D SystemServerTiming: OnBootPhase_520_com.android.server.biometrics.sensors.fingerprint.FingerprintService
07-17 12:06:07.175   592   592 V SystemServerTiming: OnBootPhase_520_com.android.server.biometrics.sensors.fingerprint.FingerprintService took to complete: 0ms
07-17 12:06:07.175   592   592 D SystemServerTiming: OnBootPhase_520_com.android.server.biometrics.BiometricService
07-17 12:06:07.175   592   592 V SystemServerTiming: OnBootPhase_520_com.android.server.biometrics.BiometricService took to complete: 0ms
07-17 12:06:07.175   592   592 D SystemServerTiming: OnBootPhase_520_com.android.server.biometrics.AuthService
07-17 12:06:07.175   592   592 V SystemServerTiming: OnBootPhase_520_com.android.server.biometrics.AuthService took to complete: 0ms
07-17 12:06:07.175   592   592 D SystemServerTiming: OnBootPhase_520_com.android.server.pm.ShortcutService$Lifecycle
07-17 12:06:07.175   592   592 V SystemServerTiming: OnBootPhase_520_com.android.server.pm.ShortcutService$Lifecycle took to complete: 0ms
07-17 12:06:07.175   592   592 D SystemServerTiming: OnBootPhase_520_com.android.server.pm.LauncherAppsService
07-17 12:06:07.175   592   592 V SystemServerTiming: OnBootPhase_520_com.android.server.pm.LauncherAppsService took to complete: 0ms
07-17 12:06:07.175   592   592 D SystemServerTiming: OnBootPhase_520_com.android.server.pm.CrossProfileAppsService
07-17 12:06:07.175   592   592 V SystemServerTiming: OnBootPhase_520_com.android.server.pm.CrossProfileAppsService took to complete: 0ms
07-17 12:06:07.175   592   592 D SystemServerTiming: OnBootPhase_520_com.android.server.people.PeopleService
07-17 12:06:07.175   592   592 V SystemServerTiming: OnBootPhase_520_com.android.server.people.PeopleService took to complete: 0ms
07-17 12:06:07.175   592   592 D SystemServerTiming: OnBootPhase_520_com.android.server.media.metrics.MediaMetricsManagerService
07-17 12:06:07.175   592   592 V SystemServerTiming: OnBootPhase_520_com.android.server.media.metrics.MediaMetricsManagerService took to complete: 0ms
07-17 12:06:07.175   592   592 D SystemServerTiming: OnBootPhase_520_com.android.server.media.projection.MediaProjectionManagerService
07-17 12:06:07.175   592   592 V SystemServerTiming: OnBootPhase_520_com.android.server.media.projection.MediaProjectionManagerService took to complete: 0ms
07-17 12:06:07.175   592   592 D SystemServerTiming: OnBootPhase_520_com.android.server.slice.SliceManagerService$Lifecycle
07-17 12:06:07.175   592   592 V SystemServerTiming: OnBootPhase_520_com.android.server.slice.SliceManagerService$Lifecycle took to complete: 0ms
07-17 12:06:07.175   592   592 D SystemServerTiming: OnBootPhase_520_com.android.server.stats.StatsCompanion$Lifecycle
07-17 12:06:07.175   592   592 V SystemServerTiming: OnBootPhase_520_com.android.server.stats.StatsCompanion$Lifecycle took to complete: 0ms
07-17 12:06:07.175   592   592 D SystemServerTiming: OnBootPhase_520_com.android.server.scheduling.RebootReadinessManagerService$Lifecycle
07-17 12:06:07.175   592   592 V SystemServerTiming: OnBootPhase_520_com.android.server.scheduling.RebootReadinessManagerService$Lifecycle took to complete: 0ms
07-17 12:06:07.175   592   592 D SystemServerTiming: OnBootPhase_520_com.android.server.stats.pull.StatsPullAtomService
07-17 12:06:07.175   592   592 V SystemServerTiming: OnBootPhase_520_com.android.server.stats.pull.StatsPullAtomService took to complete: 0ms
07-17 12:06:07.175   592   592 D SystemServerTiming: OnBootPhase_520_com.android.server.stats.bootstrap.StatsBootstrapAtomService$Lifecycle
07-17 12:06:07.175   592   592 V SystemServerTiming: OnBootPhase_520_com.android.server.stats.bootstrap.StatsBootstrapAtomService$Lifecycle took to complete: 0ms
07-17 12:06:07.175   592   592 D SystemServerTiming: OnBootPhase_520_com.android.server.incident.IncidentCompanionService
07-17 12:06:07.175   592   592 V SystemServerTiming: OnBootPhase_520_com.android.server.incident.IncidentCompanionService took to complete: 0ms
07-17 12:06:07.175   592   592 D SystemServerTiming: OnBootPhase_520_com.android.server.sdksandbox.SdkSandboxManagerService$Lifecycle
07-17 12:06:07.175   592   592 V SystemServerTiming: OnBootPhase_520_com.android.server.sdksandbox.SdkSandboxManagerService$Lifecycle took to complete: 0ms
07-17 12:06:07.175   592   592 D SystemServerTiming: OnBootPhase_520_com.android.server.adservices.AdServicesManagerService$Lifecycle
07-17 12:06:07.175   592   592 V SystemServerTiming: OnBootPhase_520_com.android.server.adservices.AdServicesManagerService$Lifecycle took to complete: 0ms
07-17 12:06:07.175   592   592 D SystemServerTiming: OnBootPhase_520_com.android.server.MmsServiceBroker
07-17 12:06:07.175   592   592 V SystemServerTiming: OnBootPhase_520_com.android.server.MmsServiceBroker took to complete: 0ms
07-17 12:06:07.175   592   592 D SystemServerTiming: OnBootPhase_520_com.android.server.autofill.AutofillManagerService
07-17 12:06:07.175   592   592 V SystemServerTiming: OnBootPhase_520_com.android.server.autofill.AutofillManagerService took to complete: 0ms
07-17 12:06:07.175   592   592 D SystemServerTiming: OnBootPhase_520_com.android.server.translation.TranslationManagerService
07-17 12:06:07.175   592   592 V SystemServerTiming: OnBootPhase_520_com.android.server.translation.TranslationManagerService took to complete: 0ms
07-17 12:06:07.175   592   592 D SystemServerTiming: OnBootPhase_520_com.android.server.selectiontoolbar.SelectionToolbarManagerService
07-17 12:06:07.175   592   592 V SystemServerTiming: OnBootPhase_520_com.android.server.selectiontoolbar.SelectionToolbarManagerService took to complete: 0ms
07-17 12:06:07.175   592   592 D SystemServerTiming: OnBootPhase_520_com.android.server.clipboard.ClipboardService
07-17 12:06:07.175   592   592 V SystemServerTiming: OnBootPhase_520_com.android.server.clipboard.ClipboardService took to complete: 0ms
07-17 12:06:07.175   592   592 D SystemServerTiming: OnBootPhase_520_com.android.server.appbinding.AppBindingService$Lifecycle
07-17 12:06:07.175   592   592 V SystemServerTiming: OnBootPhase_520_com.android.server.appbinding.AppBindingService$Lifecycle took to complete: 0ms
07-17 12:06:07.175   592   592 D SystemServerTiming: OnBootPhase_520_com.android.server.tracing.TracingServiceProxy
07-17 12:06:07.175   592   592 V SystemServerTiming: OnBootPhase_520_com.android.server.tracing.TracingServiceProxy took to complete: 0ms
07-17 12:06:07.175   592   592 D SystemServerTiming: OnBootPhase_520_com.android.server.policy.PermissionPolicyService
07-17 12:06:07.176   592   592 V SystemServerTiming: OnBootPhase_520_com.android.server.policy.PermissionPolicyService took to complete: 0ms
07-17 12:06:07.176   592   592 D SystemServerTiming: OnBootPhase_520_com.android.server.pm.StagingManager$Lifecycle
07-17 12:06:07.176   592   592 V SystemServerTiming: OnBootPhase_520_com.android.server.pm.StagingManager$Lifecycle took to complete: 0ms
07-17 12:06:07.176   592   592 D SystemServerTiming: OnBootPhase_520_com.android.server.app.GameManagerService$Lifecycle
07-17 12:06:07.176   592   592 V SystemServerTiming: OnBootPhase_520_com.android.server.app.GameManagerService$Lifecycle took to complete: 0ms
07-17 12:06:07.176   592   592 V SystemServerTiming: OnBootPhase_520 took to complete: 4ms
07-17 12:06:07.176   592   592 V SystemServerTiming: StartBootPhaseDeviceSpecificServicesReady took to complete: 4ms
07-17 12:06:07.176   592   592 D SystemServerTiming: StartSafetyCenterService
07-17 12:06:07.177   592   592 I SystemServiceManager: Starting com.android.safetycenter.SafetyCenterService
07-17 12:06:07.178   592   592 I SafetyCenterResContext: Found Safety Center resources APK at: com.google.android.safetycenter.resources
07-17 12:06:07.178   778   778 I wpa_supplicant: rfkill: Cannot get wiphy information
07-17 12:06:07.181   592   720 I SupplicantStaIfaceHalAidlImpl: Remote Version: 1
07-17 12:06:07.182   778   778 I wpa_supplicant: Iface already exists, return existing
07-17 12:06:07.188   592   720 I WifiNative: Successfully switched to connectivity mode on iface=Iface:{Name=wlan0,Id=0,Type=STA_CONNECTIVITY}
07-17 12:06:07.188   592   720 D WifiClientModeManager[wlan0]: entering ConnectModeState, starting ClientModeImpl
07-17 12:06:07.191   592   720 D WifiScoreReport: setShouldReduceNetworkScore=false mNetworkAgent is null? true
07-17 12:06:07.191   592   720 V WifiClientModeManager[wlan0]: ClientModeManager started in role: Role: ROLE_CLIENT_PRIMARY, RequestorWs: WorkSource{1000 com.android.settings}, ModeListener: com.android.server.wifi.ActiveModeWarden$ClientListener@fa40c8e
07-17 12:06:07.191   592   592 I SafetyCenterConfigReade: SafetyCenterConfig read successfully
07-17 12:06:07.192   592   724 I WifiScanningService: Received a request to enable scanning, UID = 1000
07-17 12:06:07.192   592   720 D WifiScanRequestProxy: Sending scan available broadcast: true
07-17 12:06:07.193   592   724 E WifiVendorHal: lambda$getBgScanCapabilities$0(l.0) failed {.code = ERROR_NOT_SUPPORTED, .description = }
07-17 12:06:07.194   592   592 I SafetyCenterIssuesPersi: File not found: /data/misc/apexdata/com.android.permission/safety_center_issues.xml
07-17 12:06:07.194   592   592 I SafetyCenterService: Safety Center persisted issues read successfully
07-17 12:06:07.194   592   592 V SystemServerTiming: StartSafetyCenterService took to complete: 18ms
07-17 12:06:07.194   592   592 D SystemServerTiming: AppSearchModule
07-17 12:06:07.195   592   720 I WifiScanRequestProxy: Scanning is enabled
07-17 12:06:07.195   592   720 I WifiScanRequestProxy: Scanning for hidden networks is enabled
07-17 12:06:07.195   592   724 I WifiScanningService: Created a new impl for wlan0
07-17 12:06:07.196   592   724 I WifiScanningService: wifi driver loaded with scan capabilities: max buckets=16
07-17 12:06:07.197   592   720 E WifiVendorHal: setMultiStaUseCase(l.24) failed {.code = ERROR_NOT_SUPPORTED, .description = }
07-17 12:06:07.197   592   720 E WifiVendorHal: setMultiStaPrimaryConnection(l.31) failed {.code = ERROR_NOT_SUPPORTED, .description = }
07-17 12:06:07.199   592   720 D WifiCountryCode: evaluateAllCmmStateAndApplyIfAllReady: {ConcreteClientModeManager{id=13662 iface=wlan0 role=ROLE_CLIENT_PRIMARY}=true}
07-17 12:06:07.200   592   720 D WifiCountryCode: Reading country code from telephony
07-17 12:06:07.202   592   720 D WifiCountryCode: Set telephony country code to: 
07-17 12:06:07.202   592   720 D WifiCountryCode: updateCountryCode to null
07-17 12:06:07.202   592   720 D WakeupController: onWifiEnabled()
07-17 12:06:07.202   592   720 W WifiClientModeImpl: No cached packet filter to apply
07-17 12:06:07.203   592   720 D WifiClientModeImpl[wlan0]: entering ConnectableState: ifaceName = wlan0
07-17 12:06:07.203   592   720 D WifiClientModeImpl[wlan0]: Start makeIpClient ifaceName = wlan0
07-17 12:06:07.204   592   592 I SystemServiceManager: Starting com.android.server.appsearch.AppSearchModule$Lifecycle
07-17 12:06:07.211   592   592 V SystemServerTiming: AppSearchModule took to complete: 16ms
07-17 12:06:07.211   592   592 D SystemServerTiming: StartMediaCommunicationService
07-17 12:06:07.212   592   592 I SystemServiceManager: Starting com.android.server.media.MediaCommunicationService
07-17 12:06:07.212   592   592 V SystemServerTiming: StartMediaCommunicationService took to complete: 2ms
07-17 12:06:07.213   592   592 D SystemServerTiming: AppCompatOverridesService
07-17 12:06:07.213   592   592 I SystemServiceManager: Starting com.android.server.compat.overrides.AppCompatOverridesService$Lifecycle
07-17 12:06:07.213   592   592 V SystemServerTiming: AppCompatOverridesService took to complete: 0ms
07-17 12:06:07.213   592   592 D SystemServerTiming: PhaseActivityManagerReady
07-17 12:06:07.213   592   592 D SystemServerTiming: controllersReady
07-17 12:06:07.214   592   647 D SystemServerTimingAsync: InitThreadPoolExec:Update app-ops uidState in case package com.google.android.providers.media.module changed
07-17 12:06:07.214   592   647 D SystemServerInitThreadPool: Started executing Update app-ops uidState in case package com.google.android.providers.media.module changed
07-17 12:06:07.215   592   657 D SystemServerTimingAsync: InitThreadPoolExec:Update app-ops uidState in case package com.google.android.cellbroadcastreceiver changed
07-17 12:06:07.215   592   657 D SystemServerInitThreadPool: Started executing Update app-ops uidState in case package com.google.android.cellbroadcastreceiver changed
07-17 12:06:07.215   592   647 D SystemServerInitThreadPool: Finished executing Update app-ops uidState in case package com.google.android.providers.media.module changed
07-17 12:06:07.215   592   647 V SystemServerTimingAsync: InitThreadPoolExec:Update app-ops uidState in case package com.google.android.providers.media.module changed took to complete: 0ms
07-17 12:06:07.215   592   647 D SystemServerTimingAsync: InitThreadPoolExec:Update app-ops uidState in case package com.android.systemui changed
07-17 12:06:07.215   592   647 D SystemServerInitThreadPool: Started executing Update app-ops uidState in case package com.android.systemui changed
07-17 12:06:07.215   592   647 D SystemServerInitThreadPool: Finished executing Update app-ops uidState in case package com.android.systemui changed
07-17 12:06:07.215   592   647 V SystemServerTimingAsync: InitThreadPoolExec:Update app-ops uidState in case package com.android.systemui changed took to complete: 0ms
07-17 12:06:07.215   592   647 D SystemServerTimingAsync: InitThreadPoolExec:Update app-ops uidState in case package com.google.android.sdksetup changed
07-17 12:06:07.215   592   647 D SystemServerInitThreadPool: Started executing Update app-ops uidState in case package com.google.android.sdksetup changed
07-17 12:06:07.215   592   647 D SystemServerInitThreadPool: Finished executing Update app-ops uidState in case package com.google.android.sdksetup changed
07-17 12:06:07.215   592   647 V SystemServerTimingAsync: InitThreadPoolExec:Update app-ops uidState in case package com.google.android.sdksetup changed took to complete: 0ms
