07-17 12:06:05.353   592   592 D CompatConfig: Adding: com.android.server.compat.config.Change@a666f03
07-17 12:06:05.353   592   592 D CompatConfig: Adding: com.android.server.compat.config.Change@2c25e80
07-17 12:06:05.353   592   592 D CompatConfig: Adding: com.android.server.compat.config.Change@c8d6cb9
07-17 12:06:05.353   592   592 D CompatConfig: Adding: com.android.server.compat.config.Change@f6dd8fe
07-17 12:06:05.353   592   592 D CompatConfig: Adding: com.android.server.compat.config.Change@c56f85f
07-17 12:06:05.354   592   592 D CompatConfig: Adding: com.android.server.compat.config.Change@92ee2ac
07-17 12:06:05.354   592   592 D CompatConfig: Adding: com.android.server.compat.config.Change@f0f1b75
07-17 12:06:05.354   592   592 D CompatConfig: Adding: com.android.server.compat.config.Change@54a870a
07-17 12:06:05.354   592   592 D CompatConfig: Adding: com.android.server.compat.config.Change@19cbb7b
07-17 12:06:05.354   592   592 D CompatConfig: Adding: com.android.server.compat.config.Change@cfd7d98
07-17 12:06:05.354   592   592 D CompatConfig: Adding: com.android.server.compat.config.Change@fc2f9f1
07-17 12:06:05.354   592   592 D CompatConfig: Adding: com.android.server.compat.config.Change@f9209d6
07-17 12:06:05.354   592   592 D CompatConfig: Adding: com.android.server.compat.config.Change@1b19457
07-17 12:06:05.354   592   592 D CompatConfig: Adding: com.android.server.compat.config.Change@618db44
07-17 12:06:05.354   592   592 D CompatConfig: Adding: com.android.server.compat.config.Change@5fc442d
07-17 12:06:05.354   592   592 D CompatConfig: Adding: com.android.server.compat.config.Change@fced62
07-17 12:06:05.354   592   592 D CompatConfig: Adding: com.android.server.compat.config.Change@7d11ef3
07-17 12:06:05.354   592   592 D CompatConfig: Adding: com.android.server.compat.config.Change@e6a67b0
07-17 12:06:05.354   592   592 D CompatConfig: Adding: com.android.server.compat.config.Change@105f629
07-17 12:06:05.354   592   592 D CompatConfig: Adding: com.android.server.compat.config.Change@d407dae
07-17 12:06:05.354   592   592 D CompatConfig: Adding: com.android.server.compat.config.Change@d54b74f
07-17 12:06:05.354   592   592 D CompatConfig: Adding: com.android.server.compat.config.Change@3064edc
07-17 12:06:05.354   592   592 D CompatConfig: Adding: com.android.server.compat.config.Change@fdecbe5
07-17 12:06:05.354   592   592 D CompatConfig: Adding: com.android.server.compat.config.Change@c1ac6ba
07-17 12:06:05.354   592   592 D CompatConfig: Adding: com.android.server.compat.config.Change@dcf796b
07-17 12:06:05.354   592   592 D CompatConfig: Adding: com.android.server.compat.config.Change@c177cc8
07-17 12:06:05.354   592   592 D CompatConfig: Adding: com.android.server.compat.config.Change@8b54161
07-17 12:06:05.354   592   592 D CompatConfig: Adding: com.android.server.compat.config.Change@11e9486
07-17 12:06:05.354   592   592 D CompatConfig: Adding: com.android.server.compat.config.Change@ea4147
07-17 12:06:05.354   592   592 D CompatConfig: Adding: com.android.server.compat.config.Change@78b9d74
07-17 12:06:05.354   592   592 D CompatConfig: Adding: com.android.server.compat.config.Change@c23929d
07-17 12:06:05.354   592   592 D CompatConfig: Found a config file: /system/etc/compatconfig/contacts-provider-platform-compat-config.xml
07-17 12:06:05.355   592   616 I SystemConfig: Reading permissions from /system/etc/permissions/com.android.intentresolver.xml
07-17 12:06:05.355   592   592 D CompatConfig: Found a config file: /system/etc/compatconfig/icu4j-platform-compat-config.xml
07-17 12:06:05.355   592   592 D CompatConfig: Adding: com.android.server.compat.config.Change@2bbb99
07-17 12:06:05.355   592   616 I SystemConfig: Reading permissions from /system/etc/permissions/com.android.location.provider.xml
07-17 12:06:05.356   592   592 D CompatConfig: Found a config file: /system/etc/compatconfig/TeleService-platform-compat-config.xml
07-17 12:06:05.356   592   616 I SystemConfig: Reading permissions from /system/etc/permissions/com.android.future.usb.accessory.xml
07-17 12:06:05.356   592   592 D CompatConfig: Adding: com.android.server.compat.config.Change@ef37855
07-17 12:06:05.356   592   592 D CompatConfig: Adding: com.android.server.compat.config.Change@312526a
07-17 12:06:05.356   592   592 D CompatConfig: Adding: com.android.server.compat.config.Change@be5935b
07-17 12:06:05.356   592   592 D CompatConfig: Adding: com.android.server.compat.config.Change@707a7f8
07-17 12:06:05.356   592   592 D CompatConfig: Adding: com.android.server.compat.config.Change@54044d1
07-17 12:06:05.356   592   592 D CompatConfig: Adding: com.android.server.compat.config.Change@bfb2b36
07-17 12:06:05.356   592   592 D CompatConfig: Found a config file: /system/etc/compatconfig/calendar-provider-compat-config.xml
07-17 12:06:05.356   592   616 I SystemConfig: Reading permissions from /system/etc/permissions/com.android.mediadrm.signer.xml
07-17 12:06:05.357   592   616 I SystemConfig: Reading permissions from /system/etc/permissions/platform.xml
07-17 12:06:05.357   592   592 D CompatConfig: Adding: com.android.server.compat.config.Change@3c6c4c2
07-17 12:06:05.357   592   592 D CompatConfig: Found a config file: /system/etc/compatconfig/documents-ui-compat-config.xml
07-17 12:06:05.357   592   592 D CompatConfig: Adding: com.android.server.compat.config.Change@9837e10
07-17 12:06:05.358   592   592 D CompatConfig: Found a config file: /system/system_ext/etc/compatconfig/settings-platform-compat-config.xml
07-17 12:06:05.358   592   592 D CompatConfig: Adding: com.android.server.compat.config.Change@ac06b0e
07-17 12:06:05.358   592   616 I SystemConfig: Reading permissions from /vendor/etc/permissions/handheld_core_hardware.xml
07-17 12:06:05.359   592   616 I SystemConfig: Reading permissions from /vendor/etc/permissions/android.hardware.camera.concurrent.xml
07-17 12:06:05.359   592   616 I SystemConfig: Reading permissions from /vendor/etc/permissions/android.software.opengles.deqp.level.xml
07-17 12:06:05.359   592   616 I SystemConfig: Reading permissions from /vendor/etc/permissions/android.hardware.identity_credential.xml
07-17 12:06:05.360   592   592 D ApexManagerTiming: getActiveApexInfos_noCache
07-17 12:06:05.360   592   616 I SystemConfig: Reading permissions from /vendor/etc/permissions/android.hardware.vulkan.version.xml
07-17 12:06:05.360   592   616 I SystemConfig: Reading permissions from /vendor/etc/permissions/android.hardware.camera.front.xml
07-17 12:06:05.365   592   616 I SystemConfig: Reading permissions from /vendor/etc/permissions/android.hardware.wifi.direct.xml
07-17 12:06:05.365   592   592 V ApexManagerTiming: getActiveApexInfos_noCache took to complete: 5ms
07-17 12:06:05.365   592   592 D CompatConfig: Found a config file: /apex/com.android.art/etc/compatconfig/libcore-platform-compat-config.xml
07-17 12:06:05.365   592   616 I SystemConfig: Reading permissions from /vendor/etc/permissions/android.hardware.camera.ar.xml
07-17 12:06:05.366   592   592 D CompatConfig: Adding: com.android.server.compat.config.Change@77b3188
07-17 12:06:05.366   592   592 D CompatConfig: Adding: com.android.server.compat.config.Change@fbbb721
07-17 12:06:05.366   592   592 D CompatConfig: Adding: com.android.server.compat.config.Change@93f3746
07-17 12:06:05.366   592   592 D CompatConfig: Adding: com.android.server.compat.config.Change@8e60d07
07-17 12:06:05.366   592   592 D CompatConfig: Adding: com.android.server.compat.config.Change@c55de34
07-17 12:06:05.366   592   592 D CompatConfig: Adding: com.android.server.compat.config.Change@a7ba45d
07-17 12:06:05.366   592   616 I SystemConfig: Reading permissions from /vendor/etc/permissions/android.hardware.hardware_keystore.xml
07-17 12:06:05.366   592   592 D CompatConfig: No directory /apex/com.android.apex.cts.shim/etc/compatconfig, skipping
07-17 12:06:05.366   592   616 I SystemConfig: Reading permissions from /vendor/etc/permissions/android.hardware.vulkan.compute.xml
07-17 12:06:05.366   592   592 D CompatConfig: No directory /apex/com.android.appsearch/etc/compatconfig, skipping
07-17 12:06:05.366   592   592 D CompatConfig: No directory /apex/com.android.tzdata/etc/compatconfig, skipping
07-17 12:06:05.366   592   592 D CompatConfig: No directory /apex/com.android.os.statsd/etc/compatconfig, skipping
07-17 12:06:05.366   592   592 D CompatConfig: No directory /apex/com.android.scheduling/etc/compatconfig, skipping
07-17 12:06:05.367   592   592 D CompatConfig: No directory /apex/com.android.cellbroadcast/etc/compatconfig, skipping
07-17 12:06:05.367   592   592 D CompatConfig: No directory /apex/com.android.runtime/etc/compatconfig, skipping
07-17 12:06:05.367   592   592 D CompatConfig: No directory /apex/com.android.ipsec/etc/compatconfig, skipping
07-17 12:06:05.367   592   616 I SystemConfig: Reading permissions from /vendor/etc/permissions/android.hardware.camera.raw.xml
07-17 12:06:05.367   592   592 D CompatConfig: Found a config file: /apex/com.android.mediaprovider/etc/compatconfig/media-provider-platform-compat-config.xml
07-17 12:06:05.367   592   616 I SystemConfig: Reading permissions from /vendor/etc/permissions/android.hardware.vulkan.level.xml
07-17 12:06:05.367   592   592 D CompatConfig: Adding: com.android.server.compat.config.Change@2995ff
07-17 12:06:05.367   592   592 D CompatConfig: Adding: com.android.server.compat.config.Change@fa2bfcc
07-17 12:06:05.367   592   592 D CompatConfig: Adding: com.android.server.compat.config.Change@2840215
07-17 12:06:05.367   592   592 D CompatConfig: Adding: com.android.server.compat.config.Change@c15792a
07-17 12:06:05.367   592   592 D CompatConfig: Adding: com.android.server.compat.config.Change@8b931b
07-17 12:06:05.367   592   592 D CompatConfig: Adding: com.android.server.compat.config.Change@4220cb8
07-17 12:06:05.367   592   592 D CompatConfig: Adding: com.android.server.compat.config.Change@afaa91
07-17 12:06:05.367   592   616 I SystemConfig: Reading permissions from /vendor/etc/permissions/android.hardware.wifi.xml
07-17 12:06:05.368   592   592 D CompatConfig: No directory /apex/com.android.ondevicepersonalization/etc/compatconfig, skipping
07-17 12:06:05.368   592   592 D CompatConfig: No directory /apex/com.android.media/etc/compatconfig, skipping
07-17 12:06:05.368   592   592 D CompatConfig: No directory /apex/com.google.mainline.primary.libs/etc/compatconfig, skipping
07-17 12:06:05.368   592   592 D CompatConfig: No directory /apex/com.android.sdkext/etc/compatconfig, skipping
07-17 12:06:05.368   592   616 I SystemConfig: Reading permissions from /vendor/etc/permissions/android.hardware.camera.flash-autofocus.xml
07-17 12:06:05.368   592   592 D CompatConfig: Found a config file: /apex/com.android.btservices/etc/compatconfig/bluetooth-compat-config.xml
07-17 12:06:05.368   592   616 I SystemConfig: Reading permissions from /vendor/etc/permissions/android.software.vulkan.deqp.level.xml
07-17 12:06:05.368   592   592 D CompatConfig: Adding: com.android.server.compat.config.Change@fb00382
07-17 12:06:05.368   592   616 I SystemConfig: Reading permissions from /vendor/etc/permissions/android.hardware.bluetooth.xml
07-17 12:06:05.368   592   592 D CompatConfig: No directory /apex/com.android.resolv/etc/compatconfig, skipping
07-17 12:06:05.369   592   592 D CompatConfig: No directory /apex/com.android.adbd/etc/compatconfig, skipping
07-17 12:06:05.369   592   592 D CompatConfig: Found a config file: /apex/com.android.wifi/etc/compatconfig/wifi-compat-config.xml
07-17 12:06:05.369   592   616 I SystemConfig: Reading permissions from /vendor/etc/permissions/android.software.autofill.xml
07-17 12:06:05.369   592   592 D CompatConfig: Adding: com.android.server.compat.config.Change@3ded5ce
07-17 12:06:05.369   592   592 D CompatConfig: Adding: com.android.server.compat.config.Change@659fcef
07-17 12:06:05.369   592   616 I SystemConfig: Reading permissions from /vendor/etc/permissions/android.hardware.bluetooth_le.xml
07-17 12:06:05.369   592   592 D CompatConfig: No directory /apex/com.android.extservices/etc/compatconfig, skipping
07-17 12:06:05.369   592   592 D CompatConfig: No directory /apex/com.android.permission/etc/compatconfig, skipping
07-17 12:06:05.369   592   592 D CompatConfig: No directory /apex/com.android.i18n/etc/compatconfig, skipping
07-17 12:06:05.369   592   592 D CompatConfig: No directory /apex/com.android.media.swcodec/etc/compatconfig, skipping
07-17 12:06:05.369   592   616 I SystemConfig: Reading permissions from /vendor/etc/permissions/android.hardware.touchscreen.multitouch.jazzhand.xml
07-17 12:06:05.369   592   592 D CompatConfig: Found a config file: /apex/com.android.tethering/etc/compatconfig/connectivity-t-platform-compat-config.xml
07-17 12:06:05.370   592   616 I SystemConfig: Reading permissions from /vendor/etc/permissions/android.hardware.fingerprint.xml
07-17 12:06:05.370   592   592 D CompatConfig: Adding: com.android.server.compat.config.Change@78e13e8
07-17 12:06:05.370   592   592 D CompatConfig: Found a config file: /apex/com.android.tethering/etc/compatconfig/connectivity-platform-compat-config.xml
07-17 12:06:05.370   592   616 I SystemConfig: Reading permissions from /vendor/etc/permissions/android.hardware.camera.full.xml
07-17 12:06:05.370   592   592 D CompatConfig: Adding: com.android.server.compat.config.Change@d5e9ae7
07-17 12:06:05.371   592   616 I SystemConfig: Reading permissions from /vendor/etc/permissions/android.hardware.wifi.passpoint.xml
07-17 12:06:05.371   592   592 D CompatConfig: No directory /apex/com.android.conscrypt/etc/compatconfig, skipping
07-17 12:06:05.371   592   592 D CompatConfig: No directory /apex/com.android.uwb/etc/compatconfig, skipping
07-17 12:06:05.371   592   592 D CompatConfig: No directory /apex/com.android.neuralnetworks/etc/compatconfig, skipping
07-17 12:06:05.371   592   592 D CompatConfig: No directory /apex/com.android.adservices/etc/compatconfig, skipping
07-17 12:06:05.371   592   592 D CompatConfig: No directory /apex/com.android.vndk.v33/etc/compatconfig, skipping
07-17 12:06:05.371   592   616 I SystemConfig: Reading permissions from /vendor/etc/permissions/android.hardware.keystore.app_attest_key.xml
07-17 12:06:05.372   592   616 I SystemConfig: Reading permissions from /product/etc/sysconfig/preinstalled-packages-platform-overlays.xml
07-17 12:06:05.372   592   616 I SystemConfig: Reading permissions from /product/etc/sysconfig/google-hiddenapi-package-whitelist.xml
07-17 12:06:05.373   592   592 V SystemServerTiming: PlatformCompat took to complete: 29ms
07-17 12:06:05.373   592   592 D SystemServerTiming: StartFileIntegrityService
07-17 12:06:05.373   592   592 I SystemServiceManager: Starting com.android.server.security.FileIntegrityService
07-17 12:06:05.373   592   616 I SystemConfig: Reading permissions from /product/etc/sysconfig/disable-zero-touch.xml
07-17 12:06:05.373   592   616 I SystemConfig: Reading permissions from /product/etc/sysconfig/google.xml
07-17 12:06:05.374   592   616 I SystemConfig: Adding association: com.google.android.as <- com.android.bluetooth
07-17 12:06:05.374   592   616 I SystemConfig: Adding association: com.google.android.as <- com.android.bluetooth.services
07-17 12:06:05.374   592   616 I SystemConfig: Adding association: com.google.android.as <- com.android.providers.contacts
07-17 12:06:05.374   592   616 I SystemConfig: Adding association: com.google.android.as <- com.android.providers.media
07-17 12:06:05.374   592   616 I SystemConfig: Adding association: com.google.android.as <- com.android.providers.telephony
07-17 12:06:05.374   592   616 I SystemConfig: Adding association: com.google.android.as <- com.android.systemui
07-17 12:06:05.374   592   616 I SystemConfig: Adding association: com.google.android.as <- com.google.android.bluetooth.services
07-17 12:06:05.374   592   616 I SystemConfig: Adding association: com.google.android.as <- com.google.android.providers.media.module
07-17 12:06:05.374   592   616 I SystemConfig: Adding association: com.google.android.as <- com.google.android.as.oss
07-17 12:06:05.374   592   616 I SystemConfig: Adding association: com.google.android.as.oss <- com.google.android.as
07-17 12:06:05.374   592   616 I SystemConfig: Reading permissions from /product/etc/sysconfig/google_build.xml
07-17 12:06:05.374   592   616 I SystemConfig: Reading permissions from /product/etc/sysconfig/preinstalled-packages-platform-aosp-product.xml
07-17 12:06:05.375   592   616 I SystemConfig: Reading permissions from /product/etc/sysconfig/google-staged-installer-whitelist.xml
07-17 12:06:05.375   592   616 I SystemConfig: Reading permissions from /product/etc/sysconfig/preinstalled-packages-platform-handheld-product.xml
07-17 12:06:05.375   592   592 V SystemServerTiming: StartFileIntegrityService took to complete: 3ms
07-17 12:06:05.375   592   592 D SystemServerTiming: StartInstaller
07-17 12:06:05.375   592   592 I SystemServiceManager: Starting com.android.server.pm.Installer
07-17 12:06:05.375   592   616 I SystemConfig: Reading permissions from /product/etc/sysconfig/wellbeing.xml
07-17 12:06:05.376   592   616 I SystemConfig: Reading permissions from /product/etc/permissions/privapp-permissions-google-p.xml
07-17 12:06:05.377   512   527 D installd: Found quota mount /dev/block/dm-33 at /data
07-17 12:06:05.377   512   527 D installd: Found quota mount /dev/block/dm-33 at /data/user/0
07-17 12:06:05.378   592   592 V SystemServerTiming: StartInstaller took to complete: 2ms
07-17 12:06:05.378   592   592 D SystemServerTiming: DeviceIdentifiersPolicyService
07-17 12:06:05.378   592   592 I SystemServiceManager: Starting com.android.server.os.DeviceIdentifiersPolicyService
07-17 12:06:05.378   592   592 V SystemServerTiming: DeviceIdentifiersPolicyService took to complete: 1ms
07-17 12:06:05.378   592   616 I SystemConfig: Reading permissions from /product/etc/permissions/privapp-permissions-sdk-google.xml
07-17 12:06:05.378   592   592 D SystemServerTiming: UriGrantsManagerService
07-17 12:06:05.378   592   592 I SystemServiceManager: Starting com.android.server.uri.UriGrantsManagerService$Lifecycle
07-17 12:06:05.379   592   616 I SystemConfig: Reading permissions from /product/etc/permissions/com.google.android.dialer.support.xml
07-17 12:06:05.379   592   616 I SystemConfig: Reading permissions from /product/etc/permissions/android.hardware.telephony.euicc.xml
07-17 12:06:05.379   592   616 I SystemConfig: Reading permissions from /product/etc/permissions/android.software.verified_boot.xml
07-17 12:06:05.379   592   592 V SystemServerTiming: UriGrantsManagerService took to complete: 1ms
07-17 12:06:05.379   592   592 D SystemServerTiming: StartPowerStatsService
07-17 12:06:05.379   592   592 I SystemServiceManager: Starting com.android.server.powerstats.PowerStatsService
07-17 12:06:05.380   592   616 I SystemConfig: Reading permissions from /product/etc/permissions/com.android.imsserviceentitlement.xml
07-17 12:06:05.380   592   616 I SystemConfig: Reading permissions from /product/etc/permissions/privapp-permissions-goldfish.xml
07-17 12:06:05.380   592   616 I SystemConfig: Reading permissions from /product/etc/permissions/split-permissions-google.xml
07-17 12:06:05.381   235   235 I servicemanager: Could not find android.hardware.power.stats.IPowerStats/default in the VINTF manifest.
07-17 12:06:05.381   592   616 W SystemConfig: No directory /system_ext/etc/sysconfig, skipping
07-17 12:06:05.381   592   616 I SystemConfig: Reading permissions from /system_ext/etc/permissions/com.android.storagemanager.xml
07-17 12:06:05.381   592   616 I SystemConfig: Reading permissions from /system_ext/etc/permissions/com.android.emulator.radio.config.xml
07-17 12:06:05.382   592   616 I SystemConfig: Reading permissions from /system_ext/etc/permissions/com.android.systemui.xml
07-17 12:06:05.382   592   616 I SystemConfig: Reading permissions from /system_ext/etc/permissions/com.android.launcher3.xml
07-17 12:06:05.383   592   616 I SystemConfig: Reading permissions from /system_ext/etc/permissions/androidx.window.extensions.xml
07-17 12:06:05.383   592   592 V SystemServerTiming: StartPowerStatsService took to complete: 4ms
07-17 12:06:05.383   592   592 D SystemServerTiming: StartIStatsService
07-17 12:06:05.384   592   616 I SystemConfig: Reading permissions from /system_ext/etc/permissions/privapp-permissions-google-se.xml
07-17 12:06:05.384   592   592 I HidlServiceManagement: Registered android.frameworks.stats@1.0::IStats/default
07-17 12:06:05.384   235   235 I servicemanager: Found android.frameworks.stats.IStats/default in framework VINTF manifest.
07-17 12:06:05.384   592   592 V SystemServerTiming: StartIStatsService took to complete: 0ms
07-17 12:06:05.384   592   592 D SystemServerTiming: MemtrackProxyService
07-17 12:06:05.384   236   236 I hwservicemanager: getTransport: Cannot find entry android.hardware.memtrack@1.0::IMemtrack/default in either framework or device VINTF manifest.
07-17 12:06:05.384   235   235 I servicemanager: Could not find android.hardware.memtrack.IMemtrack/default in the VINTF manifest.
07-17 12:06:05.384   592   592 I Stability: Interface set with vintf stability downgraded to system stability stability
07-17 12:06:05.384   592   592 V SystemServerTiming: MemtrackProxyService took to complete: 1ms
07-17 12:06:05.384   592   592 D SystemServerTiming: StartActivityManager
07-17 12:06:05.385   592   592 I SystemServiceManager: Starting com.android.server.wm.ActivityTaskManagerService$Lifecycle
07-17 12:06:05.385   592   616 I SystemConfig: Reading permissions from /system_ext/etc/permissions/androidx.window.sidecar.xml
07-17 12:06:05.385   592   616 I SystemConfig: Reading permissions from /system_ext/etc/permissions/com.android.settings.xml
07-17 12:06:05.385   592   616 I SystemConfig: Reading permissions from /system_ext/etc/permissions/com.google.android.sdksetup.xml
07-17 12:06:05.386   592   616 I SystemConfig: Reading permissions from /system_ext/etc/permissions/com.android.carrierconfig.xml
07-17 12:06:05.386   592   616 I SystemConfig: Reading permissions from /system_ext/etc/permissions/com.android.emergency.xml
07-17 12:06:05.386   592   616 I SystemConfig: Reading permissions from /apex/com.android.adservices/etc/permissions/privapp_allowlist_com.google.android.adservices.api.xml
07-17 12:06:05.387   592   616 I SystemConfig: Reading permissions from /apex/com.android.ipsec/etc/permissions/android.net.ipsec.ike.xml
07-17 12:06:05.388   592   616 I SystemConfig: Reading permissions from /apex/com.android.cellbroadcast/etc/permissions/privapp_allowlist_com.google.android.cellbroadcastreceiver.xml
07-17 12:06:05.388   592   616 I SystemConfig: Reading permissions from /apex/com.android.cellbroadcast/etc/permissions/privapp_allowlist_com.google.android.cellbroadcastservice.xml
07-17 12:06:05.389   592   616 I SystemConfig: Reading permissions from /apex/com.android.extservices/etc/permissions/privapp_allowlist_com.google.android.ext.services.xml
07-17 12:06:05.390   592   592 I SystemServiceManager: Starting com.android.server.am.ActivityManagerService$Lifecycle
07-17 12:06:05.390   592   616 I SystemConfig: Reading permissions from /apex/com.android.permission/etc/permissions/privapp_allowlist_com.google.android.permissioncontroller.xml
07-17 12:06:05.391   592   616 I SystemConfig: Reading permissions from /apex/com.android.tethering/etc/permissions/privapp_allowlist_com.google.android.networkstack.tethering.xml
07-17 12:06:05.392   592   616 I SystemConfig: Reading permissions from /apex/com.android.mediaprovider/etc/permissions/privapp_allowlist_com.google.android.providers.media.module.xml
07-17 12:06:05.393   592   616 I SystemConfig: Reading permissions from /apex/com.android.btservices/etc/permissions/privapp_allowlist_com.android.bluetooth.xml
07-17 12:06:05.395   592   592 I ActivityManager: Memory class: 192
07-17 12:06:05.396   592   616 W SystemConfig: Failed to read public libraries file /vendor/etc/public.libraries.txt
07-17 12:06:05.396   592   616 W SystemConfig: java.io.FileNotFoundException: /vendor/etc/public.libraries.txt: open failed: ENOENT (No such file or directory)
07-17 12:06:05.396   592   616 W SystemConfig: 	at libcore.io.IoBridge.open(IoBridge.java:574)
07-17 12:06:05.396   592   616 W SystemConfig: 	at java.io.FileInputStream.<init>(FileInputStream.java:160)
07-17 12:06:05.396   592   616 W SystemConfig: 	at java.io.FileReader.<init>(FileReader.java:75)
07-17 12:06:05.396   592   616 W SystemConfig: 	at com.android.server.SystemConfig.readPublicLibrariesListFile(SystemConfig.java:1825)
07-17 12:06:05.396   592   616 W SystemConfig: 	at com.android.server.SystemConfig.readPublicNativeLibrariesList(SystemConfig.java:1807)
07-17 12:06:05.396   592   616 W SystemConfig: 	at com.android.server.SystemConfig.<init>(SystemConfig.java:605)
07-17 12:06:05.396   592   616 W SystemConfig: 	at com.android.server.SystemConfig.getInstance(SystemConfig.java:369)
07-17 12:06:05.396   592   616 W SystemConfig: 	at com.android.server.SystemServer$$ExternalSyntheticLambda2.run(Unknown Source:0)
07-17 12:06:05.396   592   616 W SystemConfig: 	at com.android.server.SystemServerInitThreadPool.lambda$submitTask$0(SystemServerInitThreadPool.java:106)
07-17 12:06:05.396   592   616 W SystemConfig: 	at com.android.server.SystemServerInitThreadPool.$r8$lambda$aGlXt69ihU44Qi7EB_RNeu8pnrY(Unknown Source:0)
07-17 12:06:05.396   592   616 W SystemConfig: 	at com.android.server.SystemServerInitThreadPool$$ExternalSyntheticLambda0.run(Unknown Source:6)
07-17 12:06:05.396   592   616 W SystemConfig: 	at java.util.concurrent.Executors$RunnableAdapter.call(Executors.java:463)
07-17 12:06:05.396   592   616 W SystemConfig: 	at java.util.concurrent.FutureTask.run(FutureTask.java:264)
07-17 12:06:05.396   592   616 W SystemConfig: 	at java.util.concurrent.ThreadPoolExecutor.runWorker(ThreadPoolExecutor.java:1137)
07-17 12:06:05.396   592   616 W SystemConfig: 	at java.util.concurrent.ThreadPoolExecutor$Worker.run(ThreadPoolExecutor.java:637)
07-17 12:06:05.396   592   616 W SystemConfig: 	at com.android.internal.util.ConcurrentUtils$1$1.run(ConcurrentUtils.java:65)
07-17 12:06:05.396   592   616 W SystemConfig: Caused by: android.system.ErrnoException: open failed: ENOENT (No such file or directory)
07-17 12:06:05.396   592   616 W SystemConfig: 	at libcore.io.Linux.open(Native Method)
07-17 12:06:05.396   592   616 W SystemConfig: 	at libcore.io.ForwardingOs.open(ForwardingOs.java:563)
07-17 12:06:05.396   592   616 W SystemConfig: 	at libcore.io.BlockGuardOs.open(BlockGuardOs.java:274)
07-17 12:06:05.396   592   616 W SystemConfig: 	at libcore.io.IoBridge.open(IoBridge.java:560)
07-17 12:06:05.396   592   616 W SystemConfig: 	... 15 more
07-17 12:06:05.396   592   616 V SystemConfig: readAllPermissions took to complete: 53ms
07-17 12:06:05.397   592   616 D SystemServerInitThreadPool: Finished executing ReadingSystemConfig
07-17 12:06:05.397   592   616 V SystemServerTimingAsync: InitThreadPoolExec:ReadingSystemConfig took to complete: 53ms
07-17 12:06:05.402   592   620 I Binder  : Setting heavy hitter watcher config: false, 0, 0.0
07-17 12:06:05.406   592   592 E libpsi  : No kernel psi monitor support (errno=1)
07-17 12:06:05.406   592   592 E LowMemDetector: Failed to register psi trigger
07-17 12:06:05.411   592   592 I PackageWatchdog: Updated health check state for package com.google.android.providers.media.module: INACTIVE -> PASSED
07-17 12:06:05.411   592   592 I PackageWatchdog: Updated health check state for package android: INACTIVE -> PASSED
07-17 12:06:05.411   592   592 I PackageWatchdog: Updated health check state for package com.google.android.permissioncontroller: INACTIVE -> PASSED
07-17 12:06:05.411   592   592 I PackageWatchdog: Updated health check state for package com.google.android.networkstack: INACTIVE -> PASSED
07-17 12:06:05.411   592   592 I PackageWatchdog: Updated health check state for package com.android.keychain: INACTIVE -> PASSED
07-17 12:06:05.411   592   592 I PackageWatchdog: Updated health check state for package com.google.android.gms: INACTIVE -> PASSED
07-17 12:06:05.411   592   592 I PackageWatchdog: Updated health check state for package com.google.android.gsf: INACTIVE -> PASSED
07-17 12:06:05.411   592   592 I PackageWatchdog: Updated health check state for package com.google.android.apps.nexuslauncher: INACTIVE -> PASSED
07-17 12:06:05.411   592   592 I PackageWatchdog: Updated health check state for package com.android.settings: INACTIVE -> PASSED
07-17 12:06:05.411   592   592 I PackageWatchdog: Updated health check state for package com.android.phone: INACTIVE -> PASSED
07-17 12:06:05.411   592   592 I PackageWatchdog: Updated health check state for package com.android.providers.blockednumber: INACTIVE -> PASSED
07-17 12:06:05.411   592   592 I PackageWatchdog: Updated health check state for package com.android.systemui: INACTIVE -> PASSED
07-17 12:06:05.411   592   592 I PackageWatchdog: Updated health check state for package com.android.bluetooth: INACTIVE -> PASSED
07-17 12:06:05.411   592   592 I PackageWatchdog: Updated health check state for package com.android.providers.contacts: INACTIVE -> PASSED
07-17 12:06:05.412   592   592 W PowerProfile: ambient.on is deprecated! Use ambient.on.display0 instead.
07-17 12:06:05.412   592   592 W PowerProfile: screen.on is deprecated! Use screen.on.display0 instead.
07-17 12:06:05.412   592   592 W PowerProfile: screen.full is deprecated! Use screen.full.display0 instead.
07-17 12:06:05.412   592   592 W ModemPowerProfile: getAverageBatteryDrainMaH called with unexpected key: 0x0, drain:0,RAT:DEFAULT
07-17 12:06:05.413   592   592 W ModemPowerProfile: getAverageBatteryDrainMaH called with unexpected key: 0x10000000, drain:IDLE,RAT:DEFAULT
07-17 12:06:05.413   592   592 W ModemPowerProfile: getAverageBatteryDrainMaH called with unexpected key: 0x20000000, drain:RX,RAT:DEFAULT
07-17 12:06:05.413   592   592 W ModemPowerProfile: getAverageBatteryDrainMaH called with unexpected key: 0x30000000, drain:TX,level:UNKNOWN(0x0)RAT:DEFAULT
07-17 12:06:05.413   592   592 W ModemPowerProfile: getAverageBatteryDrainMaH called with unexpected key: 0x31000000, drain:TX,level:UNKNOWN(0x1000000)RAT:DEFAULT
07-17 12:06:05.413   592   592 W ModemPowerProfile: getAverageBatteryDrainMaH called with unexpected key: 0x32000000, drain:TX,level:UNKNOWN(0x2000000)RAT:DEFAULT
07-17 12:06:05.413   592   592 W ModemPowerProfile: getAverageBatteryDrainMaH called with unexpected key: 0x33000000, drain:TX,level:UNKNOWN(0x3000000)RAT:DEFAULT
07-17 12:06:05.413   592   592 W ModemPowerProfile: getAverageBatteryDrainMaH called with unexpected key: 0x34000000, drain:TX,level:UNKNOWN(0x4000000)RAT:DEFAULT
07-17 12:06:05.416   592   592 D BatteryStatsImpl: Reading daily items from /data/system/batterystats-daily.xml
07-17 12:06:05.419   592   626 I BatteryStatsService: Using power.stats HAL
07-17 12:06:05.421   592   626 W BatteryStatsService: Rail information is not available
07-17 12:06:05.421   592   626 W BatteryStatsService: Rail energy data is not available
07-17 12:06:05.421   592   626 E BluetoothAdapter: Bluetooth service is null
07-17 12:06:05.421   592   626 I KernelCpuUidFreqTimeReader: mPerClusterTimesAvailable=false
07-17 12:06:05.423   592   626 W KernelCpuProcStringReader: File not found. It's normal if not implemented: /proc/uid_concurrent_policy_time
07-17 12:06:05.431   592   626 W KernelMemoryBandwidthStats: No kernel memory bandwidth stats available
07-17 12:06:05.432   592   619 I commit_sys_config_file: [batterystats,1]
07-17 12:06:05.433   592   619 I commit_sys_config_file: [batterystats,1]
07-17 12:06:05.451   592   592 I service_manager_stats: [100,5,12056]
07-17 12:06:05.475   592   592 I IntentFirewall: Read new rules (A:0 B:0 S:0)
07-17 12:06:05.479   592   592 D OomAdjuster: Not killing cached processes
07-17 12:06:05.518   592   592 D AppOps  : AppOpsService published
07-17 12:06:05.521   592   592 V SystemServerTiming: StartActivityManager took to complete: 136ms
07-17 12:06:05.521   592   592 D SystemServerTiming: StartDataLoaderManagerService
07-17 12:06:05.521   592   592 I SystemServiceManager: Starting com.android.server.pm.DataLoaderManagerService
07-17 12:06:05.521   592   630 I CriticalEventLog: No log found, returning empty log proto.
07-17 12:06:05.522   592   592 V SystemServerTiming: StartDataLoaderManagerService took to complete: 1ms
07-17 12:06:05.522   592   592 D SystemServerTiming: StartIncrementalService
07-17 12:06:05.524   592   592 I incfs-mounts: [incfs] Loaded incremental-fs mount info: 0 instances, 0 mount points
07-17 12:06:05.525   592   592 V SystemServerTiming: StartIncrementalService took to complete: 3ms
07-17 12:06:05.525   592   592 D SystemServerTiming: StartPowerManager
07-17 12:06:05.525   592   592 I SystemServiceManager: Starting com.android.server.power.PowerManagerService
07-17 12:06:05.529   235   235 I servicemanager: Found android.hardware.power.IPower/default in device VINTF manifest.
07-17 12:06:05.530   423   423 I android.hardware.power-service.example: Power isModeSupported: 7
07-17 12:06:05.530   423   423 I android.hardware.power-service.example: Power isModeSupported: 0
07-17 12:06:05.531   592   592 V SystemServerTiming: StartPowerManager took to complete: 6ms
07-17 12:06:05.531   592   592 D SystemServerTiming: StartThermalManager
07-17 12:06:05.531   592   592 I SystemServiceManager: Starting com.android.server.power.ThermalManagerService
07-17 12:06:05.531   592   592 V SystemServerTiming: StartThermalManager took to complete: 0ms
07-17 12:06:05.531   592   592 D SystemServerTiming: StartHintManager
07-17 12:06:05.531   592   592 I SystemServiceManager: Starting com.android.server.power.hint.HintManagerService
07-17 12:06:05.531   592   592 V SystemServerTiming: StartHintManager took to complete: 1ms
07-17 12:06:05.531   592   592 D SystemServerTiming: InitPowerManagement
07-17 12:06:05.532   592   592 V SystemServerTiming: InitPowerManagement took to complete: 0ms
07-17 12:06:05.532   592   592 D SystemServerTiming: StartRecoverySystemService
07-17 12:06:05.532   592   592 I SystemServiceManager: Starting com.android.server.recoverysystem.RecoverySystemService$Lifecycle
07-17 12:06:05.532   592   592 V SystemServerTiming: StartRecoverySystemService took to complete: 1ms
07-17 12:06:05.534   592   592 I rescue_note: [0,1,12138]
07-17 12:06:05.534   592   592 D SystemServerTiming: StartLightsService
07-17 12:06:05.534   592   592 I SystemServiceManager: Starting com.android.server.lights.LightsService
07-17 12:06:05.535   235   235 I servicemanager: Found android.hardware.light.ILights/default in device VINTF manifest.
07-17 12:06:05.535   422   422 I android.hardware.lights-service.example: Lights reporting supported lights
07-17 12:06:05.536   592   592 V SystemServerTiming: StartLightsService took to complete: 2ms
07-17 12:06:05.536   592   592 D SystemServerTiming: StartDisplayOffloadService
07-17 12:06:05.536   592   592 V SystemServerTiming: StartDisplayOffloadService took to complete: 0ms
07-17 12:06:05.536   592   592 D SystemServerTiming: StartSidekickService
07-17 12:06:05.536   592   592 V SystemServerTiming: StartSidekickService took to complete: 0ms
07-17 12:06:05.536   592   592 D SystemServerTiming: StartDisplayManager
07-17 12:06:05.536   592   592 I SystemServiceManager: Starting com.android.server.display.DisplayManagerService
07-17 12:06:05.541   592   592 V SystemServerTiming: StartDisplayManager took to complete: 6ms
07-17 12:06:05.542   592   592 D SystemServerTiming: WaitForDisplay
07-17 12:06:05.542   592   592 I SystemServiceManager: Starting phase 100
07-17 12:06:05.542   592   592 D SystemServerTiming: OnBootPhase_100
07-17 12:06:05.542   592   592 D SystemServerTiming: OnBootPhase_100_com.android.server.security.FileIntegrityService
07-17 12:06:05.542   592   592 V SystemServerTiming: OnBootPhase_100_com.android.server.security.FileIntegrityService took to complete: 0ms
07-17 12:06:05.542   592   592 D SystemServerTiming: OnBootPhase_100_com.android.server.pm.Installer
07-17 12:06:05.542   592   592 V SystemServerTiming: OnBootPhase_100_com.android.server.pm.Installer took to complete: 0ms
07-17 12:06:05.542   592   592 D SystemServerTiming: OnBootPhase_100_com.android.server.os.DeviceIdentifiersPolicyService
07-17 12:06:05.542   592   592 V SystemServerTiming: OnBootPhase_100_com.android.server.os.DeviceIdentifiersPolicyService took to complete: 0ms
07-17 12:06:05.542   592   592 D SystemServerTiming: OnBootPhase_100_com.android.server.uri.UriGrantsManagerService$Lifecycle
07-17 12:06:05.542   592   592 V SystemServerTiming: OnBootPhase_100_com.android.server.uri.UriGrantsManagerService$Lifecycle took to complete: 0ms
07-17 12:06:05.542   592   592 D SystemServerTiming: OnBootPhase_100_com.android.server.powerstats.PowerStatsService
07-17 12:06:05.542   592   592 V SystemServerTiming: OnBootPhase_100_com.android.server.powerstats.PowerStatsService took to complete: 0ms
07-17 12:06:05.542   592   592 D SystemServerTiming: OnBootPhase_100_com.android.server.wm.ActivityTaskManagerService$Lifecycle
07-17 12:06:05.542   592   592 V SystemServerTiming: OnBootPhase_100_com.android.server.wm.ActivityTaskManagerService$Lifecycle took to complete: 0ms
07-17 12:06:05.542   592   592 D SystemServerTiming: OnBootPhase_100_com.android.server.am.ActivityManagerService$Lifecycle
07-17 12:06:05.542   592   592 V SystemServerTiming: OnBootPhase_100_com.android.server.am.ActivityManagerService$Lifecycle took to complete: 0ms
07-17 12:06:05.542   592   592 D SystemServerTiming: OnBootPhase_100_com.android.server.pm.DataLoaderManagerService
07-17 12:06:05.542   592   592 V SystemServerTiming: OnBootPhase_100_com.android.server.pm.DataLoaderManagerService took to complete: 0ms
07-17 12:06:05.542   592   592 D SystemServerTiming: OnBootPhase_100_com.android.server.power.PowerManagerService
07-17 12:06:05.542   592   592 V SystemServerTiming: OnBootPhase_100_com.android.server.power.PowerManagerService took to complete: 0ms
07-17 12:06:05.542   592   592 D SystemServerTiming: OnBootPhase_100_com.android.server.power.ThermalManagerService
07-17 12:06:05.542   592   592 V SystemServerTiming: OnBootPhase_100_com.android.server.power.ThermalManagerService took to complete: 0ms
07-17 12:06:05.542   592   592 D SystemServerTiming: OnBootPhase_100_com.android.server.power.hint.HintManagerService
07-17 12:06:05.542   592   592 V SystemServerTiming: OnBootPhase_100_com.android.server.power.hint.HintManagerService took to complete: 0ms
07-17 12:06:05.542   592   592 D SystemServerTiming: OnBootPhase_100_com.android.server.recoverysystem.RecoverySystemService$Lifecycle
07-17 12:06:05.542   592   592 V SystemServerTiming: OnBootPhase_100_com.android.server.recoverysystem.RecoverySystemService$Lifecycle took to complete: 0ms
07-17 12:06:05.542   592   592 D SystemServerTiming: OnBootPhase_100_com.android.server.lights.LightsService
07-17 12:06:05.542   592   592 V SystemServerTiming: OnBootPhase_100_com.android.server.lights.LightsService took to complete: 0ms
07-17 12:06:05.542   592   592 D SystemServerTiming: OnBootPhase_100_com.android.server.display.DisplayManagerService
07-17 12:06:05.544   592   612 E LocalDisplayAdapter: Can't find display mode with id -1
07-17 12:06:05.544   592   612 W LocalDisplayAdapter: DisplayModeSpecs base mode no longer available, using currently active mode.
07-17 12:06:05.549   592   612 I DisplayDeviceRepository: Display device added: DisplayDeviceInfo{"Built-in Screen": uniqueId="local:4619827259835644672", 768 x 1280, modeId 1, defaultModeId 1, supportedModes [{id=1, width=768, height=1280, fps=60.000004, alternativeRefreshRates=[]}], colorMode 0, supportedColorModes [0], hdrCapabilities HdrCapabilities{mSupportedHdrTypes=[], mMaxLuminance=500.0, mMaxAverageLuminance=500.0, mMinLuminance=0.0}, allmSupported false, gameContentTypeSupported false, density 320, 320.0 x 320.0 dpi, appVsyncOff 1000000, presDeadline 16666666, touch INTERNAL, rotation 0, type INTERNAL, address {port=0, model=0x401cec6a7a2b7b}, deviceProductInfo DeviceProductInfo{name=EMU_display_0, manufacturerPnpId=GGL, productId=1, modelYear=null, manufactureDate=ManufactureDate{week=27, year=2006}, connectionToSinkType=0}, state UNKNOWN, frameRateOverride , brightnessMinimum 0.0, brightnessMaximum 1.0, brightnessDefault 0.39763778, FLAG_ALLOWED_TO_BE_DEFAULT_DISPLAY, FLAG_ROTATES_WITH_CONTENT, FLAG_SECURE, FLAG_SUPPORTS_PROTECTED_BUFFERS, installOrientation 0}
07-17 12:06:05.550   592   612 I LogicalDisplayMapper: Applying layout: [{addr: {port=0, model=0x401cec6a7a2b7b}, dispId: 0(ON)}], Previous layout: null
07-17 12:06:05.551   592   612 I LogicalDisplayMapper: Adding new display: 0: DisplayInfo{"Built-in Screen", displayId 0", displayGroupId -1, FLAG_SECURE, FLAG_SUPPORTS_PROTECTED_BUFFERS, FLAG_TRUSTED, real 768 x 1280, largest app 768 x 1280, smallest app 768 x 1280, appVsyncOff 1000000, presDeadline 16666666, mode 1, defaultMode 1, modes [{id=1, width=768, height=1280, fps=60.000004, alternativeRefreshRates=[]}], hdrCapabilities HdrCapabilities{mSupportedHdrTypes=[], mMaxLuminance=500.0, mMaxAverageLuminance=500.0, mMinLuminance=0.0}, userDisabledHdrTypes [], minimalPostProcessingSupported false, rotation 0, state UNKNOWN, type INTERNAL, uniqueId "local:4619827259835644672", app 768 x 1280, density 320 (320.0 x 320.0) dpi, layerStack 0, colorMode 0, supportedColorModes [0], address {port=0, model=0x401cec6a7a2b7b}, deviceProductInfo DeviceProductInfo{name=EMU_display_0, manufacturerPnpId=GGL, productId=1, modelYear=null, manufactureDate=ManufactureDate{week=27, year=2006}, connectionToSinkType=0}, removeMode 0, refreshRateOverride 0.0, brightnessMinimum 0.0, brightnessMaximum 1.0, brightnessDefault 0.39763778, installOrientation ROTATION_0}
07-17 12:06:05.551   592   612 I LogicalDisplayMapper: Setting new display group 0 for display 0, from previous group: null
07-17 12:06:05.552   592   592 V SystemServerTiming: OnBootPhase_100_com.android.server.display.DisplayManagerService took to complete: 10ms
07-17 12:06:05.552   592   592 V SystemServerTiming: OnBootPhase_100 took to complete: 10ms
07-17 12:06:05.552   592   592 V SystemServerTiming: WaitForDisplay took to complete: 10ms
07-17 12:06:05.552   592   592 D SystemServerTiming: StartDomainVerificationService
07-17 12:06:05.554   592   592 V SystemServerTiming: StartDomainVerificationService took to complete: 2ms
07-17 12:06:05.554   592   592 D SystemServerTiming: StartPackageManagerService
07-17 12:06:05.554   592   592 I Watchdog: Pausing HandlerChecker: main thread for reason: packagemanagermain. Pause count: 1
07-17 12:06:05.554   592   612 W StrictMode: No activity manager; failed to Dropbox violation.
07-17 12:06:05.554   592   612 W StrictMode: No activity manager; failed to Dropbox violation.
07-17 12:06:05.555   592   612 W StrictMode: No activity manager; failed to Dropbox violation.
07-17 12:06:05.555   592   612 W StrictMode: No activity manager; failed to Dropbox violation.
07-17 12:06:05.555   592   612 W StrictMode: No activity manager; failed to Dropbox violation.
07-17 12:06:05.555   592   612 W StrictMode: No activity manager; failed to Dropbox violation.
07-17 12:06:05.555   592   612 W StrictMode: No activity manager; failed to Dropbox violation.
07-17 12:06:05.557   592   592 D PackageManagerTiming: create package manager
07-17 12:06:05.560   592   592 I boot_progress_pms_start: 12164
07-17 12:06:05.560   592   592 D PackageManagerTiming: createSubComponents
07-17 12:06:05.569   592   592 V PackageManagerTiming: createSubComponents took to complete: 9ms
07-17 12:06:05.569   592   592 D PackageManagerTiming: addSharedUsers
07-17 12:06:05.569   592   592 V PackageManagerTiming: addSharedUsers took to complete: 0ms
07-17 12:06:05.569   592   592 W BackgroundDexOptService: SysProp pm.dexopt.downgrade_after_inactive_days not set
07-17 12:06:05.570   592   592 D PackageManagerTiming: get system config
07-17 12:06:05.570   592   592 V PackageManagerTiming: get system config took to complete: 0ms
07-17 12:06:05.572   592   592 D SELinuxMMAC: Using policy file /system/etc/selinux/plat_mac_permissions.xml
07-17 12:06:05.574   592   592 D SELinuxMMAC: Using policy file /system_ext/etc/selinux/system_ext_mac_permissions.xml
07-17 12:06:05.574   592   592 D SELinuxMMAC: Using policy file /vendor/etc/selinux/vendor_mac_permissions.xml
07-17 12:06:05.574   592   592 D PackageManagerTiming: loadFallbacks
07-17 12:06:05.576   592   592 D FallbackCategoryProvider: Found 387 fallback categories
07-17 12:06:05.576   592   592 V PackageManagerTiming: loadFallbacks took to complete: 1ms
07-17 12:06:05.576   592   592 D PackageManagerTiming: read user settings
07-17 12:06:05.624   592   592 E PackageManager: Package com.google.android.networkstack.tethering was user id 0 but is now user SharedUserSetting{cf0fb7f android.uid.networkstack/1073} with id 1073; I am not changing its files so it will probably fail!
07-17 12:06:05.624   592   592 I pm_critical_info: Package com.google.android.networkstack.tethering was user id 0 but is now user SharedUserSetting{cf0fb7f android.uid.networkstack/1073} with id 1073; I am not changing its files so it will probably fail!
07-17 12:06:05.625   592   592 E PackageManager: Package com.android.providers.telephony was user id 0 but is now user SharedUserSetting{31a3caa android.uid.phone/1001} with id 1001; I am not changing its files so it will probably fail!
07-17 12:06:05.625   592   592 I pm_critical_info: Package com.android.providers.telephony was user id 0 but is now user SharedUserSetting{31a3caa android.uid.phone/1001} with id 1001; I am not changing its files so it will probably fail!
07-17 12:06:05.625   592   592 E PackageManager: Package com.android.dynsystem was user id 0 but is now user SharedUserSetting{c1fe411 android.uid.system/1000} with id 1000; I am not changing its files so it will probably fail!
07-17 12:06:05.625   592   592 I pm_critical_info: Package com.android.dynsystem was user id 0 but is now user SharedUserSetting{c1fe411 android.uid.system/1000} with id 1000; I am not changing its files so it will probably fail!
07-17 12:06:05.625   592   592 E PackageManager: Package com.google.android.cellbroadcastservice was user id 0 but is now user SharedUserSetting{cf0fb7f android.uid.networkstack/1073} with id 1073; I am not changing its files so it will probably fail!
07-17 12:06:05.625   592   592 I pm_critical_info: Package com.google.android.cellbroadcastservice was user id 0 but is now user SharedUserSetting{cf0fb7f android.uid.networkstack/1073} with id 1073; I am not changing its files so it will probably fail!
07-17 12:06:05.625   592   592 E PackageManager: Package com.android.providers.calendar was user id 0 but is now user SharedUserSetting{319b702 android.uid.calendar/10059} with id 10059; I am not changing its files so it will probably fail!
07-17 12:06:05.625   592   592 I pm_critical_info: Package com.android.providers.calendar was user id 0 but is now user SharedUserSetting{319b702 android.uid.calendar/10059} with id 10059; I am not changing its files so it will probably fail!
07-17 12:06:05.626   592   592 E PackageManager: Package com.android.providers.media was user id 0 but is now user SharedUserSetting{6920449 android.media/10062} with id 10062; I am not changing its files so it will probably fail!
07-17 12:06:05.626   592   592 I pm_critical_info: Package com.android.providers.media was user id 0 but is now user SharedUserSetting{6920449 android.media/10062} with id 10062; I am not changing its files so it will probably fail!
07-17 12:06:05.626   592   592 E PackageManager: Package com.android.mms.service was user id 0 but is now user SharedUserSetting{31a3caa android.uid.phone/1001} with id 1001; I am not changing its files so it will probably fail!
07-17 12:06:05.626   592   592 I pm_critical_info: Package com.android.mms.service was user id 0 but is now user SharedUserSetting{31a3caa android.uid.phone/1001} with id 1001; I am not changing its files so it will probably fail!
07-17 12:06:05.626   592   592 E PackageManager: Package com.android.providers.downloads was user id 0 but is now user SharedUserSetting{6920449 android.media/10062} with id 10062; I am not changing its files so it will probably fail!
07-17 12:06:05.626   592   592 I pm_critical_info: Package com.android.providers.downloads was user id 0 but is now user SharedUserSetting{6920449 android.media/10062} with id 10062; I am not changing its files so it will probably fail!
07-17 12:06:05.626   592   592 E PackageManager: Package com.android.providers.downloads.ui was user id 0 but is now user SharedUserSetting{6920449 android.media/10062} with id 10062; I am not changing its files so it will probably fail!
07-17 12:06:05.626   592   592 I pm_critical_info: Package com.android.providers.downloads.ui was user id 0 but is now user SharedUserSetting{6920449 android.media/10062} with id 10062; I am not changing its files so it will probably fail!
07-17 12:06:05.626   592   592 E PackageManager: Package android was user id 0 but is now user SharedUserSetting{c1fe411 android.uid.system/1000} with id 1000; I am not changing its files so it will probably fail!
07-17 12:06:05.626   592   592 I pm_critical_info: Package android was user id 0 but is now user SharedUserSetting{c1fe411 android.uid.system/1000} with id 1000; I am not changing its files so it will probably fail!
07-17 12:06:05.627   592   592 E PackageManager: Package com.android.mtp was user id 0 but is now user SharedUserSetting{6920449 android.media/10062} with id 10062; I am not changing its files so it will probably fail!
