07-17 12:38:17.082  1628  1628 W ActivityManager: Slow operation: 71ms so far, now at startProcess: done updating battery stats
07-17 12:38:17.082  1628  1628 I am_proc_start: [0,1751,10048,com.android.inputmethod.latin,service,com.android.inputmethod.latin/.LatinIME]
07-17 12:38:17.082  1628  1628 W ActivityManager: Slow operation: 71ms so far, now at startProcess: building log message
07-17 12:38:17.082  1628  1628 I ActivityManager: Start proc 1751:com.android.inputmethod.latin/u0a48 for service com.android.inputmethod.latin/.LatinIME
07-17 12:38:17.082  1628  1628 W ActivityManager: Slow operation: 71ms so far, now at startProcess: starting to update pids map
07-17 12:38:17.082  1628  1628 W ActivityManager: Slow operation: 71ms so far, now at startProcess: done updating pids map
07-17 12:38:17.082  1628  1628 W ActivityManager: Slow operation: 71ms so far, now at startProcess: done starting proc!
07-17 12:38:17.083  1628  1628 W SystemServiceManager: Service com.android.server.InputMethodManagerService$Lifecycle took 84 ms in onBootPhase
07-17 12:38:17.084  1628  1714 D StorageManagerService: Thinking about init, mSystemReady=true, mDaemonConnected=true
07-17 12:38:17.084  1628  1714 D StorageManagerService: Setting up emulation state, initlocked=false
07-17 12:38:17.084  1628  1714 D CryptdConnector: SND -> {2 cryptfs unlock_user_key 0 0 ! !}
07-17 12:38:17.085  1348  1354 D vold    : e4crypt_unlock_user_key 0 serial=0 token_present=0
07-17 12:38:17.085  1628  1628 D UsbAlsaManager: Adding ALSA device AlsaDevice: [card: 0, device: 0, type: 1]
07-17 12:38:17.085  1628  1628 D UsbAlsaManager: Adding ALSA device AlsaDevice: [card: 0, device: 0, type: 2]
07-17 12:38:17.086  1628  1734 E BluetoothAdapter: Bluetooth binder is null
07-17 12:38:17.086  1628  1716 D CryptdConnector: RCV <- {200 2 Command succeeded}
07-17 12:38:17.086  1628  1628 W StorageManagerService: No primary storage defined yet; hacking together a stub
07-17 12:38:17.086  1628  1714 D StorageManagerService: Thinking about reset, mSystemReady=true, mDaemonConnected=true
07-17 12:38:17.086  1628  1628 D SystemServerTiming: StartActivityManagerReadyPhase took to complete: 99ms
07-17 12:38:17.086  1628  1714 D VoldConnector: SND -> {3 volume reset}
07-17 12:38:17.086  1348  1353 D vold    : Recognized experimental block major ID 253 as virtio-blk (emulator's virtual SD card device)
07-17 12:38:17.086  1348  1353 V vold    : /system/bin/sgdisk
07-17 12:38:17.086  1348  1353 V vold    :     --android-dump
07-17 12:38:17.086  1348  1353 V vold    :     /dev/block/vold/disk:253,80
07-17 12:38:17.086  1628  1715 D VoldConnector: RCV <- {651 emulated 7}
07-17 12:38:17.086  1628  1715 D VoldConnector: RCV <- {659 emulated}
07-17 12:38:17.086  1628  1715 D VoldConnector: RCV <- {650 emulated 2 "" ""}
07-17 12:38:17.086  1628  1715 D VoldConnector: RCV <- {651 emulated 0}
07-17 12:38:17.086  1628  1715 D VoldConnector: RCV <- {649 disk:253,80}
07-17 12:38:17.086  1628  1628 I SystemServer: StartObservingNativeCrashes
07-17 12:38:17.086  1628  1715 D VoldConnector: RCV <- {640 disk:253,80 4}
07-17 12:38:17.086  1628  1715 D VoldConnector: RCV <- {641 disk:253,80 2147483648}
07-17 12:38:17.086  1628  1715 D VoldConnector: RCV <- {642 disk:253,80 Virtual}
07-17 12:38:17.086  1628  1715 D VoldConnector: RCV <- {644 disk:253,80 /sys//devices/pci0000:00/0000:00:08.0/virtio5/block/vdf}
07-17 12:38:17.086  1628  1657 I ActivityManager: Force stopping com.android.providers.media appid=10007 user=-1: vold reset
07-17 12:38:17.087  1628  1734 E BluetoothAdapter: Bluetooth binder is null
07-17 12:38:17.087  1628  1628 D SystemServerTiming: StartObservingNativeCrashes took to complete: 1ms
07-17 12:38:17.087  1628  1628 I SystemServer: StartSystemUI
07-17 12:38:17.087  1628  1692 D SystemServerInitThreadPool: Started executing WebViewFactoryPreparation
07-17 12:38:17.087  1628  1692 I SystemServer: WebViewFactoryPreparation
07-17 12:38:17.087  1628  1628 I am_uid_running: 10023
07-17 12:38:17.088  1488  1563 I AudioFlinger: systemReady
07-17 12:38:17.099  1628  1692 D WebViewFactory: Setting new address space to 231472568
07-17 12:38:17.099  1628  1628 I am_proc_start: [0,1770,10023,com.android.systemui,service,com.android.systemui/.SystemUIService]
07-17 12:38:17.099  1628  1628 I ActivityManager: Start proc 1770:com.android.systemui/u0a23 for service com.android.systemui/.SystemUIService
07-17 12:38:17.099  1628  1628 D SystemServerTiming: StartSystemUI took to complete: 12ms
07-17 12:38:17.100  1628  1628 I SystemServer: MakeNetworkScoreReady
07-17 12:38:17.100  1628  1628 D SystemServerTiming: MakeNetworkScoreReady took to complete: 0ms
07-17 12:38:17.100  1628  1628 I SystemServer: MakeNetworkManagementServiceReady
07-17 12:38:17.100  1628  1628 D NetworkManagement: enabling bandwidth control
07-17 12:38:17.100  1628  1641 I am_proc_bound: [0,1751,com.android.inputmethod.latin]
07-17 12:38:17.100  1628  1662 V StorageManagerService: Found primary storage at VolumeInfo{emulated}:
07-17 12:38:17.100  1628  1662 V StorageManagerService:     type=EMULATED diskId=null partGuid=null mountFlags=0 mountUserId=-1 
07-17 12:38:17.100  1628  1662 V StorageManagerService:     state=UNMOUNTED 
07-17 12:38:17.100  1628  1662 V StorageManagerService:     fsType=null fsUuid=null fsLabel=null 
07-17 12:38:17.100  1628  1662 V StorageManagerService:     path=null internalPath=null 
07-17 12:38:17.101  1348  1353 V vold    : DISK gpt 4356AE7C-19B0-43EB-BF8E-BCC8FB1D4F3F
07-17 12:38:17.101  1348  1353 V vold    : 
07-17 12:38:17.101  1348  1353 V vold    : PART 1 19A710A2-B3CA-11E4-B026-10604B889DCF 5962FB4A-A9B4-47A6-9F84-3F7AF4EF6C2C android_meta
07-17 12:38:17.101  1348  1353 V vold    : 
07-17 12:38:17.101  1348  1353 V vold    : PART 2 193D1EA4-B3CA-11E4-B075-10604B889DCF 14F70CC7-7588-7B49-A27C-D8F8ED2E1AEE android_expand
07-17 12:38:17.102  1348  1353 V vold    : 
07-17 12:38:17.102  1348  1353 D vold    : Found key for GUID 14f70cc775887b49a27cd8f8ed2e1aee
07-17 12:38:17.103  1628  1641 I am_uid_active: 10048
07-17 12:38:17.103  1348  1353 E Cryptfs : Cannot remove dm-crypt device
07-17 12:38:17.104  1628  1692 I am_uid_running: 1037
07-17 12:38:17.105  1628  1723 E HalDeviceManager: Should have at least 1 chip!
07-17 12:38:17.105  1628  1723 E HalDeviceManager: getSupportedIfaceTypesInternal: no chip info found
07-17 12:38:17.105  1628  1660 E BatteryStatsService: no controller energy info supplied
07-17 12:38:17.108  1496  1580 I OMXClient: Treble IOmx obtained
07-17 12:38:17.108  1628  1628 W NetworkManagement: setDataSaverMode(): already false
07-17 12:38:17.105  1628  1660 E BatteryStatsService: no controller energy info supplied
07-17 12:38:17.109  1628  1628 D SystemServerTiming: MakeNetworkManagementServiceReady took to complete: 9ms
07-17 12:38:17.109  1628  1628 I SystemServer: MakeNetworkStatsServiceReady
07-17 12:38:17.112  1496  1580 I OMXClient: Treble IOmx obtained
07-17 12:38:17.112  1502  1612 I OMXMaster: makeComponentInstance(OMX.google.mp3.decoder) in omx@1.0-service process
07-17 12:38:17.116  1496  1580 I OMXClient: Treble IOmx obtained
07-17 12:38:17.117  1628  1720 D NetworkPolicy: setRestrictBackgroundUL(): false
07-17 12:38:17.117  1628  1720 W NetworkManagement: setDataSaverMode(): already false
07-17 12:38:17.118  1502  1611 I OMXMaster: makeComponentInstance(OMX.google.amrnb.decoder) in omx@1.0-service process
07-17 12:38:17.118  1348  1353 I Cryptfs : Enabling support for allow_discards in dmcrypt.
07-17 12:38:17.120  1770  1770 W zygote64: Unexpected CPU variant for X86 using defaults: x86_64
07-17 12:38:17.123  1496  1580 I OMXClient: Treble IOmx obtained
07-17 12:38:17.124  1502  1611 I OMXMaster: makeComponentInstance(OMX.google.amrwb.decoder) in omx@1.0-service process
07-17 12:38:17.128  1496  1580 I OMXClient: Treble IOmx obtained
07-17 12:38:17.128  1502  1611 I OMXMaster: makeComponentInstance(OMX.google.aac.decoder) in omx@1.0-service process
07-17 12:38:17.131  1496  1580 I OMXClient: Treble IOmx obtained
07-17 12:38:17.131  1502  1611 I OMXMaster: makeComponentInstance(OMX.google.g711.alaw.decoder) in omx@1.0-service process
07-17 12:38:17.133  1496  1580 I OMXClient: Treble IOmx obtained
07-17 12:38:17.133  1502  1611 I OMXMaster: makeComponentInstance(OMX.google.g711.mlaw.decoder) in omx@1.0-service process
07-17 12:38:17.134  1496  1580 I OMXClient: Treble IOmx obtained
07-17 12:38:17.134  1502  1611 I OMXMaster: makeComponentInstance(OMX.google.vorbis.decoder) in omx@1.0-service process
07-17 12:38:17.136  1628  1692 I am_proc_start: [0,1810,1037,WebViewLoader-x86,,]
07-17 12:38:17.136  1628  1692 I ActivityManager: Start proc 1810:WebViewLoader-x86/1037 [android.webkit.WebViewFactory$RelroFileCreator] for 
07-17 12:38:17.139  1496  1580 I OMXClient: Treble IOmx obtained
07-17 12:38:17.139  1502  1611 I OMXMaster: makeComponentInstance(OMX.google.opus.decoder) in omx@1.0-service process
07-17 12:38:17.140  1810  1810 W zygote  : Unexpected CPU variant for X86 using defaults: x86_64
07-17 12:38:17.144  1496  1580 I OMXClient: Treble IOmx obtained
07-17 12:38:17.144  1502  1786 I OMXMaster: makeComponentInstance(OMX.google.raw.decoder) in omx@1.0-service process
07-17 12:38:17.145  1817  1817 W zygote64: Unexpected CPU variant for X86 using defaults: x86_64
07-17 12:38:17.145  1496  1580 I OMXClient: Treble IOmx obtained
07-17 12:38:17.145  1502  1786 I OMXMaster: makeComponentInstance(OMX.google.aac.encoder) in omx@1.0-service process
07-17 12:38:17.146  1628  1692 I am_proc_start: [0,1817,1037,WebViewLoader-x86_64,,]
07-17 12:38:17.146  1628  1692 I ActivityManager: Start proc 1817:WebViewLoader-x86_64/1037 [android.webkit.WebViewFactory$RelroFileCreator] for 
07-17 12:38:17.149  1496  1580 I OMXClient: Treble IOmx obtained
07-17 12:38:17.149  1502  1786 I OMXMaster: makeComponentInstance(OMX.google.amrnb.encoder) in omx@1.0-service process
07-17 12:38:17.149  1628  1641 I am_proc_bound: [0,1770,com.android.systemui]
07-17 12:38:17.150  1628  1692 D SystemServerTimingAsync: WebViewFactoryPreparation took to complete: 63ms
07-17 12:38:17.150  1628  1692 D SystemServerInitThreadPool: Finished executing WebViewFactoryPreparation
07-17 12:38:17.150  1628  1641 I am_uid_active: 10023
07-17 12:38:17.153  1628  1628 D SystemServerTiming: MakeNetworkStatsServiceReady took to complete: 44ms
07-17 12:38:17.153  1628  1628 I SystemServer: MakeConnectivityServiceReady
07-17 12:38:17.154  1628  1628 D PermissionMonitor: Monitoring
07-17 12:38:17.156  1628  1628 D PermissionMonitor: Users: 1, Apps: 62
07-17 12:38:17.159  1817  1817 V WebViewFactory: RelroFileCreator (64bit = true),  32-bit lib: /data/app/com.android.chrome-EeN2H832TQ5Y0X13nUL-ZQ==/base.apk!/lib/x86/libmonochrome.so, 64-bit lib: /data/app/com.android.chrome-EeN2H832TQ5Y0X13nUL-ZQ==/base.apk!/lib/x86_64/libmonochrome.so
07-17 12:38:17.160  1496  1580 I OMXClient: Treble IOmx obtained
07-17 12:38:17.160  1502  1786 I OMXMaster: makeComponentInstance(OMX.google.amrwb.encoder) in omx@1.0-service process
07-17 12:38:17.161  1628  1628 D SystemServerTiming: MakeConnectivityServiceReady took to complete: 8ms
07-17 12:38:17.161  1628  1628 I SystemServer: MakeNetworkPolicyServiceReady
07-17 12:38:17.163  1628  1715 D VoldConnector: RCV <- {650 private:253,82 1 "disk:253,80" "14F70CC7-7588-7B49-A27C-D8F8ED2E1AEE"}
07-17 12:38:17.163  1628  1715 D VoldConnector: RCV <- {651 private:253,82 0}
07-17 12:38:17.163  1628  1715 D VoldConnector: RCV <- {643 disk:253,80}
07-17 12:38:17.163  1628  1715 D VoldConnector: RCV <- {200 3 Command succeeded}
07-17 12:38:17.163  1348  1352 D vold    : Disk at 252:1 changed
07-17 12:38:17.163  1496  1580 I OMXClient: Treble IOmx obtained
07-17 12:38:17.163  1502  1786 I OMXMaster: makeComponentInstance(OMX.google.flac.encoder) in omx@1.0-service process
07-17 12:38:17.170  1628  1714 D VoldConnector: SND -> {4 volume user_added 0 0}
07-17 12:38:17.170  1628  1715 D VoldConnector: RCV <- {200 4 Command succeeded}
07-17 12:38:17.170  1628  1714 D VoldConnector: SND -> {5 volume mount emulated 3 -1}
07-17 12:38:17.171  1751  1751 I LatinIME: Hardware accelerated drawing: true
07-17 12:38:17.171  1348  1353 V vold    : Waiting for FUSE to spin up...
07-17 12:38:17.171  1628  1715 D VoldConnector: RCV <- {651 emulated 1}
07-17 12:38:17.171  1628  1715 D VoldConnector: RCV <- {656 emulated /data/media}
07-17 12:38:17.171  1628  1715 D VoldConnector: RCV <- {655 emulated /storage/emulated}
07-17 12:38:17.174  1496  1580 I OMXClient: Treble IOmx obtained
07-17 12:38:17.174  1502  1786 I OMXMaster: makeComponentInstance(OMX.google.gsm.decoder) in omx@1.0-service process
07-17 12:38:17.175  1810  1810 V WebViewFactory: RelroFileCreator (64bit = false),  32-bit lib: /data/app/com.android.chrome-EeN2H832TQ5Y0X13nUL-ZQ==/base.apk!/lib/x86/libmonochrome.so, 64-bit lib: /data/app/com.android.chrome-EeN2H832TQ5Y0X13nUL-ZQ==/base.apk!/lib/x86_64/libmonochrome.so
07-17 12:38:17.181  1496  1580 I OMXClient: Treble IOmx obtained
07-17 12:38:17.181  1502  1786 I OMXMaster: makeComponentInstance(OMX.google.mpeg4.decoder) in omx@1.0-service process
07-17 12:38:17.184  1502  1786 E OMXNodeInstance: getExtensionIndex(0xeb11b060:google.mpeg4.decoder, OMX.google.android.index.configureVideoTunnelMode) ERROR: UnsupportedIndex(0x8000101a)
07-17 12:38:17.185  1502  1786 E OMXNodeInstance: getExtensionIndex(0xeb11b060:google.mpeg4.decoder, OMX.google.android.index.enableAndroidNativeBuffers) ERROR: UnsupportedIndex(0x8000101a)
07-17 12:38:17.191  1496  1580 I OMXClient: Treble IOmx obtained
07-17 12:38:17.191  1502  1786 I OMXMaster: makeComponentInstance(OMX.google.h263.decoder) in omx@1.0-service process
07-17 12:38:17.192  1502  1786 E OMXNodeInstance: getExtensionIndex(0xeb11b060:google.h263.decoder, OMX.google.android.index.configureVideoTunnelMode) ERROR: UnsupportedIndex(0x8000101a)
07-17 12:38:17.192  1502  1786 E OMXNodeInstance: getExtensionIndex(0xeb11b060:google.h263.decoder, OMX.google.android.index.enableAndroidNativeBuffers) ERROR: UnsupportedIndex(0x8000101a)
07-17 12:38:17.194  1496  1580 I OMXClient: Treble IOmx obtained
07-17 12:38:17.194  1502  1612 I OMXMaster: makeComponentInstance(OMX.google.h264.decoder) in omx@1.0-service process
07-17 12:38:17.196  1502  1612 E OMXNodeInstance: getExtensionIndex(0xeb4a0f60:google.h264.decoder, OMX.google.android.index.configureVideoTunnelMode) ERROR: UnsupportedIndex(0x8000101a)
07-17 12:38:17.196  1502  1612 E OMXNodeInstance: getExtensionIndex(0xeb4a0f60:google.h264.decoder, OMX.google.android.index.enableAndroidNativeBuffers) ERROR: UnsupportedIndex(0x8000101a)
07-17 12:38:17.197  1853  1853 W /system/bin/sdcard: Device explicitly enabled sdcardfs
07-17 12:38:17.201  1496  1580 I OMXClient: Treble IOmx obtained
07-17 12:38:17.201  1502  1612 I OMXMaster: makeComponentInstance(OMX.google.hevc.decoder) in omx@1.0-service process
07-17 12:38:17.205  1502  1612 E OMXNodeInstance: getExtensionIndex(0xeb4a0f60:google.hevc.decoder, OMX.google.android.index.configureVideoTunnelMode) ERROR: UnsupportedIndex(0x8000101a)
07-17 12:38:17.205  1502  1612 E OMXNodeInstance: getExtensionIndex(0xeb4a0f60:google.hevc.decoder, OMX.google.android.index.enableAndroidNativeBuffers) ERROR: UnsupportedIndex(0x8000101a)
07-17 12:38:17.219  1751  1751 W InputAttributes: No editor info for this field. Bug?
07-17 12:38:17.222  1496  1580 I OMXClient: Treble IOmx obtained
07-17 12:38:17.222  1502  1868 I OMXMaster: makeComponentInstance(OMX.google.vp8.decoder) in omx@1.0-service process
07-17 12:38:17.222  1628  1715 D VoldConnector: RCV <- {651 emulated 2}
07-17 12:38:17.222  1628  1715 D VoldConnector: RCV <- {200 5 Command succeeded}
07-17 12:38:17.222  1628  1714 D VoldConnector: SND -> {6 volume mount private:253,82 0 -1}
07-17 12:38:17.223  1348  1353 V vold    : /system/bin/blkid
07-17 12:38:17.223  1348  1353 V vold    :     -c
07-17 12:38:17.223  1348  1353 V vold    :     /dev/null
07-17 12:38:17.223  1348  1353 V vold    :     -s
07-17 12:38:17.223  1348  1353 V vold    :     TYPE
07-17 12:38:17.223  1348  1353 V vold    :     -s
07-17 12:38:17.223  1348  1353 V vold    :     UUID
07-17 12:38:17.223  1348  1353 V vold    :     -s
07-17 12:38:17.223  1348  1353 V vold    :     LABEL
07-17 12:38:17.223  1348  1353 V vold    :     /dev/block/dm-1
07-17 12:38:17.223  1628  1715 D VoldConnector: RCV <- {651 private:253,82 1}
07-17 12:38:17.225  1502  1612 E OMXNodeInstance: getExtensionIndex(0xeb11b1e0:google.vp8.decoder, OMX.google.android.index.configureVideoTunnelMode) ERROR: UnsupportedIndex(0x8000101a)
07-17 12:38:17.225  1502  1612 E OMXNodeInstance: getExtensionIndex(0xeb11b1e0:google.vp8.decoder, OMX.google.android.index.enableAndroidNativeBuffers) ERROR: UnsupportedIndex(0x8000101a)
07-17 12:38:17.226  1496  1580 I OMXClient: Treble IOmx obtained
07-17 12:38:17.226  1502  1612 I OMXMaster: makeComponentInstance(OMX.google.vp9.decoder) in omx@1.0-service process
07-17 12:38:17.226  1502  1612 E OMXNodeInstance: getExtensionIndex(0xeb11b1e0:google.vp9.decoder, OMX.google.android.index.configureVideoTunnelMode) ERROR: UnsupportedIndex(0x8000101a)
07-17 12:38:17.226  1502  1612 E OMXNodeInstance: getExtensionIndex(0xeb11b1e0:google.vp9.decoder, OMX.google.android.index.enableAndroidNativeBuffers) ERROR: UnsupportedIndex(0x8000101a)
07-17 12:38:17.230  1645  1645 E ipv6proxy: Failed to forward Router Advertisement from eth0 to wlan1: Network is unreachable
07-17 12:38:17.233  1496  1580 I OMXClient: Treble IOmx obtained
07-17 12:38:17.233  1502  1611 I OMXMaster: makeComponentInstance(OMX.google.h263.encoder) in omx@1.0-service process
07-17 12:38:17.235  1502  1611 I SoftMPEG4Encoder: Construct SoftMPEG4Encoder
07-17 12:38:17.235  1496  1580 W OMXUtils: do not know color format 0x7f000789 = 2130708361
07-17 12:38:17.235  1502  1611 E OMXNodeInstance: getConfig(0xeb11b120:google.h263.encoder, ConfigAndroidIntraRefresh(0x6f60000a)) ERROR: Undefined(0x80001001)
07-17 12:38:17.236  1751  1885 I LatinIME:LogUtils: Dictionary info: dictionary = UserHistoryDictionary.en_US ; version = 1689597497 ; date = ?
07-17 12:38:17.237  1751  1885 I LatinIME:LogUtils: Dictionary info: dictionary = userunigram.en_US ; version = 1689597497 ; date = ?
07-17 12:38:17.237  1751  1885 E ActivityThread: Failed to find provider info for user_dictionary
07-17 12:38:17.239  1496  1580 I OMXClient: Treble IOmx obtained
07-17 12:38:17.240  1502  1611 I OMXMaster: makeComponentInstance(OMX.google.h264.encoder) in omx@1.0-service process
07-17 12:38:17.242  1496  1580 W OMXUtils: do not know color format 0x7f000789 = 2130708361
07-17 12:38:17.247  1496  1580 I OMXClient: Treble IOmx obtained
07-17 12:38:17.247  1502  1611 I OMXMaster: makeComponentInstance(OMX.google.mpeg4.encoder) in omx@1.0-service process
07-17 12:38:17.247  1502  1611 I SoftMPEG4Encoder: Construct SoftMPEG4Encoder
07-17 12:38:17.247  1496  1580 W OMXUtils: do not know color format 0x7f000789 = 2130708361
07-17 12:38:17.248  1502  1611 E OMXNodeInstance: getConfig(0xeb11b120:google.mpeg4.encoder, ConfigAndroidIntraRefresh(0x6f60000a)) ERROR: Undefined(0x80001001)
07-17 12:38:17.261  1496  1580 I OMXClient: Treble IOmx obtained
07-17 12:38:17.261  1502  1611 I OMXMaster: makeComponentInstance(OMX.google.vp8.encoder) in omx@1.0-service process
07-17 12:38:17.262  1628  1628 D SystemServerTiming: MakeNetworkPolicyServiceReady took to complete: 101ms
07-17 12:38:17.262  1628  1628 I SystemServer: StartWatchdog
07-17 12:38:17.262  1628  1628 D SystemServerTiming: StartWatchdog took to complete: 0ms
07-17 12:38:17.262  1628  1628 I SystemServer: PhaseThirdPartyAppsCanStart
07-17 12:38:17.262  1628  1628 I SystemServiceManager: Starting phase 600
07-17 12:38:17.264  1751  1885 I LatinIME:LogUtils: Dictionary info: dictionary = main:en ; version = 54 ; date = 1414726273
07-17 12:38:17.264  1348  1353 V vold    : /dev/block/dm-1: UUID="97e47489-425e-4583-8d5f-55c42dc48c28" TYPE="ext4" 
07-17 12:38:17.264  1348  1353 V vold    : 
07-17 12:38:17.264  1628  1628 V WallpaperManagerService: bindWallpaperComponentLocked: componentName=ComponentInfo{com.android.systemui/com.android.systemui.ImageWallpaper}
07-17 12:38:17.268  1628  1715 D VoldConnector: RCV <- {652 private:253,82 ext4}
07-17 12:38:17.268  1628  1715 D VoldConnector: RCV <- {653 private:253,82 97e47489-425e-4583-8d5f-55c42dc48c28}
07-17 12:38:17.268  1628  1715 D VoldConnector: RCV <- {654 private:253,82 }
07-17 12:38:17.268  1628  1715 D VoldConnector: RCV <- {655 private:253,82 /mnt/expand/97e47489-425e-4583-8d5f-55c42dc48c28}
07-17 12:38:17.271  1496  1580 W OMXUtils: do not know color format 0x7f000789 = 2130708361
07-17 12:38:17.271  1502  1611 E OMXNodeInstance: getConfig(0xeb11b120:google.vp8.encoder, ConfigAndroidIntraRefresh(0x6f60000a)) ERROR: Undefined(0x80001001)
07-17 12:38:17.260  1878  1878 I auditd  : type=1400 audit(0.0:16): avc: denied { read } for comm="blkid" name="filesystems" dev="proc" ino=4026532044 scontext=u:r:blkid:s0 tcontext=u:object_r:proc:s0 tclass=file permissive=0
07-17 12:38:17.260  1878  1878 W blkid   : type=1400 audit(0.0:16): avc: denied { read } for name="filesystems" dev="proc" ino=4026532044 scontext=u:r:blkid:s0 tcontext=u:object_r:proc:s0 tclass=file permissive=0
07-17 12:38:17.260  1878  1878 I chatty  : uid=1036(auditd) identical 1 line
07-17 12:38:17.260  1878  1878 W blkid   : type=1400 audit(0.0:18): avc: denied { read } for name="filesystems" dev="proc" ino=4026532044 scontext=u:r:blkid:s0 tcontext=u:object_r:proc:s0 tclass=file permissive=0
07-17 12:38:17.281  1496  1580 I OMXClient: Treble IOmx obtained
07-17 12:38:17.282  1628  1628 D SystemServerTiming: PhaseThirdPartyAppsCanStart took to complete: 20ms
07-17 12:38:17.282  1628  1628 I SystemServer: MakeLocationServiceReady
07-17 12:38:17.282  1496  1580 I OMXClient: Treble IOmx obtained
07-17 12:38:17.282  1496  1580 W MediaCodecList: unable to open media codecs configuration xml file: /data/misc/media/media_codecs_profiling_results.xml
07-17 12:38:17.284  1628  1779 I OMXClient: Treble IOmx obtained
07-17 12:38:17.284  1502  1611 I OMXMaster: makeComponentInstance(OMX.google.vorbis.decoder) in omx@1.0-service process
07-17 12:38:17.285  1628  1628 D GnssLocationProvider: Link to death notification successful
07-17 12:38:17.285  1501  1501 E GnssHAL_GnssInterface: getExtensionXtra GnssXtra interface not implemented by HAL
07-17 12:38:17.285  1501  1501 E GnssHAL_GnssInterface: getExtensionAGnssRil GnssRil interface not implemented by GNSS HAL
07-17 12:38:17.285  1501  1501 E GnssHAL_GnssInterface: getExtensionAGnss AGnss interface not implemented by GNSS HAL
07-17 12:38:17.285  1501  1501 E GnssHAL_GnssInterface: getExtensionGnssNavigationMessage GnssNavigationMessage interface not implemented by GNSS HAL
07-17 12:38:17.285  1501  1501 E GnssHAL_GnssInterface: getExtensionGnssMeasurement GnssMeasurement interface not implemented by GNSS HAL
07-17 12:38:17.285  1501  1501 E GnssHAL_GnssInterface: getExtensionGnssDebug: GnssDebug interface is not implemented by HAL
07-17 12:38:17.285  1501  1501 E GnssHAL_GnssInterface: getExtensionGnssNi GnssNi interface not implemented by GNSS HAL
07-17 12:38:17.285  1502  1887 E OMXNodeInstance: getConfig(0xeb11b120:google.vorbis.decoder, ConfigAndroidVendorExtension(0x6f100004)) ERROR: Undefined(0x80001001)
07-17 12:38:17.285  1501  1501 E GnssHAL_GnssInterface: getExtensionGnssConfiguration GnssConfiguration interface not implemented by GNSS HAL
07-17 12:38:17.285  1501  1501 E GnssHAL_GnssInterface: getExtensionGnssGeofencing GnssGeofencing interface not implemented by GNSS HAL
07-17 12:38:17.286  1501  1501 E GnssHAL_GnssInterface: gnss flp hw_get_module failed: -2
07-17 12:38:17.286  1501  1501 E GnssHAL_GnssInterface: getExtensionGnssBatching: GnssBatching interface is not implemented by HAL
07-17 12:38:17.286  1394  1394 W /system/bin/hw/android.hidl.allocator@1.0-service: ashmem_create_region(32768) returning hidl_memory(0x7fc98ee2c2f0, 32768)
07-17 12:38:17.291  1394  1394 I chatty  : uid=1000(system) allocator@1.0-s identical 6 lines
07-17 12:38:17.291  1394  1394 W /system/bin/hw/android.hidl.allocator@1.0-service: ashmem_create_region(32768) returning hidl_memory(0x7fc98ee2c2f0, 32768)
07-17 12:38:17.294  1628  1628 I GnssLocationProvider: WakeLock acquired by sendMessage(INITIALIZE_HANDLER, 0, null)
07-17 12:38:17.295  1628  1656 E GnssLocationProvider: no AGPS interface in set_agps_server
07-17 12:38:17.297  1628  1628 D GnssLocationProvider: gnssSetCapabilitesCb: 0u
07-17 12:38:17.297  1628  1628 D GnssLocationProvider: gnssSetSystemInfoCb: yearOfHw=2015
07-17 12:38:17.297  1628  1628 E GnssLocationProvider: Unable to initialize GNSS Xtra interface
07-17 12:38:17.297  1628  1628 E GnssLocationProvider: Unable to Initialize AGnss interface
07-17 12:38:17.297  1628  1628 E GnssLocationProvider: Unable to initialize GNSS Geofencing interface
07-17 12:38:17.297  1628  1628 E GnssLocationProvider: Unable to initialize GNSS NI interface
07-17 12:38:17.300  1645  1645 E ipv6proxy: Failed to forward Router Advertisement from eth0 to radio0-peer: Cannot assign requested address
07-17 12:38:17.310  1394  1394 W /system/bin/hw/android.hidl.allocator@1.0-service: ashmem_create_region(32768) returning hidl_memory(0x7fc98ee2c2f0, 32768)
07-17 12:38:17.312  1628  1628 W LocationManagerService: no network location provider found
07-17 12:38:17.313  1628  1628 E LocationManagerService: no geocoder provider found
07-17 12:38:17.313  1628  1628 D LocationManagerService: FLP HAL not supported
07-17 12:38:17.314  1628  1628 D LocationManagerService: Unable to bind FLP Geofence proxy.
07-17 12:38:17.311  1394  1394 I chatty  : uid=1000(system) allocator@1.0-s identical 2 lines
07-17 12:38:17.312  1394  1394 W /system/bin/hw/android.hidl.allocator@1.0-service: ashmem_create_region(32768) returning hidl_memory(0x7fc98ee2c2f0, 32768)
07-17 12:38:17.314  1628  1628 E ActivityRecognitionHardware: activity_recognition HAL is deprecated. is_supported is effectively a no-op
07-17 12:38:17.314  1628  1628 D LocationManagerService: Hardware Activity-Recognition not supported.
07-17 12:38:17.314  1628  1628 E ActivityRecognitionProxy: ServiceWatcher could not start.
07-17 12:38:17.314  1628  1628 D LocationManagerService: Unable to bind ActivityRecognitionProxy.
07-17 12:38:17.314  1628  1628 I GnssLocationProvider: WakeLock acquired by sendMessage(ENABLE, 1, null)
07-17 12:38:17.317  1628  1628 D SystemServerTiming: MakeLocationServiceReady took to complete: 35ms
07-17 12:38:17.317  1628  1628 I SystemServer: MakeCountryDetectionServiceReady
07-17 12:38:17.317  1628  1628 D SystemServerTiming: MakeCountryDetectionServiceReady took to complete: 0ms
07-17 12:38:17.317  1628  1628 I SystemServer: MakeNetworkTimeUpdateReady
07-17 12:38:17.321  1348  1353 D Vold    : Running /system/bin/e2fsck on /dev/block/dm-1
07-17 12:38:17.321  1348  1353 V vold    : /system/bin/e2fsck
07-17 12:38:17.321  1348  1353 V vold    :     -y
07-17 12:38:17.321  1348  1353 V vold    :     /dev/block/dm-1
07-17 12:38:17.326  1770  1770 V SystemUIService: Starting SystemUI services for user 0.
07-17 12:38:17.335  1770  1770 V MediaRouter: Adding route: RouteInfo{ name=Phone, description=null, status=null, category=RouteCategory{ name=System types=ROUTE_TYPE_LIVE_AUDIO ROUTE_TYPE_LIVE_VIDEO  groupable=false }, supportedTypes=ROUTE_TYPE_LIVE_AUDIO ROUTE_TYPE_LIVE_VIDEO , presentationDisplay=null }
07-17 12:38:17.337  1770  1770 V MediaRouter: Selecting route: RouteInfo{ name=Phone, description=null, status=null, category=RouteCategory{ name=System types=ROUTE_TYPE_LIVE_AUDIO ROUTE_TYPE_LIVE_VIDEO  groupable=false }, supportedTypes=ROUTE_TYPE_LIVE_AUDIO ROUTE_TYPE_LIVE_VIDEO , presentationDisplay=null }
07-17 12:38:17.342  1628  1911 I OMXClient: Treble IOmx obtained
07-17 12:38:17.342  1502  1611 I OMXMaster: makeComponentInstance(OMX.google.vorbis.decoder) in omx@1.0-service process
07-17 12:38:17.343  1502  1611 E OMXNodeInstance: getConfig(0xeb11b120:google.vorbis.decoder, ConfigAndroidVendorExtension(0x6f100004)) ERROR: Undefined(0x80001001)
07-17 12:38:17.344  1628  1628 D SystemServerTiming: MakeNetworkTimeUpdateReady took to complete: 27ms
07-17 12:38:17.344  1628  1628 I SystemServer: MakeCommonTimeManagementServiceReady
07-17 12:38:17.344  1628  1628 I CommonTimeManagementService: No common time service detected on this platform.  Common time services will be unavailable.
07-17 12:38:17.344  1628  1628 D SystemServerTiming: MakeCommonTimeManagementServiceReady took to complete: 0ms
07-17 12:38:17.344  1628  1628 I SystemServer: MakeInputManagerServiceReady
07-17 12:38:17.344  1628  1628 D SystemServerTiming: MakeInputManagerServiceReady took to complete: 0ms
07-17 12:38:17.344  1628  1628 I SystemServer: MakeTelephonyRegistryReady
07-17 12:38:17.344  1628  1628 D SystemServerTiming: MakeTelephonyRegistryReady took to complete: 0ms
07-17 12:38:17.344  1628  1628 I SystemServer: MakeMediaRouterServiceReady
07-17 12:38:17.344  1628  1628 D SystemServerTiming: MakeMediaRouterServiceReady took to complete: 0ms
07-17 12:38:17.344  1628  1628 I SystemServer: MakeMmsServiceReady
07-17 12:38:17.344  1628  1628 I MmsServiceBroker: Delay connecting to MmsService until an API is called
07-17 12:38:17.344  1628  1628 D SystemServerTiming: MakeMmsServiceReady took to complete: 0ms
07-17 12:38:17.344  1628  1628 I SystemServer: MakeNetworkScoreServiceReady
07-17 12:38:17.344  1628  1628 D SystemServerTiming: MakeNetworkScoreServiceReady took to complete: 0ms
07-17 12:38:17.344  1628  1628 I SystemServer: IncidentDaemonReady
07-17 12:38:17.344  1628  1628 D SystemServerTiming: IncidentDaemonReady took to complete: 0ms
07-17 12:38:17.344  1628  1628 I SystemServiceManager: Calling onStartUser u0
07-17 12:38:17.345  1628  1628 W VoiceInteractionManagerService: no available voice interaction services found for user 0
07-17 12:38:17.345  1628  1628 W VoiceInteractionManagerService: no available voice recognition services found for user 0
07-17 12:38:17.260  1878  1878 I chatty  : uid=1036(auditd) identical 1 line
07-17 12:38:17.260  1878  1878 I auditd  : type=1400 audit(0.0:18): avc: denied { read } for comm="blkid" name="filesystems" dev="proc" ino=4026532044 scontext=u:r:blkid:s0 tcontext=u:object_r:proc:s0 tclass=file permissive=0
07-17 12:38:17.345  1628  1628 I am_uid_running: 1001
07-17 12:38:17.346  1628  1713 I InputReader: Reconfiguring input devices.  changes=0x00000030
07-17 12:38:17.347  1810  1810 I zygote  : System.exit called, status: 0
07-17 12:38:17.347  1810  1810 I AndroidRuntime: VM exiting with result code 0, cleanup skipped.
07-17 12:38:17.351  1918  1918 W zygote64: Unexpected CPU variant for X86 using defaults: x86_64
07-17 12:38:17.351  1348  1353 I e2fsck  : e2fsck 1.43.3 (04-Sep-2016)
07-17 12:38:17.352  1348  1353 I e2fsck  : /dev/block/dm-1 was not cleanly unmounted, check forced.
07-17 12:38:17.353  1628  1628 I am_proc_start: [0,1918,1001,com.android.phone,added application,com.android.phone]
07-17 12:38:17.353  1628  1628 I ActivityManager: Start proc 1918:com.android.phone/1001 for added application com.android.phone
07-17 12:38:17.354  1348  1353 I e2fsck  : Pass 1: Checking inodes, blocks, and sizes
07-17 12:38:17.356  1394  1394 W /system/bin/hw/android.hidl.allocator@1.0-service: ashmem_create_region(32768) returning hidl_memory(0x7fc98ee2c2f0, 32768)
07-17 12:38:17.356  1348  1353 I e2fsck  : Pass 2: Checking directory structure
07-17 12:38:17.356  1394  1394 W /system/bin/hw/android.hidl.allocator@1.0-service: ashmem_create_region(32768) returning hidl_memory(0x7fc98ee2c2f0, 32768)
07-17 12:38:17.359  1394  1394 I chatty  : uid=1000(system) allocator@1.0-s identical 5 lines
07-17 12:38:17.359  1394  1394 W /system/bin/hw/android.hidl.allocator@1.0-service: ashmem_create_region(32768) returning hidl_memory(0x7fc98ee2c2f0, 32768)
07-17 12:38:17.361  1348  1353 I e2fsck  : Pass 3: Checking directory connectivity
07-17 12:38:17.361  1348  1353 I e2fsck  : Pass 4: Checking reference counts
07-17 12:38:17.361  1628  1628 I ActivityManager: START u0 {act=android.intent.action.MAIN cat=[android.intent.category.HOME] flg=0x10000100 cmp=com.android.settings/.FallbackHome} from uid 0
07-17 12:38:17.362  1348  1353 I e2fsck  : Pass 5: Checking group summary information
07-17 12:38:17.364  1817  1817 I zygote64: System.exit called, status: 0
07-17 12:38:17.364  1817  1817 I AndroidRuntime: VM exiting with result code 0, cleanup skipped.
07-17 12:38:17.365  1394  1394 W /system/bin/hw/android.hidl.allocator@1.0-service: ashmem_create_region(32768) returning hidl_memory(0x7fc98ee2c2f0, 32768)
07-17 12:38:17.365  1394  1394 I chatty  : uid=1000(system) allocator@1.0-s identical 2 lines
07-17 12:38:17.366  1394  1394 W /system/bin/hw/android.hidl.allocator@1.0-service: ashmem_create_region(32768) returning hidl_memory(0x7fc98ee2c2f0, 32768)
07-17 12:38:17.374  1348  1353 I e2fsck  : /dev/block/dm-1: 20/130048 files (0.0% non-contiguous), 8947/519931 blocks
07-17 12:38:17.377  1348  1353 I e2fsck  : e2fsck terminated by exit(1)
07-17 12:38:17.377  1348  1353 D vold    : private:253,82 passed filesystem check
07-17 12:38:17.378  1628  1933 I OMXClient: Treble IOmx obtained
07-17 12:38:17.378  1502  1612 I OMXMaster: makeComponentInstance(OMX.google.vorbis.decoder) in omx@1.0-service process
07-17 12:38:17.380  1628  1628 I ActivityManager: Loaded persisted task ids for user 0
07-17 12:38:17.381  1628  1628 I wm_task_created: [1,0]
07-17 12:38:17.381  1628  1628 I wm_task_moved: [1,1,0]
07-17 12:38:17.381  1628  1628 I wm_task_moved: [1,1,0]
07-17 12:38:17.381  1628  1628 I am_create_task: [0,1]
07-17 12:38:17.381  1628  1628 I am_create_activity: [0,36867690,1,com.android.settings/.FallbackHome,android.intent.action.MAIN,NULL,NULL,276824320]
07-17 12:38:17.381  1628  1628 I wm_task_moved: [1,1,0]
07-17 12:38:17.388  1502  1612 E OMXNodeInstance: getConfig(0xeb4a0f00:google.vorbis.decoder, ConfigAndroidVendorExtension(0x6f100004)) ERROR: Undefined(0x80001001)
07-17 12:38:17.388  1628  1638 I zygote64: Background concurrent copying GC freed 30547(2MB) AllocSpace objects, 13(292KB) LOS objects, 42% free, 5MB/9MB, paused 126us total 224.671ms
07-17 12:38:17.389  1394  1394 W /system/bin/hw/android.hidl.allocator@1.0-service: ashmem_create_region(32768) returning hidl_memory(0x7fc98ee2c2f0, 32768)
07-17 12:38:17.392  1348  1353 V vold    : Starting restorecon of /mnt/expand/97e47489-425e-4583-8d5f-55c42dc48c28
07-17 12:38:17.394  1628  1628 I am_proc_start: [0,1937,1000,com.android.settings,activity,com.android.settings/.FallbackHome]
07-17 12:38:17.394  1628  1628 I ActivityManager: Start proc 1937:com.android.settings/1000 for activity com.android.settings/.FallbackHome
07-17 12:38:17.395  1348  1353 V vold    : Finished restorecon of /mnt/expand/97e47489-425e-4583-8d5f-55c42dc48c28
07-17 12:38:17.340  1910  1910 I auditd  : type=1400 audit(0.0:19): avc: denied { getattr } for comm="e2fsck" path="/dev/fuse" dev="tmpfs" ino=5527 scontext=u:r:fsck:s0 tcontext=u:object_r:fuse_device:s0 tclass=chr_file permissive=0
07-17 12:38:17.390  1394  1394 I chatty  : uid=1000(system) allocator@1.0-s identical 6 lines
07-17 12:38:17.390  1394  1394 W /system/bin/hw/android.hidl.allocator@1.0-service: ashmem_create_region(32768) returning hidl_memory(0x7fc98ee2c2f0, 32768)
07-17 12:38:17.340  1910  1910 W e2fsck  : type=1400 audit(0.0:19): avc: denied { getattr } for path="/dev/fuse" dev="tmpfs" ino=5527 scontext=u:r:fsck:s0 tcontext=u:object_r:fuse_device:s0 tclass=chr_file permissive=0
07-17 12:38:17.340  1910  1910 I chatty  : uid=1036(auditd) identical 3 lines
07-17 12:38:17.340  1910  1910 W e2fsck  : type=1400 audit(0.0:23): avc: denied { getattr } for path="/dev/fuse" dev="tmpfs" ino=5527 scontext=u:r:fsck:s0 tcontext=u:object_r:fuse_device:s0 tclass=chr_file permissive=0
07-17 12:38:17.398  1394  1394 W /system/bin/hw/android.hidl.allocator@1.0-service: ashmem_create_region(32768) returning hidl_memory(0x7fc98ee2c2f0, 32768)
07-17 12:38:17.399  1628  1628 D SystemServerTiming: ActivityManagerStartApps took to complete: 54ms
07-17 12:38:17.399  1628  1628 D SystemServerTiming: PhaseActivityManagerReady took to complete: 414ms
07-17 12:38:17.340  1910  1910 I chatty  : uid=1036(auditd) identical 4 lines
07-17 12:38:17.340  1910  1910 I auditd  : type=1400 audit(0.0:24): avc: denied { getattr } for comm="e2fsck" path="/dev/fuse" dev="tmpfs" ino=5527 scontext=u:r:fsck:s0 tcontext=u:object_r:fuse_device:s0 tclass=chr_file permissive=0
07-17 12:38:17.399  1628  1886 I am_proc_bound: [0,1918,com.android.phone]
07-17 12:38:17.399  1394  1394 I chatty  : uid=1000(system) allocator@1.0-s identical 2 lines
07-17 12:38:17.399  1394  1394 W /system/bin/hw/android.hidl.allocator@1.0-service: ashmem_create_region(32768) returning hidl_memory(0x7fc98ee2c2f0, 32768)
07-17 12:38:17.400  1628  1656 I GnssLocationProvider: WakeLock released by handleMessage(INITIALIZE_HANDLER, 0, null)
07-17 12:38:17.400  1501  1501 W GnssHAL_GnssInterface: setCallback called more than once. Unexpected unless test.
07-17 12:38:17.401  1628  1715 D VoldConnector: RCV <- {650 emulated:253,82 2 "" ""}
07-17 12:38:17.401  1628  1715 D VoldConnector: RCV <- {651 emulated:253,82 0}
07-17 12:38:17.401  1628  1715 D VoldConnector: RCV <- {651 private:253,82 2}
07-17 12:38:17.401  1628  1715 D VoldConnector: RCV <- {200 6 Command succeeded}
07-17 12:38:17.402  1628  1628 D SystemServerInitThreadPool: Shutdown successful
07-17 12:38:17.402  1628  1628 D SystemServerTiming: StartServices took to complete: 1184ms
07-17 12:38:17.402  1628  1628 I SystemServer: Enabled StrictMode for system server main thread.
07-17 12:38:17.402  1628  1628 I sysui_histogram: [boot_system_server_ready,5402]
07-17 12:38:17.402  1628  1628 I sysui_multi_action: [757,804,799,boot_system_server_ready,801,5402,802,1]
07-17 12:38:17.403  1628  1886 I am_uid_active: 1001
07-17 12:38:17.404  1628  1656 D GnssLocationProvider: gnssSetSystemInfoCb: yearOfHw=2015
07-17 12:38:17.404  1628  1656 D GnssLocationProvider: gnssSetCapabilitesCb: 0u
07-17 12:38:17.405  1628  1656 D GnssLocationProvider: gnssSetSystemInfoCb: yearOfHw=2015
07-17 12:38:17.405  1628  1656 E GnssLocationProvider: Unable to initialize GNSS Xtra interface
07-17 12:38:17.405  1628  1656 E GnssLocationProvider: Unable to Initialize AGnss interface
07-17 12:38:17.405  1628  1656 E GnssLocationProvider: Unable to initialize GNSS Geofencing interface
07-17 12:38:17.405  1628  1656 E GnssLocationProvider: Unable to initialize GNSS NI interface
07-17 12:38:17.405  1628  1656 E GnssLocationProvider: no AGPS interface in set_agps_server
07-17 12:38:17.405  1628  1656 E GnssLocationProvider: Failed to initialize GNSS batching
07-17 12:38:17.406  1628  1656 I GnssLocationProvider: WakeLock released by handleMessage(ENABLE, 1, null)
07-17 12:38:17.406  1770  1770 W SoundPool: Use of stream types is deprecated for operations other than volume control
07-17 12:38:17.406  1770  1770 W SoundPool: See the documentation of SoundPool() for what to use instead with android.media.AudioAttributes to qualify your playback use case
07-17 12:38:17.340  1910  1910 W e2fsck  : type=1400 audit(0.0:24): avc: denied { getattr } for path="/dev/fuse" dev="tmpfs" ino=5527 scontext=u:r:fsck:s0 tcontext=u:object_r:fuse_device:s0 tclass=chr_file permissive=0
07-17 12:38:17.340  1910  1910 I auditd  : type=1400 audit(0.0:25): avc: denied { getattr } for comm="e2fsck" path="/dev/fuse" dev="tmpfs" ino=5527 scontext=u:r:fsck:s0 tcontext=u:object_r:fuse_device:s0 tclass=chr_file permissive=0
07-17 12:38:17.410  1628  1628 D ConditionProviders.SCP: onConnected
07-17 12:38:17.411  1628  1628 D ZenLog  : set_zen_mode: off,readXml
07-17 12:38:17.414  1628  1628 D ConditionProviders: Subscribing to condition://android/schedule?days=6.7&start=23.30&end=10.0&exitAtAlarm=false with ComponentInfo{android/com.android.server.notification.ScheduleConditionProvider}
07-17 12:38:17.414  1628  1628 D ZenLog  : subscribe: condition://android/schedule?days=6.7&start=23.30&end=10.0&exitAtAlarm=false,ok
07-17 12:38:17.414  1628  1628 D ConditionProviders: Subscribing to condition://android/schedule?days=1.2.3.4.5&start=22.0&end=7.0&exitAtAlarm=false with ComponentInfo{android/com.android.server.notification.ScheduleConditionProvider}
07-17 12:38:17.414  1628  1628 D ZenLog  : subscribe: condition://android/schedule?days=1.2.3.4.5&start=22.0&end=7.0&exitAtAlarm=false,ok
07-17 12:38:17.414  1628  1628 D ConditionProviders: Subscribing to condition://android/event?userId=-10000&calendar=&reply=1 with ComponentInfo{android/com.android.server.notification.EventConditionProvider}
07-17 12:38:17.414  1628  1628 D ZenLog  : subscribe: condition://android/event?userId=-10000&calendar=&reply=1,ok
07-17 12:38:17.340  1910  1910 I chatty  : uid=1036(auditd) identical 1 line
07-17 12:38:17.340  1910  1910 W e2fsck  : type=1400 audit(0.0:26): avc: denied { getattr } for path="/dev/fuse" dev="tmpfs" ino=5527 scontext=u:r:fsck:s0 tcontext=u:object_r:fuse_device:s0 tclass=chr_file permissive=0
07-17 12:38:17.419  1628  1725 I WifiScanningService: wifi driver unloaded
07-17 12:38:17.419  1628  1628 D RttService: SCAN_AVAILABLE : 1
07-17 12:38:17.419  1628  1726 D RttService: DefaultState got{ when=0 what=160513 target=com.android.internal.util.StateMachine$SmHandler }
07-17 12:38:17.419  1628  1628 D ZenLog  : set_zen_mode: off,cleanUpZenRules
07-17 12:38:17.425  1628  1947 I OMXClient: Treble IOmx obtained
07-17 12:38:17.426  1502  1611 I OMXMaster: makeComponentInstance(OMX.google.vorbis.decoder) in omx@1.0-service process
07-17 12:38:17.428  1502  1611 E OMXNodeInstance: getConfig(0xeb4a0f00:google.vorbis.decoder, ConfigAndroidVendorExtension(0x6f100004)) ERROR: Undefined(0x80001001)
07-17 12:38:17.429  1937  1937 W zygote64: Unexpected CPU variant for X86 using defaults: x86_64
07-17 12:38:17.431  1394  1394 W /system/bin/hw/android.hidl.allocator@1.0-service: ashmem_create_region(32768) returning hidl_memory(0x7fc98ee2c2f0, 32768)
07-17 12:38:17.431  1394  1394 I chatty  : uid=1000(system) allocator@1.0-s identical 6 lines
07-17 12:38:17.432  1394  1394 W /system/bin/hw/android.hidl.allocator@1.0-service: ashmem_create_region(32768) returning hidl_memory(0x7fc98ee2c2f0, 32768)
07-17 12:38:17.435  1918  1918 D TelephonyProvider: dbh.onOpen: ok, queried table=siminfo
07-17 12:38:17.435  1918  1918 D TelephonyProvider: dbh.onOpen: ok, queried table=carriers
07-17 12:38:17.340  1910  1910 I auditd  : type=1400 audit(0.0:26): avc: denied { getattr } for comm="e2fsck" path="/dev/fuse" dev="tmpfs" ino=5527 scontext=u:r:fsck:s0 tcontext=u:object_r:fuse_device:s0 tclass=chr_file permissive=0
07-17 12:38:17.440  1628  1932 I am_proc_bound: [0,1937,com.android.settings]
07-17 12:38:17.444  1394  1394 W /system/bin/hw/android.hidl.allocator@1.0-service: ashmem_create_region(32768) returning hidl_memory(0x7fc98ee2c2f0, 32768)
07-17 12:38:17.380  1348  1348 I auditd  : type=1400 audit(0.0:27): avc: granted { getattr } for comm="vold" path="/mnt/expand/97e47489-425e-4583-8d5f-55c42dc48c28/app" dev="dm-1" ino=32513 scontext=u:r:vold:s0 tcontext=u:object_r:apk_data_file:s0 tclass=dir
07-17 12:38:17.380  1348  1348 W vold    : type=1400 audit(0.0:27): avc: granted { getattr } for path="/mnt/expand/97e47489-425e-4583-8d5f-55c42dc48c28/app" dev="dm-1" ino=32513 scontext=u:r:vold:s0 tcontext=u:object_r:apk_data_file:s0 tclass=dir
07-17 12:38:17.445  1394  1394 W /system/bin/hw/android.hidl.allocator@1.0-service: ashmem_create_region(32768) returning hidl_memory(0x7fc98ee2c2f0, 32768)
07-17 12:38:17.446  1394  1394 I chatty  : uid=1000(system) allocator@1.0-s identical 1 line
07-17 12:38:17.446  1394  1394 W /system/bin/hw/android.hidl.allocator@1.0-service: ashmem_create_region(32768) returning hidl_memory(0x7fc98ee2c2f0, 32768)
07-17 12:38:17.446  1770  1949 I OMXClient: Treble IOmx obtained
07-17 12:38:17.447  1502  1611 I OMXMaster: makeComponentInstance(OMX.google.vorbis.decoder) in omx@1.0-service process
07-17 12:38:17.447  1502  1612 E OMXNodeInstance: getConfig(0xeb11b000:google.vorbis.decoder, ConfigAndroidVendorExtension(0x6f100004)) ERROR: Undefined(0x80001001)
07-17 12:38:17.448  1410  1705 D PermissionCache: checking android.permission.READ_FRAME_BUFFER for uid=1000 => granted (1238 us)
07-17 12:38:17.448  1400  1400 D gralloc_ranchu: gralloc_alloc: Creating ashmem region of size 3936256
07-17 12:38:17.448  1394  1394 W /system/bin/hw/android.hidl.allocator@1.0-service: ashmem_create_region(32768) returning hidl_memory(0x7fc98ee2c2f0, 32768)
07-17 12:38:17.461  1410  1705 D         : HostConnection::get() New Host Connection established 0x7d39fe11a120, tid 1705
07-17 12:38:17.492  1628  1932 I am_restart_activity: [0,36867690,1,com.android.settings/.FallbackHome]
07-17 12:38:17.493  1628  1932 I am_set_resumed_activity: [0,com.android.settings/.FallbackHome,minimalResumeActivityLocked]
07-17 12:38:17.493  1628  1722 D WifiController: DEFERRED_TOGGLE handled
07-17 12:38:17.494  1628  1932 W ActivityManager: Slow operation: 54ms so far, now at attachApplicationLocked: after mServices.attachApplicationLocked
07-17 12:38:17.494  1404  1404 I android.hardware.wifi@1.0-service: Wifi HAL started
07-17 12:38:17.506  1404  1404 E android.hardware.wifi@1.0-service: Failed to set DFS flag; DFS channels may be unavailable.
07-17 12:38:17.512  1394  1394 W /system/bin/hw/android.hidl.allocator@1.0-service: ashmem_create_region(32768) returning hidl_memory(0x7fc98ee2c2f0, 32768)
07-17 12:38:17.513  1394  1394 I chatty  : uid=1000(system) allocator@1.0-s identical 5 lines
07-17 12:38:17.514  1394  1394 W /system/bin/hw/android.hidl.allocator@1.0-service: ashmem_create_region(32768) returning hidl_memory(0x7fc98ee2c2f0, 32768)
07-17 12:38:17.515  1918  1918 I ImsResolver: Initializing cache and binding.
07-17 12:38:17.516  1628  1723 I WifiVendorHal: Vendor Hal started successfully
07-17 12:38:17.516  1628  1723 D WificondControl: Setting up driver for client mode
07-17 12:38:17.517  1394  1394 W /system/bin/hw/android.hidl.allocator@1.0-service: ashmem_create_region(32768) returning hidl_memory(0x7fc98ee2c2f0, 32768)
07-17 12:38:17.517  1500  1500 I wificond: create scanner for interface with index: 3
07-17 12:38:17.517  1500  1500 I wificond: subscribe scan result for interface with index: 3
07-17 12:38:17.517  1394  1394 I chatty  : uid=1000(system) allocator@1.0-s identical 2 lines
07-17 12:38:17.517  1394  1394 W /system/bin/hw/android.hidl.allocator@1.0-service: ashmem_create_region(32768) returning hidl_memory(0x7fc98ee2c2f0, 32768)
07-17 12:38:17.518  1498  1594 D CommandListener: Clearing all IP addresses on wlan0
07-17 12:38:17.522  1628  1723 I zygote64: Looking for service android.hidl.manager@1.0::IServiceManager/default
07-17 12:38:17.522  1628  1723 I zygote64: Starting thread pool.
07-17 12:38:17.534  1918  1918 I zygote64: Looking for service android.hardware.radio@1.0::IRadio/slot1
07-17 12:38:17.541  1918  1918 I zygote64: Starting thread pool.
07-17 12:38:17.541  1628  1974 I OMXClient: Treble IOmx obtained
07-17 12:38:17.542  1502  1611 I OMXMaster: makeComponentInstance(OMX.google.vorbis.decoder) in omx@1.0-service process
07-17 12:38:17.543  1502  1611 E OMXNodeInstance: getConfig(0xeb11b000:google.vorbis.decoder, ConfigAndroidVendorExtension(0x6f100004)) ERROR: Undefined(0x80001001)
07-17 12:38:17.548  1937  1937 I am_on_resume_called: [0,com.android.settings.FallbackHome,LAUNCH_ACTIVITY]
07-17 12:38:17.550  1394  1394 W /system/bin/hw/android.hidl.allocator@1.0-service: ashmem_create_region(32768) returning hidl_memory(0x7fc98ee2c2f0, 32768)
07-17 12:38:17.553  1394  1394 I chatty  : uid=1000(system) allocator@1.0-s identical 2 lines
07-17 12:38:17.554  1394  1394 W /system/bin/hw/android.hidl.allocator@1.0-service: ashmem_create_region(32768) returning hidl_memory(0x7fc98ee2c2f0, 32768)
07-17 12:38:17.556  1918  1918 I zygote64: Looking for service android.hardware.radio.deprecated@1.0::IOemHook/slot1
07-17 12:38:17.556  1918  1918 I zygote64: Starting thread pool.
07-17 12:38:17.557  1394  1394 W /system/bin/hw/android.hidl.allocator@1.0-service: ashmem_create_region(32768) returning hidl_memory(0x7fc98ee2c2f0, 32768)
07-17 12:38:17.562  1394  1394 I chatty  : uid=1000(system) allocator@1.0-s identical 6 lines
07-17 12:38:17.562  1394  1394 W /system/bin/hw/android.hidl.allocator@1.0-service: ashmem_create_region(32768) returning hidl_memory(0x7fc98ee2c2f0, 32768)
07-17 12:38:17.563  1410  1437 E SurfaceFlinger: ro.sf.lcd_density must be defined as a build property
07-17 12:38:17.564  1937  1984 D OpenGLRenderer: HWUI GL Pipeline
07-17 12:38:17.566  1770  1982 I OMXClient: Treble IOmx obtained
07-17 12:38:17.569  1502  1612 I OMXMaster: makeComponentInstance(OMX.google.vorbis.decoder) in omx@1.0-service process
07-17 12:38:17.570  1628  1628 E BluetoothAdapter: Bluetooth binder is null
07-17 12:38:17.570  1502  1612 E OMXNodeInstance: getConfig(0xeb4a0fc0:google.vorbis.decoder, ConfigAndroidVendorExtension(0x6f100004)) ERROR: Undefined(0x80001001)
07-17 12:38:17.570  1394  1394 W /system/bin/hw/android.hidl.allocator@1.0-service: ashmem_create_region(32768) returning hidl_memory(0x7fc98ee2c2f0, 32768)
07-17 12:38:17.574  1628  1987 I Telecom : BluetoothRouteManager: getBluetoothAudioConnectedDevice: no headset service available.
07-17 12:38:17.582  1628  1628 I Telecom : SystemStateProvider: Registering car mode receiver: android.content.IntentFilter@226cca6: TS.init@AAA
07-17 12:38:17.583  1394  1394 I chatty  : uid=1000(system) allocator@1.0-s identical 10 lines
07-17 12:38:17.583  1394  1394 W /system/bin/hw/android.hidl.allocator@1.0-service: ashmem_create_region(32768) returning hidl_memory(0x7fc98ee2c2f0, 32768)
07-17 12:38:17.590  1628  1988 I OMXClient: Treble IOmx obtained
