07-17 12:38:17.591  1502  1611 I OMXMaster: makeComponentInstance(OMX.google.vorbis.decoder) in omx@1.0-service process
07-17 12:38:17.591  1502  1611 E OMXNodeInstance: getConfig(0xeb11b000:google.vorbis.decoder, ConfigAndroidVendorExtension(0x6f100004)) ERROR: Undefined(0x80001001)
07-17 12:38:17.592  1394  1394 W /system/bin/hw/android.hidl.allocator@1.0-service: ashmem_create_region(32768) returning hidl_memory(0x7fc98ee2c2f0, 32768)
07-17 12:38:17.602  1628  1990 I Telecom : Logging.Events: Non-call EVENT: AUDIO_ROUTE, Entering state QuiescentEarpieceRoute
07-17 12:38:17.602  1394  1394 I chatty  : uid=1000(system) allocator@1.0-s identical 10 lines
07-17 12:38:17.602  1394  1394 W /system/bin/hw/android.hidl.allocator@1.0-service: ashmem_create_region(32768) returning hidl_memory(0x7fc98ee2c2f0, 32768)
07-17 12:38:17.616  1770  1770 I vol.Events: writeEvent collection_started
07-17 12:38:17.617  1770  1994 I OMXClient: Treble IOmx obtained
07-17 12:38:17.618  1502  1612 I OMXMaster: makeComponentInstance(OMX.google.vorbis.decoder) in omx@1.0-service process
07-17 12:38:17.618  1502  1612 E OMXNodeInstance: getConfig(0xeb4a1620:google.vorbis.decoder, ConfigAndroidVendorExtension(0x6f100004)) ERROR: Undefined(0x80001001)
07-17 12:38:17.618  1394  1394 W /system/bin/hw/android.hidl.allocator@1.0-service: ashmem_create_region(32768) returning hidl_memory(0x7fc98ee2c2f0, 32768)
07-17 12:38:17.621  1628  1628 I Telecom : MissedCallNotifierImpl: Boot not yet complete -- call log db may not be available. Deferring loading until boot complete.: TS.init@AAA
07-17 12:38:17.619  1394  1394 I chatty  : uid=1000(system) allocator@1.0-s identical 2 lines
07-17 12:38:17.619  1394  1394 W /system/bin/hw/android.hidl.allocator@1.0-service: ashmem_create_region(32768) returning hidl_memory(0x7fc98ee2c2f0, 32768)
07-17 12:38:17.621  1628  1628 E BluetoothAdapter: Bluetooth binder is null
07-17 12:38:17.621  1394  1394 W /system/bin/hw/android.hidl.allocator@1.0-service: ashmem_create_region(32768) returning hidl_memory(0x7fc98ee2c2f0, 32768)
07-17 12:38:17.623  1628  1628 I Telecom : Class: TelecomSystem.INSTANCE being set
07-17 12:38:17.623  1394  1394 W /system/bin/hw/android.hidl.allocator@1.0-service: ashmem_create_region(32768) returning hidl_memory(0x7fc98ee2c2f0, 32768)
07-17 12:38:17.623  1628  1628 E BluetoothAdapter: Bluetooth binder is null
07-17 12:38:17.623  1628  1628 W ContextImpl: Calling a method in the system process without a qualified user: android.app.ContextImpl.startService:1460 com.android.server.content.SyncManager$13.run:659 android.os.Handler.handleCallback:789 android.os.Handler.dispatchMessage:98 android.os.Looper.loop:164 
07-17 12:38:17.624  1628  1628 I notification_enqueue: [1000,1628,android,32,NULL,-1,Notification(channel=USB pri=0 contentView=null vibrate=null sound=null tick defaults=0x0 flags=0x2 color=0xff607d8b vis=PUBLIC),0]
07-17 12:38:17.624  1628  1628 I notification_enqueue: [1000,1628,android,26,NULL,-1,Notification(channel=DEVELOPER pri=0 contentView=null vibrate=null sound=null tick defaults=0x0 flags=0x2 color=0xff607d8b vis=PUBLIC),0]
07-17 12:38:17.624  1491  1687 D installd: Found quota mount /dev/block/dm-0 at /data
07-17 12:38:17.624  1491  1687 D installd: Found quota mount /dev/block/dm-0 at /data/var/run/netns
07-17 12:38:17.624  1491  1687 D installd: Found storage mount /dev/fuse at /mnt/runtime/default/emulated
07-17 12:38:17.626  1394  1394 W /system/bin/hw/android.hidl.allocator@1.0-service: ashmem_create_region(32768) returning hidl_memory(0x7fc98ee2c2f0, 32768)
07-17 12:38:17.622  1770  1996 I sysui_action: [213,2]
07-17 12:38:17.627  1770  1996 I sysui_multi_action: [757,213,758,4,759,2]
07-17 12:38:17.626  1394  1394 W /system/bin/hw/android.hidl.allocator@1.0-service: ashmem_create_region(32768) returning hidl_memory(0x7fc98ee2c2f0, 32768)
07-17 12:38:17.627  1770  1996 I vol.Events: writeEvent external_ringer_mode_changed normal
07-17 12:38:17.627  1770  1996 I vol.Events: writeEvent internal_ringer_mode_changed normal
07-17 12:38:17.632  1394  1394 W /system/bin/hw/android.hidl.allocator@1.0-service: ashmem_create_region(32768) returning hidl_memory(0x7fc98ee2c2f0, 32768)
07-17 12:38:17.632  1394  1394 I chatty  : uid=1000(system) allocator@1.0-s identical 2 lines
07-17 12:38:17.632  1394  1394 W /system/bin/hw/android.hidl.allocator@1.0-service: ashmem_create_region(32768) returning hidl_memory(0x7fc98ee2c2f0, 32768)
07-17 12:38:17.632  1973  1973 I wpa_supplicant: Processing hidl events on FD 4
07-17 12:38:17.633  1628  1628 D GpsNetInitiatedHandler: location enabled :true
07-17 12:38:17.633  1628  1711 I zygote64: Looking for service android.hardware.wifi.supplicant@1.0::ISupplicant/default
07-17 12:38:17.633  1628  1628 V WiredAccessoryManager: notifyWiredAccessoryChanged: when=0 bits= mask=54
07-17 12:38:17.633  1628  1628 V WiredAccessoryManager: newName=h2w newState=0 headsetState=0 prev headsetState=0
07-17 12:38:17.633  1628  1628 E WiredAccessoryManager: No state change.
07-17 12:38:17.633  1628  1628 V WiredAccessoryManager: init()
07-17 12:38:17.631  1628  1993 I Telecom : CallAudioModeStateMachine: Message received: null.: TS.init->CAMSM.pM_1@AAA
07-17 12:38:17.633  1628  1711 I zygote64: Starting thread pool.
07-17 12:38:17.634  1973  1973 I wpa_supplicant: Successfully initialized wpa_supplicant
07-17 12:38:17.635  1973  1973 I wpa_supplicant: rfkill: Cannot open RFKILL control device
07-17 12:38:17.674  1918  1918 D PhoneSwitcherNetworkRequstListener: Registering NetworkFactory
07-17 12:38:17.674  1628  1727 D ConnectivityService: Got NetworkFactory Messenger for PhoneSwitcherNetworkRequstListener
07-17 12:38:17.677  1628  1727 D ConnectivityService: Got NetworkFactory Messenger for TelephonyNetworkFactory[0]
07-17 12:38:17.706  1838  1838 D AndroidRuntime: >>>>>> START com.android.internal.os.WebViewZygoteInit uid 1053 <<<<<<
07-17 12:38:17.708  1838  1838 I /system/bin/webview_zygote32: option[0]=-Xzygote
07-17 12:38:17.708  1838  1838 I /system/bin/webview_zygote32: option[1]=-Xstacktracefile:/data/anr/traces.txt
07-17 12:38:17.708  1838  1838 I /system/bin/webview_zygote32: option[2]=exit
07-17 12:38:17.708  1838  1838 I /system/bin/webview_zygote32: option[3]=vfprintf
07-17 12:38:17.708  1838  1838 I /system/bin/webview_zygote32: option[4]=sensitiveThread
07-17 12:38:17.708  1838  1838 I /system/bin/webview_zygote32: option[5]=-verbose:gc
07-17 12:38:17.708  1838  1838 I /system/bin/webview_zygote32: option[6]=-Xms4m
07-17 12:38:17.708  1838  1838 I /system/bin/webview_zygote32: option[7]=-Xmx512m
07-17 12:38:17.708  1838  1838 I /system/bin/webview_zygote32: option[8]=-Xusejit:true
07-17 12:38:17.708  1838  1838 I /system/bin/webview_zygote32: option[9]=-Xjitsaveprofilinginfo
07-17 12:38:17.708  1838  1838 I /system/bin/webview_zygote32: option[10]=-agentlib:jdwp=transport=dt_android_adb,suspend=n,server=y
07-17 12:38:17.708  1838  1838 I /system/bin/webview_zygote32: option[11]=-Xlockprofthreshold:500
07-17 12:38:17.708  1838  1838 I /system/bin/webview_zygote32: option[12]=-Ximage-compiler-option
07-17 12:38:17.708  1838  1838 I /system/bin/webview_zygote32: option[13]=--runtime-arg
07-17 12:38:17.708  1838  1838 I /system/bin/webview_zygote32: option[14]=-Ximage-compiler-option
07-17 12:38:17.708  1838  1838 I /system/bin/webview_zygote32: option[15]=-Xms64m
07-17 12:38:17.708  1838  1838 I /system/bin/webview_zygote32: option[16]=-Ximage-compiler-option
07-17 12:38:17.708  1838  1838 I /system/bin/webview_zygote32: option[17]=--runtime-arg
07-17 12:38:17.708  1838  1838 I /system/bin/webview_zygote32: option[18]=-Ximage-compiler-option
07-17 12:38:17.708  1838  1838 I /system/bin/webview_zygote32: option[19]=-Xmx64m
07-17 12:38:17.708  1838  1838 I /system/bin/webview_zygote32: option[20]=-Ximage-compiler-option
07-17 12:38:17.708  1838  1838 I /system/bin/webview_zygote32: option[21]=--image-classes=/system/etc/preloaded-classes
07-17 12:38:17.708  1838  1838 I /system/bin/webview_zygote32: option[22]=-Ximage-compiler-option
07-17 12:38:17.708  1838  1838 I /system/bin/webview_zygote32: option[23]=--compiled-classes=/system/etc/compiled-classes
07-17 12:38:17.708  1838  1838 I /system/bin/webview_zygote32: option[24]=-Xcompiler-option
07-17 12:38:17.708  1838  1838 I /system/bin/webview_zygote32: option[25]=--runtime-arg
07-17 12:38:17.708  1838  1838 I /system/bin/webview_zygote32: option[26]=-Xcompiler-option
07-17 12:38:17.708  1838  1838 I /system/bin/webview_zygote32: option[27]=-Xms64m
07-17 12:38:17.708  1838  1838 I /system/bin/webview_zygote32: option[28]=-Xcompiler-option
07-17 12:38:17.708  1838  1838 I /system/bin/webview_zygote32: option[29]=--runtime-arg
07-17 12:38:17.708  1838  1838 I /system/bin/webview_zygote32: option[30]=-Xcompiler-option
07-17 12:38:17.708  1838  1838 I /system/bin/webview_zygote32: option[31]=-Xmx512m
07-17 12:38:17.708  1838  1838 I /system/bin/webview_zygote32: option[32]=-Ximage-compiler-option
07-17 12:38:17.708  1838  1838 I /system/bin/webview_zygote32: option[33]=--instruction-set-variant=x86_64
07-17 12:38:17.708  1838  1838 I /system/bin/webview_zygote32: option[34]=-Xcompiler-option
07-17 12:38:17.708  1838  1838 I /system/bin/webview_zygote32: option[35]=--instruction-set-variant=x86_64
07-17 12:38:17.708  1838  1838 I /system/bin/webview_zygote32: option[36]=-Ximage-compiler-option
07-17 12:38:17.708  1838  1838 I /system/bin/webview_zygote32: option[37]=--instruction-set-features=default
07-17 12:38:17.708  1838  1838 I /system/bin/webview_zygote32: option[38]=-Xcompiler-option
07-17 12:38:17.708  1838  1838 I /system/bin/webview_zygote32: option[39]=--instruction-set-features=default
07-17 12:38:17.708  1838  1838 I /system/bin/webview_zygote32: option[40]=-Duser.locale=en-US
07-17 12:38:17.708  1838  1838 I /system/bin/webview_zygote32: option[41]=--cpu-abilist=x86
07-17 12:38:17.708  1838  1838 I /system/bin/webview_zygote32: option[42]=-Xfingerprint:Android/sdk_phone_x86_64/generic_x86_64:8.0.0/OSR1.180418.004/4931640:userdebug/test-keys
07-17 12:38:17.715  1770  1996 I vol.Events: writeEvent level_changed STREAM_VOICE_CALL 4
07-17 12:38:17.716  1770  1996 I vol.Events: writeEvent level_changed STREAM_SYSTEM 5
07-17 12:38:17.716  1770  1996 I vol.Events: writeEvent level_changed STREAM_RING 5
07-17 12:38:17.716  1770  1996 I vol.Events: writeEvent level_changed STREAM_MUSIC 11
07-17 12:38:17.717  1770  1996 I vol.Events: writeEvent level_changed STREAM_ALARM 6
07-17 12:38:17.717  1770  1996 I vol.Events: writeEvent level_changed STREAM_BLUETOOTH_SCO 7
07-17 12:38:17.730  1973  1973 E wpa_supplicant: global ctrl interface @android:wpa_wlan0 matches ctrl interface wlan0 - do not open per-interface ctrl interface
07-17 12:38:17.730  1973  1973 I wpa_supplicant: rfkill: Cannot get wiphy information
07-17 12:38:17.731  1973  1973 E wpa_supplicant: global ctrl interface @android:wpa_wlan0 matches ctrl interface wlan0 - do not open per-interface ctrl interface
07-17 12:38:17.734  1628  1711 I SupplicantStaIfaceHal: Completed initialization of ISupplicant interfaces.
07-17 12:38:17.742  1628  1714 I StorageManagerService: Running fstrim idle maintenance
07-17 12:38:17.743  1628  1714 D VoldConnector: SND -> {7 fstrim dotrimbench}
07-17 12:38:17.743  1628  1715 D VoldConnector: RCV <- {200 7 Command succeeded}
07-17 12:38:17.744  1348  2018 D vold    : Starting trim of /cache
07-17 12:38:17.744  1348  2018 W vold    : Trim failed on /cache: Operation not supported on transport endpoint
07-17 12:38:17.744  1628  1715 D VoldConnector: RCV <- {662 /cache -1 -1}
07-17 12:38:17.752  1348  2018 E cutils  : Failed to mkdir(/cache/misc): Permission denied
07-17 12:38:17.753  1348  2018 D vold    : Starting trim of /data
07-17 12:38:17.753  1348  2018 W vold    : Trim failed on /data: Operation not supported on transport endpoint
07-17 12:38:17.753  1628  1715 D VoldConnector: RCV <- {662 /data -1 -1}
07-17 12:38:17.730  1348  1348 I auditd  : type=1400 audit(0.0:28): avc: denied { write } for comm="vold" name="/" dev="vdb" ino=2 scontext=u:r:vold:s0 tcontext=u:object_r:cache_file:s0 tclass=dir permissive=0
07-17 12:38:17.730  1348  1348 W vold    : type=1400 audit(0.0:28): avc: denied { write } for name="/" dev="vdb" ino=2 scontext=u:r:vold:s0 tcontext=u:object_r:cache_file:s0 tclass=dir permissive=0
07-17 12:38:17.803  1348  2018 I vold    : Benchmarking /data/misc/vold/bench
07-17 12:38:17.808  1401  1972 D         : HostConnection::get() New Host Connection established 0x73dd55c2f780, tid 1972
07-17 12:38:17.811  1628  1664 W zygote64: Long monitor contention with owner Binder:1628_1 (1640) at int com.android.server.wm.WindowManagerService.relayoutWindow(com.android.server.wm.Session, android.view.IWindow, int, android.view.WindowManager$LayoutParams, int, int, int, int, android.graphics.Rect, android.graphics.Rect, android.graphics.Rect, android.graphics.Rect, android.graphics.Rect, android.graphics.Rect, android.graphics.Rect, android.util.MergedConfiguration, android.view.Surface)(WindowManagerService.java:1902) waiters=0 in void com.android.server.wm.WindowManagerService$H.handleMessage(android.os.Message) for 236ms
07-17 12:38:17.811  1628  1664 I dvm_lock_sample: [system_server,1,android.display,236,WindowManagerService.java,5191,-,1902,47]
07-17 12:38:17.811  1628  1628 W zygote64: Long monitor contention with owner Binder:1628_1 (1640) at int com.android.server.wm.WindowManagerService.relayoutWindow(com.android.server.wm.Session, android.view.IWindow, int, android.view.WindowManager$LayoutParams, int, int, int, int, android.graphics.Rect, android.graphics.Rect, android.graphics.Rect, android.graphics.Rect, android.graphics.Rect, android.graphics.Rect, android.graphics.Rect, android.util.MergedConfiguration, android.view.Surface)(WindowManagerService.java:1902) waiters=2 in void com.android.server.wm.WindowManagerService.setScreenCaptureDisabled(int, boolean) for 178ms
07-17 12:38:17.811  1628  1628 I dvm_lock_sample: [system_server,1,main,178,WindowManagerService.java,1678,-,1902,35]
07-17 12:38:17.812  1937  1984 D         : HostConnection::get() New Host Connection established 0x789ce4f16f40, tid 1984
07-17 12:38:17.813  1400  1400 D gralloc_ranchu: gralloc_alloc: Creating ashmem region of size 3936256
07-17 12:38:17.814  1628  1628 V UserDataPreparer: Found /mnt/expand/97e47489-425e-4583-8d5f-55c42dc48c28/user_de/0 with serial number 0
07-17 12:38:17.815  1628  1628 V UserDataPreparer: Found /mnt/expand/97e47489-425e-4583-8d5f-55c42dc48c28/user/0 with serial number 0
07-17 12:38:17.815  1628  1628 V UserDataPreparer: Found /data/system_de/0 with serial number 0
07-17 12:38:17.815  1628  1628 V UserDataPreparer: Found /data/system_ce/0 with serial number 0
07-17 12:38:17.815  1628  1628 V UserDataPreparer: Found /data/misc_ce/0 with serial number 0
07-17 12:38:17.817  1628  1669 D CryptdConnector: SND -> {3 cryptfs prepare_user_storage 97e47489-425e-4583-8d5f-55c42dc48c28 0 0 1}
07-17 12:38:17.817  1491  1687 D installd: Found quota mount /dev/block/dm-0 at /data
07-17 12:38:17.817  1491  1687 D installd: Found quota mount /dev/block/dm-0 at /data/var/run/netns
07-17 12:38:17.817  1491  1687 D installd: Found storage mount /dev/fuse at /mnt/runtime/default/emulated
07-17 12:38:17.818  1348  1354 D vold    : e4crypt_prepare_user_storage for volume 97e47489-425e-4583-8d5f-55c42dc48c28, user 0, serial 0, flags 1
07-17 12:38:17.818  1348  1354 D vold    : Preparing: /data/system/users/0
07-17 12:38:17.818  1348  1354 D vold    : Preparing: /data/misc/profiles/cur/0
07-17 12:38:17.818  1348  1354 D vold    : Preparing: /data/system_de/0
07-17 12:38:17.818  1348  1354 D vold    : Preparing: /data/misc_de/0
07-17 12:38:17.818  1348  1354 D vold    : Preparing: /mnt/expand/97e47489-425e-4583-8d5f-55c42dc48c28/user_de/0
07-17 12:38:17.818  1628  1716 D CryptdConnector: RCV <- {200 3 Command succeeded}
07-17 12:38:17.820  1628  1669 V PackageManager: reconcileAppsData for 97e47489-425e-4583-8d5f-55c42dc48c28 u0 0x1 migrateAppData=true
07-17 12:38:17.820  1628  1669 V PackageManager: reconcileAppsData finished 0 packages
07-17 12:38:17.825  1628  1723 D WifiConfigManager: Legacy store files not found. No migration needed!
07-17 12:38:17.831  1410  2038 E SurfaceFlinger: ro.sf.lcd_density must be defined as a build property
07-17 12:38:17.831  1770  2023 D OpenGLRenderer: HWUI GL Pipeline
07-17 12:38:17.844  1628  1628 I dvm_lock_sample: [system_server,1,main,16,PackageManagerService.java,6926,-,23088,3]
07-17 12:38:17.844  1628  1723 D WifiStateMachine: Setting OUI to DA-A1-19
07-17 12:38:17.846  1918  2024 E ActivityThread: Failed to find provider info for com.android.contacts
07-17 12:38:17.846  1918  2024 W CallerInfoCache: cursor is null
07-17 12:38:17.846  1918  1918 D CarrierConfigLoader: CarrierConfigLoader has started
07-17 12:38:17.847  1628  1723 I WifiVendorHal: Driver: 1.0 Firmware: 1.0
07-17 12:38:17.847  1918  1918 E BluetoothAdapter: Bluetooth binder is null
07-17 12:38:17.851  1628  1628 D AccessibilityManagerService: Ignoring non-encryption-aware service ComponentInfo{com.example.android.apis/com.example.android.apis.accessibility.ClockBackService}
07-17 12:38:17.851  1628  1628 D AccessibilityManagerService: Ignoring non-encryption-aware service ComponentInfo{com.example.android.apis/com.example.android.apis.accessibility.MagnificationService}
07-17 12:38:17.851  1628  1628 D AccessibilityManagerService: Ignoring non-encryption-aware service ComponentInfo{com.example.android.apis/com.example.android.apis.accessibility.TaskBackService}
07-17 12:38:17.853  1395  1564 W DeviceHAL: Device 0xef942380 set_mic_mute: Function not implemented
07-17 12:38:17.857  1628  1723 I WifiStateMachine: disconnectedstate enter
07-17 12:38:17.860  1628  1628 D ConditionProviders.SCP: onSubscribe condition://android/schedule?days=6.7&start=23.30&end=10.0&exitAtAlarm=false
07-17 12:38:17.860  1628  1628 D ConditionProviders.SCP: setRegistered true
07-17 12:38:17.860  1628  1628 D ConditionProviders.SCP: notifyCondition condition://android/schedule?days=6.7&start=23.30&end=10.0&exitAtAlarm=false STATE_FALSE reason=!meetsSchedule
07-17 12:38:17.861  1628  1628 D ConditionProviders.SCP: Scheduling evaluate for Mon Jul 17 23:30:00 UTC 2023 (1689636600000), in +10h51m42s140ms, now=Mon Jul 17 12:38:17 UTC 2023 (1689597497860)
07-17 12:38:17.861  1628  1628 D ConditionProviders.SCP: onSubscribe condition://android/schedule?days=1.2.3.4.5&start=22.0&end=7.0&exitAtAlarm=false
07-17 12:38:17.861  1628  1628 D ConditionProviders.SCP: notifyCondition condition://android/schedule?days=6.7&start=23.30&end=10.0&exitAtAlarm=false STATE_FALSE reason=!meetsSchedule
07-17 12:38:17.861  1628  1628 D ConditionProviders.SCP: notifyCondition condition://android/schedule?days=1.2.3.4.5&start=22.0&end=7.0&exitAtAlarm=false STATE_FALSE reason=!meetsSchedule
07-17 12:38:17.861  1628  1628 D ConditionProviders.SCP: Scheduling evaluate for Mon Jul 17 22:00:00 UTC 2023 (1689631200000), in +9h21m42s139ms, now=Mon Jul 17 12:38:17 UTC 2023 (1689597497861)
07-17 12:38:17.862  1628  1733 E ActivityThread: Failed to find provider info for com.android.calendar
07-17 12:38:17.863  1918  1918 W TelecomManager: Telecom Service not found.
07-17 12:38:17.862  1628  1733 E ActivityThread: Failed to find provider info for com.android.calendar
07-17 12:38:17.864  1918  1918 I TelecomFramework: TtyManager: updateUiTtyMode -1 -> 0
07-17 12:38:17.865  1918  1918 D ImsResolver: maybeAddedImsService, packageName: null
07-17 12:38:17.867  1628  1628 I Telecom : WiredHeadsetManager: ACTION_HEADSET_PLUG event, plugged in: false, : WHC.oADA@AAE
07-17 12:38:17.871  1628  1656 I SyncManager: Got SyncJobService instance.
07-17 12:38:17.873  1628  1821 D AlarmManagerService: Kernel timezone updated to 0 minutes west of GMT
07-17 12:38:17.874  1628  1821 D AlarmManagerService: Setting time of day to sec=1689597496
07-17 12:38:16.325  1628  1821 W AlarmManagerService: Unable to set rtc to 1689597496: No such device
07-17 12:38:16.325  1770  1770 D NetworkController.WifiSignalController: Registered score cache
07-17 12:38:16.327  1628  1821 I force_gc: Binder
07-17 12:38:16.345  1628  1628 D AutofillManagerService: Autofill restriction did not change for user 0: null
07-17 12:38:16.346  1628  1628 D RttService: SCAN_AVAILABLE : 3
07-17 12:38:16.346  1628  1726 D RttService: DefaultState got{ when=0 what=160512 target=com.android.internal.util.StateMachine$SmHandler }
07-17 12:38:16.347  1628  1725 E WifiVendorHal: getBgScanCapabilities(l.450) failed {.code = ERROR_NOT_SUPPORTED, .description = }
07-17 12:38:16.347  1500  1500 I wificond: New interface event callback registered
07-17 12:38:16.347  1628  1726 D RttService: EnabledState got{ when=0 what=160516 obj=android.net.wifi.IClientInterface$Stub$Proxy@1cf9d01 target=com.android.internal.util.StateMachine$SmHandler }
07-17 12:38:16.347  1628  1725 I WifiScanningService: wifi driver loaded with scan capabilities: max buckets=16
07-17 12:38:16.348  1628  1628 D ConditionProviders.SCP: onReceive android.intent.action.TIME_SET
07-17 12:38:16.348  1628  1628 D ConditionProviders.SCP: notifyCondition condition://android/schedule?days=6.7&start=23.30&end=10.0&exitAtAlarm=false STATE_FALSE reason=!meetsSchedule
07-17 12:38:16.348  1628  1628 D ConditionProviders.SCP: notifyCondition condition://android/schedule?days=1.2.3.4.5&start=22.0&end=7.0&exitAtAlarm=false STATE_FALSE reason=!meetsSchedule
07-17 12:38:16.348  1628  1628 D ConditionProviders.SCP: Scheduling evaluate for Mon Jul 17 22:00:00 UTC 2023 (1689631200000), in +9h21m43s652ms, now=Mon Jul 17 12:38:16 UTC 2023 (1689597496348)
07-17 12:38:16.349  1628  1628 I FusedLocation: engine started (com.android.location.fused)
07-17 12:38:16.349  1628  1733 E ActivityThread: Failed to find provider info for com.android.calendar
07-17 12:38:16.349  1628  1733 E ActivityThread: Failed to find provider info for com.android.calendar
07-17 12:38:16.353  1628  1628 I PreloadsFileCacheExpirationJobService: Set persist.sys.preloads.file_cache_expired=1
07-17 12:38:16.374  1770  1770 D StatusBar: disable<e i a s b h r c s q >
07-17 12:38:16.375  1628  1932 I StatusBarManagerService: registerStatusBar bar=com.android.internal.statusbar.IStatusBar$Stub$Proxy@3462983
07-17 12:38:16.386  1918  1918 D PhoneSwitcherNetworkRequstListener: got request NetworkRequest [ TRACK_DEFAULT id=3, [ Capabilities: INTERNET&NOT_RESTRICTED&TRUSTED&NOT_VPN] ] with score 0
07-17 12:38:16.386  1918  1918 D PhoneSwitcherNetworkRequstListener: got request NetworkRequest [ REQUEST id=1, [ Capabilities: INTERNET&NOT_RESTRICTED&TRUSTED&NOT_VPN] ] with score 0
07-17 12:38:16.386  1918  1918 D PhoneSwitcherNetworkRequstListener: got request NetworkRequest [ BACKGROUND_REQUEST id=2, [ Transports: CELLULAR Capabilities: INTERNET&NOT_RESTRICTED&TRUSTED&NOT_VPN] ] with score 0
07-17 12:38:16.386  1918  1918 D TelephonyDebugService: TelephonyDebugService()
07-17 12:38:16.398  1918  1918 D CarrierConfigLoader: mHandler: 12 phoneId: 0
07-17 12:38:16.400  1918  1918 I VvmSimStateTracker: android.intent.action.SIM_STATE_CHANGED
07-17 12:38:16.429  1918  1918 I gsm_service_state_change: [1,1,0,0]
07-17 12:38:16.431  1628  1628 I GnssLocationProvider: WakeLock acquired by sendMessage(SUBSCRIPTION_OR_SIM_CHANGED, 0, null)
07-17 12:38:16.432  1628  1656 I GnssLocationProvider: WakeLock released by handleMessage(SUBSCRIPTION_OR_SIM_CHANGED, 0, null)
07-17 12:38:16.433  1628  1731 D NotificationSQLiteLog: Pruned event entries: 28
07-17 12:38:16.434  1918  1918 D MccTable: updateMccMncConfiguration mccmnc='310260' fromServiceState=true
07-17 12:38:16.434  1918  1918 D MccTable: updateMccMncConfiguration defaultMccMnc=
07-17 12:38:16.434  1918  1918 D MccTable: updateMccMncConfiguration: mcc=310, mnc=260
07-17 12:38:16.434  1918  1918 D MccTable: WIFI_COUNTRY_CODE set to us
07-17 12:38:16.441  1628  1932 I WifiService: WifiService trying to set country code to us with persist set to false
07-17 12:38:16.442  1628  1932 D WifiCountryCode: Succeeded to set country code to: US
07-17 12:38:16.445  1628  1932 D AlarmManagerService: Kernel timezone updated to 0 minutes west of GMT
07-17 12:38:16.448  1918  1918 D ServiceStateProvider: subId=-2
07-17 12:38:16.465  1918  1918 E PhoneInterfaceManager: [PhoneIntfMgr] getIccId: No UICC
07-17 12:38:16.470  1628  1932 I Telecom : PhoneAccountRegistrar: New phone account registered: [[ ] PhoneAccount: ComponentInfo{com.android.phone/com.android.services.telephony.TelephonyConnectionService}, [e0184adedf913b076626646d3f52c3b49c39ad6d], UserHandle{0} Capabilities: CallProvider MultiUser PlaceEmerg SimSub  Audio Routes: BESW Schemes: tel voicemail  Extras: null GroupId: [da39a3ee5e6b4b0d3255bfef95601890afd80709]]: TSI.rPA@AAQ
07-17 12:38:16.472  1628  1932 I Telecom : CallsManager: Sending phone-account ComponentInfo{com.android.phone/com.android.services.telephony.TelephonyConnectionService}, [e0184adedf913b076626646d3f52c3b49c39ad6d], UserHandle{0} registered intent as user: TSI.rPA@AAQ
07-17 12:38:16.473  1628  1932 I Telecom : CallsManager: Sending phone-account registered intent to default dialer: TSI.rPA@AAQ
07-17 12:38:16.473  1918  1918 I TelecomFramework: AccountEntry: Registered phoneAccount: [[ ] PhoneAccount: ComponentInfo{com.android.phone/com.android.services.telephony.TelephonyConnectionService}, [e0184adedf913b076626646d3f52c3b49c39ad6d], UserHandle{0} Capabilities: CallProvider MultiUser PlaceEmerg SimSub  Audio Routes: BESW Schemes: tel voicemail  Extras: null GroupId: [da39a3ee5e6b4b0d3255bfef95601890afd80709]] with handle: ComponentInfo{com.android.phone/com.android.services.telephony.TelephonyConnectionService}, [e0184adedf913b076626646d3f52c3b49c39ad6d], UserHandle{0}
07-17 12:38:16.473  1918  1918 I TelecomFramework: PstnIncomingCallNotifier: Registering: Handler (com.android.internal.telephony.GsmCdmaPhone) {719e145}
07-17 12:38:16.474  1770  2043 I SecurityController: could not bind to KeyChainService
07-17 12:38:16.475  1918  1918 I TelecomFramework: TelecomAccountRegistry: Unregistering phone account ComponentInfo{com.android.phone/com.android.services.telephony.TelephonyConnectionService}, [e2f7d48dd2b5ca523e7313cf4ba0f6ea830b6281], UserHandle{0}.
07-17 12:38:16.475  1628  1932 I Telecom : CallsManager: Sending phone-account ComponentInfo{com.android.phone/com.android.services.telephony.TelephonyConnectionService}, [e2f7d48dd2b5ca523e7313cf4ba0f6ea830b6281], UserHandle{0} unregistered intent as user: TSI.uPA@AAY
07-17 12:38:16.477  1628  1932 I Telecom : CallsManager: Sending phone-account unregistered intent to default dialer: TSI.uPA@AAY
07-17 12:38:16.501  1408  1408 I boot-pipe: done populating /dev/random
07-17 12:38:16.529  1937  1984 I OpenGLRenderer: Initialized EGL, version 1.4
07-17 12:38:16.529  1937  1984 D OpenGLRenderer: Swap behavior 1
07-17 12:38:16.530  1410  1437 D         : HostConnection::get() New Host Connection established 0x7d39fda1a600, tid 1437
07-17 12:38:16.531  1400  1400 E hw-IPCThreadState: binder thread pool (1 threads) starved for 268 ms
07-17 12:38:16.536  1937  1984 D EGL_emulation: eglCreateContext: 0x789ce4ea7060: maj 3 min 0 rcv 3
07-17 12:38:16.537  1400  1400 D gralloc_ranchu: gralloc_alloc: Creating ashmem region of size 3936256
07-17 12:38:16.538  1937  1984 D EGL_emulation: eglMakeCurrent: 0x789ce4ea7060: ver 3 0 (tinfo 0x789cd876a540)
07-17 12:38:16.538  1400  1400 D gralloc_ranchu: gralloc_alloc: Creating ashmem region of size 3936256
07-17 12:38:16.556  1628  1963 I am_uid_running: 10037
07-17 12:38:16.567  1628  1963 I am_proc_start: [0,2061,10037,com.android.deskclock,broadcast,com.android.deskclock/.AlarmInitReceiver]
07-17 12:38:16.567  1628  1963 I ActivityManager: Start proc 2061:com.android.deskclock/u0a37 for broadcast com.android.deskclock/.AlarmInitReceiver
07-17 12:38:16.641  2061  2061 W zygote64: Unexpected CPU variant for X86 using defaults: x86_64
07-17 12:38:16.652  1628  1638 I zygote64: Background concurrent copying GC freed 44064(3MB) AllocSpace objects, 16(364KB) LOS objects, 42% free, 6MB/10MB, paused 97us total 128.319ms
07-17 12:38:16.659  1918  1918 I TelecomFramework: PstnPhoneCapabilitiesNotifier: handleVideoCapabilitesChanged. Video capability - false
07-17 12:38:16.660  1918  1918 E PhoneInterfaceManager: [PhoneIntfMgr] getIccId: No UICC
07-17 12:38:16.669  1937  1984 D EGL_emulation: eglMakeCurrent: 0x789ce4ea7060: ver 3 0 (tinfo 0x789cd876a540)
07-17 12:38:16.674  1628  1932 I Telecom : PhoneAccountRegistrar: Modify account: [ComponentInfo{com.android.phone/com.android.services.telephony.TelephonyConnectionService}, [e0184adedf913b076626646d3f52c3b49c39ad6d], UserHandle{0}]: TSI.rPA@AAg
07-17 12:38:16.690  1770  1770 I CameraManagerGlobal: Connecting to camera service
07-17 12:38:16.690  1489  1601 I CameraService: CameraService::connect call (PID -1 "cameraserver", camera ID 0) for HAL version default and Camera API version 1
07-17 12:38:16.695  1918  1918 D MccTable: updateMccMncConfiguration mccmnc='310260' fromServiceState=false
07-17 12:38:16.695  1918  1918 D MccTable: updateMccMncConfiguration defaultMccMnc=
07-17 12:38:16.695  1918  1918 D MccTable: updateMccMncConfiguration: mcc=310, mnc=260
07-17 12:38:16.695  1918  1918 D MccTable: updateMccMncConfiguration updateConfig config={0.0 310mcc260mnc ?localeList ?layoutDir ?swdp ?wdp ?hdp ?density ?lsize ?long ?ldr ?wideColorGamut ?orien ?uimode ?night ?touch ?keyb/?/? ?nav/?}
07-17 12:38:16.695  1628  1932 I configuration_changed: 3
07-17 12:38:16.695  1628  1932 I ActivityManager: Config changes=3 {1.0 310mcc260mnc [en_US] ldltr sw384dp w384dp h568dp 320dpi nrml port finger -keyb/v/h -nav/h appBounds=Rect(0, 0 - 768, 1184) s.6}
07-17 12:38:16.696  1628  1932 I ActivityManager: Override config changes=3 {1.0 310mcc260mnc [en_US] ldltr sw384dp w384dp h568dp 320dpi nrml port finger -keyb/v/h -nav/h appBounds=Rect(0, 0 - 768, 1184) s.6} for displayId=0
07-17 12:38:16.708  1396  1600 V EmulatedCamera_Camera: getCameraInfo
07-17 12:38:16.708  1396  1600 V EmulatedCamera_BaseCamera: getCameraInfo
07-17 12:38:16.709  1496  1901 D NuPlayerDriver: NuPlayerDriver(0xefa079c0) created, clientPid(1489)
07-17 12:38:16.719  1628  1628 I GnssLocationProvider: WakeLock acquired by sendMessage(SUBSCRIPTION_OR_SIM_CHANGED, 0, null)
07-17 12:38:16.721  1918  1918 I TelecomFramework: PstnIncomingCallNotifier: Unregistering: Handler (com.android.internal.telephony.GsmCdmaPhone) {719e145}
07-17 12:38:16.721  1918  1918 E PhoneInterfaceManager: [PhoneIntfMgr] getIccId: No UICC
07-17 12:38:16.723  1628  1932 I Telecom : PhoneAccountRegistrar: Modify account: [ComponentInfo{com.android.phone/com.android.services.telephony.TelephonyConnectionService}, [e0184adedf913b076626646d3f52c3b49c39ad6d], UserHandle{0}(addr: tel:************ -> tel:)(subAddr: tel:************ -> tel:)]: TSI.rPA@AAk
07-17 12:38:16.724  1918  1918 I TelecomFramework: AccountEntry: Registered phoneAccount: [[ ] PhoneAccount: ComponentInfo{com.android.phone/com.android.services.telephony.TelephonyConnectionService}, [e0184adedf913b076626646d3f52c3b49c39ad6d], UserHandle{0} Capabilities: CallProvider MultiUser PlaceEmerg SimSub  Audio Routes: BESW Schemes: tel voicemail  Extras: null GroupId: [da39a3ee5e6b4b0d3255bfef95601890afd80709]] with handle: ComponentInfo{com.android.phone/com.android.services.telephony.TelephonyConnectionService}, [e0184adedf913b076626646d3f52c3b49c39ad6d], UserHandle{0}
07-17 12:38:16.724  1918  1918 I TelecomFramework: PstnIncomingCallNotifier: Registering: Handler (com.android.internal.telephony.GsmCdmaPhone) {719e145}
07-17 12:38:16.733  1496  2070 D NuPlayerDriver: notifyListener_l(0xefa079c0), (1, 0, 0, -1), loop setting(0, 0)
07-17 12:38:16.733  1918  1918 D MccTable: updateMccMncConfiguration mccmnc='310260' fromServiceState=false
07-17 12:38:16.734  1918  1918 D MccTable: updateMccMncConfiguration defaultMccMnc=310260
07-17 12:38:16.734  1918  1918 D MccTable: updateMccMncConfiguration: mcc=310, mnc=260
07-17 12:38:16.734  1918  1918 D MccTable: updateMccMncConfiguration updateConfig config={0.0 310mcc260mnc ?localeList ?layoutDir ?swdp ?wdp ?hdp ?density ?lsize ?long ?ldr ?wideColorGamut ?orien ?uimode ?night ?touch ?keyb/?/? ?nav/?}
07-17 12:38:16.738  1496  1901 D NuPlayerDriver: NuPlayerDriver(0xefa07a80) created, clientPid(1489)
07-17 12:38:16.743  1496  2073 D NuPlayerDriver: notifyListener_l(0xefa07a80), (1, 0, 0, -1), loop setting(0, 0)
07-17 12:38:16.743  1496  1901 D NuPlayerDriver: NuPlayerDriver(0xefa07b40) created, clientPid(1489)
07-17 12:38:16.746  1496  2077 D NuPlayerDriver: notifyListener_l(0xefa07b40), (1, 0, 0, -1), loop setting(0, 0)
07-17 12:38:16.747  1489  1601 I CameraHardwareInterface: Opening camera 0
07-17 12:38:16.747  1396  1600 I CamDev@1.0-impl: Opening camera 0
07-17 12:38:16.747  1396  1600 V EmulatedCamera_Camera: getCameraInfo
07-17 12:38:16.747  1396  1600 V EmulatedCamera_BaseCamera: getCameraInfo
07-17 12:38:16.747  1396  1600 V EmulatedCamera_Camera: connectCamera
07-17 12:38:16.747  1396  1600 V EmulatedCamera_FakeDevice: connectDevice
07-17 12:38:16.747  1396  1600 V EmulatedCamera_CallbackNotifier: setCallbacks: 0xe71ecc70, 0xe71ecce0, 0xe71ed2c0, 0xe71ec800 (0xe64830e0)
07-17 12:38:16.747  1489  1572 I CameraHardwareInterface: Destroying camera 0
07-17 12:38:16.748  1396  1600 V EmulatedCamera_CallbackNotifier: enableMessage: msg_type = 0xc0d
07-17 12:38:16.748  1396  1600 V EmulatedCamera_CallbackNotifier:     CAMERA_MSG_ERROR
07-17 12:38:16.748  1396  1600 V EmulatedCamera_CallbackNotifier:     CAMERA_MSG_FOCUS
07-17 12:38:16.748  1396  1600 V EmulatedCamera_CallbackNotifier:     CAMERA_MSG_ZOOM
07-17 12:38:16.748  1396  1600 V EmulatedCamera_CallbackNotifier:     CAMERA_MSG_PREVIEW_METADATA
07-17 12:38:16.748  1396  1600 V EmulatedCamera_CallbackNotifier: **** Currently enabled messages:
07-17 12:38:16.748  1396  1600 V EmulatedCamera_CallbackNotifier:     CAMERA_MSG_ERROR
07-17 12:38:16.748  1396  1600 V EmulatedCamera_CallbackNotifier:     CAMERA_MSG_FOCUS
07-17 12:38:16.748  1396  1600 V EmulatedCamera_CallbackNotifier:     CAMERA_MSG_ZOOM
07-17 12:38:16.748  1396  1600 V EmulatedCamera_CallbackNotifier:     CAMERA_MSG_PREVIEW_METADATA
07-17 12:38:16.748  1396  1600 V EmulatedCamera_CallbackNotifier: disableMessage: msg_type = 0xffff
07-17 12:38:16.748  1396  1600 V EmulatedCamera_CallbackNotifier:     CAMERA_MSG_ERROR
07-17 12:38:16.748  1396  1600 V EmulatedCamera_CallbackNotifier:     CAMERA_MSG_SHUTTER
07-17 12:38:16.748  1396  1600 V EmulatedCamera_CallbackNotifier:     CAMERA_MSG_FOCUS
07-17 12:38:16.748  1396  1600 V EmulatedCamera_CallbackNotifier:     CAMERA_MSG_ZOOM
07-17 12:38:16.748  1396  1600 V EmulatedCamera_CallbackNotifier:     CAMERA_MSG_PREVIEW_FRAME
07-17 12:38:16.748  1396  1600 V EmulatedCamera_CallbackNotifier:     CAMERA_MSG_VIDEO_FRAME
07-17 12:38:16.748  1396  1600 V EmulatedCamera_CallbackNotifier:     CAMERA_MSG_POSTVIEW_FRAME
07-17 12:38:16.748  1396  1600 V EmulatedCamera_CallbackNotifier:     CAMERA_MSG_RAW_IMAGE
07-17 12:38:16.748  1396  1600 V EmulatedCamera_CallbackNotifier:     CAMERA_MSG_COMPRESSED_IMAGE
07-17 12:38:16.748  1396  1600 V EmulatedCamera_CallbackNotifier:     CAMERA_MSG_RAW_IMAGE_NOTIFY
07-17 12:38:16.748  1396  1600 V EmulatedCamera_CallbackNotifier:     CAMERA_MSG_PREVIEW_METADATA
07-17 12:38:16.748  1396  1600 V EmulatedCamera_CallbackNotifier: **** Currently enabled messages:
07-17 12:38:16.748  1396  1600 V EmulatedCamera_Preview: setPreviewWindow: current: 0x0 -> new: 0x0
07-17 12:38:16.748  1396  1600 V EmulatedCamera_Camera: doStopPreview
07-17 12:38:16.748  1396  1600 V EmulatedCamera_Camera: cancelPicture
07-17 12:38:16.748  1396  1600 I CamDev@1.0-impl: Closing camera 0
07-17 12:38:16.748  1396  1600 V EmulatedCamera_Camera: closeCamera
07-17 12:38:16.748  1396  1600 V EmulatedCamera_Camera: doStopPreview
07-17 12:38:16.748  1396  1600 V EmulatedCamera_FakeDevice: disconnectDevice
07-17 12:38:16.748  1396  1600 W EmulatedCamera_Device: Initialize: Emulated camera device is already initialized: mState = 1
07-17 12:38:16.748  1396  1600 D EmulatedCamera_FakeCamera: Initialize: Fake camera is facing back
07-17 12:38:16.748  1396  1600 V EmulatedCamera_Device: initializeWhiteBalanceModes with auto, 1.000000, 1.000000
07-17 12:38:16.748  1396  1600 V EmulatedCamera_Device: initializeWhiteBalanceModes with incandescent, 1.380000, 0.600000
07-17 12:38:16.748  1396  1600 V EmulatedCamera_Device: initializeWhiteBalanceModes with daylight, 1.090000, 0.920000
07-17 12:38:16.748  1396  1600 V EmulatedCamera_Device: initializeWhiteBalanceModes with twilight, 0.920000, 1.220000
07-17 12:38:16.748  1396  1600 V EmulatedCamera_Device: setWhiteBalanceMode with white balance auto
07-17 12:38:16.748  1489  1601 I CameraService: disconnect: Disconnected client for camera 0 for PID 1489
07-17 12:38:16.748  1496  1901 D NuPlayerDriver: reset(0xefa079c0) at state 4
07-17 12:38:16.749  1496  1901 D NuPlayerDriver: notifyListener_l(0xefa079c0), (8, 0, 0, -1), loop setting(0, 0)
07-17 12:38:16.749  1496  2070 D NuPlayerDriver: notifyResetComplete(0xefa079c0)
07-17 12:38:16.749  1496  1580 D NuPlayerDriver: reset(0xefa07a80) at state 4
07-17 12:38:16.749  1496  1580 D NuPlayerDriver: notifyListener_l(0xefa07a80), (8, 0, 0, -1), loop setting(0, 0)
07-17 12:38:16.749  1496  2073 D NuPlayerDriver: notifyResetComplete(0xefa07a80)
07-17 12:38:16.749  1496  1901 D NuPlayerDriver: reset(0xefa07b40) at state 4
07-17 12:38:16.749  1496  1901 D NuPlayerDriver: notifyListener_l(0xefa07b40), (8, 0, 0, -1), loop setting(0, 0)
07-17 12:38:16.750  1496  2077 D NuPlayerDriver: notifyResetComplete(0xefa07b40)
07-17 12:38:16.750  1396  1600 V EmulatedCamera_Camera: getCameraInfo
07-17 12:38:16.750  1396  1600 V EmulatedCamera_BaseCamera: getCameraInfo
07-17 12:38:16.753  1489  1601 I CameraService: CameraService::connect call (PID -1 "cameraserver", camera ID 1) for HAL version default and Camera API version 1
07-17 12:38:16.754  1396  1600 V EmulatedCamera_Camera: getCameraInfo
07-17 12:38:16.754  1396  1600 V EmulatedCamera_BaseCamera: getCameraInfo
07-17 12:38:16.754  1496  1901 D NuPlayerDriver: NuPlayerDriver(0xefa07f00) created, clientPid(1489)
07-17 12:38:16.758  1628  1932 I am_proc_bound: [0,2061,com.android.deskclock]
07-17 12:38:16.765  1496  2080 D NuPlayerDriver: notifyListener_l(0xefa07f00), (1, 0, 0, -1), loop setting(0, 0)
07-17 12:38:16.765  1496  1901 D NuPlayerDriver: NuPlayerDriver(0xefa07ba0) created, clientPid(1489)
07-17 12:38:16.768  1496  2089 D NuPlayerDriver: notifyListener_l(0xefa07ba0), (1, 0, 0, -1), loop setting(0, 0)
07-17 12:38:16.769  1496  1901 D NuPlayerDriver: NuPlayerDriver(0xefa07a20) created, clientPid(1489)
07-17 12:38:16.771  1496  2092 D NuPlayerDriver: notifyListener_l(0xefa07a20), (1, 0, 0, -1), loop setting(0, 0)
07-17 12:38:16.771  1489  1601 I CameraHardwareInterface: Opening camera 1
07-17 12:38:16.771  1396  1600 I CamDev@1.0-impl: Opening camera 1
07-17 12:38:16.771  1396  1600 V EmulatedCamera_Camera: getCameraInfo
07-17 12:38:16.771  1396  1600 V EmulatedCamera_BaseCamera: getCameraInfo
07-17 12:38:16.771  1396  1600 V EmulatedCamera_Camera: connectCamera
07-17 12:38:16.771  1396  1600 V EmulatedCamera_FakeDevice: connectDevice
07-17 12:38:16.771  1396  1600 V EmulatedCamera_CallbackNotifier: setCallbacks: 0xe71ecc70, 0xe71ecce0, 0xe71ed2c0, 0xe71ec800 (0xe64831c0)
07-17 12:38:16.771  1489  1569 I CameraHardwareInterface: Destroying camera 1
07-17 12:38:16.772  1396  1600 V EmulatedCamera_CallbackNotifier: enableMessage: msg_type = 0xc0d
07-17 12:38:16.772  1396  1600 V EmulatedCamera_CallbackNotifier:     CAMERA_MSG_ERROR
07-17 12:38:16.772  1396  1600 V EmulatedCamera_CallbackNotifier:     CAMERA_MSG_FOCUS
07-17 12:38:16.772  1396  1600 V EmulatedCamera_CallbackNotifier:     CAMERA_MSG_ZOOM
07-17 12:38:16.772  1396  1600 V EmulatedCamera_CallbackNotifier:     CAMERA_MSG_PREVIEW_METADATA
07-17 12:38:16.772  1396  1600 V EmulatedCamera_CallbackNotifier: **** Currently enabled messages:
07-17 12:38:16.772  1396  1600 V EmulatedCamera_CallbackNotifier:     CAMERA_MSG_ERROR
07-17 12:38:16.772  1396  1600 V EmulatedCamera_CallbackNotifier:     CAMERA_MSG_FOCUS
07-17 12:38:16.772  1396  1600 V EmulatedCamera_CallbackNotifier:     CAMERA_MSG_ZOOM
07-17 12:38:16.772  1396  1600 V EmulatedCamera_CallbackNotifier:     CAMERA_MSG_PREVIEW_METADATA
07-17 12:38:16.772  1396  1600 V EmulatedCamera_CallbackNotifier: disableMessage: msg_type = 0xffff
07-17 12:38:16.772  1396  1600 V EmulatedCamera_CallbackNotifier:     CAMERA_MSG_ERROR
07-17 12:38:16.772  1396  1600 V EmulatedCamera_CallbackNotifier:     CAMERA_MSG_SHUTTER
07-17 12:38:16.772  1396  1600 V EmulatedCamera_CallbackNotifier:     CAMERA_MSG_FOCUS
07-17 12:38:16.772  1396  1600 V EmulatedCamera_CallbackNotifier:     CAMERA_MSG_ZOOM
07-17 12:38:16.772  1396  1600 V EmulatedCamera_CallbackNotifier:     CAMERA_MSG_PREVIEW_FRAME
07-17 12:38:16.772  1396  1600 V EmulatedCamera_CallbackNotifier:     CAMERA_MSG_VIDEO_FRAME
07-17 12:38:16.772  1396  1600 V EmulatedCamera_CallbackNotifier:     CAMERA_MSG_POSTVIEW_FRAME
07-17 12:38:16.772  1396  1600 V EmulatedCamera_CallbackNotifier:     CAMERA_MSG_RAW_IMAGE
07-17 12:38:16.772  1396  1600 V EmulatedCamera_CallbackNotifier:     CAMERA_MSG_COMPRESSED_IMAGE
07-17 12:38:16.772  1396  1600 V EmulatedCamera_CallbackNotifier:     CAMERA_MSG_RAW_IMAGE_NOTIFY
07-17 12:38:16.772  1396  1600 V EmulatedCamera_CallbackNotifier:     CAMERA_MSG_PREVIEW_METADATA
07-17 12:38:16.772  1396  1600 V EmulatedCamera_CallbackNotifier: **** Currently enabled messages:
07-17 12:38:16.772  1396  1600 V EmulatedCamera_Preview: setPreviewWindow: current: 0x0 -> new: 0x0
07-17 12:38:16.772  1396  1600 V EmulatedCamera_Camera: doStopPreview
07-17 12:38:16.772  1396  1600 V EmulatedCamera_Camera: cancelPicture
07-17 12:38:16.772  1396  1600 I CamDev@1.0-impl: Closing camera 1
07-17 12:38:16.772  1396  1600 V EmulatedCamera_Camera: closeCamera
07-17 12:38:16.772  1396  1600 V EmulatedCamera_Camera: doStopPreview
07-17 12:38:16.772  1396  1600 V EmulatedCamera_FakeDevice: disconnectDevice
07-17 12:38:16.772  1396  1600 W EmulatedCamera_Device: Initialize: Emulated camera device is already initialized: mState = 1
07-17 12:38:16.772  1396  1600 D EmulatedCamera_FakeCamera: Initialize: Fake camera is facing front
07-17 12:38:16.772  1396  1600 V EmulatedCamera_Device: initializeWhiteBalanceModes with auto, 1.000000, 1.000000
07-17 12:38:16.772  1396  1600 V EmulatedCamera_Device: initializeWhiteBalanceModes with incandescent, 1.380000, 0.600000
07-17 12:38:16.772  1396  1600 V EmulatedCamera_Device: initializeWhiteBalanceModes with daylight, 1.090000, 0.920000
07-17 12:38:16.772  1396  1600 V EmulatedCamera_Device: initializeWhiteBalanceModes with twilight, 0.920000, 1.220000
07-17 12:38:16.772  1396  1600 V EmulatedCamera_Device: setWhiteBalanceMode with white balance auto
07-17 12:38:16.772  1489  1601 I CameraService: disconnect: Disconnected client for camera 1 for PID 1489
07-17 12:38:16.772  1496  2079 D NuPlayerDriver: reset(0xefa07f00) at state 4
07-17 12:38:16.773  1496  2079 D NuPlayerDriver: notifyListener_l(0xefa07f00), (8, 0, 0, -1), loop setting(0, 0)
07-17 12:38:16.774  1496  2080 D NuPlayerDriver: notifyResetComplete(0xefa07f00)
07-17 12:38:16.774  1496  2079 D NuPlayerDriver: reset(0xefa07ba0) at state 4
07-17 12:38:16.774  1496  2079 D NuPlayerDriver: notifyListener_l(0xefa07ba0), (8, 0, 0, -1), loop setting(0, 0)
07-17 12:38:16.775  1496  2089 D NuPlayerDriver: notifyResetComplete(0xefa07ba0)
07-17 12:38:16.775  1496  1901 D NuPlayerDriver: reset(0xefa07a20) at state 4
07-17 12:38:16.775  1496  1901 D NuPlayerDriver: notifyListener_l(0xefa07a20), (8, 0, 0, -1), loop setting(0, 0)
07-17 12:38:16.775  1496  2092 D NuPlayerDriver: notifyResetComplete(0xefa07a20)
07-17 12:38:16.776  1396  1600 V EmulatedCamera_Camera: getCameraInfo
07-17 12:38:16.776  1396  1600 V EmulatedCamera_BaseCamera: getCameraInfo
07-17 12:38:16.831  1628  1657 I boot_progress_enable_screen: 6380
07-17 12:38:16.831  1628  1657 I screen_toggled: 1
07-17 12:38:16.831  1628  1657 W KeyguardServiceDelegate: onScreenTurningOn(): no keyguard service!
07-17 12:38:16.997  1348  2018 V vold    : Before drop_caches
07-17 12:38:17.011  1628  1691 W LocalDisplayAdapter: Unable to find color mode 0, ignoring request.
07-17 12:38:17.012  1628  1664 I am_activity_launch_time: [0,36867690,com.android.settings/.FallbackHome,1178,1178]
07-17 12:38:17.012  1628  1664 I ActivityManager: Displayed com.android.settings/.FallbackHome: +1s178ms
07-17 12:38:17.012  1628  1713 I InputReader: Reconfiguring input devices.  changes=0x00000004
07-17 12:38:17.028  1628  1656 E GnssLocationProvider: no AGPS interface in set_agps_server
07-17 12:38:17.033  2061  2061 I AlarmClock: AlarmInitReceiver android.intent.action.TIME_SET
07-17 12:38:17.036  1628  1656 E GnssLocationProvider: no AGPS interface in set_agps_server
07-17 12:38:17.045  1348  2018 V vold    : After drop_caches
07-17 12:38:17.046  2061  2098 I AlarmClock: Fixing alarm instances
07-17 12:38:17.053  1770  1770 I StatusBar: isKeyguardShowing() called before startKeyguard(), returning true
07-17 12:38:17.053  1770  1770 W StatusBar: isKeyguardSecure() called before startKeyguard(), returning false
07-17 12:38:17.053  1770  1770 W StatusBar: java.lang.Throwable
07-17 12:38:17.053  1770  1770 W StatusBar: 	at com.android.systemui.statusbar.phone.StatusBar.isKeyguardSecure(StatusBar.java:7003)
07-17 12:38:17.053  1770  1770 W StatusBar: 	at com.android.systemui.statusbar.phone.StatusBar.isCameraAllowedByAdmin(StatusBar.java:5045)
07-17 12:38:17.053  1770  1770 W StatusBar: 	at com.android.systemui.statusbar.phone.KeyguardBottomAreaView$DefaultRightButton.getIcon(KeyguardBottomAreaView.java:850)
07-17 12:38:17.053  1770  1770 W StatusBar: 	at com.android.systemui.statusbar.phone.KeyguardBottomAreaView.updateCameraVisibility(KeyguardBottomAreaView.java:371)
07-17 12:38:17.053  1770  1770 W StatusBar: 	at com.android.systemui.statusbar.phone.KeyguardBottomAreaView.setStatusBar(KeyguardBottomAreaView.java:340)
07-17 12:38:17.053  1770  1770 W StatusBar: 	at com.android.systemui.statusbar.phone.StatusBar.makeStatusBarView(StatusBar.java:1123)
07-17 12:38:17.053  1770  1770 W StatusBar: 	at com.android.systemui.statusbar.phone.StatusBar.addStatusBarWindow(StatusBar.java:3473)
07-17 12:38:17.053  1770  1770 W StatusBar: 	at com.android.systemui.statusbar.phone.StatusBar.createAndAddWindows(StatusBar.java:3469)
07-17 12:38:17.053  1770  1770 W StatusBar: 	at com.android.systemui.statusbar.phone.StatusBar.start(StatusBar.java:839)
07-17 12:38:17.053  1770  1770 W StatusBar: 	at com.android.systemui.SystemBars.createStatusBarFromConfig(SystemBars.java:71)
07-17 12:38:17.053  1770  1770 W StatusBar: 	at com.android.systemui.SystemBars.start(SystemBars.java:42)
07-17 12:38:17.053  1770  1770 W StatusBar: 	at com.android.systemui.SystemUIApplication.startServicesIfNeeded(SystemUIApplication.java:208)
07-17 12:38:17.053  1770  1770 W StatusBar: 	at com.android.systemui.SystemUIApplication.startServicesIfNeeded(SystemUIApplication.java:163)
07-17 12:38:17.053  1770  1770 W StatusBar: 	at com.android.systemui.SystemUIService.onCreate(SystemUIService.java:33)
07-17 12:38:17.053  1770  1770 W StatusBar: 	at android.app.ActivityThread.handleCreateService(ActivityThread.java:3404)
07-17 12:38:17.053  1770  1770 W StatusBar: 	at android.app.ActivityThread.-wrap4(Unknown Source:0)
07-17 12:38:17.053  1770  1770 W StatusBar: 	at android.app.ActivityThread$H.handleMessage(ActivityThread.java:1683)
07-17 12:38:17.053  1770  1770 W StatusBar: 	at android.os.Handler.dispatchMessage(Handler.java:105)
07-17 12:38:17.053  1770  1770 W StatusBar: 	at android.os.Looper.loop(Looper.java:164)
07-17 12:38:17.053  1770  1770 W StatusBar: 	at android.app.ActivityThread.main(ActivityThread.java:6541)
07-17 12:38:17.053  1770  1770 W StatusBar: 	at java.lang.reflect.Method.invoke(Native Method)
07-17 12:38:17.053  1770  1770 W StatusBar: 	at com.android.internal.os.Zygote$MethodAndArgsCaller.run(Zygote.java:240)
07-17 12:38:17.053  1770  1770 W StatusBar: 	at com.android.internal.os.ZygoteInit.main(ZygoteInit.java:767)
07-17 12:38:17.055  1770  1770 I StatusBar: isKeyguardShowing() called before startKeyguard(), returning true
07-17 12:38:17.055  1770  1770 W StatusBar: isKeyguardSecure() called before startKeyguard(), returning false
07-17 12:38:17.055  1770  1770 W StatusBar: java.lang.Throwable
07-17 12:38:17.055  1770  1770 W StatusBar: 	at com.android.systemui.statusbar.phone.StatusBar.isKeyguardSecure(StatusBar.java:7003)
07-17 12:38:17.055  1770  1770 W StatusBar: 	at com.android.systemui.statusbar.phone.StatusBar.isCameraAllowedByAdmin(StatusBar.java:5045)
07-17 12:38:17.055  1770  1770 W StatusBar: 	at com.android.systemui.statusbar.phone.KeyguardBottomAreaView$DefaultRightButton.getIcon(KeyguardBottomAreaView.java:850)
07-17 12:38:17.055  1770  1770 W StatusBar: 	at com.android.systemui.statusbar.phone.KeyguardBottomAreaView.updateCameraVisibility(KeyguardBottomAreaView.java:371)
07-17 12:38:17.055  1770  1770 W StatusBar: 	at com.android.systemui.statusbar.phone.KeyguardBottomAreaView.setUserSetupComplete(KeyguardBottomAreaView.java:349)
07-17 12:38:17.055  1770  1770 W StatusBar: 	at com.android.systemui.statusbar.phone.StatusBar.makeStatusBarView(StatusBar.java:1124)
07-17 12:38:17.055  1770  1770 W StatusBar: 	at com.android.systemui.statusbar.phone.StatusBar.addStatusBarWindow(StatusBar.java:3473)
07-17 12:38:17.055  1770  1770 W StatusBar: 	at com.android.systemui.statusbar.phone.StatusBar.createAndAddWindows(StatusBar.java:3469)
07-17 12:38:17.055  1770  1770 W StatusBar: 	at com.android.systemui.statusbar.phone.StatusBar.start(StatusBar.java:839)
