07-17 12:38:16.711  1628  1628 W LocalDisplayAdapter: Unable to find color mode 0, ignoring request.
07-17 12:38:16.720  1628  1628 I configuration_changed: 1280
07-17 12:38:16.720  1628  1628 I ActivityManager: Config changes=500 {1.0 ?mcc?mnc [en_US] ldltr sw384dp w384dp h568dp 320dpi nrml port ?uimode ?night -touch -keyb/v/h -nav/h appBounds=Rect(0, 0 - 768, 1184) s.3}
07-17 12:38:16.721  1628  1628 I ActivityManager: Override config changes=500 {1.0 ?mcc?mnc [en_US] ldltr sw384dp w384dp h568dp 320dpi nrml port ?uimode ?night -touch -keyb/v/h -nav/h appBounds=Rect(0, 0 - 768, 1184) s.3} for displayId=0
07-17 12:38:16.722  1628  1628 W LocalDisplayAdapter: Unable to find color mode 0, ignoring request.
07-17 12:38:16.722  1628  1628 D SystemServerTiming: MakeDisplayReady took to complete: 20ms
07-17 12:38:16.722  1628  1628 I SystemServer: StartStorageManagerService
07-17 12:38:16.722  1628  1628 I SystemServiceManager: Starting com.android.server.StorageManagerService$Lifecycle
07-17 12:38:16.732  1628  1628 D SystemServerTiming: StartStorageManagerService took to complete: 10ms
07-17 12:38:16.732  1628  1628 I SystemServer: StartStorageStatsService
07-17 12:38:16.732  1628  1628 I SystemServiceManager: Starting com.android.server.usage.StorageStatsService$Lifecycle
07-17 12:38:16.734  1491  1687 D installd: Found quota mount /dev/block/dm-0 at /data
07-17 12:38:16.734  1491  1687 D installd: Found quota mount /dev/block/dm-0 at /data/var/run/netns
07-17 12:38:16.734  1628  1714 D StorageManagerService: Thinking about init, mSystemReady=false, mDaemonConnected=true
07-17 12:38:16.734  1628  1714 D StorageManagerService: Thinking about reset, mSystemReady=false, mDaemonConnected=true
07-17 12:38:16.734  1491  1687 D installd: Found quota mount /dev/block/dm-0 at /data
07-17 12:38:16.734  1491  1687 D installd: Found quota mount /dev/block/dm-0 at /data/var/run/netns
07-17 12:38:16.736  1628  1628 D SystemServerTiming: StartStorageStatsService took to complete: 4ms
07-17 12:38:16.736  1628  1628 I SystemServer: StartUiModeManager
07-17 12:38:16.736  1628  1628 I SystemServiceManager: Starting com.android.server.UiModeManagerService
07-17 12:38:16.737  1628  1693 D SystemServerInitThreadPool: Started executing UiModeManager.onStart
07-17 12:38:16.737  1628  1693 I configuration_changed: 512
07-17 12:38:16.737  1628  1693 I ActivityManager: Config changes=200 {1.0 ?mcc?mnc [en_US] ldltr sw384dp w384dp h568dp 320dpi nrml port -touch -keyb/v/h -nav/h appBounds=Rect(0, 0 - 768, 1184) s.4}
07-17 12:38:16.739  1628  1656 I UsageStatsService: User[0] Rollover scheduled @ 2022-05-20 14:52:33(1653058353127)
07-17 12:38:16.739  1628  1656 I UsageStatsService: User[0] Rolling over usage stats
07-17 12:38:16.739  1628  1656 I UsageStatsService: User[0] Flushing usage stats to disk
07-17 12:38:16.740  1628  1693 I ActivityManager: Override config changes=200 {1.0 ?mcc?mnc [en_US] ldltr sw384dp w384dp h568dp 320dpi nrml port -touch -keyb/v/h -nav/h appBounds=Rect(0, 0 - 768, 1184) s.4} for displayId=0
07-17 12:38:16.740  1628  1628 D SystemServerTiming: StartUiModeManager took to complete: 4ms
07-17 12:38:16.740  1628  1628 I SystemServer: UpdatePackagesIfNeeded
07-17 12:38:16.740  1628  1628 D SystemServerTiming: UpdatePackagesIfNeeded took to complete: 0ms
07-17 12:38:16.740  1628  1628 I SystemServer: PerformFstrimIfNeeded
07-17 12:38:16.741  1628  1693 D SystemServerInitThreadPool: Finished executing UiModeManager.onStart
07-17 12:38:16.742  1628  1628 W PackageManager: No disk maintenance in 36625545741; running immediately
07-17 12:38:16.742  1628  1628 D SystemServerTiming: PerformFstrimIfNeeded took to complete: 2ms
07-17 12:38:16.742  1628  1628 I SystemServer: StartLockSettingsService
07-17 12:38:16.742  1628  1628 I SystemServiceManager: Starting com.android.server.LockSettingsService$Lifecycle
07-17 12:38:16.742  1628  1714 I StorageManagerService: fstrim requested, but no daemon connection yet; trying again
07-17 12:38:16.745  1628  1628 D SystemServerTiming: StartLockSettingsService took to complete: 3ms
07-17 12:38:16.745  1628  1628 I SystemServer: StartDeviceIdleController
07-17 12:38:16.745  1628  1628 I SystemServiceManager: Starting com.android.server.DeviceIdleController
07-17 12:38:16.746  1628  1628 D SystemServerTiming: StartDeviceIdleController took to complete: 1ms
07-17 12:38:16.747  1628  1628 I SystemServer: StartDevicePolicyManager
07-17 12:38:16.747  1628  1628 I SystemServiceManager: Starting com.android.server.devicepolicy.DevicePolicyManagerService$Lifecycle
07-17 12:38:16.751  1628  1714 D StorageManagerService: Thinking about init, mSystemReady=false, mDaemonConnected=true
07-17 12:38:16.751  1628  1714 D StorageManagerService: Thinking about reset, mSystemReady=false, mDaemonConnected=true
07-17 12:38:16.751  1628  1714 D CryptdConnector: SND -> {1 cryptfs getfield SystemLocale}
07-17 12:38:16.752  1628  1716 D CryptdConnector: RCV <- {200 1 -1}
07-17 12:38:16.753  1628  1628 D SystemServerTiming: StartDevicePolicyManager took to complete: 6ms
07-17 12:38:16.753  1628  1628 I SystemServer: StartStatusBarManagerService
07-17 12:38:16.754  1628  1714 W StorageManagerService: No primary storage mounted!
07-17 12:38:16.754  1628  1714 D VoldConnector: SND -> {1 asec list}
07-17 12:38:16.754  1628  1715 D VoldConnector: RCV <- {200 1 asec operation succeeded}
07-17 12:38:16.754  1628  1714 I PackageManager: No secure containers found
07-17 12:38:16.758  1628  1628 D SystemServerTiming: StartStatusBarManagerService took to complete: 5ms
07-17 12:38:16.758  1628  1628 I SystemServer: StartClipboardService
07-17 12:38:16.758  1628  1628 I SystemServiceManager: Starting com.android.server.clipboard.ClipboardService
07-17 12:38:16.758  1628  1628 D SystemServerTiming: StartClipboardService took to complete: 0ms
07-17 12:38:16.758  1628  1628 I SystemServer: StartNetworkManagementService
07-17 12:38:16.762  1628  1718 I NetworkManagement: onDaemonConnected()
07-17 12:38:16.763  1628  1656 I UsageStatsService: User[0] Rollover scheduled @ 2023-07-18 12:38:16(1689683896705)
07-17 12:38:16.763  1628  1628 D SystemServerTiming: StartNetworkManagementService took to complete: 5ms
07-17 12:38:16.763  1628  1628 I SystemServer: StartTextServicesManager
07-17 12:38:16.763  1628  1628 I SystemServiceManager: Starting com.android.server.TextServicesManagerService$Lifecycle
07-17 12:38:16.763  1628  1656 I UsageStatsService: User[0] Rolling over usage stats complete. Took 24 milliseconds
07-17 12:38:16.765  1628  1656 E AppIdleHistory: Unable to read app idle file for user 0
07-17 12:38:16.768  1487  1487 E ActivityRecognitionHardware: activity_recognition HAL is deprecated. class_init is effectively a no-op
07-17 12:38:16.768  1628  1714 W StorageManagerService: No primary storage defined yet; hacking together a stub
07-17 12:38:16.769  1628  1714 W StorageManagerService: No primary storage mounted!
07-17 12:38:16.769  1628  1714 D VoldConnector: SND -> {2 asec list}
07-17 12:38:16.769  1628  1715 D VoldConnector: RCV <- {200 2 asec operation succeeded}
07-17 12:38:16.780  1628  1628 D SystemServerTiming: StartTextServicesManager took to complete: 17ms
07-17 12:38:16.780  1628  1628 I SystemServer: StartNetworkScoreService
07-17 12:38:16.769  1628  1714 W StorageManagerService: No primary storage defined yet; hacking together a stub
07-17 12:38:16.781  1487  1487 I zygote  : Thread[1,tid=1487,Native,Thread*=0xf5659000,peer=0x12cc0228,"main"] recursive attempt to load library "/system/lib/libmedia_jni.so"
07-17 12:38:16.781  1628  1628 D SystemServerTiming: StartNetworkScoreService took to complete: 1ms
07-17 12:38:16.781  1628  1628 I SystemServer: StartNetworkStatsService
07-17 12:38:16.782  1487  1487 D MtpDeviceJNI: register_android_mtp_MtpDevice
07-17 12:38:16.782  1487  1487 I zygote  : Thread[1,tid=1487,Native,Thread*=0xf5659000,peer=0x12cc0228,"main"] recursive attempt to load library "/system/lib/libmedia_jni.so"
07-17 12:38:16.785  1628  1628 D SystemServerTiming: StartNetworkStatsService took to complete: 4ms
07-17 12:38:16.785  1628  1628 I SystemServer: StartNetworkPolicyManagerService
07-17 12:38:16.787  1628  1721 I ServiceThread: Enabled StrictMode logging for NetworkPolicy.uid looper.
07-17 12:38:16.788  1628  1628 D SystemServerTiming: StartNetworkPolicyManagerService took to complete: 3ms
07-17 12:38:16.788  1628  1628 I SystemServer: StartWifi
07-17 12:38:16.796  1628  1628 I SystemServiceManager: Starting com.android.server.wifi.WifiService
07-17 12:38:16.782  1487  1487 I zygote  : Thread[1,tid=1487,Native,Thread*=0xf5659000,peer=0x12cc0228,"main"] recursive attempt to load library "/system/lib/libmedia_jni.so"
07-17 12:38:16.800  1628  1713 I EventHub: New device: id=2, fd=113, path='/dev/input/event2', name='goldfish_rotary', classes=0x1000, configuration='/system/usr/idc/goldfish_rotary.idc', keyLayout='', keyCharacterMap='', builtinKeyboard=false, wakeMechanism=EPOLLWAKEUP, usingClockIoctl=true
07-17 12:38:16.802  1628  1713 W EventHub: Unable to disable kernel key repeat for /dev/input/event1: Function not implemented
07-17 12:38:16.802  1628  1713 I EventHub: New device: id=3, fd=114, path='/dev/input/event1', name='qwerty2', classes=0x95, configuration='/system/usr/idc/qwerty2.idc', keyLayout='/system/usr/keylayout/qwerty.kl', keyCharacterMap='/system/usr/keychars/qwerty2.kcm', builtinKeyboard=true, wakeMechanism=EPOLLWAKEUP, usingClockIoctl=true
07-17 12:38:16.802  1628  1713 E EventHub: could not get driver version for /dev/input/mice, Not a typewriter
07-17 12:38:16.817  1628  1628 D WifiApConfigStore: 2G band allowed channels are:1,6,11
07-17 12:38:16.841  1628  1723 D WificondControl: tearing down interfaces in wificond
07-17 12:38:16.843  1628  1723 E HalDeviceManager: isSupported: called but mServiceManager is null!?
07-17 12:38:16.843  1628  1723 I WifiNative-wlan0: Vendor HAL not supported, Ignore stop...
07-17 12:38:16.843  1628  1628 D WifiController: isAirplaneModeOn = false, isWifiEnabled = true, isScanningAvailable = false
07-17 12:38:16.844  1628  1628 E SupplicantStaIfaceHal: Can't call setDebugParams, ISupplicant is null
07-17 12:38:16.844  1628  1628 W WifiDiags: no ring buffers found
07-17 12:38:16.844  1628  1628 W WifiDiags: Failed to start packet fate monitoring
07-17 12:38:16.844  1628  1628 I WifiService: Registering wifi
07-17 12:38:16.844  1498  1594 D CommandListener: Clearing all IP addresses on wlan0
07-17 12:38:16.845  1628  1628 D SystemServerTiming: StartWifi took to complete: 57ms
07-17 12:38:16.845  1628  1628 I SystemServer: StartWifiScanning
07-17 12:38:16.845  1628  1628 I SystemServiceManager: Starting com.android.server.wifi.scanner.WifiScanningService
07-17 12:38:16.846  1628  1628 I WifiScanningService: Creating wifiscanner
07-17 12:38:16.849  1628  1628 I WifiScanningService: Publishing wifiscanner
07-17 12:38:16.849  1628  1628 D SystemServerTiming: StartWifiScanning took to complete: 4ms
07-17 12:38:16.849  1628  1628 I SystemServer: StartWifiRtt
07-17 12:38:16.849  1628  1628 I SystemServiceManager: Starting com.android.server.wifi.RttService
07-17 12:38:16.849  1628  1628 I RttService: Creating rttmanager
07-17 12:38:16.850  1628  1628 I RttService: Starting rttmanager
07-17 12:38:16.850  1628  1628 D SystemServerTiming: StartWifiRtt took to complete: 1ms
07-17 12:38:16.850  1628  1628 I SystemServer: No Wi-Fi Aware Service (Aware support Not Present)
07-17 12:38:16.850  1628  1628 I SystemServer: StartConnectivityService
07-17 12:38:16.852  1628  1628 D ConnectivityService: ConnectivityService starting up
07-17 12:38:16.852  1628  1628 D ConnectivityService: wifiOnly=false
07-17 12:38:16.858  1628  1628 D SystemServerTiming: StartConnectivityService took to complete: 8ms
07-17 12:38:16.858  1628  1628 I SystemServer: StartNsdService
07-17 12:38:16.860  1628  1628 D NsdService: Network service discovery enabled true
07-17 12:38:16.860  1628  1628 D SystemServerTiming: StartNsdService took to complete: 2ms
07-17 12:38:16.860  1628  1628 I SystemServer: StartUpdateLockService
07-17 12:38:16.860  1628  1628 D SystemServerTiming: StartUpdateLockService took to complete: 0ms
07-17 12:38:16.860  1628  1628 I SystemServer: WaitForAsecScan
07-17 12:38:16.860  1628  1628 D SystemServerTiming: WaitForAsecScan took to complete: 0ms
07-17 12:38:16.860  1628  1628 I SystemServer: StartNotificationManager
07-17 12:38:16.861  1628  1628 I SystemServiceManager: Starting com.android.server.notification.NotificationManagerService
07-17 12:38:16.866  1487  1487 I System  : Loaded time zone names for "" in 17ms (16ms in ICU)
07-17 12:38:16.870  1628  1628 D ConditionProviders.SCP: new ScheduleConditionProvider()
07-17 12:38:16.872  1628  1628 D ZenLog  : config: readXml,ZenModeConfig[user=0,allowCalls=true,allowRepeatCallers=false,allowMessages=false,allowCallsFrom=contacts,allowMessagesFrom=contacts,allowReminders=true,allowEvents=true,allowWhenScreenOff=true,allowWhenScreenOn=true,automaticRules={fd1b8c0742ea4e0c86eaccaff34210c4=ZenRule[enabled=false,snoozing=false,name=Weekend,zenMode=ZEN_MODE_ALARMS,conditionId=condition://android/schedule?days=6.7&start=23.30&end=10.0&exitAtAlarm=false,condition=Condition[id=condition://android/schedule?days=6.7&start=23.30&end=10.0&exitAtAlarm=false,summary=...,line1=...,line2=...,icon=0,state=STATE_FALSE,flags=2],component=ComponentInfo{android/com.android.server.notification.ScheduleConditionProvider},id=fd1b8c0742ea4e0c86eaccaff34210c4,creationTime=1652971951438,enabler=null], 6f372b5d75f5471a8b4cd9168d979e8c=ZenRule[enabled=false,snoozing=false,name=Weeknight,zenMode=ZEN_MODE_ALARMS,conditionId=condition://android/schedule?days=1.2.3.4.5&start=22.0&end=7.0&exitAtAlarm=false,condition=Condition[id=condition://android/schedule?days=1.2.3.4.5&start=22.0&end=7.0&exitAtAlarm=false,summary=...,line1=...,line2=...,icon=0,state=STATE_FALSE,flags=2],component=ComponentInfo{android/com.android.server.notification.ScheduleConditionProvider},id=6f372b5d75f5471a8b4cd9168d979e8c,creationTime=1652971951438,enabler=null], 97e3578499004c37805ed7971baff4b0=ZenRule[enabled=false,snoozing=false,name=Event,zenMode=ZEN_MODE_ALARMS,conditionId=condition://android/event?userId=-10000&calendar=&reply=1,condition=Condition[id=condition://android/event?userId=-10000&calendar=&reply=1,summary=...,line1=...,line2=...,icon=0,state=STATE_FALSE,flags=2],component=ComponentInfo{android/com.android.server.notification.EventConditionProvider},id=97e3578499004c37805ed7971baff4b0,creationTime=1652971951438,enabler=null]},manualRule=null],Diff[automaticRule[300d02e77cbb445681b45f82d20dbb5e]:delete,automaticRule[00a069bb36824bcf9ac3f695b50282a5]:delete,automaticRule[fd1b8c0742ea4e0c86eaccaff34210c4]:insert,automaticRule[6f372b5d75f5471a8b4cd9168d979e8c]:insert,automaticRule[97e3578499004c37805ed7971baff4b0]:insert,automaticRule[5aaa44b65f3c42ac945b03fb91c881d8]:delete]
07-17 12:38:16.873  1628  1628 D ZenLog  : set_zen_mode: off,init
07-17 12:38:16.874  1487  1487 I System  : Loaded time zone names for "en_US" in 7ms (7ms in ICU)
07-17 12:38:16.875  1628  1628 D SystemServerTiming: StartNotificationManager took to complete: 15ms
07-17 12:38:16.875  1628  1628 I SystemServer: StartDeviceMonitor
07-17 12:38:16.875  1628  1628 I SystemServiceManager: Starting com.android.server.storage.DeviceStorageMonitorService
07-17 12:38:16.875  1628  1628 D SystemServerTiming: StartDeviceMonitor took to complete: 0ms
07-17 12:38:16.875  1628  1628 I SystemServer: StartLocationManagerService
07-17 12:38:16.876  1628  1663 I storage_state: [41217664-9172-527a-b3d5-edabb50a7d69,0,0,1714782208,2109456384]
07-17 12:38:16.876  1628  1628 D SystemServerTiming: StartLocationManagerService took to complete: 1ms
07-17 12:38:16.876  1628  1628 I SystemServer: StartCountryDetectorService
07-17 12:38:16.876  1628  1628 D SystemServerTiming: StartCountryDetectorService took to complete: 0ms
07-17 12:38:16.877  1628  1628 I SystemServer: StartSearchManagerService
07-17 12:38:16.877  1628  1628 I SystemServiceManager: Starting com.android.server.search.SearchManagerService$Lifecycle
07-17 12:38:16.878  1628  1628 D SystemServerTiming: StartSearchManagerService took to complete: 1ms
07-17 12:38:16.878  1628  1628 I SystemServer: StartWallpaperManagerService
07-17 12:38:16.878  1628  1628 I SystemServiceManager: Starting com.android.server.wallpaper.WallpaperManagerService$Lifecycle
07-17 12:38:16.879  1628  1628 D SystemServerTiming: StartWallpaperManagerService took to complete: 1ms
07-17 12:38:16.879  1628  1628 I SystemServer: StartAudioService
07-17 12:38:16.879  1628  1628 I SystemServiceManager: Starting com.android.server.audio.AudioService$Lifecycle
07-17 12:38:16.884  1628  1628 W TelecomManager: Telecom Service not found.
07-17 12:38:16.884  1487  1487 I Zygote  : ...preloaded 4570 classes in 254ms.
07-17 12:38:16.885  1487  1487 I zygote  : VMRuntime.preloadDexCaches starting
07-17 12:38:16.885  1488  1488 D PermissionCache: checking android.permission.MODIFY_AUDIO_SETTINGS for uid=1000 => granted (270 us)
07-17 12:38:16.886  1395  1564 W DeviceHAL: Device 0xef942380 set_mic_mute: Function not implemented
07-17 12:38:16.888  1628  1628 I stream_devices_changed: [0,0,2]
07-17 12:38:16.888  1628  1628 I stream_devices_changed: [2,0,2]
07-17 12:38:16.888  1628  1628 I stream_devices_changed: [3,0,2]
07-17 12:38:16.888  1628  1628 I stream_devices_changed: [4,0,2]
07-17 12:38:16.888  1628  1628 I stream_devices_changed: [6,0,2]
07-17 12:38:16.889  1628  1628 D SystemServerTiming: StartAudioService took to complete: 10ms
07-17 12:38:16.889  1628  1628 I SystemServer: StartDockObserver
07-17 12:38:16.889  1628  1628 I SystemServiceManager: Starting com.android.server.DockObserver
07-17 12:38:16.889  1628  1628 W DockObserver: This kernel does not have dock station support
07-17 12:38:16.899  1628  1628 D SystemServerTiming: StartDockObserver took to complete: 10ms
07-17 12:38:16.899  1628  1628 I SystemServer: StartWiredAccessoryManager
07-17 12:38:16.899  1628  1628 W WiredAccessoryManager: This kernel does not have usb audio support
07-17 12:38:16.899  1628  1628 W WiredAccessoryManager: This kernel does not have HDMI audio support
07-17 12:38:16.899  1628  1628 D SystemServerTiming: StartWiredAccessoryManager took to complete: 0ms
07-17 12:38:16.899  1628  1628 I SystemServer: StartMidiManager
07-17 12:38:16.899  1628  1628 I SystemServiceManager: Starting com.android.server.midi.MidiService$Lifecycle
07-17 12:38:16.900  1628  1628 D SystemServerTiming: StartMidiManager took to complete: 1ms
07-17 12:38:16.900  1628  1628 I SystemServer: StartUsbService
07-17 12:38:16.900  1628  1628 I SystemServiceManager: Starting com.android.server.usb.UsbService$Lifecycle
07-17 12:38:16.901  1628  1713 I InputReader: Device added: id=-1, name='Virtual', sources=0x00000301
07-17 12:38:16.901  1628  1713 I InputReader:   Touch device 'qwerty2' could not query the properties of its associated display.  The device will be inoperable until the display size becomes available.
07-17 12:38:16.901  1628  1713 I InputReader: Device added: id=0, name='qwerty2', sources=0x80005103
07-17 12:38:16.901  1628  1713 I InputReader: Device added: id=2, name='goldfish_rotary', sources=0x00400000
07-17 12:38:16.901  1628  1713 I InputReader: Device added: id=1, name='Power Button', sources=0x00000101
07-17 12:38:16.902  1628  1713 I InputReader: Reconfiguring input devices.  changes=0x00000004
07-17 12:38:16.902  1628  1713 I InputReader: Device reconfigured: id=0, name='qwerty2', size 768x1280, orientation 0, mode 1, display id 0
07-17 12:38:16.902  1628  1628 E UsbDeviceManager: failed to write to /sys/class/android_usb/android0/f_rndis/ethaddr
07-17 12:38:16.902  1628  1712 I configuration_changed: 8
07-17 12:38:16.902  1628  1712 I ActivityManager: Config changes=8 {1.0 ?mcc?mnc [en_US] ldltr sw384dp w384dp h568dp 320dpi nrml port finger -keyb/v/h -nav/h appBounds=Rect(0, 0 - 768, 1184) s.5}
07-17 12:38:16.903  1628  1712 I ActivityManager: Override config changes=8 {1.0 ?mcc?mnc [en_US] ldltr sw384dp w384dp h568dp 320dpi nrml port finger -keyb/v/h -nav/h appBounds=Rect(0, 0 - 768, 1184) s.5} for displayId=0
07-17 12:38:16.904  1628  1628 E UsbDeviceManagerJNI: could not open /dev/usb_accessory
07-17 12:38:16.905  1628  1628 I zygote64: Looking for service android.hidl.manager@1.0::IServiceManager/default
07-17 12:38:16.905  1628  1628 I zygote64: Starting thread pool.
07-17 12:38:16.906  1628  1628 I zygote64: Looking for service android.hardware.usb@1.0::IUsb/default
07-17 12:38:16.906  1341  1341 W /system/bin/hwservicemanager: getTransportFromManifest: Cannot find entry android.hardware.usb@1.0::IUsb in either framework or device manifest, using default transport.
07-17 12:38:16.906  1628  1628 E zygote64: service android.hardware.usb@1.0::IUsb declares transport method EMPTY but framework expects hwbinder.
07-17 12:38:16.906  1628  1628 E UsbPortManager: connectToProxy: usb hal service not responding
07-17 12:38:16.906  1628  1628 E UsbPortManager: android.os.RemoteException: HwBinder Error: (-2147483648)
07-17 12:38:16.906  1628  1628 E UsbPortManager: 	at android.os.HwBinder.getService(Native Method)
07-17 12:38:16.906  1628  1628 E UsbPortManager: 	at android.hardware.usb.V1_0.IUsb.getService(IUsb.java:44)
07-17 12:38:16.906  1628  1628 E UsbPortManager: 	at com.android.server.usb.UsbPortManager.connectToProxy(UsbPortManager.java:499)
07-17 12:38:16.906  1628  1628 E UsbPortManager: 	at com.android.server.usb.UsbPortManager.<init>(UsbPortManager.java:130)
07-17 12:38:16.906  1628  1628 E UsbPortManager: 	at com.android.server.usb.UsbService.<init>(UsbService.java:134)
07-17 12:38:16.906  1628  1628 E UsbPortManager: 	at com.android.server.usb.UsbService$Lifecycle.onStart(UsbService.java:69)
07-17 12:38:16.906  1628  1628 E UsbPortManager: 	at com.android.server.SystemServiceManager.startService(SystemServiceManager.java:123)
07-17 12:38:16.906  1628  1628 E UsbPortManager: 	at com.android.server.SystemServiceManager.startService(SystemServiceManager.java:110)
07-17 12:38:16.906  1628  1628 E UsbPortManager: 	at com.android.server.SystemServiceManager.startService(SystemServiceManager.java:69)
07-17 12:38:16.906  1628  1628 E UsbPortManager: 	at com.android.server.SystemServer.startOtherServices(SystemServer.java:1240)
07-17 12:38:16.906  1628  1628 E UsbPortManager: 	at com.android.server.SystemServer.run(SystemServer.java:396)
07-17 12:38:16.906  1628  1628 E UsbPortManager: 	at com.android.server.SystemServer.main(SystemServer.java:260)
07-17 12:38:16.906  1628  1628 E UsbPortManager: 	at java.lang.reflect.Method.invoke(Native Method)
07-17 12:38:16.906  1628  1628 E UsbPortManager: 	at com.android.internal.os.Zygote$MethodAndArgsCaller.run(Zygote.java:240)
07-17 12:38:16.906  1628  1628 E UsbPortManager: 	at com.android.internal.os.ZygoteInit.main(ZygoteInit.java:767)
07-17 12:38:16.907  1628  1628 D SystemServerTiming: StartUsbService took to complete: 7ms
07-17 12:38:16.907  1628  1628 I SystemServer: StartSerialService
07-17 12:38:16.907  1628  1628 D SystemServerTiming: StartSerialService took to complete: 0ms
07-17 12:38:16.907  1628  1628 I SystemServer: StartHardwarePropertiesManagerService
07-17 12:38:16.907  1341  1341 W /system/bin/hwservicemanager: getTransportFromManifest: Cannot find entry android.hardware.thermal@1.0::IThermal in either framework or device manifest, using default transport.
07-17 12:38:16.907  1628  1628 E HardwarePropertiesManagerService-JNI: Unable to get Thermal service.
07-17 12:38:16.907  1628  1628 D SystemServerTiming: StartHardwarePropertiesManagerService took to complete: 0ms
07-17 12:38:16.907  1628  1628 I SystemServer: StartTwilightService
07-17 12:38:16.907  1628  1628 I SystemServiceManager: Starting com.android.server.twilight.TwilightService
07-17 12:38:16.907  1628  1628 D SystemServerTiming: StartTwilightService took to complete: 0ms
07-17 12:38:16.908  1628  1628 I SystemServer: StartJobScheduler
07-17 12:38:16.908  1628  1628 I SystemServiceManager: Starting com.android.server.job.JobSchedulerService
07-17 12:38:16.909  1628  1628 D JobStore: Start tag: job-info
07-17 12:38:16.910  1628  1628 D ConnectivityService: requestNetwork for uid/pid:1000/1628 NetworkRequest [ TRACK_DEFAULT id=3, [ Capabilities: INTERNET&NOT_RESTRICTED&TRUSTED&NOT_VPN] ]
07-17 12:38:16.911  1628  1628 D SystemServerTiming: StartJobScheduler took to complete: 3ms
07-17 12:38:16.911  1628  1628 I SystemServer: StartSoundTrigger
07-17 12:38:16.911  1628  1628 I SystemServiceManager: Starting com.android.server.soundtrigger.SoundTriggerService
07-17 12:38:16.912  1628  1628 D SystemServerTiming: StartSoundTrigger took to complete: 1ms
07-17 12:38:16.912  1628  1628 I SystemServer: StartTrustManager
07-17 12:38:16.912  1628  1628 I SystemServiceManager: Starting com.android.server.trust.TrustManagerService
07-17 12:38:16.912  1628  1628 D SystemServerTiming: StartTrustManager took to complete: 0ms
07-17 12:38:16.912  1628  1628 I SystemServer: StartBackupManager
07-17 12:38:16.913  1628  1628 I SystemServiceManager: Starting com.android.server.backup.BackupManagerService$Lifecycle
07-17 12:38:16.914  1628  1628 D SystemServerTiming: StartBackupManager took to complete: 2ms
07-17 12:38:16.914  1628  1628 I SystemServer: StartAppWidgerService
07-17 12:38:16.914  1628  1628 I SystemServiceManager: Starting com.android.server.appwidget.AppWidgetService
07-17 12:38:16.916  1628  1628 D SystemServerTiming: StartAppWidgerService took to complete: 2ms
07-17 12:38:16.916  1628  1628 I SystemServer: StartVoiceRecognitionManager
07-17 12:38:16.916  1628  1628 I SystemServiceManager: Starting com.android.server.voiceinteraction.VoiceInteractionManagerService
07-17 12:38:16.916  1628  1628 D SystemServerTiming: StartVoiceRecognitionManager took to complete: 0ms
07-17 12:38:16.916  1628  1628 I SystemServer: StartGestureLauncher
07-17 12:38:16.916  1628  1628 I SystemServiceManager: Starting com.android.server.GestureLauncherService
07-17 12:38:16.917  1628  1628 D SystemServerTiming: StartGestureLauncher took to complete: 1ms
07-17 12:38:16.917  1628  1628 I SystemServer: StartSensorNotification
07-17 12:38:16.917  1628  1628 I SystemServiceManager: Starting com.android.server.SensorNotificationService
07-17 12:38:16.917  1628  1628 D SystemServerTiming: StartSensorNotification took to complete: 0ms
07-17 12:38:16.917  1628  1628 I SystemServer: StartContextHubSystemService
07-17 12:38:16.917  1628  1628 I SystemServiceManager: Starting com.android.server.ContextHubSystemService
07-17 12:38:16.918  1341  1341 W /system/bin/hwservicemanager: getTransportFromManifest: Cannot find entry android.hardware.contexthub@1.0::IContexthub in either framework or device manifest, using default transport.
07-17 12:38:16.918  1628  1628 E ContextHubService: Could not load context hub hal
07-17 12:38:16.918  1628  1628 W ContextHubService: No Context Hub Module present
07-17 12:38:16.918  1628  1628 D SystemServerTiming: StartContextHubSystemService took to complete: 1ms
07-17 12:38:16.918  1628  1628 I SystemServer: StartDiskStatsService
07-17 12:38:16.919  1628  1628 D SystemServerTiming: StartDiskStatsService took to complete: 1ms
07-17 12:38:16.919  1628  1628 I SystemServer: StartSamplingProfilerService
07-17 12:38:16.923  1628  1628 D SystemServerTiming: StartSamplingProfilerService took to complete: 4ms
07-17 12:38:16.923  1628  1628 I SystemServer: StartNetworkTimeUpdateService
07-17 12:38:16.923  1628  1628 D SystemServerTiming: StartNetworkTimeUpdateService took to complete: 0ms
07-17 12:38:16.923  1628  1628 I SystemServer: StartCommonTimeManagementService
07-17 12:38:16.924  1628  1628 D SystemServerTiming: StartCommonTimeManagementService took to complete: 1ms
07-17 12:38:16.924  1628  1628 I SystemServer: CertBlacklister
07-17 12:38:16.924  1628  1628 D SystemServerTiming: CertBlacklister took to complete: 0ms
07-17 12:38:16.924  1628  1628 I SystemServer: StartEmergencyAffordanceService
07-17 12:38:16.925  1628  1628 I SystemServiceManager: Starting com.android.server.emergency.EmergencyAffordanceService
07-17 12:38:16.925  1628  1628 D SystemServerTiming: StartEmergencyAffordanceService took to complete: 0ms
07-17 12:38:16.925  1628  1628 I SystemServer: StartDreamManager
07-17 12:38:16.925  1628  1628 I SystemServiceManager: Starting com.android.server.dreams.DreamManagerService
07-17 12:38:16.926  1628  1628 D SystemServerTiming: StartDreamManager took to complete: 1ms
07-17 12:38:16.926  1628  1628 I SystemServer: AddGraphicsStatsService
07-17 12:38:16.926  1628  1628 D SystemServerTiming: AddGraphicsStatsService took to complete: 0ms
07-17 12:38:16.927  1628  1628 I SystemServer: StartPrintManager
07-17 12:38:16.927  1628  1628 I SystemServiceManager: Starting com.android.server.print.PrintManagerService
07-17 12:38:16.928  1628  1628 D SystemServerTiming: StartPrintManager took to complete: 1ms
07-17 12:38:16.928  1628  1628 I SystemServer: StartRestrictionManager
07-17 12:38:16.928  1628  1628 I SystemServiceManager: Starting com.android.server.restrictions.RestrictionsManagerService
07-17 12:38:16.928  1628  1628 D SystemServerTiming: StartRestrictionManager took to complete: 0ms
07-17 12:38:16.928  1628  1628 I SystemServer: StartMediaSessionService
07-17 12:38:16.928  1628  1628 I SystemServiceManager: Starting com.android.server.media.MediaSessionService
07-17 12:38:16.930  1487  1487 I zygote  : VMRuntime.preloadDexCaches strings total=306443 before=3009 after=3009
07-17 12:38:16.930  1487  1487 I zygote  : VMRuntime.preloadDexCaches types total=26184 before=2676 after=3314
07-17 12:38:16.930  1487  1487 I zygote  : VMRuntime.preloadDexCaches fields total=123843 before=2147 after=1211
07-17 12:38:16.930  1487  1487 I zygote  : VMRuntime.preloadDexCaches methods total=219906 before=87624 after=87718
07-17 12:38:16.930  1487  1487 I zygote  : VMRuntime.preloadDexCaches finished
07-17 12:38:16.930  1487  1487 D ZygoteInitTiming_lazy: PreloadClasses took to complete: 300ms
07-17 12:38:16.930  1628  1628 D SystemServerTiming: StartMediaSessionService took to complete: 2ms
07-17 12:38:16.930  1628  1628 I SystemServer: StartMediaResourceMonitor
07-17 12:38:16.930  1628  1628 I SystemServiceManager: Starting com.android.server.media.MediaResourceMonitorService
07-17 12:38:16.930  1628  1628 D SystemServerTiming: StartMediaResourceMonitor took to complete: 0ms
07-17 12:38:16.930  1628  1628 I SystemServer: StartMediaRouterService
07-17 12:38:16.930  1628  1628 D SystemServerTiming: StartMediaRouterService took to complete: 0ms
07-17 12:38:16.930  1628  1628 I SystemServer: StartFingerprintSensor
07-17 12:38:16.931  1628  1628 I SystemServiceManager: Starting com.android.server.fingerprint.FingerprintService
07-17 12:38:16.932  1628  1689 D SystemServerInitThreadPool: Started executing FingerprintService.onStart
07-17 12:38:16.932  1628  1689 V FingerprintService: mDeamon was null, reconnect to fingerprint
07-17 12:38:16.932  1628  1689 I zygote64: Looking for service android.hardware.biometrics.fingerprint@2.1::IBiometricsFingerprint/default
07-17 12:38:16.932  1628  1689 I zygote64: Starting thread pool.
07-17 12:38:16.933  1628  1689 V FingerprintService: Fingerprint HAL id: 125264673906688
07-17 12:38:16.933  1508  1508 D FingerprintHal: ----------------> fingerprint_set_active_group -----------------> path /data/system/users/0/fpdata
07-17 12:38:16.933  1508  1508 D FingerprintHal: ----------------> loadFingerprints ----------------->
07-17 12:38:16.933  1508  1508 E FingerprintHal: Could not load fingerprints from storage at /data/system/users/0/fpdata/emufp.bin; it has not yet been created.
07-17 12:38:16.933  1508  1508 D FingerprintHal: ----------------> loadAuthenticatorId ----------------->
07-17 12:38:16.934  1508  1508 D FingerprintHal: Read authenticator id (0x6b8b4567327b23c6)
07-17 12:38:16.934  1628  1689 D SystemServerInitThreadPool: Finished executing FingerprintService.onStart
07-17 12:38:16.934  1628  1628 D SystemServerTiming: StartFingerprintSensor took to complete: 4ms
07-17 12:38:16.934  1628  1628 I SystemServer: StartBackgroundDexOptService
07-17 12:38:16.934  1628  1628 D SystemServerTiming: StartBackgroundDexOptService took to complete: 0ms
07-17 12:38:16.934  1628  1628 I SystemServer: StartPruneInstantAppsJobService
07-17 12:38:16.934  1628  1628 D SystemServerTiming: StartPruneInstantAppsJobService took to complete: 0ms
07-17 12:38:16.934  1628  1628 I SystemServer: StartShortcutServiceLifecycle
07-17 12:38:16.934  1628  1628 I SystemServiceManager: Starting com.android.server.pm.ShortcutService$Lifecycle
07-17 12:38:16.936  1628  1628 D SystemServerTiming: StartShortcutServiceLifecycle took to complete: 2ms
07-17 12:38:16.936  1628  1628 I SystemServer: StartLauncherAppsService
07-17 12:38:16.936  1628  1628 I SystemServiceManager: Starting com.android.server.pm.LauncherAppsService
07-17 12:38:16.937  1628  1628 D SystemServerTiming: StartLauncherAppsService took to complete: 1ms
07-17 12:38:16.937  1628  1628 I SystemServer: StartMediaProjectionManager
07-17 12:38:16.937  1628  1628 I SystemServiceManager: Starting com.android.server.media.projection.MediaProjectionManagerService
07-17 12:38:16.940  1628  1628 V MediaRouter: Adding route: RouteInfo{ name=Phone, description=null, status=null, category=RouteCategory{ name=System types=ROUTE_TYPE_LIVE_AUDIO ROUTE_TYPE_LIVE_VIDEO  groupable=false }, supportedTypes=ROUTE_TYPE_LIVE_AUDIO ROUTE_TYPE_LIVE_VIDEO , presentationDisplay=null }
07-17 12:38:16.941  1628  1628 V MediaRouter: Selecting route: RouteInfo{ name=Phone, description=null, status=null, category=RouteCategory{ name=System types=ROUTE_TYPE_LIVE_AUDIO ROUTE_TYPE_LIVE_VIDEO  groupable=false }, supportedTypes=ROUTE_TYPE_LIVE_AUDIO ROUTE_TYPE_LIVE_VIDEO , presentationDisplay=null }
07-17 12:38:16.942  1628  1628 D SystemServerTiming: StartMediaProjectionManager took to complete: 5ms
07-17 12:38:16.942  1628  1628 I WindowManager: SAFE MODE not enabled
07-17 12:38:16.942  1628  1628 I SystemServer: StartJitCompilation
07-17 12:38:16.942  1628  1628 D SystemServerTiming: StartJitCompilation took to complete: 0ms
07-17 12:38:16.942  1628  1628 I SystemServer: StartMmsService
07-17 12:38:16.942  1628  1628 I SystemServiceManager: Starting com.android.server.MmsServiceBroker
07-17 12:38:16.943  1628  1628 D SystemServerTiming: StartMmsService took to complete: 1ms
07-17 12:38:16.943  1628  1628 I SystemServer: StartRetailDemoModeService
07-17 12:38:16.943  1628  1628 I SystemServiceManager: Starting com.android.server.retaildemo.RetailDemoModeService
07-17 12:38:16.944  1628  1740 I ServiceThread: Enabled StrictMode logging for RetailDemoModeService looper.
07-17 12:38:16.944  1628  1628 D SystemServerTiming: StartRetailDemoModeService took to complete: 1ms
07-17 12:38:16.944  1628  1628 I SystemServer: StartAutoFillService
07-17 12:38:16.944  1628  1628 I SystemServiceManager: Starting com.android.server.autofill.AutofillManagerService
07-17 12:38:16.944  1628  1628 I AutofillManagerService: Setting debug to true
07-17 12:38:16.946  1628  1628 D SystemServerTiming: StartAutoFillService took to complete: 2ms
07-17 12:38:16.946  1628  1628 I SystemServer: MakeVibratorServiceReady
07-17 12:38:16.946  1628  1628 D SystemServerTiming: MakeVibratorServiceReady took to complete: 0ms
07-17 12:38:16.946  1628  1628 I SystemServer: MakeLockSettingsServiceReady
07-17 12:38:16.949  1487  1487 I Zygote  : Preloading resources...
07-17 12:38:16.957  1628  1628 E LockSettingsStorage: Cannot read file java.io.FileNotFoundException: /data/system/gatekeeper.password.key: open failed: ENOENT (No such file or directory)
07-17 12:38:16.958  1628  1628 E LockSettingsStorage: Cannot read file java.io.FileNotFoundException: /data/system/password.key: open failed: ENOENT (No such file or directory)
07-17 12:38:16.958  1628  1628 E LockSettingsStorage: Cannot read file java.io.FileNotFoundException: /data/system/gatekeeper.pattern.key: open failed: ENOENT (No such file or directory)
07-17 12:38:16.958  1628  1628 E LockSettingsStorage: Cannot read file java.io.FileNotFoundException: /data/system/gatekeeper.gesture.key: open failed: ENOENT (No such file or directory)
07-17 12:38:16.958  1628  1628 E LockSettingsStorage: Cannot read file java.io.FileNotFoundException: /data/system/gesture.key: open failed: ENOENT (No such file or directory)
07-17 12:38:16.958  1628  1628 D SystemServerTiming: MakeLockSettingsServiceReady took to complete: 12ms
07-17 12:38:16.958  1628  1628 I SystemServer: StartBootPhaseLockSettingsReady
07-17 12:38:16.958  1628  1628 I SystemServiceManager: Starting phase 480
07-17 12:38:16.959  1628  1628 I DevicePolicyManager: Set ro.device_owner property to false
07-17 12:38:16.961  1628  1628 D SystemServerTiming: StartBootPhaseLockSettingsReady took to complete: 3ms
07-17 12:38:16.961  1628  1628 I SystemServer: StartBootPhaseSystemServicesReady
07-17 12:38:16.961  1628  1628 I SystemServiceManager: Starting phase 500
07-17 12:38:16.961  1487  1487 W Resources: Preloaded drawable resource #0x1080264 (android:drawable/dialog_background_material) that varies with configuration!!
07-17 12:38:16.962  1628  1628 I VrManagerService: No default vr listener service found.
07-17 12:38:16.963  1487  1487 W Resources: Preloaded color resource #0x10600de (android:color/material_grey_800) that varies with configuration!!
07-17 12:38:16.963  1487  1487 W Resources: Preloaded drawable resource #0x10802d1 (android:drawable/floating_popup_background_dark) that varies with configuration!!
07-17 12:38:16.963  1628  1628 I WifiService: WifiService starting up with Wi-Fi enabled
07-17 12:38:16.964  1628  1723 I zygote64: Looking for service android.hidl.manager@1.0::IServiceManager/default
07-17 12:38:16.965  1628  1723 I zygote64: Starting thread pool.
07-17 12:38:16.965  1628  1711 D HalDeviceManager: IWifi registration notification: fqName=android.hardware.wifi@1.0::IWifi, name=default, preexisting=true
07-17 12:38:16.965  1628  1711 I zygote64: Looking for service android.hardware.wifi@1.0::IWifi/default
07-17 12:38:16.966  1628  1711 I zygote64: Starting thread pool.
07-17 12:38:16.966  1628  1628 D WifiService: setWifiEnabled: true pid=1628, uid=1000, package=android
07-17 12:38:16.966  1628  1722 D WifiController: WifiController msg { when=0 what=155656 target=com.android.internal.util.StateMachine$SmHandler } deferred for 500ms
07-17 12:38:16.966  1628  1628 I WifiScanningService: Starting wifiscanner
07-17 12:38:16.968  1628  1628 I RttService: Registering rttmanager
07-17 12:38:16.975  1628  1628 D ZenLog  : config: cleanUpZenRules,ZenModeConfig[user=0,allowCalls=true,allowRepeatCallers=false,allowMessages=false,allowCallsFrom=contacts,allowMessagesFrom=contacts,allowReminders=true,allowEvents=true,allowWhenScreenOff=true,allowWhenScreenOn=true,automaticRules={fd1b8c0742ea4e0c86eaccaff34210c4=ZenRule[enabled=false,snoozing=false,name=Weekend,zenMode=ZEN_MODE_ALARMS,conditionId=condition://android/schedule?days=6.7&start=23.30&end=10.0&exitAtAlarm=false,condition=Condition[id=condition://android/schedule?days=6.7&start=23.30&end=10.0&exitAtAlarm=false,summary=...,line1=...,line2=...,icon=0,state=STATE_FALSE,flags=2],component=ComponentInfo{android/com.android.server.notification.ScheduleConditionProvider},id=fd1b8c0742ea4e0c86eaccaff34210c4,creationTime=1652971951438,enabler=null], 6f372b5d75f5471a8b4cd9168d979e8c=ZenRule[enabled=false,snoozing=false,name=Weeknight,zenMode=ZEN_MODE_ALARMS,conditionId=condition://android/schedule?days=1.2.3.4.5&start=22.0&end=7.0&exitAtAlarm=false,condition=Condition[id=condition://android/schedule?days=1.2.3.4.5&start=22.0&end=7.0&exitAtAlarm=false,summary=...,line1=...,line2=...,icon=0,state=STATE_FALSE,flags=2],component=ComponentInfo{android/com.android.server.notification.ScheduleConditionProvider},id=6f372b5d75f5471a8b4cd9168d979e8c,creationTime=1652971951438,enabler=null], 97e3578499004c37805ed7971baff4b0=ZenRule[enabled=false,snoozing=false,name=Event,zenMode=ZEN_MODE_ALARMS,conditionId=condition://android/event?userId=-10000&calendar=&reply=1,condition=Condition[id=condition://android/event?userId=-10000&calendar=&reply=1,summary=...,line1=...,line2=...,icon=0,state=STATE_FALSE,flags=2],component=ComponentInfo{android/com.android.server.notification.EventConditionProvider},id=97e3578499004c37805ed7971baff4b0,creationTime=1652971951438,enabler=null]},manualRule=null],Diff[]
07-17 12:38:16.975  1628  1628 D ZenLog  : set_zen_mode: off,onSystemReady
07-17 12:38:16.975  1488  1563 D PermissionCache: checking android.permission.CAPTURE_AUDIO_HOTWORD for uid=1000 => granted (83 us)
07-17 12:38:16.975  1628  1628 W SoundTriggerHelper: listModules status=0, # of modules=0
07-17 12:38:16.976  1628  1628 D ContextHubSystemService: onBootPhase: PHASE_SYSTEM_SERVICES_READY
07-17 12:38:16.976  1628  1628 D SystemServerTiming: StartBootPhaseSystemServicesReady took to complete: 15ms
07-17 12:38:16.976  1628  1628 I SystemServer: MakeWindowManagerServiceReady
07-17 12:38:16.977  1628  1628 D SystemServerTiming: MakeWindowManagerServiceReady took to complete: 1ms
07-17 12:38:16.978  1628  1628 I SystemServer: MakePowerManagerServiceReady
07-17 12:38:16.979  1628  1628 D SystemServerTiming: MakePowerManagerServiceReady took to complete: 1ms
07-17 12:38:16.979  1628  1628 I SystemServer: MakePackageManagerServiceReady
07-17 12:38:16.982  1628  1666 E KernelCpuSpeedReader: Failed to read cpu-freq: /sys/devices/system/cpu/cpu0/cpufreq/stats/time_in_state (No such file or directory)
07-17 12:38:16.984  1628  1628 V UserDataPreparer: Found /data/user_de/0 with serial number 0
07-17 12:38:16.984  1628  1628 V UserDataPreparer: Found /data/user/0 with serial number 0
07-17 12:38:16.984  1628  1628 V UserDataPreparer: Found /data/system_de/0 with serial number 0
07-17 12:38:16.984  1628  1628 V UserDataPreparer: Found /data/system_ce/0 with serial number 0
07-17 12:38:16.984  1628  1628 V UserDataPreparer: Found /data/misc_ce/0 with serial number 0
07-17 12:38:16.985  1628  1628 D SystemServerTiming: MakePackageManagerServiceReady took to complete: 6ms
07-17 12:38:16.985  1628  1628 I SystemServer: MakeDisplayManagerServiceReady
07-17 12:38:16.985  1628  1666 E KernelUidCpuFreqTimeReader: Failed to read /proc/uid_time_in_state: java.io.FileNotFoundException: /proc/uid_time_in_state (No such file or directory)
07-17 12:38:16.985  1628  1657 E KernelCpuSpeedReader: Failed to read cpu-freq: /sys/devices/system/cpu/cpu0/cpufreq/stats/time_in_state (No such file or directory)
07-17 12:38:16.985  1628  1628 D SystemServerTiming: MakeDisplayManagerServiceReady took to complete: 0ms
07-17 12:38:16.986  1628  1666 W KeyguardServiceDelegate: onScreenTurningOn(): no keyguard service!
07-17 12:38:16.986  1628  1628 I ActivityManager: System now ready
07-17 12:38:16.986  1628  1628 I boot_progress_ams_ready: 4986
07-17 12:38:16.987  1628  1628 I SystemServer: Making services ready
07-17 12:38:16.987  1628  1628 I SystemServer: StartActivityManagerReadyPhase
07-17 12:38:16.987  1628  1628 I SystemServiceManager: Starting phase 550
07-17 12:38:17.007  1487  1487 I Zygote  : ...preloaded 114 resources in 58ms.
07-17 12:38:17.008  1487  1487 W Resources: Preloaded color resource #0x1060036 (android:color/background_cache_hint_selector_material_dark) that varies with configuration!!
07-17 12:38:17.009  1487  1487 W Resources: Preloaded color resource #0x1060053 (android:color/btn_default_material_dark) that varies with configuration!!
07-17 12:38:17.009  1487  1487 I Zygote  : ...preloaded 41 resources in 2ms.
07-17 12:38:17.009  1487  1487 D ZygoteInitTiming_lazy: PreloadResources took to complete: 79ms
07-17 12:38:17.009  1487  1487 D libEGL  : Emulator has host GPU support, qemu.gles is set to 1.
07-17 12:38:17.010  1487  1487 E vndksupport: Could not load /vendor/lib/egl/libGLES_emulation.so from sphal namespace: dlopen failed: library "/vendor/lib/egl/libGLES_emulation.so" not found.
07-17 12:38:17.010  1487  1487 E libEGL  : load_driver(/vendor/lib/egl/libGLES_emulation.so): unknown
07-17 12:38:17.011  1628  1628 I am_uid_running: 10048
07-17 12:38:17.019  1487  1487 D libEGL  : loaded /vendor/lib/egl/libEGL_emulation.so
07-17 12:38:17.021  1487  1487 D libEGL  : loaded /vendor/lib/egl/libGLESv1_CM_emulation.so
07-17 12:38:17.036  1487  1487 D libEGL  : loaded /vendor/lib/egl/libGLESv2_emulation.so
07-17 12:38:17.047  1408  1408 I boot-pipe: done populating /dev/random
07-17 12:38:17.048  1487  1487 I Zygote  : Preloading shared libraries...
07-17 12:38:17.051  1487  1487 E Hyphenator: hyphenation patterns for /system/usr/hyphen-data/hyph-as.hyb not found or unreadable
07-17 12:38:17.051  1487  1487 E Hyphenator: hyphenation patterns for /system/usr/hyphen-data/hyph-bg.hyb not found or unreadable
07-17 12:38:17.051  1487  1487 E Hyphenator: hyphenation patterns for /system/usr/hyphen-data/hyph-bn.hyb not found or unreadable
07-17 12:38:17.051  1487  1487 E Hyphenator: hyphenation patterns for /system/usr/hyphen-data/hyph-cu.hyb not found or unreadable
07-17 12:38:17.051  1487  1487 E Hyphenator: hyphenation patterns for /system/usr/hyphen-data/hyph-cy.hyb not found or unreadable
07-17 12:38:17.051  1487  1487 E Hyphenator: hyphenation patterns for /system/usr/hyphen-data/hyph-da.hyb not found or unreadable
07-17 12:38:17.051  1487  1487 E Hyphenator: hyphenation patterns for /system/usr/hyphen-data/hyph-de-1901.hyb not found or unreadable
07-17 12:38:17.051  1487  1487 E Hyphenator: hyphenation patterns for /system/usr/hyphen-data/hyph-de-1996.hyb not found or unreadable
07-17 12:38:17.051  1487  1487 E Hyphenator: hyphenation patterns for /system/usr/hyphen-data/hyph-de-ch-1901.hyb not found or unreadable
07-17 12:38:17.051  1487  1487 E Hyphenator: hyphenation patterns for /system/usr/hyphen-data/hyph-en-gb.hyb not found or unreadable
07-17 12:38:17.051  1487  1487 E Hyphenator: hyphenation patterns for /system/usr/hyphen-data/hyph-en-us.hyb not found or unreadable
07-17 12:38:17.051  1487  1487 E Hyphenator: hyphenation patterns for /system/usr/hyphen-data/hyph-es.hyb not found or unreadable
07-17 12:38:17.051  1487  1487 E Hyphenator: hyphenation patterns for /system/usr/hyphen-data/hyph-et.hyb not found or unreadable
07-17 12:38:17.051  1487  1487 E Hyphenator: hyphenation patterns for /system/usr/hyphen-data/hyph-eu.hyb not found or unreadable
07-17 12:38:17.051  1487  1487 E Hyphenator: hyphenation patterns for /system/usr/hyphen-data/hyph-fr.hyb not found or unreadable
07-17 12:38:17.051  1487  1487 E Hyphenator: hyphenation patterns for /system/usr/hyphen-data/hyph-ga.hyb not found or unreadable
07-17 12:38:17.051  1487  1487 E Hyphenator: hyphenation patterns for /system/usr/hyphen-data/hyph-gu.hyb not found or unreadable
07-17 12:38:17.051  1487  1487 E Hyphenator: hyphenation patterns for /system/usr/hyphen-data/hyph-hi.hyb not found or unreadable
07-17 12:38:17.051  1487  1487 E Hyphenator: hyphenation patterns for /system/usr/hyphen-data/hyph-hr.hyb not found or unreadable
07-17 12:38:17.051  1487  1487 E Hyphenator: hyphenation patterns for /system/usr/hyphen-data/hyph-hu.hyb not found or unreadable
07-17 12:38:17.051  1487  1487 E Hyphenator: hyphenation patterns for /system/usr/hyphen-data/hyph-hy.hyb not found or unreadable
07-17 12:38:17.051  1487  1487 E Hyphenator: hyphenation patterns for /system/usr/hyphen-data/hyph-kn.hyb not found or unreadable
07-17 12:38:17.051  1487  1487 E Hyphenator: hyphenation patterns for /system/usr/hyphen-data/hyph-ml.hyb not found or unreadable
07-17 12:38:17.051  1487  1487 E Hyphenator: hyphenation patterns for /system/usr/hyphen-data/hyph-mn-cyrl.hyb not found or unreadable
07-17 12:38:17.051  1487  1487 E Hyphenator: hyphenation patterns for /system/usr/hyphen-data/hyph-mr.hyb not found or unreadable
07-17 12:38:17.051  1487  1487 E Hyphenator: hyphenation patterns for /system/usr/hyphen-data/hyph-nb.hyb not found or unreadable
07-17 12:38:17.051  1487  1487 E Hyphenator: hyphenation patterns for /system/usr/hyphen-data/hyph-nn.hyb not found or unreadable
07-17 12:38:17.051  1487  1487 E Hyphenator: hyphenation patterns for /system/usr/hyphen-data/hyph-or.hyb not found or unreadable
07-17 12:38:17.051  1487  1487 E Hyphenator: hyphenation patterns for /system/usr/hyphen-data/hyph-pa.hyb not found or unreadable
07-17 12:38:17.051  1487  1487 E Hyphenator: hyphenation patterns for /system/usr/hyphen-data/hyph-pt.hyb not found or unreadable
07-17 12:38:17.051  1487  1487 E Hyphenator: hyphenation patterns for /system/usr/hyphen-data/hyph-sl.hyb not found or unreadable
07-17 12:38:17.051  1487  1487 E Hyphenator: hyphenation patterns for /system/usr/hyphen-data/hyph-ta.hyb not found or unreadable
07-17 12:38:17.051  1487  1487 E Hyphenator: hyphenation patterns for /system/usr/hyphen-data/hyph-te.hyb not found or unreadable
07-17 12:38:17.051  1487  1487 E Hyphenator: hyphenation patterns for /system/usr/hyphen-data/hyph-tk.hyb not found or unreadable
07-17 12:38:17.051  1487  1487 E Hyphenator: hyphenation patterns for /system/usr/hyphen-data/hyph-und-ethi.hyb not found or unreadable
07-17 12:38:17.055  1487  1487 I Zygote  : Uninstalled ICU cache reference pinning...
07-17 12:38:17.058  1487  1487 I Zygote  : Installed AndroidKeyStoreProvider in 3ms.
07-17 12:38:17.071  1487  1487 I Zygote  : Warmed up JCA providers in 13ms.
07-17 12:38:17.071  1487  1487 D Zygote  : end preload
07-17 12:38:17.071  1628  1650 D SystemServerTimingAsync: SecondaryZygotePreload took to complete: 481ms
07-17 12:38:17.071  1628  1650 D SystemServerInitThreadPool: Finished executing SecondaryZygotePreload
07-17 12:38:17.080  1751  1751 W zygote64: Unexpected CPU variant for X86 using defaults: x86_64
07-17 12:38:17.081  1628  1628 W ActivityManager: Slow operation: 70ms so far, now at startProcess: returned from zygote!
