07-17 12:38:18.793  2208  2208 I sysui_multi_action: [757,804,799,build_date,801,1533321895,802,1]
07-17 12:38:18.793  2208  2208 I sysui_multi_action: [757,804,799,ota_boot_complete_no_encryption,801,13,802,1]
07-17 12:38:18.793  2208  2208 I sysui_multi_action: [757,804,799,ota_boot_complete,801,13,802,1]
07-17 12:38:18.793  2208  2208 I sysui_multi_action: [757,804,799,ro.boottime.init,801,1288,802,1]
07-17 12:38:18.793  2208  2208 I sysui_multi_action: [757,804,799,ro.boottime.init.selinux,801,167,802,1]
07-17 12:38:18.793  2208  2208 I sysui_multi_action: [757,804,799,ro.boottime.init.cold_boot_wait,801,40,802,1]
07-17 12:38:18.793  2208  2208 I sysui_multi_action: [757,804,799,boot_reason,801,1,802,1]
07-17 12:38:18.793  2208  2208 I sysui_multi_action: [757,804,799,factory_reset_current_time,801,1689597498,802,1]
07-17 12:38:18.793  2208  2208 I sysui_multi_action: [757,804,799,factory_reset,801,1652971949,802,1]
07-17 12:38:18.793  2208  2208 I sysui_multi_action: [757,804,799,time_since_last_boot,801,36625146,802,1]
07-17 12:38:18.793  2208  2208 I sysui_multi_action: [757,804,799,boot_complete_no_encryption,801,8,802,1]
07-17 12:38:18.793  2208  2208 I sysui_multi_action: [757,804,799,boot_complete,801,8,802,1]
07-17 12:38:18.793  2208  2208 I sysui_multi_action: [757,804,799,factory_reset_record_value,801,1652971949,802,1]
07-17 12:38:18.793  2208  2208 I sysui_multi_action: [757,804,799,time_since_factory_reset,801,36625549,802,1]
07-17 12:38:18.822  1628  1664 V PackageManager: reconcileAppsData finished 85 packages
07-17 12:38:18.822  1628  1657 I SystemServiceManager: Calling onUnlockUser u0
07-17 12:38:18.822  1628  1657 D StorageManagerService: onUnlockUser 0
07-17 12:38:18.822  1628  1657 D VoldConnector: SND -> {8 volume user_started 0}
07-17 12:38:18.824  2061  2061 I AlarmClock: AlarmInitReceiver android.intent.action.LOCKED_BOOT_COMPLETED
07-17 12:38:18.824  1770  1770 W KeyguardUpdateMonitor: invalid subId in handleServiceStateChange()
07-17 12:38:18.824  1770  1770 W KeyguardUpdateMonitor: invalid subId in handleSimStateChange()
07-17 12:38:18.824  1770  1770 W KeyguardUpdateMonitor: invalid subId in handleSimStateChange()
07-17 12:38:18.824  2061  2098 I AlarmClock: Fixing alarm instances
07-17 12:38:18.825  1348  1353 D vold    : Linking /storage/emulated/0 to /mnt/user/0/primary
07-17 12:38:18.825  1628  1715 D VoldConnector: RCV <- {200 8 Command succeeded}
07-17 12:38:18.825  1628  1723 D WifiConfigStore: Reading from stores completed in 1 ms.
07-17 12:38:18.827  1628  1714 D StorageManagerService: Volume emulated broadcasting mounted to UserHandle{0}
07-17 12:38:18.827  2061  2098 V AlarmClock: AlarmInitReceiver finished
07-17 12:38:18.832  1628  1723 D WIFI    : Registering NetworkFactory
07-17 12:38:18.833  1628  1723 D WIFI_UT : Registering NetworkFactory
07-17 12:38:18.833  1628  1727 D ConnectivityService: Got NetworkFactory Messenger for WIFI
07-17 12:38:18.833  1628  1727 D ConnectivityService: Got NetworkFactory Messenger for WIFI_UT
07-17 12:38:18.833  1628  1723 D WIFI    : got request NetworkRequest [ TRACK_DEFAULT id=3, [ Capabilities: INTERNET&NOT_RESTRICTED&TRUSTED&NOT_VPN] ] with score 50
07-17 12:38:18.834  2137  2137 I Dialer  : NotificationChannelManager.initChannels - enter
07-17 12:38:18.839  1628  1628 I am_uid_running: 10065
07-17 12:38:18.841  1628  1723 D WifiConnectivityHelper: Firmware supported feature set: 10019
07-17 12:38:18.841  1628  1723 D WifiConnectivityHelper: Firmware roaming is not supported
07-17 12:38:18.846  1751  1751 I InputAttributes: InputType.TYPE_NULL is specified
07-17 12:38:18.849  2217  2217 W zygote  : Unexpected CPU variant for X86 using defaults: x86_64
07-17 12:38:18.849  1628  1628 I am_proc_start: [0,2217,10065,com.android.chrome,service,com.android.chrome/org.chromium.components.background_task_scheduler.internal.BackgroundTaskJobService]
07-17 12:38:18.849  1628  1628 I ActivityManager: Start proc 2217:com.android.chrome/u0a65 for service com.android.chrome/org.chromium.components.background_task_scheduler.internal.BackgroundTaskJobService
07-17 12:38:18.850  1628  1723 D WIFI    : got request NetworkRequest [ REQUEST id=1, [ Capabilities: INTERNET&NOT_RESTRICTED&TRUSTED&NOT_VPN] ] with score 50
07-17 12:38:18.850  1628  1723 D WIFI    : got request NetworkRequest [ BACKGROUND_REQUEST id=2, [ Transports: CELLULAR Capabilities: INTERNET&NOT_RESTRICTED&TRUSTED&NOT_VPN] ] with score 50
07-17 12:38:18.850  1628  1723 D WIFI_UT : got request NetworkRequest [ TRACK_DEFAULT id=3, [ Capabilities: INTERNET&NOT_RESTRICTED&TRUSTED&NOT_VPN] ] with score 50
07-17 12:38:18.850  1628  1723 D WIFI_UT : got request NetworkRequest [ REQUEST id=1, [ Capabilities: INTERNET&NOT_RESTRICTED&TRUSTED&NOT_VPN] ] with score 50
07-17 12:38:18.850  1628  1723 D WIFI_UT : got request NetworkRequest [ BACKGROUND_REQUEST id=2, [ Transports: CELLULAR Capabilities: INTERNET&NOT_RESTRICTED&TRUSTED&NOT_VPN] ] with score 50
07-17 12:38:18.851  1628  1723 D WifiConfigStore: Reading from user store completed in 0 ms.
07-17 12:38:18.852  1628  1657 I SELinux : SELinux: Loaded file_contexts
07-17 12:38:18.854  1628  1657 V BackupManagerService: No ancestral data
07-17 12:38:18.857  1628  1821 I am_uid_running: 10007
07-17 12:38:18.862  1628  1723 D WifiConfigStore: Writing to stores completed in 11 ms.
07-17 12:38:18.863  2225  2225 W zygote64: Unexpected CPU variant for X86 using defaults: x86_64
07-17 12:38:18.868  1628  1821 I am_proc_start: [0,2225,10007,android.process.media,broadcast,com.android.providers.downloads/.DownloadReceiver]
07-17 12:38:18.868  1628  1821 I ActivityManager: Start proc 2225:android.process.media/u0a7 for broadcast com.android.providers.downloads/.DownloadReceiver
07-17 12:38:18.869  1628  1657 V BackupManagerService: Starting with transport android/com.android.internal.backup.LocalTransport
07-17 12:38:18.869  1628  1657 D BackupTransportManager: Binding to transport: android/com.android.internal.backup.LocalTransportService
07-17 12:38:18.870  1628  1932 I am_proc_bound: [0,2225,android.process.media]
07-17 12:38:18.872  1628  1932 I am_proc_bound: [0,2217,com.android.chrome]
07-17 12:38:18.873  1628  1657 I BackupManagerService: Backup enabled => false
07-17 12:38:18.876  1628  1628 I backup_transport_lifecycle: [android/com.android.internal.backup.LocalTransportService,1]
07-17 12:38:18.877  1628  1628 D BackupTransportManager: Bound to transport: android/com.android.internal.backup.LocalTransportService
07-17 12:38:18.883  1628  2213 V KeyValueBackupJob: Scheduling k/v pass in 249 minutes
07-17 12:38:18.907  1770  1770 I Choreographer: Skipped 59 frames!  The application may be doing too much work on its main thread.
07-17 12:38:18.925  1770  2023 D EGL_emulation: eglMakeCurrent: 0x789cdb239aa0: ver 3 0 (tinfo 0x789cdb20d820)
07-17 12:38:18.933  1770  1770 D         : HostConnection::get() New Host Connection established 0x789cc4b118c0, tid 1770
07-17 12:38:18.934  1628  2213 I BackupManagerService: Found stale backup journal, scheduling
07-17 12:38:18.935  1770  1770 D EGL_emulation: eglCreateContext: 0x789cc4bf9280: maj 3 min 0 rcv 3
07-17 12:38:18.939  1770  1770 D EGL_emulation: eglMakeCurrent: 0x789cc4bf9280: ver 3 0 (tinfo 0x789cc4bd5820)
07-17 12:38:18.941  1400  1400 D gralloc_ranchu: gralloc_alloc: Creating ashmem region of size 3936256
07-17 12:38:18.943  1410  1435 D         : HostConnection::get() New Host Connection established 0x7d39fe11bda0, tid 1435
07-17 12:38:18.952  1770  1770 D EGL_emulation: eglMakeCurrent: 0x789cc4bf9280: ver 3 0 (tinfo 0x789cc4bd5820)
07-17 12:38:18.959  1628  1657 W SystemServiceManager: Service com.android.server.appwidget.AppWidgetService took 77 ms in onUnlockUser 
07-17 12:38:18.959  1628  1657 W VoiceInteractionManagerService: no available voice interaction services found for user 0
07-17 12:38:18.959  1628  1657 W VoiceInteractionManagerService: no available voice recognition services found for user 0
07-17 12:38:18.964  1628  1657 I ActivityManager: Loading recents for user 0 into memory.
07-17 12:38:18.967  1628  1656 W System  : ClassLoader referenced unknown path: 
07-17 12:38:18.967  1628  1657 V ActivityManager: Installing ContentProviderInfo{name=com.android.dialer.files className=android.support.v4.content.FileProvider}
07-17 12:38:18.967  1628  1657 V ActivityManager: Installing ContentProviderInfo{name=com.android.dialer.blocking.filterednumberprovider className=com.android.dialer.blocking.FilteredNumberProvider}
07-17 12:38:18.968  1628  1657 I ActivityManager: User 0 state changed from RUNNING_UNLOCKING to RUNNING_UNLOCKED
07-17 12:38:18.968  1628  1657 I am_user_state_changed: [0,3]
07-17 12:38:18.969  1628  1657 I ActivityManager: Sending BOOT_COMPLETE user #0
07-17 12:38:18.969  1628  1657 I sysui_histogram: [framework_boot_completed,8]
07-17 12:38:18.969  1628  1657 I sysui_multi_action: [757,804,799,framework_boot_completed,801,8,802,1]
07-17 12:38:18.974  1937  1937 D FallbackHome: User unlocked and real home found; let's go!
07-17 12:38:18.975  1628  1821 I am_finish_activity: [0,36867690,1,com.android.settings/.FallbackHome,app-request]
07-17 12:38:18.975  1918  1918 D CarrierSvcBindHelper: Received android.intent.action.USER_UNLOCKED
07-17 12:38:18.975  1628  1821 I wm_task_moved: [1,1,0]
07-17 12:38:18.975  1628  1821 I am_pause_activity: [0,36867690,com.android.settings/.FallbackHome]
07-17 12:38:18.976  1918  1918 D CarrierSvcBindHelper: No carrier app for: 0
07-17 12:38:18.976  1937  1937 I am_on_paused_called: [0,com.android.settings.FallbackHome,handlePauseActivity]
07-17 12:38:18.978  1628  1821 I wm_task_moved: [1,1,0]
07-17 12:38:18.981  1628  1821 I ActivityManager: START u0 {act=android.intent.action.MAIN cat=[android.intent.category.HOME] flg=0x10000100 cmp=com.android.launcher3/.Launcher} from uid 0
07-17 12:38:18.984  2217  2217 I cr_SplitCompatApp: Launched version=100.0.4896.127 minSdkVersion=24 isBundle=true processName=com.android.chrome isIsolated=false
07-17 12:38:18.987  1628  1628 I AccountManagerService: User 0 is unlocked - opening CE database
07-17 12:38:18.988  1628  1821 I wm_task_created: [9,0]
07-17 12:38:18.988  1628  1821 I wm_task_moved: [9,1,1]
07-17 12:38:18.988  1628  1821 I wm_task_moved: [9,1,1]
07-17 12:38:18.988  1628  1821 I am_create_task: [0,9]
07-17 12:38:18.988  1628  1821 I am_create_activity: [0,224360016,9,com.android.launcher3/.Launcher,android.intent.action.MAIN,NULL,NULL,268435712]
07-17 12:38:18.988  1628  1821 I wm_task_moved: [9,1,1]
07-17 12:38:18.989  1628  1821 I am_uid_running: 10013
07-17 12:38:18.999  1628  1821 I am_proc_start: [0,2273,10013,com.android.launcher3,activity,com.android.launcher3/.Launcher]
07-17 12:38:18.999  1628  1821 I ActivityManager: Start proc 2273:com.android.launcher3/u0a13 for activity com.android.launcher3/.Launcher
07-17 12:38:19.000  1628  1628 D WifiService: resetting networks because SIM was loaded
07-17 12:38:19.000  1628  1657 I sysui_count: [window_time_0,4]
07-17 12:38:19.000  1628  1657 I sysui_multi_action: [757,803,799,window_time_0,802,4]
07-17 12:38:19.000  1628  1723 D WifiStateMachine: resetting EAP-SIM/AKA/AKA' networks since SIM was changed
07-17 12:38:19.001  1628  1657 I sysui_count: [window_time_0,0]
07-17 12:38:19.001  1628  1657 I sysui_multi_action: [757,803,799,window_time_0,802,0]
07-17 12:38:19.004  2273  2273 W zygote64: Unexpected CPU variant for X86 using defaults: x86_64
07-17 12:38:19.015  1628  1963 I am_proc_bound: [0,2273,com.android.launcher3]
07-17 12:38:19.017  1628  1963 I am_uid_active: 10013
07-17 12:38:19.017  1628  1963 I am_restart_activity: [0,224360016,9,com.android.launcher3/.Launcher]
07-17 12:38:19.017  1628  1963 I am_set_resumed_activity: [0,com.android.launcher3/.Launcher,minimalResumeActivityLocked]
07-17 12:38:19.037  2273  2273 D LauncherProvider: Launcher process started
07-17 12:38:19.063  2273  2273 V Launcher: LauncherAppState initiated
07-17 12:38:19.078  1628  1821 I force_gc: Binder
07-17 12:38:19.098  2273  2273 W System  : ClassLoader referenced unknown path: 
07-17 12:38:19.123  1770  1790 I zygote64: Do partial code cache collection, code=60KB, data=50KB
07-17 12:38:19.123  1770  1790 I zygote64: After code cache collection, code=60KB, data=50KB
07-17 12:38:19.123  1770  1790 I zygote64: Increasing code cache capacity to 256KB
07-17 12:38:19.146  2273  2273 I am_on_resume_called: [0,com.android.launcher3.Launcher,LAUNCH_ACTIVITY]
07-17 12:38:19.153  2273  2308 D Launcher.Model: loadWorkspace: loading default favorites
07-17 12:38:19.154  2217  2288 W DynamiteModule: Local module descriptor class for com.google.android.gms.googlecertificates not found.
07-17 12:38:19.161  1410  1705 E SurfaceFlinger: ro.sf.lcd_density must be defined as a build property
07-17 12:38:19.163  2273  2317 D OpenGLRenderer: HWUI GL Pipeline
07-17 12:38:19.164  2217  2288 E ActivityThread: Failed to find provider info for com.google.android.gms.chimera
07-17 12:38:19.164  2217  2288 W DynamiteModule: Failed to retrieve remote module version.
07-17 12:38:19.174  1400  1400 D gralloc_ranchu: gralloc_alloc: Creating ashmem region of size 3936256
07-17 12:38:19.176  1770  2023 D EGL_emulation: eglMakeCurrent: 0x789cdb239aa0: ver 3 0 (tinfo 0x789cdb20d820)
07-17 12:38:19.190  2273  2317 D         : HostConnection::get() New Host Connection established 0x789cc80d8f80, tid 2317
07-17 12:38:19.191  1400  1400 D gralloc_ranchu: gralloc_alloc: Creating ashmem region of size 3936256
07-17 12:38:19.192  2273  2317 I OpenGLRenderer: Initialized EGL, version 1.4
07-17 12:38:19.192  2273  2317 D OpenGLRenderer: Swap behavior 1
07-17 12:38:19.193  1400  1400 D gralloc_ranchu: gralloc_alloc: Creating ashmem region of size 3936256
07-17 12:38:19.194  2225  2225 D MediaScannerReceiver: action: android.intent.action.MEDIA_MOUNTED path: /storage/emulated/0
07-17 12:38:19.195  2273  2317 D EGL_emulation: eglCreateContext: 0x789cd8d0dfa0: maj 3 min 0 rcv 3
07-17 12:38:19.197  2273  2317 D EGL_emulation: eglMakeCurrent: 0x789cd8d0dfa0: ver 3 0 (tinfo 0x789cd86b12c0)
07-17 12:38:19.200  1628  1963 I am_uid_running: 10053
07-17 12:38:19.200  2217  2288 E DynamiteModule: Failed to load IDynamiteLoader from GmsCore: Application package com.google.android.gms not found
07-17 12:38:19.201  2217  2288 I DynamiteModule: Considering local module com.google.android.gms.googlecertificates:0 and remote module com.google.android.gms.googlecertificates:0
07-17 12:38:19.204  1400  1400 D gralloc_ranchu: gralloc_alloc: Creating ashmem region of size 3936256
07-17 12:38:19.210  1628  1963 I am_proc_start: [0,2324,10053,com.android.quicksearchbox,broadcast,com.android.quicksearchbox/.SearchWidgetProvider]
07-17 12:38:19.210  1628  1963 I ActivityManager: Start proc 2324:com.android.quicksearchbox/u0a53 for broadcast com.android.quicksearchbox/.SearchWidgetProvider
07-17 12:38:19.227  2324  2324 W zygote64: Unexpected CPU variant for X86 using defaults: x86_64
07-17 12:38:19.233  1628  1640 I am_proc_bound: [0,2324,com.android.quicksearchbox]
07-17 12:38:19.234  2273  2317 D EGL_emulation: eglMakeCurrent: 0x789cd8d0dfa0: ver 3 0 (tinfo 0x789cd86b12c0)
07-17 12:38:19.240  2217  2288 E GoogleCertificates: Failed to get Google certificates from remote
07-17 12:38:19.240  2217  2288 E GoogleCertificates: RK0: No acceptable module com.google.android.gms.googlecertificates found. Local version is 0 and remote version is 0.
07-17 12:38:19.240  2217  2288 E GoogleCertificates: 	at VK0.h(chromium-Monochrome.aab-stable-489612726:487)
07-17 12:38:19.240  2217  2288 E GoogleCertificates: 	at lk1.a(chromium-Monochrome.aab-stable-489612726:636)
07-17 12:38:19.240  2217  2288 E GoogleCertificates: 	at pl1.c(chromium-Monochrome.aab-stable-489612726:699)
07-17 12:38:19.240  2217  2288 E GoogleCertificates: 	at xV0.g(chromium-Monochrome.aab-stable-489612726:47)
07-17 12:38:19.240  2217  2288 E GoogleCertificates: 	at xV0.f(chromium-Monochrome.aab-stable-489612726:93)
07-17 12:38:19.240  2217  2288 E GoogleCertificates: 	at Ah1.f(chromium-Monochrome.aab-stable-489612726:159)
07-17 12:38:19.240  2217  2288 E GoogleCertificates: 	at Ah1.a(chromium-Monochrome.aab-stable-489612726:119)
07-17 12:38:19.240  2217  2288 E GoogleCertificates: 	at s3.b(chromium-Monochrome.aab-stable-489612726:229)
07-17 12:38:19.240  2217  2288 E GoogleCertificates: 	at nq.call(chromium-Monochrome.aab-stable-489612726:119)
07-17 12:38:19.240  2217  2288 E GoogleCertificates: 	at java.util.concurrent.FutureTask.run(FutureTask.java:266)
07-17 12:38:19.240  2217  2288 E GoogleCertificates: 	at oq.run(chromium-Monochrome.aab-stable-489612726:473)
07-17 12:38:19.240  2217  2288 E GoogleCertificates: 	at Xn3.run(chromium-Monochrome.aab-stable-489612726:20)
07-17 12:38:19.240  2217  2288 E GoogleCertificates: 	at x14.g(chromium-Monochrome.aab-stable-489612726:214)
07-17 12:38:19.240  2217  2288 E GoogleCertificates: 	at v14.run(Unknown Source:2)
07-17 12:38:19.240  2217  2288 E GoogleCertificates: 	at java.util.concurrent.ThreadPoolExecutor.runWorker(ThreadPoolExecutor.java:1162)
07-17 12:38:19.240  2217  2288 E GoogleCertificates: 	at java.util.concurrent.ThreadPoolExecutor$Worker.run(ThreadPoolExecutor.java:636)
07-17 12:38:19.240  2217  2288 E GoogleCertificates: 	at q50.run(chromium-Monochrome.aab-stable-489612726:42)
07-17 12:38:19.240  2217  2288 E GoogleCertificates: 	at java.lang.Thread.run(Thread.java:764)
07-17 12:38:19.241  2217  2288 W GooglePlayServicesUtil: Cannot find Google Play services package name.
07-17 12:38:19.241  2217  2288 W GooglePlayServicesUtil: android.content.pm.PackageManager$NameNotFoundException: com.google.android.gms
07-17 12:38:19.241  2217  2288 W GooglePlayServicesUtil: 	at android.app.ApplicationPackageManager.getPackageInfoAsUser(ApplicationPackageManager.java:168)
07-17 12:38:19.241  2217  2288 W GooglePlayServicesUtil: 	at android.app.ApplicationPackageManager.getPackageInfo(ApplicationPackageManager.java:139)
07-17 12:38:19.241  2217  2288 W GooglePlayServicesUtil: 	at dy2.b(chromium-Monochrome.aab-stable-489612726:48)
07-17 12:38:19.241  2217  2288 W GooglePlayServicesUtil: 	at jl1.c(chromium-Monochrome.aab-stable-489612726:935)
07-17 12:38:19.241  2217  2288 W GooglePlayServicesUtil: 	at pl1.c(chromium-Monochrome.aab-stable-489612726:581)
07-17 12:38:19.241  2217  2288 W GooglePlayServicesUtil: 	at xV0.g(chromium-Monochrome.aab-stable-489612726:47)
07-17 12:38:19.241  2217  2288 W GooglePlayServicesUtil: 	at xV0.f(chromium-Monochrome.aab-stable-489612726:93)
07-17 12:38:19.241  2217  2288 W GooglePlayServicesUtil: 	at Ah1.f(chromium-Monochrome.aab-stable-489612726:159)
07-17 12:38:19.241  2217  2288 W GooglePlayServicesUtil: 	at Ah1.a(chromium-Monochrome.aab-stable-489612726:119)
07-17 12:38:19.241  2217  2288 W GooglePlayServicesUtil: 	at s3.b(chromium-Monochrome.aab-stable-489612726:229)
07-17 12:38:19.241  2217  2288 W GooglePlayServicesUtil: 	at nq.call(chromium-Monochrome.aab-stable-489612726:119)
07-17 12:38:19.241  2217  2288 W GooglePlayServicesUtil: 	at java.util.concurrent.FutureTask.run(FutureTask.java:266)
07-17 12:38:19.241  2217  2288 W GooglePlayServicesUtil: 	at oq.run(chromium-Monochrome.aab-stable-489612726:473)
07-17 12:38:19.241  2217  2288 W GooglePlayServicesUtil: 	at Xn3.run(chromium-Monochrome.aab-stable-489612726:20)
07-17 12:38:19.241  2217  2288 W GooglePlayServicesUtil: 	at x14.g(chromium-Monochrome.aab-stable-489612726:214)
07-17 12:38:19.241  2217  2288 W GooglePlayServicesUtil: 	at v14.run(Unknown Source:2)
07-17 12:38:19.241  2217  2288 W GooglePlayServicesUtil: 	at java.util.concurrent.ThreadPoolExecutor.runWorker(ThreadPoolExecutor.java:1162)
07-17 12:38:19.241  2217  2288 W GooglePlayServicesUtil: 	at java.util.concurrent.ThreadPoolExecutor$Worker.run(ThreadPoolExecutor.java:636)
07-17 12:38:19.241  2217  2288 W GooglePlayServicesUtil: 	at q50.run(chromium-Monochrome.aab-stable-489612726:42)
07-17 12:38:19.241  2217  2288 W GooglePlayServicesUtil: 	at java.lang.Thread.run(Thread.java:764)
07-17 12:38:19.241  2217  2288 W DynamiteModule: Local module descriptor class for com.google.android.gms.googlecertificates not found.
07-17 12:38:19.241  2217  2288 E DynamiteModule: Failed to load IDynamiteLoader from GmsCore: Application package com.google.android.gms not found
07-17 12:38:19.241  2217  2288 I DynamiteModule: Considering local module com.google.android.gms.googlecertificates:0 and remote module com.google.android.gms.googlecertificates:0
07-17 12:38:19.241  2217  2288 E GoogleCertificates: Failed to get Google certificates from remote
07-17 12:38:19.241  2217  2288 E GoogleCertificates: RK0: No acceptable module com.google.android.gms.googlecertificates found. Local version is 0 and remote version is 0.
07-17 12:38:19.241  2217  2288 E GoogleCertificates: 	at VK0.h(chromium-Monochrome.aab-stable-489612726:487)
07-17 12:38:19.241  2217  2288 E GoogleCertificates: 	at lk1.a(chromium-Monochrome.aab-stable-489612726:636)
07-17 12:38:19.241  2217  2288 E GoogleCertificates: 	at lk1.b(chromium-Monochrome.aab-stable-489612726:828)
07-17 12:38:19.241  2217  2288 E GoogleCertificates: 	at pl1.c(chromium-Monochrome.aab-stable-489612726:687)
07-17 12:38:19.241  2217  2288 E GoogleCertificates: 	at xV0.g(chromium-Monochrome.aab-stable-489612726:47)
07-17 12:38:19.241  2217  2288 E GoogleCertificates: 	at xV0.f(chromium-Monochrome.aab-stable-489612726:93)
07-17 12:38:19.241  2217  2288 E GoogleCertificates: 	at Ah1.f(chromium-Monochrome.aab-stable-489612726:159)
07-17 12:38:19.241  2217  2288 E GoogleCertificates: 	at Ah1.a(chromium-Monochrome.aab-stable-489612726:119)
07-17 12:38:19.241  2217  2288 E GoogleCertificates: 	at s3.b(chromium-Monochrome.aab-stable-489612726:229)
07-17 12:38:19.241  2217  2288 E GoogleCertificates: 	at nq.call(chromium-Monochrome.aab-stable-489612726:119)
07-17 12:38:19.241  2217  2288 E GoogleCertificates: 	at java.util.concurrent.FutureTask.run(FutureTask.java:266)
07-17 12:38:19.241  2217  2288 E GoogleCertificates: 	at oq.run(chromium-Monochrome.aab-stable-489612726:473)
07-17 12:38:19.241  2217  2288 E GoogleCertificates: 	at Xn3.run(chromium-Monochrome.aab-stable-489612726:20)
07-17 12:38:19.241  2217  2288 E GoogleCertificates: 	at x14.g(chromium-Monochrome.aab-stable-489612726:214)
07-17 12:38:19.241  2217  2288 E GoogleCertificates: 	at v14.run(Unknown Source:2)
07-17 12:38:19.241  2217  2288 E GoogleCertificates: 	at java.util.concurrent.ThreadPoolExecutor.runWorker(ThreadPoolExecutor.java:1162)
07-17 12:38:19.241  2217  2288 E GoogleCertificates: 	at java.util.concurrent.ThreadPoolExecutor$Worker.run(ThreadPoolExecutor.java:636)
07-17 12:38:19.241  2217  2288 E GoogleCertificates: 	at q50.run(chromium-Monochrome.aab-stable-489612726:42)
07-17 12:38:19.241  2217  2288 E GoogleCertificates: 	at java.lang.Thread.run(Thread.java:764)
07-17 12:38:19.255  2217  2288 W GooglePlayServicesUtil: com.android.chrome requires the Google Play Store, but it is missing.
07-17 12:38:19.283  2137  2137 I Dialer  : NonUiTaskBuilder.newThread - creating parallel thread
07-17 12:38:19.284  1628  1656 E memtrack: Couldn't load memtrack module
07-17 12:38:19.284  1628  1656 W android.os.Debug: failed to get memory consumption info: -1
07-17 12:38:19.285  2217  2217 I cr_LibraryLoader: Successfully loaded native library
07-17 12:38:19.295  2217  2217 I cr_CachingUmaRecorder: Flushed 23 samples from 18 histograms.
07-17 12:38:19.308  1628  2354 I RecoverySystem: No recovery log file
07-17 12:38:19.310  1628  1963 I am_uid_running: 10004
07-17 12:38:19.315  2360  2360 W zygote64: Unexpected CPU variant for X86 using defaults: x86_64
07-17 12:38:19.320  1628  1963 I am_proc_start: [0,2360,10004,android.process.acore,content provider,com.android.providers.contacts/.CallLogProvider]
07-17 12:38:19.320  1628  1963 I ActivityManager: Start proc 2360:android.process.acore/u0a4 for content provider com.android.providers.contacts/.CallLogProvider
07-17 12:38:19.322  1628  1932 I am_proc_bound: [0,2360,android.process.acore]
07-17 12:38:19.335  1628  1656 E memtrack: Couldn't load memtrack module
07-17 12:38:19.335  1628  1656 W android.os.Debug: failed to get memory consumption info: -1
07-17 12:38:19.335  1628  1656 E memtrack: Couldn't load memtrack module
07-17 12:38:19.335  1628  1656 W android.os.Debug: failed to get memory consumption info: -1
07-17 12:38:19.374  1628  1664 I am_activity_launch_time: [0,224360016,com.android.launcher3/.Launcher,382,382]
07-17 12:38:19.374  1628  1664 I ActivityManager: Displayed com.android.launcher3/.Launcher: +382ms
07-17 12:38:19.377  1628  1656 E memtrack: Couldn't load memtrack module
07-17 12:38:19.377  1628  1656 W android.os.Debug: failed to get memory consumption info: -1
07-17 12:38:19.388  1937  1984 D EGL_emulation: eglMakeCurrent: 0x789ce4ea7060: ver 3 0 (tinfo 0x789cd876a540)
07-17 12:38:19.405  1628  1656 E memtrack: Couldn't load memtrack module
07-17 12:38:19.405  1628  1656 W android.os.Debug: failed to get memory consumption info: -1
07-17 12:38:19.406  1628  1656 E memtrack: Couldn't load memtrack module
07-17 12:38:19.406  1628  1656 W android.os.Debug: failed to get memory consumption info: -1
07-17 12:38:19.407  1628  1656 E memtrack: Couldn't load memtrack module
07-17 12:38:19.407  1628  1656 W android.os.Debug: failed to get memory consumption info: -1
07-17 12:38:19.407  1628  1656 E memtrack: Couldn't load memtrack module
07-17 12:38:19.407  1628  1656 W android.os.Debug: failed to get memory consumption info: -1
07-17 12:38:19.407  2360  2380 D ContactsDatabaseHelper: WAL enabled for contacts2.db: true
07-17 12:38:19.411  2360  2360 I ContactsPerf: VoicemailContentProvider.onCreate start
07-17 12:38:19.417  2360  2360 I ContactsPerf: VoicemailContentProvider.onCreate finish
07-17 12:38:19.472  1628  1932 I sysui_multi_action: [757,128,758,3,793,2372,794,0,795,2372,796,26,806,android,857,DEVELOPER,858,2,947,0]
07-17 12:38:19.472  1628  1932 I notification_expansion: [-1|android|26|null|1000,0,1,2372,2372,0]
07-17 12:38:19.474  2360  2380 I ContactLocale: AddressBook Labels [[en_US]]: [, A, B, C, D, E, F, G, H, I, J, K, L, M, N, O, P, Q, R, S, T, U, V, W, X, Y, Z, , , , , , , , , , , , , , , , , , , , , , , , , , , , , , , , , , , , , , , , , , , , , , , , , , , , , , , , , , , , , , , , , , , , , , , , , , , , , , , , , , , , , , , , , , , , , , , , , , , , , , , , , , , , , , , , , , , , , , , , , , , , , , , , , , , , , , , , , , , , , , , , , , , , , , , , , , , , , , , , , , , , , , , , , , , , , , , , , , , , , , , , , , , #, ]
07-17 12:38:19.507  2360  2380 D ContactsDatabaseHelper: WAL enabled for profile.db: true
07-17 12:38:19.512  1628  1656 E memtrack: Couldn't load memtrack module
07-17 12:38:19.512  1628  1656 W android.os.Debug: failed to get memory consumption info: -1
07-17 12:38:19.512  1628  1656 E memtrack: Couldn't load memtrack module
07-17 12:38:19.512  1628  1656 W android.os.Debug: failed to get memory consumption info: -1
07-17 12:38:19.513  1628  1656 E memtrack: Couldn't load memtrack module
07-17 12:38:19.513  1628  1656 W android.os.Debug: failed to get memory consumption info: -1
07-17 12:38:19.515  1628  1656 E memtrack: Couldn't load memtrack module
07-17 12:38:19.515  1628  1656 W android.os.Debug: failed to get memory consumption info: -1
07-17 12:38:19.519  2137  2137 I Dialer  : DefaultVoicemailNotifier.updateVoicemailNotifications - update voicemail notifications successful
07-17 12:38:19.521  1628  1628 I Telecom : DefaultDialerCache: Refreshing default dialer for user 0: now com.android.dialer: DDC.oR@ACc
07-17 12:38:19.525  1628  1932 I am_uid_running: 10034
07-17 12:38:19.524  1918  1918 D CarrierConfigLoader: mHandler: 13 phoneId: 0
07-17 12:38:19.525  1918  1918 D CarrierConfigLoader: mHandler: 7 phoneId: 0
07-17 12:38:19.533  1918  1918 D CarrierConfigLoader: Loaded config from XML. package=com.android.carrierconfig phoneId=0
07-17 12:38:19.533  1918  1918 D CarrierConfigLoader: mHandler: 5 phoneId: 0
07-17 12:38:19.536  1628  1932 I am_proc_start: [0,2392,10034,com.android.calendar,broadcast,com.android.calendar/.alerts.AlertReceiver]
07-17 12:38:19.536  1628  1932 I ActivityManager: Start proc 2392:com.android.calendar/u0a34 for broadcast com.android.calendar/.alerts.AlertReceiver
07-17 12:38:19.537  1628  1932 I am_uid_active: 10004
07-17 12:38:19.539  2392  2392 W zygote64: Unexpected CPU variant for X86 using defaults: x86_64
07-17 12:38:19.543  1628  1628 I Telecom : PhoneAccountRegistrar: SimCallManager queried, returning: null: TSI.gSCMFU@ACk
07-17 12:38:19.544  1918  1918 I ImsResolver: Received Carrier Config Changed for SubId: 1
07-17 12:38:19.578  2217  2217 W cr_KnoxSettingsProvider: Permission to read device policy denied.
07-17 12:38:19.600  1628  1932 I am_proc_bound: [0,2392,com.android.calendar]
07-17 12:38:19.642  1628  2354 I BootReceiver: Copying /sys/fs/pstore/console-ramoops to DropBox (SYSTEM_LAST_KMSG)
07-17 12:38:19.654  1628  2354 I BootReceiver: Copying audit failures to DropBox
07-17 12:38:19.655  1628  2354 I BootReceiver: Copied 1005 worth of audits to DropBox
07-17 12:38:19.658  1628  2354 I sysui_histogram: [boot_fs_shutdown_umount_stat,4]
07-17 12:38:19.658  1628  2354 I sysui_multi_action: [757,804,799,boot_fs_shutdown_umount_stat,801,4,802,1]
07-17 12:38:19.658  1628  2354 W BootReceiver: boot_fs_shutdown, string not found
07-17 12:38:19.658  1628  2354 I sysui_histogram: [boot_mount_all_duration_default,110]
07-17 12:38:19.658  1628  2354 I sysui_multi_action: [757,804,799,boot_mount_all_duration_default,801,110,802,1]
07-17 12:38:19.658  1628  2354 I BootReceiver: Checking for fsck errors
07-17 12:38:19.658  1628  2354 I sysui_histogram: [boot_fs_stat_vdb,11]
07-17 12:38:19.658  1628  2354 I sysui_multi_action: [757,804,799,boot_fs_stat_vdb,801,11,802,1]
07-17 12:38:19.658  1628  2354 I BootReceiver: fs_stat, partition:vdb stat:0xb
07-17 12:38:19.667  2392  2392 D ExtensionsFactory: No custom extensions.
07-17 12:38:19.669  2392  2392 D AlertReceiver: onReceive: a=android.intent.action.BOOT_COMPLETED Intent { act=android.intent.action.BOOT_COMPLETED flg=0x9000010 cmp=com.android.calendar/.alerts.AlertReceiver (has extras) }
07-17 12:38:19.670  1628  1640 I am_uid_active: 10007
07-17 12:38:19.673  1628  1963 I am_uid_running: 10012
07-17 12:38:19.677  2392  2392 D AlertUtils: Flushing old alerts from shared prefs table
07-17 12:38:19.684  1628  1963 I am_proc_start: [0,2427,10012,com.android.contacts,broadcast,com.android.contacts/.interactions.OnBootOrUpgradeReceiver]
07-17 12:38:19.684  1628  1963 I ActivityManager: Start proc 2427:com.android.contacts/u0a12 for broadcast com.android.contacts/.interactions.OnBootOrUpgradeReceiver
07-17 12:38:19.685  2427  2427 W zygote64: Unexpected CPU variant for X86 using defaults: x86_64
07-17 12:38:19.685  2392  2425 D AlertService: 0 Action = android.intent.action.BOOT_COMPLETED
07-17 12:38:19.687  2392  2425 D AlertService: Scheduling next alarm with AlarmScheduler. sEventReminderReceived: null
07-17 12:38:19.687  1628  1640 I am_uid_running: 10001
07-17 12:38:19.694  2441  2441 W zygote64: Unexpected CPU variant for X86 using defaults: x86_64
07-17 12:38:19.698  1628  1640 I am_proc_start: [0,2441,10001,com.android.providers.calendar,content provider,com.android.providers.calendar/.CalendarProvider2]
07-17 12:38:19.698  1628  1640 I ActivityManager: Start proc 2441:com.android.providers.calendar/u0a1 for content provider com.android.providers.calendar/.CalendarProvider2
07-17 12:38:19.698  1628  1821 I am_proc_bound: [0,2427,com.android.contacts]
07-17 12:38:19.700  1648  1648 I hostapd : wlan1: interface state COUNTRY_UPDATE->HT_SCAN
07-17 12:38:19.700  1628  1821 I am_proc_bound: [0,2441,com.android.providers.calendar]
07-17 12:38:19.717  2217  2424 W GooglePlayServicesUtil: com.android.chrome requires the Google Play Store, but it is missing.
07-17 12:38:19.718  2217  2424 W GoogleApiManager: The service for Qh1 is not available: ConnectionResult{statusCode=SERVICE_INVALID, resolution=null, message=null}
07-17 12:38:19.723  2217  2424 W GooglePlayServicesUtil: com.android.chrome requires the Google Play Store, but it is missing.
07-17 12:38:19.723  2217  2424 W GoogleApiManager: The service for Qh1 is not available: ConnectionResult{statusCode=SERVICE_INVALID, resolution=null, message=null}
07-17 12:38:19.740  1628  1656 E memtrack: Couldn't load memtrack module
07-17 12:38:19.740  1628  1656 W android.os.Debug: failed to get memory consumption info: -1
07-17 12:38:19.747  1628  1963 W Binder  : Outgoing transactions from this process must be FLAG_ONEWAY
07-17 12:38:19.747  1628  1963 W Binder  : java.lang.Throwable
07-17 12:38:19.747  1628  1963 W Binder  : 	at android.os.BinderProxy.transact(Binder.java:736)
07-17 12:38:19.747  1628  1963 W Binder  : 	at android.content.ContentProviderProxy.getType(ContentProviderNative.java:451)
07-17 12:38:19.747  1628  1963 W Binder  : 	at com.android.server.am.ActivityManagerService.getProviderMimeType(ActivityManagerService.java:12100)
07-17 12:38:19.747  1628  1963 W Binder  : 	at android.app.IActivityManager$Stub.onTransact(IActivityManager.java:1799)
07-17 12:38:19.747  1628  1963 W Binder  : 	at com.android.server.am.ActivityManagerService.onTransact(ActivityManagerService.java:2935)
07-17 12:38:19.747  1628  1963 W Binder  : 	at android.os.Binder.execTransact(Binder.java:674)
07-17 12:38:19.748  2225  2329 V MediaProvider: pruneThumbnails 
07-17 12:38:19.750  2225  2329 V MediaProvider: /pruneDeadThumbnailFiles... 
07-17 12:38:19.755  2441  2441 I CalendarProvider2: Created com.android.providers.calendar.CalendarAlarmManager@b064791(com.android.providers.calendar.CalendarProvider2@6a0d6f6)
07-17 12:38:19.758  2061  2061 I AlarmClock: AlarmInitReceiver android.intent.action.BOOT_COMPLETED
07-17 12:38:19.761  1628  1640 W ShortcutService: Clock rewound
07-17 12:38:19.764  2061  2098 I AlarmClock: Fixing alarm instances
07-17 12:38:19.770  2061  2098 V AlarmClock: AlarmInitReceiver finished
07-17 12:38:19.772  2137  2137 I Dialer  : VoicemailModule.provideVoicemailClient - providing VoicemailClientImpl
07-17 12:38:19.774  1628  1640 I am_uid_running: 10041
07-17 12:38:19.777  1628  1656 E memtrack: Couldn't load memtrack module
07-17 12:38:19.777  1628  1656 W android.os.Debug: failed to get memory consumption info: -1
07-17 12:38:19.779  1628  1656 E memtrack: Couldn't load memtrack module
07-17 12:38:19.779  1628  1656 W android.os.Debug: failed to get memory consumption info: -1
07-17 12:38:19.785  1628  1640 I am_proc_start: [0,2470,10041,com.android.email,broadcast,com.android.email/.service.EmailBroadcastReceiver]
07-17 12:38:19.785  1628  1640 I ActivityManager: Start proc 2470:com.android.email/u0a41 for broadcast com.android.email/.service.EmailBroadcastReceiver
07-17 12:38:19.786  2470  2470 W zygote64: Unexpected CPU variant for X86 using defaults: x86_64
07-17 12:38:19.789  1628  1656 E memtrack: Couldn't load memtrack module
07-17 12:38:19.789  1628  1656 W android.os.Debug: failed to get memory consumption info: -1
07-17 12:38:19.791  1628  1656 E memtrack: Couldn't load memtrack module
07-17 12:38:19.791  1628  1656 W android.os.Debug: failed to get memory consumption info: -1
07-17 12:38:19.793  1628  1656 E memtrack: Couldn't load memtrack module
07-17 12:38:19.793  1628  1656 W android.os.Debug: failed to get memory consumption info: -1
07-17 12:38:19.794  1628  1656 E memtrack: Couldn't load memtrack module
07-17 12:38:19.794  1628  1656 W android.os.Debug: failed to get memory consumption info: -1
07-17 12:38:19.796  1628  1640 I am_proc_bound: [0,2470,com.android.email]
07-17 12:38:19.800  1628  1656 E memtrack: Couldn't load memtrack module
07-17 12:38:19.800  1628  1656 W android.os.Debug: failed to get memory consumption info: -1
07-17 12:38:19.820  2392  2425 D AlarmScheduler: No events found starting within 1 week.
07-17 12:38:19.825  2217  2217 W GooglePlayServicesUtil: com.android.chrome requires the Google Play Store, but it is missing.
07-17 12:38:19.840  1645  1645 E ipv6proxy: Failed to forward Router Advertisement from eth0 to wlan1: Network is unreachable
07-17 12:38:19.845  2217  2424 W GooglePlayServicesUtil: com.android.chrome requires the Google Play Store, but it is missing.
07-17 12:38:19.845  2217  2424 W GoogleApiManager: The service for DL1 is not available: ConnectionResult{statusCode=SERVICE_INVALID, resolution=null, message=null}
07-17 12:38:19.847  1628  1656 E memtrack: Couldn't load memtrack module
07-17 12:38:19.847  2217  2217 W GooglePlayServicesUtil: com.android.chrome requires the Google Play Store, but it is missing.
07-17 12:38:19.848  2217  2217 I cr_SmsProviderGms: construction successfull null, uz3@5637230
07-17 12:38:19.849  1628  1656 W android.os.Debug: failed to get memory consumption info: -1
07-17 12:38:19.856  1628  1656 E memtrack: Couldn't load memtrack module
07-17 12:38:19.856  1628  1656 W android.os.Debug: failed to get memory consumption info: -1
07-17 12:38:19.856  1628  1656 E memtrack: Couldn't load memtrack module
07-17 12:38:19.856  1628  1656 W android.os.Debug: failed to get memory consumption info: -1
07-17 12:38:19.860  1628  1656 E memtrack: Couldn't load memtrack module
07-17 12:38:19.860  1628  1656 W android.os.Debug: failed to get memory consumption info: -1
07-17 12:38:19.862  2217  2416 W GooglePlayServicesUtil: com.android.chrome requires the Google Play Store, but it is missing.
07-17 12:38:19.864  1628  1821 W ActivityManager: Unable to start service Intent { act=com.android.email.EXCHANGE_INTENT pkg=com.android.exchange } U=0: not found
07-17 12:38:19.865  1628  1656 E memtrack: Couldn't load memtrack module
07-17 12:38:19.865  1628  1656 W android.os.Debug: failed to get memory consumption info: -1
07-17 12:38:19.870  2470  2492 D ActivityThread: Loading provider com.android.email.provider;com.android.email.notifier: com.android.email.provider.EmailProvider
07-17 12:38:19.871  2217  2217 W GooglePlayServicesUtil: com.android.chrome requires the Google Play Store, but it is missing.
07-17 12:38:19.871  2217  2217 I cr_PlayServicesChecker: Disabling Background Sync because Play Services is not up to date.
07-17 12:38:19.875  2470  2493 D ActivityThread: Loading provider com.android.email.provider;com.android.email.notifier: com.android.email.provider.EmailProvider
07-17 12:38:19.876  1628  1640 W ActivityManager: Unable to start service Intent { act=com.android.email.EXCHANGE_INTENT pkg=com.android.exchange } U=0: not found
07-17 12:38:19.878  1628  1656 E memtrack: Couldn't load memtrack module
07-17 12:38:19.878  1628  1656 W android.os.Debug: failed to get memory consumption info: -1
07-17 12:38:19.879  1628  1656 E memtrack: Couldn't load memtrack module
07-17 12:38:19.879  1628  1656 W android.os.Debug: failed to get memory consumption info: -1
07-17 12:38:19.879  1628  1656 E memtrack: Couldn't load memtrack module
07-17 12:38:19.879  1628  1656 W android.os.Debug: failed to get memory consumption info: -1
07-17 12:38:19.886  1751  1751 I SystemBroadcastReceiver: Boot has been completed
07-17 12:38:19.887  1751  1751 I SystemBroadcastReceiver: toggleAppIcon() : FLAG_SYSTEM = true
07-17 12:38:19.889  1628  1656 E memtrack: Couldn't load memtrack module
07-17 12:38:19.889  1628  1656 W android.os.Debug: failed to get memory consumption info: -1
07-17 12:38:19.892  2217  2217 W cr_BkgrdTaskJS: Failed to stop job, because job with job id 54 does not exist.
07-17 12:38:19.896  1628  1963 I am_uid_running: 10014
07-17 12:38:19.902  2501  2501 W zygote64: Unexpected CPU variant for X86 using defaults: x86_64
07-17 12:38:19.906  1628  1963 I am_proc_start: [0,2501,10014,com.android.managedprovisioning,broadcast,com.android.managedprovisioning/.preprovisioning.BootReminder]
07-17 12:38:19.906  1628  1963 I ActivityManager: Start proc 2501:com.android.managedprovisioning/u0a14 for broadcast com.android.managedprovisioning/.preprovisioning.BootReminder
07-17 12:38:19.908  1628  1640 W ActivityManager: Unable to start service Intent { cmp=com.android.email/.service.AttachmentService } U=0: not found
07-17 12:38:19.909  1628  1640 W ActivityManager: Unable to start service Intent { act=com.android.email.EXCHANGE_INTENT pkg=com.android.exchange } U=0: not found
07-17 12:38:19.911  2470  2509 I Email   : Observing account changes for notifications
07-17 12:38:19.913  1628  1640 W ActivityManager: Unable to start service Intent { cmp=com.android.email/.service.AttachmentService } U=0: not found
07-17 12:38:19.913  1628  1640 W ActivityManager: Unable to start service Intent { act=com.android.email.EXCHANGE_INTENT pkg=com.android.exchange } U=0: not found
07-17 12:38:19.914  1628  1640 W ActivityManager: Unable to start service Intent { act=com.android.email.EXCHANGE_INTENT pkg=com.android.exchange } U=0: not found
07-17 12:38:19.916  2470  2470 E ActivityThread: Service com.android.email.service.EmailBroadcastProcessorService has leaked ServiceConnection com.android.emailcommon.service.ServiceProxy$ProxyConnection@cdf423d that was originally bound here
07-17 12:38:19.916  2470  2470 E ActivityThread: android.app.ServiceConnectionLeaked: Service com.android.email.service.EmailBroadcastProcessorService has leaked ServiceConnection com.android.emailcommon.service.ServiceProxy$ProxyConnection@cdf423d that was originally bound here
07-17 12:38:19.916  2470  2470 E ActivityThread: 	at android.app.LoadedApk$ServiceDispatcher.<init>(LoadedApk.java:1514)
07-17 12:38:19.916  2470  2470 E ActivityThread: 	at android.app.LoadedApk.getServiceDispatcher(LoadedApk.java:1406)
07-17 12:38:19.916  2470  2470 E ActivityThread: 	at android.app.ContextImpl.bindServiceCommon(ContextImpl.java:1589)
07-17 12:38:19.916  2470  2470 E ActivityThread: 	at android.app.ContextImpl.bindService(ContextImpl.java:1541)
07-17 12:38:19.916  2470  2470 E ActivityThread: 	at android.content.ContextWrapper.bindService(ContextWrapper.java:678)
07-17 12:38:19.916  2470  2470 E ActivityThread: 	at com.android.emailcommon.service.ServiceProxy.setTask(ServiceProxy.java:181)
07-17 12:38:19.916  2470  2470 E ActivityThread: 	at com.android.emailcommon.service.ServiceProxy.test(ServiceProxy.java:224)
07-17 12:38:19.916  2470  2470 E ActivityThread: 	at com.android.email.service.EmailServiceUtils.isServiceAvailable(EmailServiceUtils.java:160)
07-17 12:38:19.916  2470  2470 E ActivityThread: 	at com.android.email.provider.AccountReconciler.reconcileAccountsInternal(AccountReconciler.java:171)
07-17 12:38:19.916  2470  2470 E ActivityThread: 	at com.android.email.provider.AccountReconciler.reconcileAccounts(AccountReconciler.java:115)
07-17 12:38:19.916  2470  2470 E ActivityThread: 	at com.android.email.service.EmailBroadcastProcessorService.reconcileAndStartServices(EmailBroadcastProcessorService.java:305)
07-17 12:38:19.916  2470  2470 E ActivityThread: 	at com.android.email.service.EmailBroadcastProcessorService.onBootCompleted(EmailBroadcastProcessorService.java:295)
07-17 12:38:19.916  2470  2470 E ActivityThread: 	at com.android.email.service.EmailBroadcastProcessorService.onHandleIntent(EmailBroadcastProcessorService.java:130)
07-17 12:38:19.916  2470  2470 E ActivityThread: 	at android.app.IntentService$ServiceHandler.handleMessage(IntentService.java:76)
07-17 12:38:19.916  2470  2470 E ActivityThread: 	at android.os.Handler.dispatchMessage(Handler.java:105)
07-17 12:38:19.916  2470  2470 E ActivityThread: 	at android.os.Looper.loop(Looper.java:164)
07-17 12:38:19.916  2470  2470 E ActivityThread: 	at android.os.HandlerThread.run(HandlerThread.java:65)
07-17 12:38:19.916  1628  1821 W ActivityManager: Unbind failed: could not find connection for android.os.BinderProxy@7b7ecd5
07-17 12:38:19.917  1628  1821 I am_proc_bound: [0,2501,com.android.managedprovisioning]
07-17 12:38:19.920  1628  1640 W ActivityManager: Unable to start service Intent { act=com.android.email.EXCHANGE_INTENT pkg=com.android.exchange } U=0: not found
07-17 12:38:19.921  1628  1640 W ActivityManager: Unable to start service Intent { cmp=com.android.email/.service.AttachmentService } U=0: not found
07-17 12:38:19.922  1628  1821 W ActivityManager: Unable to start service Intent { act=com.android.email.EXCHANGE_INTENT pkg=com.android.exchange } U=0: not found
07-17 12:38:19.928  1628  1656 E memtrack: Couldn't load memtrack module
07-17 12:38:19.928  1628  1656 W android.os.Debug: failed to get memory consumption info: -1
07-17 12:38:19.933  1628  1640 I am_uid_running: 10057
07-17 12:38:19.938  2518  2518 W zygote64: Unexpected CPU variant for X86 using defaults: x86_64
07-17 12:38:19.944  1628  1640 I am_proc_start: [0,2518,10057,com.android.messaging,broadcast,com.android.messaging/.receiver.BootAndPackageReplacedReceiver]
07-17 12:38:19.944  1628  1640 I ActivityManager: Start proc 2518:com.android.messaging/u0a57 for broadcast com.android.messaging/.receiver.BootAndPackageReplacedReceiver
07-17 12:38:19.944  1628  1963 I am_proc_bound: [0,2518,com.android.messaging]
07-17 12:38:19.946  1628  1656 E memtrack: Couldn't load memtrack module
07-17 12:38:19.946  1628  1656 W android.os.Debug: failed to get memory consumption info: -1
07-17 12:38:19.948  1628  1656 E memtrack: Couldn't load memtrack module
07-17 12:38:19.948  1628  1656 W android.os.Debug: failed to get memory consumption info: -1
07-17 12:38:19.950  1628  1656 E memtrack: Couldn't load memtrack module
07-17 12:38:19.950  1628  1656 W android.os.Debug: failed to get memory consumption info: -1
07-17 12:38:19.952  1628  1656 E memtrack: Couldn't load memtrack module
07-17 12:38:19.952  1628  1656 W android.os.Debug: failed to get memory consumption info: -1
07-17 12:38:19.953  1628  1656 E memtrack: Couldn't load memtrack module
07-17 12:38:19.953  1628  1656 W android.os.Debug: failed to get memory consumption info: -1
07-17 12:38:19.954  1628  1656 E memtrack: Couldn't load memtrack module
07-17 12:38:19.954  1628  1656 W android.os.Debug: failed to get memory consumption info: -1
07-17 12:38:19.956  1628  1656 E memtrack: Couldn't load memtrack module
07-17 12:38:19.956  1628  1656 W android.os.Debug: failed to get memory consumption info: -1
07-17 12:38:19.958  1628  1656 E memtrack: Couldn't load memtrack module
07-17 12:38:19.958  1628  1656 W android.os.Debug: failed to get memory consumption info: -1
07-17 12:38:19.960  1628  1656 E memtrack: Couldn't load memtrack module
07-17 12:38:19.960  1628  1656 W android.os.Debug: failed to get memory consumption info: -1
07-17 12:38:19.962  1628  1656 E memtrack: Couldn't load memtrack module
07-17 12:38:19.962  1628  1656 W android.os.Debug: failed to get memory consumption info: -1
07-17 12:38:19.963  1628  1656 E memtrack: Couldn't load memtrack module
07-17 12:38:19.963  1628  1656 W android.os.Debug: failed to get memory consumption info: -1
07-17 12:38:19.964  1628  1656 E memtrack: Couldn't load memtrack module
07-17 12:38:19.964  1628  1656 W android.os.Debug: failed to get memory consumption info: -1
07-17 12:38:19.965  1628  1656 E memtrack: Couldn't load memtrack module
07-17 12:38:19.965  1628  1656 W android.os.Debug: failed to get memory consumption info: -1
07-17 12:38:19.966  1628  1656 E memtrack: Couldn't load memtrack module
07-17 12:38:19.966  1628  1656 W android.os.Debug: failed to get memory consumption info: -1
07-17 12:38:19.967  1628  1656 E memtrack: Couldn't load memtrack module
07-17 12:38:19.967  1628  1656 W android.os.Debug: failed to get memory consumption info: -1
07-17 12:38:19.968  1628  1656 E memtrack: Couldn't load memtrack module
07-17 12:38:19.968  1628  1656 W android.os.Debug: failed to get memory consumption info: -1
07-17 12:38:19.969  1628  1656 E memtrack: Couldn't load memtrack module
07-17 12:38:19.969  1628  1656 W android.os.Debug: failed to get memory consumption info: -1
07-17 12:38:19.970  1628  1656 E memtrack: Couldn't load memtrack module
07-17 12:38:19.970  1628  1656 W android.os.Debug: failed to get memory consumption info: -1
07-17 12:38:19.971  1628  1656 E memtrack: Couldn't load memtrack module
07-17 12:38:19.971  1628  1656 W android.os.Debug: failed to get memory consumption info: -1
07-17 12:38:19.972  1628  1656 E memtrack: Couldn't load memtrack module
07-17 12:38:19.972  1628  1656 W android.os.Debug: failed to get memory consumption info: -1
07-17 12:38:19.972  1628  1656 E memtrack: Couldn't load memtrack module
07-17 12:38:19.972  1628  1656 W android.os.Debug: failed to get memory consumption info: -1
07-17 12:38:19.973  1628  1656 E memtrack: Couldn't load memtrack module
07-17 12:38:19.973  1628  1656 W android.os.Debug: failed to get memory consumption info: -1
07-17 12:38:19.973  1628  1656 E memtrack: Couldn't load memtrack module
07-17 12:38:19.974  1628  1656 W android.os.Debug: failed to get memory consumption info: -1
07-17 12:38:19.974  1628  1656 E memtrack: Couldn't load memtrack module
07-17 12:38:19.974  1628  1656 W android.os.Debug: failed to get memory consumption info: -1
07-17 12:38:19.975  1628  1656 E memtrack: Couldn't load memtrack module
07-17 12:38:19.975  1628  1656 W android.os.Debug: failed to get memory consumption info: -1
07-17 12:38:19.976  1628  1656 E memtrack: Couldn't load memtrack module
07-17 12:38:19.976  1628  1656 W android.os.Debug: failed to get memory consumption info: -1
07-17 12:38:19.976  1628  1656 E memtrack: Couldn't load memtrack module
07-17 12:38:19.976  1628  1656 W android.os.Debug: failed to get memory consumption info: -1
07-17 12:38:19.983  1628  1656 E memtrack: Couldn't load memtrack module
07-17 12:38:19.983  1628  1656 W android.os.Debug: failed to get memory consumption info: -1
07-17 12:38:19.984  1628  1656 E memtrack: Couldn't load memtrack module
07-17 12:38:19.984  1628  1656 W android.os.Debug: failed to get memory consumption info: -1
07-17 12:38:19.985  1628  1963 I am_uid_running: 10017
