07-17 11:40:35.236   587   678 I InputReader: Touch device 'virtio_input_multi_touch_8' could not query the properties of its associated display.  The device will be inoperable until the display size becomes available.
07-17 11:40:35.236   587   678 I InputReader: Touch device 'virtio_input_multi_touch_2' could not query the properties of its associated display.  The device will be inoperable until the display size becomes available.
07-17 11:40:35.236   587   678 I InputReader: Touch device 'virtio_input_multi_touch_4' could not query the properties of its associated display.  The device will be inoperable until the display size becomes available.
07-17 11:40:35.236   587   678 I InputReader: Disabling virtio_input_multi_touch_1 (device 9) because the associated viewport is not active
07-17 11:40:35.236   587   678 I InputReader: Device reconfigured: id=9, name='virtio_input_multi_touch_1', size 32768x32768, orientation 0, mode 0, display id 0
07-17 11:40:35.236   587   678 I InputReader: Touch device 'virtio_input_multi_touch_10' could not query the properties of its associated display.  The device will be inoperable until the display size becomes available.
07-17 11:40:35.236   587   678 I InputReader: Touch device 'virtio_input_multi_touch_5' could not query the properties of its associated display.  The device will be inoperable until the display size becomes available.
07-17 11:40:35.236   587   678 I InputReader: Touch device 'virtio_input_multi_touch_9' could not query the properties of its associated display.  The device will be inoperable until the display size becomes available.
07-17 11:40:35.236   587   678 I InputReader: Touch device 'virtio_input_multi_touch_7' could not query the properties of its associated display.  The device will be inoperable until the display size becomes available.
07-17 11:40:35.236   587   678 I InputReader: Touch device 'virtio_input_multi_touch_3' could not query the properties of its associated display.  The device will be inoperable until the display size becomes available.
07-17 11:40:35.236   587   678 I InputReader: Touch device 'virtio_input_multi_touch_6' could not query the properties of its associated display.  The device will be inoperable until the display size becomes available.
07-17 11:40:35.246   519   528 D installd: Found quota mount /dev/block/dm-33 at /data
07-17 11:40:35.246   519   528 D installd: Found quota mount /dev/block/dm-33 at /data/user/0
07-17 11:40:35.251   587   587 V SystemServerTiming: StartStorageManagerService took to complete: 17ms
07-17 11:40:35.251   587   587 D SystemServerTiming: StartStorageStatsService
07-17 11:40:35.251   587   587 I SystemServiceManager: Starting com.android.server.usage.StorageStatsService$Lifecycle
07-17 11:40:35.252   519   528 D installd: Found quota mount /dev/block/dm-33 at /data
07-17 11:40:35.252   519   528 D installd: Found quota mount /dev/block/dm-33 at /data/user/0
07-17 11:40:35.253   519   528 D installd: Found quota mount /dev/block/dm-33 at /data
07-17 11:40:35.253   519   528 D installd: Found quota mount /dev/block/dm-33 at /data/user/0
07-17 11:40:35.259   587   587 V SystemServerTiming: StartStorageStatsService took to complete: 8ms
07-17 11:40:35.259   587   587 D SystemServerTiming: StartUiModeManager
07-17 11:40:35.259   587   587 I SystemServiceManager: Starting com.android.server.UiModeManagerService
07-17 11:40:35.260   587   653 D SystemServerTimingAsync: InitThreadPoolExec:UiModeManager.onStart
07-17 11:40:35.260   587   653 D SystemServerInitThreadPool: Started executing UiModeManager.onStart
07-17 11:40:35.260   587   685 D StorageManagerService: Thinking about init, mBootCompleted=false, mDaemonConnected=true
07-17 11:40:35.260   587   685 D StorageManagerService: Thinking about reset, mBootCompleted=false, mDaemonConnected=true
07-17 11:40:35.260   587   685 D StorageManagerService: Thinking about init, mBootCompleted=false, mDaemonConnected=true
07-17 11:40:35.260   587   685 D StorageManagerService: Thinking about reset, mBootCompleted=false, mDaemonConnected=true
07-17 11:40:35.260   587   587 V SystemServerTiming: StartUiModeManager took to complete: 0ms
07-17 11:40:35.260   587   587 D SystemServerTiming: StartLocaleManagerService
07-17 11:40:35.260   587   587 I SystemServiceManager: Starting com.android.server.locales.LocaleManagerService
07-17 11:40:35.261   587   587 V SystemServerTiming: StartLocaleManagerService took to complete: 0ms
07-17 11:40:35.261   587   587 D SystemServerTiming: UpdatePackagesIfNeeded
07-17 11:40:35.261   587   587 I Watchdog: Pausing HandlerChecker: main thread for reason: dexopt. Pause count: 1
07-17 11:40:35.262   587   587 I Watchdog: Resuming HandlerChecker: main thread for reason: dexopt. Pause count: 0
07-17 11:40:35.262   587   587 V SystemServerTiming: UpdatePackagesIfNeeded took to complete: 0ms
07-17 11:40:35.262   587   587 D SystemServerTiming: PerformFstrimIfNeeded
07-17 11:40:35.262   587   587 W PackageManager: No disk maintenance in 998381262; running immediately
07-17 11:40:35.262   587   587 V SystemServerTiming: PerformFstrimIfNeeded took to complete: 1ms
07-17 11:40:35.262   587   587 D SystemServerTiming: StartLockSettingsService
07-17 11:40:35.262   587   587 I SystemServiceManager: Starting com.android.server.locksettings.LockSettingsService$Lifecycle
07-17 11:40:35.263   587   685 I StorageManagerService: Running fstrim idle maintenance
07-17 11:40:35.264   587   653 D SystemServerInitThreadPool: Finished executing UiModeManager.onStart
07-17 11:40:35.264   587   653 V SystemServerTimingAsync: InitThreadPoolExec:UiModeManager.onStart took to complete: 4ms
07-17 11:40:35.268   587   587 V SystemServerTiming: StartLockSettingsService took to complete: 6ms
07-17 11:40:35.268   587   587 D SystemServerTiming: StartTestHarnessMode
07-17 11:40:35.268   587   587 I SystemServiceManager: Starting com.android.server.testharness.TestHarnessModeService
07-17 11:40:35.268   587   587 V SystemServerTiming: StartTestHarnessMode took to complete: 0ms
07-17 11:40:35.270   245   689 D vold    : Starting trim of /data
07-17 11:40:35.270   245   689 W vold    : Trim failed on /data: Operation not supported on transport endpoint
07-17 11:40:35.270   245   689 D vold    : Starting trim of /metadata
07-17 11:40:35.270   245   689 W vold    : Trim failed on /metadata: Operation not supported on transport endpoint
07-17 11:40:35.274   235   235 I hwservicemanager: getTransport: Cannot find entry android.hardware.oemlock@1.0::IOemLock/default in either framework or device VINTF manifest.
07-17 11:40:35.274   587   587 I OemLock : OemLock HAL not present on device
07-17 11:40:35.274   587   587 D SystemServerTiming: StartDeviceIdleController
07-17 11:40:35.274   587   587 I SystemServiceManager: Starting com.android.server.DeviceIdleController
07-17 11:40:35.275   587   587 I device_idle: [0,boot]
07-17 11:40:35.275   587   587 I device_idle_light: [0,boot]
07-17 11:40:35.276   587   587 V SystemServerTiming: StartDeviceIdleController took to complete: 2ms
07-17 11:40:35.276   587   587 D SystemServerTiming: StartDevicePolicyManager
07-17 11:40:35.276   587   587 I SystemServiceManager: Starting com.android.server.devicepolicy.DevicePolicyManagerService$Lifecycle
07-17 11:40:35.279   587   587 I DevicePolicyManager: Current version 3, latest version 3, not upgrading.
07-17 11:40:35.283   587   587 I DevicePolicyManager: Set ro.organization_owned property to false
07-17 11:40:35.284   587   587 D DevicePolicyManagerService: /data/system/updated_resources.xml doesn't exist
07-17 11:40:35.284   587   587 V SystemServerTiming: StartDevicePolicyManager took to complete: 9ms
07-17 11:40:35.284   587   587 D SystemServerTiming: StartStatusBarManagerService
07-17 11:40:35.285   587   587 V SystemServerTiming: StartStatusBarManagerService took to complete: 1ms
07-17 11:40:35.286   587   587 D SystemServerTiming: StartMusicRecognitionManagerService
07-17 11:40:35.286   587   587 I SystemServiceManager: Starting com.android.server.musicrecognition.MusicRecognitionManagerService
07-17 11:40:35.286   587   587 V SystemServerTiming: StartMusicRecognitionManagerService took to complete: 0ms
07-17 11:40:35.286   587   587 D SystemServerTiming: StartContentCaptureService
07-17 11:40:35.286   587   587 I SystemServiceManager: Starting com.android.server.contentcapture.ContentCaptureManagerService
07-17 11:40:35.287   587   587 I ContentCaptureHelper: Setting logging level to DEBUG
07-17 11:40:35.288   587   587 D ContentCaptureManagerService: log history size: 20
07-17 11:40:35.288   587   587 V SystemServerTiming: StartContentCaptureService took to complete: 1ms
07-17 11:40:35.288   587   587 D SystemServer: AttentionService is not configured on this device
07-17 11:40:35.288   587   587 D SystemServer: RotationResolverService is not configured on this device
07-17 11:40:35.288   587   587 D SystemServerTiming: StartSystemCaptionsManagerService
07-17 11:40:35.288   587   587 I SystemServiceManager: Starting com.android.server.systemcaptions.SystemCaptionsManagerService
07-17 11:40:35.288   587   587 V SystemServerTiming: StartSystemCaptionsManagerService took to complete: 0ms
07-17 11:40:35.288   587   587 D SystemServerTiming: StartTextToSpeechManagerService
07-17 11:40:35.288   587   587 I SystemServiceManager: Starting com.android.server.texttospeech.TextToSpeechManagerService
07-17 11:40:35.289   587   587 V SystemServerTiming: StartTextToSpeechManagerService took to complete: 0ms
07-17 11:40:35.289   587   587 D SystemServerTiming: StartAmbientContextService
07-17 11:40:35.289   587   587 I SystemServiceManager: Starting com.android.server.ambientcontext.AmbientContextManagerService
07-17 11:40:35.290   587   587 V SystemServerTiming: StartAmbientContextService took to complete: 1ms
07-17 11:40:35.290   587   587 D SystemServerTiming: StartSpeechRecognitionManagerService
07-17 11:40:35.290   587   587 I SystemServiceManager: Starting com.android.server.speech.SpeechRecognitionManagerService
07-17 11:40:35.299   587   587 V SystemServerTiming: StartSpeechRecognitionManagerService took to complete: 10ms
07-17 11:40:35.299   587   587 D SystemServerTiming: StartAppPredictionService
07-17 11:40:35.299   587   587 I SystemServiceManager: Starting com.android.server.appprediction.AppPredictionManagerService
07-17 11:40:35.300   587   587 V SystemServerTiming: StartAppPredictionService took to complete: 0ms
07-17 11:40:35.300   587   587 D SystemServerTiming: StartContentSuggestionsService
07-17 11:40:35.300   587   587 I SystemServiceManager: Starting com.android.server.contentsuggestions.ContentSuggestionsManagerService
07-17 11:40:35.300   587   587 V SystemServerTiming: StartContentSuggestionsService took to complete: 0ms
07-17 11:40:35.300   587   587 D SystemServerTiming: StartSearchUiService
07-17 11:40:35.300   587   587 I SystemServiceManager: Starting com.android.server.searchui.SearchUiManagerService
07-17 11:40:35.300   587   587 V SystemServerTiming: StartSearchUiService took to complete: 1ms
07-17 11:40:35.301   587   587 D SystemServerTiming: StartSmartspaceService
07-17 11:40:35.301   587   587 I SystemServiceManager: Starting com.android.server.smartspace.SmartspaceManagerService
07-17 11:40:35.301   587   587 V SystemServerTiming: StartSmartspaceService took to complete: 0ms
07-17 11:40:35.301   587   587 D SystemServerTiming: StartCloudSearchService
07-17 11:40:35.301   587   587 I SystemServiceManager: Starting com.android.server.cloudsearch.CloudSearchManagerService
07-17 11:40:35.303   587   587 V SystemServerTiming: StartCloudSearchService took to complete: 2ms
07-17 11:40:35.303   587   587 D SystemServerTiming: InitConnectivityModuleConnector
07-17 11:40:35.303   587   587 D ConnectivityModuleConnector: Network stack init
07-17 11:40:35.304   587   587 V SystemServerTiming: InitConnectivityModuleConnector took to complete: 1ms
07-17 11:40:35.304   587   587 D SystemServerTiming: InitNetworkStackClient
07-17 11:40:35.304   587   587 V SystemServerTiming: InitNetworkStackClient took to complete: 0ms
07-17 11:40:35.304   587   587 D SystemServerTiming: StartNetworkManagementService
07-17 11:40:35.305   384   442 I netd    : registerUnsolicitedEventListener() <0.08ms>
07-17 11:40:35.306   587   587 V SystemServerTiming: StartNetworkManagementService took to complete: 1ms
07-17 11:40:35.306   587   587 D SystemServerTiming: StartFontManagerService
07-17 11:40:35.388   587   667 I commit_sys_config_file: [settings-0-0,2]
07-17 11:40:35.393   587   587 V SystemServerTiming: StartFontManagerService took to complete: 87ms
07-17 11:40:35.393   587   587 D SystemServerTiming: StartTextServicesManager
07-17 11:40:35.393   587   587 I SystemServiceManager: Starting com.android.server.textservices.TextServicesManagerService$Lifecycle
07-17 11:40:35.393   587   587 V SystemServerTiming: StartTextServicesManager took to complete: 1ms
07-17 11:40:35.393   587   587 D SystemServerTiming: StartTextClassificationManagerService
07-17 11:40:35.393   587   587 I SystemServiceManager: Starting com.android.server.textclassifier.TextClassificationManagerService$Lifecycle
07-17 11:40:35.394   587   587 V SystemServerTiming: StartTextClassificationManagerService took to complete: 1ms
07-17 11:40:35.394   587   587 D SystemServerTiming: StartNetworkScoreService
07-17 11:40:35.394   587   587 I SystemServiceManager: Starting com.android.server.NetworkScoreService$Lifecycle
07-17 11:40:35.394   587   587 I NetworkScoreService: Registering network_score
07-17 11:40:35.395   587   587 V SystemServerTiming: StartNetworkScoreService took to complete: 0ms
07-17 11:40:35.395   587   587 D SystemServerTiming: StartNetworkStatsService
07-17 11:40:35.405   587   587 I SystemServiceManager: Starting com.android.server.NetworkStatsServiceInitializer
07-17 11:40:35.419   587   587 D BpfNetMaps: BpfNetMaps is initialized with sEnableJavaBpfMap=false
07-17 11:40:35.422   587   587 I TrafficController: initMaps successfully
07-17 11:40:35.424   384   442 I netd    : registerUnsolicitedEventListener() <0.01ms>
07-17 11:40:35.424   384   442 I netd    : interfaceGetList() -> {[ifb1, tunl0, wlan0, ip6tnl0, ip_vti0, eth0, gre0, ip6_vti0, hwsim0, ifb0, lo, ip6gre0, gretap0, dummy0, erspan0, sit0]} <0.10ms>
07-17 11:40:35.424   587   587 I NetworkStatsServiceInitializer: Registering netstats
07-17 11:40:35.425   587   587 V SystemServerTiming: StartNetworkStatsService took to complete: 30ms
07-17 11:40:35.425   587   587 D SystemServerTiming: StartNetworkPolicyManagerService
07-17 11:40:35.428   587   708 D CompatibilityChangeReporter: Compat change id reported: 170188668; UID 1000; state: ENABLED
07-17 11:40:35.438   383   383 W ServiceManager: Service statscompanion didn't start. Returning NULL
07-17 11:40:35.439   383   383 I statsd  : Statsd starts to listen to socket.
07-17 11:40:35.458   587   587 V SystemServerTiming: StartNetworkPolicyManagerService took to complete: 33ms
07-17 11:40:35.458   587   587 D SystemServerTiming: StartWifi
07-17 11:40:35.476   587   587 I SystemServiceManager: Starting com.android.server.wifi.WifiService
07-17 11:40:35.489   587   587 I WifiContext: Got resolveInfos for com.android.server.wifi.intent.action.SERVICE_WIFI_RESOURCES_APK: [ResolveInfo{7b6f0bf com.google.android.wifi.resources/android.app.Activity m=0x108000}]
07-17 11:40:35.489   587   587 I WifiContext: Found Wifi Resources APK at: com.google.android.wifi.resources
07-17 11:40:35.507   587   587 D ScanMetrics: Settings package: com.android.settings
07-17 11:40:35.507   587   587 D ScanMetrics: GMS uid: 10105
07-17 11:40:35.516   234   234 I servicemanager: Found android.hardware.wifi.supplicant.ISupplicant/default in device VINTF manifest.
07-17 11:40:35.516   587   587 I SupplicantStaIfaceHal: Initializing SupplicantStaIfaceHal using AIDL implementation.
07-17 11:40:35.517   234   234 I servicemanager: Found android.hardware.wifi.supplicant.ISupplicant/default in device VINTF manifest.
07-17 11:40:35.517   587   587 I SupplicantP2pIfaceHal: Initializing SupplicantP2pIfaceHal using AIDL implementation.
07-17 11:40:35.518   587   587 I WifiCoexManager: Default coex algorithm is disabled.
07-17 11:40:35.526   587   587 D WifiOpenNetworkNotifier: Settings toggle enabled=true
07-17 11:40:35.527   587   587 D WifiNl80211Manager: registerCountryCodeEventListener called
07-17 11:40:35.527   587   587 D WifiCountryCode: Default country code from system property ro.boot.wificountrycode is null
07-17 11:40:35.527   529   529 I wificond: New wificond event callback registered
07-17 11:40:35.529   587   587 D WakeupController: WifiWake enabled
07-17 11:40:35.529   587   587 V HistoricalRegistry: Interaction before persistence initialized
07-17 11:40:35.530   587   587 I WifiService: Registering wifi
07-17 11:40:35.531   587   587 V SystemServerTiming: StartWifi took to complete: 72ms
07-17 11:40:35.531   587   587 D SystemServerTiming: StartWifiScanning
07-17 11:40:35.531   587   587 I SystemServiceManager: Starting com.android.server.wifi.scanner.WifiScanningService
07-17 11:40:35.531   587   587 I WifiScanningService: Creating wifiscanner
07-17 11:40:35.533   587   587 I WifiScanningService: Publishing wifiscanner
07-17 11:40:35.533   587   587 V SystemServerTiming: StartWifiScanning took to complete: 2ms
07-17 11:40:35.533   587   587 D SystemServerTiming: StartWifiP2P
07-17 11:40:35.533   587   587 I SystemServiceManager: Starting com.android.server.wifi.p2p.WifiP2pService
07-17 11:40:35.535   587   587 D CompatibilityChangeReporter: Compat change id reported: 183155436; UID 1000; state: ENABLED
07-17 11:40:35.535   587   587 I WifiP2pService: Registering wifip2p
07-17 11:40:35.535   587   587 V SystemServerTiming: StartWifiP2P took to complete: 3ms
07-17 11:40:35.535   587   587 D SystemServerTiming: StartPacProxyService
07-17 11:40:35.536   587   587 V SystemServerTiming: StartPacProxyService took to complete: 0ms
07-17 11:40:35.536   587   587 D SystemServerTiming: StartConnectivityService
07-17 11:40:35.536   587   587 I SystemServiceManager: Starting com.android.server.ConnectivityServiceInitializer
07-17 11:40:35.540   587   587 D ConnectivityService: ConnectivityService starting up
07-17 11:40:35.545   384   442 I netd    : registerUnsolicitedEventListener() <0.01ms>
07-17 11:40:35.548   587   587 D CompatibilityChangeReporter: Compat change id reported: 182478738; UID 1000; state: ENABLED
07-17 11:40:35.552   587   587 D ConnectivityNativeService: Attached BPF_CGROUP_INET4_BIND and BPF_CGROUP_INET6_BIND programs
07-17 11:40:35.557   587   587 W UnsafeUtil: platform method missing - proto runtime falling back to safer methods: java.lang.NoSuchMethodException: sun.misc.Unsafe.copyMemory [class java.lang.Object, long, class java.lang.Object, long, long]
07-17 11:40:35.558   587   587 I ConnectivityServiceInitializer: Registering connectivity
07-17 11:40:35.558   587   587 I ConnectivityServiceInitializer: Registering ipsec
07-17 11:40:35.558   587   587 I ConnectivityServiceInitializer: Registering connectivity_native
07-17 11:40:35.558   587   587 I ConnectivityServiceInitializer: Registering servicediscovery
07-17 11:40:35.558   587   587 I ConnectivityServiceInitializer: Registering nearby
07-17 11:40:35.559   587   587 V SystemServerTiming: StartConnectivityService took to complete: 23ms
07-17 11:40:35.559   587   587 D SystemServerTiming: StartVpnManagerService
07-17 11:40:35.560   587   587 D VpnManagerService: VpnManagerService starting up
07-17 11:40:35.560   587   587 V SystemServerTiming: StartVpnManagerService took to complete: 1ms
07-17 11:40:35.560   587   587 D SystemServerTiming: StartVcnManagementService
07-17 11:40:35.561   587   587 V SystemServerTiming: StartVcnManagementService took to complete: 1ms
07-17 11:40:35.561   587   587 D SystemServerTiming: StartSystemUpdateManagerService
07-17 11:40:35.561   587   587 I SystemUpdateManagerService: No existing info file /data/system/system-update-info.xml
07-17 11:40:35.561   587   587 V SystemServerTiming: StartSystemUpdateManagerService took to complete: 1ms
07-17 11:40:35.561   587   587 D SystemServerTiming: StartUpdateLockService
07-17 11:40:35.562   587   587 V SystemServerTiming: StartUpdateLockService took to complete: 0ms
07-17 11:40:35.562   587   587 D SystemServerTiming: StartNotificationManager
07-17 11:40:35.562   587   587 I SystemServiceManager: Starting com.android.server.notification.NotificationManagerService
07-17 11:40:35.567   587   587 D ConditionProviders.SCP: new ScheduleConditionProvider()
07-17 11:40:35.578   587   587 I NotificationListeners: Read notification listener permissions from xml
07-17 11:40:35.578   587   587 I ConditionProviders: Read condition provider permissions from xml
07-17 11:40:35.578   587   587 I ConditionProviders: Read condition provider permissions from xml
07-17 11:40:35.578   587   587 D NotificationAssistants: Approving default notification assistant for user 0
07-17 11:40:35.579   587   587 D CompatibilityChangeReporter: Compat change id reported: 147600208; UID 1000; state: ENABLED
07-17 11:40:35.579   587   587 D CompatibilityChangeReporter: Compat change id reported: 157233955; UID 1000; state: ENABLED
07-17 11:40:35.582   587   587 V SystemServerTiming: StartNotificationManager took to complete: 21ms
07-17 11:40:35.582   587   587 D SystemServerTiming: StartDeviceMonitor
07-17 11:40:35.582   587   587 I SystemServiceManager: Starting com.android.server.storage.DeviceStorageMonitorService
07-17 11:40:35.584   587   587 V SystemServerTiming: StartDeviceMonitor took to complete: 2ms
07-17 11:40:35.584   587   587 D SystemServerTiming: StartLocationManagerService
07-17 11:40:35.584   587   587 I SystemServiceManager: Starting com.android.server.location.LocationManagerService$Lifecycle
07-17 11:40:35.585   587   728 I storage_state: [41217664-9172-527a-b3d5-edabb50a7d69,0,0,5197164544,6228115456]
07-17 11:40:35.586   587   587 V SystemServerTiming: StartLocationManagerService took to complete: 2ms
07-17 11:40:35.586   587   587 D SystemServerTiming: StartCountryDetectorService
07-17 11:40:35.586   587   587 V SystemServerTiming: StartCountryDetectorService took to complete: 0ms
07-17 11:40:35.586   587   587 D SystemServerTiming: StartTimeDetectorService
07-17 11:40:35.586   587   587 I SystemServiceManager: Starting com.android.server.timedetector.TimeDetectorService$Lifecycle
07-17 11:40:35.587   587   587 V SystemServerTiming: StartTimeDetectorService took to complete: 0ms
07-17 11:40:35.587   587   587 D SystemServerTiming: StartTimeZoneDetectorService
07-17 11:40:35.587   587   587 I SystemServiceManager: Starting com.android.server.timezonedetector.TimeZoneDetectorService$Lifecycle
07-17 11:40:35.588   587   587 V SystemServerTiming: StartTimeZoneDetectorService took to complete: 2ms
07-17 11:40:35.588   587   587 D SystemServerTiming: StartLocationTimeZoneManagerService
07-17 11:40:35.588   587   587 I SystemServiceManager: Starting com.android.server.timezonedetector.location.LocationTimeZoneManagerService$Lifecycle
07-17 11:40:35.588   587   587 V SystemServerTiming: StartLocationTimeZoneManagerService took to complete: 0ms
07-17 11:40:35.589   587   587 D SystemServerTiming: StartSearchManagerService
07-17 11:40:35.589   587   587 I SystemServiceManager: Starting com.android.server.search.SearchManagerService$Lifecycle
07-17 11:40:35.589   587   587 V SystemServerTiming: StartSearchManagerService took to complete: 1ms
07-17 11:40:35.589   587   587 D SystemServerTiming: StartWallpaperManagerService
07-17 11:40:35.589   587   587 I SystemServiceManager: Starting com.android.server.wallpaper.WallpaperManagerService$Lifecycle
07-17 11:40:35.590   587   587 V SystemServerTiming: StartWallpaperManagerService took to complete: 0ms
07-17 11:40:35.590   587   587 D SystemServerTiming: StartWallpaperEffectsGenerationService
07-17 11:40:35.590   587   587 I SystemServiceManager: Starting com.android.server.wallpapereffectsgeneration.WallpaperEffectsGenerationManagerService
07-17 11:40:35.590   587   587 V SystemServerTiming: StartWallpaperEffectsGenerationService took to complete: 1ms
07-17 11:40:35.590   587   587 D SystemServerTiming: StartAudioService
07-17 11:40:35.590   587   587 I SystemServiceManager: Starting com.android.server.audio.AudioService$Lifecycle
07-17 11:40:35.596   587   587 I AS.AudioService: Stream 5: using max vol of 7
07-17 11:40:35.596   587   587 I AS.AudioService: Stream 5: using default vol of 5
07-17 11:40:35.596   587   587 I AS.AudioService: Stream 2: using max vol of 7
07-17 11:40:35.597   587   587 I AS.AudioService: Stream 2: using default vol of 5
07-17 11:40:35.598   587   587 I android_os_HwBinder: HwBinder: Starting thread pool for getting: android.hidl.manager@1.0::IServiceManager/default
07-17 11:40:35.600   434   568 W AudioFlinger: no wake lock to update, system not ready yet
07-17 11:40:35.600   434   571 W AudioFlinger: no wake lock to update, system not ready yet
07-17 11:40:35.602   434   434 D PermissionCache: checking android.permission.MODIFY_AUDIO_ROUTING for uid=1000 => granted (352 us)
07-17 11:40:35.607   434   434 D PermissionCache: checking android.permission.MODIFY_AUDIO_SETTINGS for uid=1000 => granted (53 us)
07-17 11:40:35.608   434   434 D AudioFlinger: isLowRamDevice:false totalMemory:4104720384 mClientSharedHeapSize:16777216
07-17 11:40:35.609   587   587 V SystemServerTiming: StartAudioService took to complete: 18ms
07-17 11:40:35.609   587   587 D SystemServerTiming: StartSoundTriggerMiddlewareService
07-17 11:40:35.609   587   587 I SystemServiceManager: Starting com.android.server.soundtrigger_middleware.SoundTriggerMiddlewareService$Lifecycle
07-17 11:40:35.613   234   234 I servicemanager: Could not find android.hardware.soundtrigger3.ISoundTriggerHw/default in the VINTF manifest.
07-17 11:40:35.613   434   434 I CaptureStateNotifier: Registering a listener
07-17 11:40:35.613   587   587 I SoundTriggerMiddlewareDefaultHalFactory: Connecting to default soundtrigger-V2.x.ISoundTriggerHw
07-17 11:40:35.614   587   587 I android_os_HwBinder: HwBinder: Starting thread pool for getting: android.hardware.soundtrigger@2.0::ISoundTriggerHw/default
07-17 11:40:35.622   587   587 V SystemServerTiming: StartSoundTriggerMiddlewareService took to complete: 12ms
07-17 11:40:35.622   587   587 D SystemServerTiming: StartDockObserver
07-17 11:40:35.622   587   587 I SystemServiceManager: Starting com.android.server.DockObserver
07-17 11:40:35.622   587   587 I DockObserver: No extcon dock device found in this kernel.
07-17 11:40:35.622   587   587 V SystemServerTiming: StartDockObserver took to complete: 1ms
07-17 11:40:35.623   587   587 D SystemServerTiming: StartWiredAccessoryManager
07-17 11:40:35.623   587   587 W WiredAccessoryManager: This kernel does not have usb audio support
07-17 11:40:35.623   587   587 W WiredAccessoryManager: This kernel does not have HDMI audio support
07-17 11:40:35.623   587   587 V SystemServerTiming: StartWiredAccessoryManager took to complete: 1ms
07-17 11:40:35.623   587   587 D SystemServerTiming: StartMidiManager
07-17 11:40:35.623   587   587 I SystemServiceManager: Starting com.android.server.midi.MidiService$Lifecycle
07-17 11:40:35.623   587   730 I stream_devices_changed: [4,0,2]
07-17 11:40:35.626   587   730 I stream_devices_changed: [6,0,2]
07-17 11:40:35.626   587   587 V SystemServerTiming: StartMidiManager took to complete: 2ms
07-17 11:40:35.626   587   730 I stream_devices_changed: [3,0,2]
07-17 11:40:35.626   587   587 D SystemServerTiming: StartAdbService
07-17 11:40:35.626   587   587 I SystemServiceManager: Starting com.android.server.adb.AdbService$Lifecycle
07-17 11:40:35.627   587   587 V SystemServerTiming: StartAdbService took to complete: 0ms
07-17 11:40:35.627   587   730 I stream_devices_changed: [2,0,2]
07-17 11:40:35.627   587   587 D SystemServerTiming: StartUsbService
07-17 11:40:35.627   587   730 I stream_devices_changed: [0,0,2]
07-17 11:40:35.627   587   587 I SystemServiceManager: Starting com.android.server.usb.UsbService$Lifecycle
07-17 11:40:35.628   587   613 D SystemServerTimingAsync: InitThreadPoolExec:UsbService$Lifecycle#onStart
07-17 11:40:35.628   587   613 D SystemServerInitThreadPool: Started executing UsbService$Lifecycle#onStart
07-17 11:40:35.628   587   613 I UsbDeviceManager: failed to write to /sys/class/android_usb/android0/f_rndis/ethaddr
07-17 11:40:35.628   587   587 V SystemServerTiming: StartUsbService took to complete: 1ms
07-17 11:40:35.628   587   587 D SystemServerTiming: StartSerialService
07-17 11:40:35.628   235   235 I hwservicemanager: getTransport: Cannot find entry android.hardware.usb.gadget@1.0::IUsbGadget/default in either framework or device VINTF manifest.
07-17 11:40:35.629   587   587 V SystemServerTiming: StartSerialService took to complete: 0ms
07-17 11:40:35.629   587   587 D SystemServerTiming: StartHardwarePropertiesManagerService
07-17 11:40:35.630   587   587 D HardwarePropertiesManagerService-JNI: Link to death notification successful
07-17 11:40:35.631   587   613 I UsbDeviceManager: USB GADGET HAL not present in the device
07-17 11:40:35.631   587   613 I UsbDeviceManager: java.util.NoSuchElementException
07-17 11:40:35.631   587   613 I UsbDeviceManager: 	at android.os.HwBinder.getService(Native Method)
07-17 11:40:35.631   587   613 I UsbDeviceManager: 	at android.hardware.usb.gadget.V1_0.IUsbGadget.getService(IUsbGadget.java:57)
07-17 11:40:35.631   587   613 I UsbDeviceManager: 	at android.hardware.usb.gadget.V1_0.IUsbGadget.getService(IUsbGadget.java:64)
07-17 11:40:35.631   587   613 I UsbDeviceManager: 	at com.android.server.usb.UsbDeviceManager.<init>(UsbDeviceManager.java:302)
07-17 11:40:35.631   587   613 I UsbDeviceManager: 	at com.android.server.usb.UsbService.<init>(UsbService.java:183)
07-17 11:40:35.631   587   613 I UsbDeviceManager: 	at com.android.server.usb.UsbService$Lifecycle.lambda$onStart$0(UsbService.java:97)
07-17 11:40:35.631   587   613 I UsbDeviceManager: 	at com.android.server.usb.UsbService$Lifecycle.$r8$lambda$CxV7IL0QHEjIgNnhuBbpakF4-Bg(Unknown Source:0)
07-17 11:40:35.631   587   613 I UsbDeviceManager: 	at com.android.server.usb.UsbService$Lifecycle$$ExternalSyntheticLambda2.run(Unknown Source:2)
07-17 11:40:35.631   587   613 I UsbDeviceManager: 	at com.android.server.SystemServerInitThreadPool.lambda$submitTask$0(SystemServerInitThreadPool.java:106)
07-17 11:40:35.631   587   613 I UsbDeviceManager: 	at com.android.server.SystemServerInitThreadPool.$r8$lambda$aGlXt69ihU44Qi7EB_RNeu8pnrY(Unknown Source:0)
07-17 11:40:35.631   587   613 I UsbDeviceManager: 	at com.android.server.SystemServerInitThreadPool$$ExternalSyntheticLambda0.run(Unknown Source:6)
07-17 11:40:35.631   587   613 I UsbDeviceManager: 	at java.util.concurrent.Executors$RunnableAdapter.call(Executors.java:463)
07-17 11:40:35.631   587   613 I UsbDeviceManager: 	at java.util.concurrent.FutureTask.run(FutureTask.java:264)
07-17 11:40:35.631   587   613 I UsbDeviceManager: 	at java.util.concurrent.ThreadPoolExecutor.runWorker(ThreadPoolExecutor.java:1137)
07-17 11:40:35.631   587   613 I UsbDeviceManager: 	at java.util.concurrent.ThreadPoolExecutor$Worker.run(ThreadPoolExecutor.java:637)
07-17 11:40:35.631   587   613 I UsbDeviceManager: 	at com.android.internal.util.ConcurrentUtils$1$1.run(ConcurrentUtils.java:65)
07-17 11:40:35.631   587   613 E UsbDeviceManagerJNI: could not open control for mtp No such file or directory
07-17 11:40:35.631   587   613 E UsbDeviceManager: Failed to open control for mtp
07-17 11:40:35.631   587   613 E UsbDeviceManagerJNI: could not open control for ptp No such file or directory
07-17 11:40:35.631   587   613 E UsbDeviceManager: Failed to open control for ptp
07-17 11:40:35.632   587   587 V SystemServerTiming: StartHardwarePropertiesManagerService took to complete: 2ms
07-17 11:40:35.632   587   613 W StorageManagerService: No primary storage defined yet; hacking together a stub
07-17 11:40:35.632   587   613 E UsbDeviceManagerJNI: could not open /dev/usb_accessory
07-17 11:40:35.633   587   613 D UsbPortManager: Querying USB HAL version
07-17 11:40:35.633   234   234 I servicemanager: Could not find android.hardware.usb.IUsb/default in the VINTF manifest.
07-17 11:40:35.634   587   587 D SystemServerTiming: StartTwilightService
07-17 11:40:35.634   587   587 I SystemServiceManager: Starting com.android.server.twilight.TwilightService
07-17 11:40:35.634   587   587 V SystemServerTiming: StartTwilightService took to complete: 0ms
07-17 11:40:35.634   587   587 D SystemServerTiming: StartColorDisplay
07-17 11:40:35.634   587   613 I android_os_HwBinder: HwBinder: Starting thread pool for getting: android.hardware.usb@1.0::IUsb/default
07-17 11:40:35.634   587   613 I UsbPortManager: USB HAL HIDL present
07-17 11:40:35.635   587   587 I SystemServiceManager: Starting com.android.server.display.color.ColorDisplayService
07-17 11:40:35.635   587   730 E AS.AudioService: error reading spatial audio device settings
07-17 11:40:35.635   587   730 I AS.SpatializerHelper: init effectExpected=false
07-17 11:40:35.635   587   730 I AS.SpatializerHelper: init(): setting state to STATE_NOT_SUPPORTED due to effect not expected
07-17 11:40:35.635   587   613 I android_os_HwBinder: HwBinder: Starting thread pool for getting: android.hidl.manager@1.0::IServiceManager/default
07-17 11:40:35.636   587   587 V SystemServerTiming: StartColorDisplay took to complete: 1ms
07-17 11:40:35.636   587   587 D SystemServerTiming: StartJobScheduler
07-17 11:40:35.636   587   587 I SystemServiceManager: Starting com.android.server.job.JobSchedulerService
07-17 11:40:35.636   587   614 I UsbPortManager: Usb hal service started android.hardware.usb@1.0::IUsb default
07-17 11:40:35.636   587   613 I android_os_HwBinder: HwBinder: Starting thread pool for getting: android.hardware.usb@1.0::IUsb/default
07-17 11:40:35.637   587   613 D UsbPortManager: getInstance done
07-17 11:40:35.637   419   419 I android.hardware.usb@1.0-service: registering callback
07-17 11:40:35.637   419   419 E android.hardware.usb@1.0-service: Failed to open /sys/class/dual_role_usb
07-17 11:40:35.638   587   613 D SystemServerInitThreadPool: Finished executing UsbService$Lifecycle#onStart
07-17 11:40:35.638   587   613 V SystemServerTimingAsync: InitThreadPoolExec:UsbService$Lifecycle#onStart took to complete: 10ms
07-17 11:40:35.638   587   730 I AS.SpatializerHelper: setFeatureEnabled(false) was featureEnabled:false
07-17 11:40:35.639   587   587 D JobStore: Start tag: job-info
07-17 11:40:35.641   419   742 E android.hardware.usb@1.0-service: creating thread
07-17 11:40:35.642   587   587 I JobStore: Read 24 jobs
07-17 11:40:35.644   587   720 D ConnectivityService: NetReassign [no changes] [c 1] [a 0] [i 0]
07-17 11:40:35.645   587   587 V HistoricalRegistry: Interaction before persistence initialized
07-17 11:40:35.645   587   587 V HistoricalRegistry: Interaction before persistence initialized
07-17 11:40:35.646   587   587 V SystemServerTiming: StartJobScheduler took to complete: 10ms
07-17 11:40:35.646   587   587 D SystemServerTiming: StartSoundTrigger
07-17 11:40:35.646   587   587 I SystemServiceManager: Starting com.android.server.soundtrigger.SoundTriggerService
07-17 11:40:35.646   587   587 V SystemServerTiming: StartSoundTrigger took to complete: 1ms
07-17 11:40:35.646   587   587 D SystemServerTiming: StartTrustManager
07-17 11:40:35.646   587   587 I SystemServiceManager: Starting com.android.server.trust.TrustManagerService
07-17 11:40:35.647   587   587 V SystemServerTiming: StartTrustManager took to complete: 0ms
07-17 11:40:35.647   587   587 D SystemServerTiming: StartBackupManager
07-17 11:40:35.647   587   587 I SystemServiceManager: Starting com.android.server.backup.BackupManagerService$Lifecycle
07-17 11:40:35.647   587   587 V SystemServerTiming: StartBackupManager took to complete: 1ms
07-17 11:40:35.647   587   587 D SystemServerTiming: StartAppWidgetService
07-17 11:40:35.647   587   587 I SystemServiceManager: Starting com.android.server.appwidget.AppWidgetService
07-17 11:40:35.649   587   587 V SystemServerTiming: StartAppWidgetService took to complete: 1ms
07-17 11:40:35.649   587   587 D SystemServerTiming: StartVoiceRecognitionManager
07-17 11:40:35.649   587   587 I SystemServiceManager: Starting com.android.server.voiceinteraction.VoiceInteractionManagerService
07-17 11:40:35.727   587   587 V SystemServerTiming: StartVoiceRecognitionManager took to complete: 78ms
07-17 11:40:35.727   587   587 D SystemServerTiming: StartAppHibernationService
07-17 11:40:35.727   587   587 I SystemServiceManager: Starting com.android.server.apphibernation.AppHibernationService
07-17 11:40:35.728   587   587 V SystemServerTiming: StartAppHibernationService took to complete: 1ms
07-17 11:40:35.728   587   587 D SystemServerTiming: StartGestureLauncher
07-17 11:40:35.728   587   587 I SystemServiceManager: Starting com.android.server.GestureLauncherService
07-17 11:40:35.728   587   587 V SystemServerTiming: StartGestureLauncher took to complete: 0ms
07-17 11:40:35.728   587   587 D SystemServerTiming: StartSensorNotification
07-17 11:40:35.728   587   587 I SystemServiceManager: Starting com.android.server.SensorNotificationService
07-17 11:40:35.728   587   587 V SystemServerTiming: StartSensorNotification took to complete: 0ms
07-17 11:40:35.728   587   587 D SystemServerTiming: StartDiskStatsService
07-17 11:40:35.728   587   587 D CompatibilityChangeReporter: Compat change id reported: 194532703; UID 1000; state: ENABLED
07-17 11:40:35.729   587   587 D CompatibilityChangeReporter: Compat change id reported: 194532703; UID 1000; state: ENABLED
07-17 11:40:35.729   587   587 V SystemServerTiming: StartDiskStatsService took to complete: 2ms
07-17 11:40:35.729   587   587 D SystemServerTiming: RuntimeService
07-17 11:40:35.730   587   587 V SystemServerTiming: RuntimeService took to complete: 0ms
07-17 11:40:35.730   587   587 D SystemServerTiming: StartNetworkTimeUpdateService
07-17 11:40:35.730   587   587 V SystemServerTiming: StartNetworkTimeUpdateService took to complete: 0ms
07-17 11:40:35.730   587   587 D SystemServerTiming: CertBlacklister
07-17 11:40:35.730   587   587 V SystemServerTiming: CertBlacklister took to complete: 1ms
07-17 11:40:35.730   587   587 D SystemServerTiming: StartEmergencyAffordanceService
07-17 11:40:35.730   587   587 I SystemServiceManager: Starting com.android.server.emergency.EmergencyAffordanceService
07-17 11:40:35.731   587   587 V SystemServerTiming: StartEmergencyAffordanceService took to complete: 0ms
07-17 11:40:35.731   587   587 D SystemServerTiming: startBlobStoreManagerService
07-17 11:40:35.731   587   587 I SystemServiceManager: Starting com.android.server.blob.BlobStoreManagerService
07-17 11:40:35.731   587   587 V SystemServerTiming: startBlobStoreManagerService took to complete: 1ms
07-17 11:40:35.731   587   587 D SystemServerTiming: StartDreamManager
07-17 11:40:35.731   587   587 I SystemServiceManager: Starting com.android.server.dreams.DreamManagerService
07-17 11:40:35.732   587   587 V SystemServerTiming: StartDreamManager took to complete: 0ms
07-17 11:40:35.732   587   587 D SystemServerTiming: AddGraphicsStatsService
07-17 11:40:35.734   587   587 V SystemServerTiming: AddGraphicsStatsService took to complete: 2ms
07-17 11:40:35.734   587   587 D SystemServerTiming: StartPrintManager
07-17 11:40:35.734   587   587 I SystemServiceManager: Starting com.android.server.print.PrintManagerService
07-17 11:40:35.735   587   587 V SystemServerTiming: StartPrintManager took to complete: 0ms
07-17 11:40:35.735   587   587 D SystemServerTiming: StartAttestationVerificationService
07-17 11:40:35.735   587   587 I SystemServiceManager: Starting com.android.server.security.AttestationVerificationManagerService
07-17 11:40:35.735   587   587 D AVF     : Started
07-17 11:40:35.735   587   587 V SystemServerTiming: StartAttestationVerificationService took to complete: 1ms
07-17 11:40:35.735   587   587 D SystemServerTiming: StartCompanionDeviceManager
07-17 11:40:35.735   587   587 I SystemServiceManager: Starting com.android.server.companion.CompanionDeviceManagerService
07-17 11:40:35.735   587   587 I CompanionDevice_PersistentDataStore: Reading associations for user 0 from disk
07-17 11:40:35.736   587   587 V SystemServerTiming: StartCompanionDeviceManager took to complete: 0ms
07-17 11:40:35.736   587   587 D SystemServerTiming: StartVirtualDeviceManager
07-17 11:40:35.736   587   587 I SystemServiceManager: Starting com.android.server.companion.virtual.VirtualDeviceManagerService
07-17 11:40:35.736   587   587 V SystemServerTiming: StartVirtualDeviceManager took to complete: 0ms
07-17 11:40:35.736   587   587 D SystemServerTiming: StartRestrictionManager
07-17 11:40:35.736   587   587 I SystemServiceManager: Starting com.android.server.restrictions.RestrictionsManagerService
07-17 11:40:35.737   587   587 V SystemServerTiming: StartRestrictionManager took to complete: 0ms
07-17 11:40:35.737   587   587 D SystemServerTiming: StartMediaSessionService
07-17 11:40:35.737   587   587 I SystemServiceManager: Starting com.android.server.media.MediaSessionService
07-17 11:40:35.738   587   587 V SystemServerTiming: StartMediaSessionService took to complete: 1ms
07-17 11:40:35.738   587   587 D SystemServerTiming: StartMediaResourceMonitor
07-17 11:40:35.738   587   587 I SystemServiceManager: Starting com.android.server.media.MediaResourceMonitorService
07-17 11:40:35.738   587   587 V SystemServerTiming: StartMediaResourceMonitor took to complete: 0ms
07-17 11:40:35.738   587   587 D SystemServerTiming: StartMediaRouterService
07-17 11:40:35.738   587   587 V HistoricalRegistry: Interaction before persistence initialized
07-17 11:40:35.739   587   587 V SystemServerTiming: StartMediaRouterService took to complete: 1ms
07-17 11:40:35.739   587   587 D SystemServerTiming: StartFingerprintSensor
07-17 11:40:35.739   587   587 I SystemServiceManager: Starting com.android.server.biometrics.sensors.fingerprint.FingerprintService
07-17 11:40:35.739   587   587 V SystemServerTiming: StartFingerprintSensor took to complete: 0ms
07-17 11:40:35.739   587   587 D SystemServerTiming: StartBiometricService
07-17 11:40:35.739   587   587 I SystemServiceManager: Starting com.android.server.biometrics.BiometricService
07-17 11:40:35.741   587   587 V SystemServerTiming: StartBiometricService took to complete: 2ms
07-17 11:40:35.741   587   587 D SystemServerTiming: StartAuthService
07-17 11:40:35.741   587   587 I SystemServiceManager: Starting com.android.server.biometrics.AuthService
07-17 11:40:35.741   587   587 D AuthService: Registering HIDL ID: 0 Modality: 2 Strength: 15
07-17 11:40:35.743   587   587 V SystemServerTiming: StartAuthService took to complete: 1ms
07-17 11:40:35.743   587   587 D SystemServerTiming: StartDynamicCodeLoggingService
07-17 11:40:35.744   587   587 V SystemServerTiming: StartDynamicCodeLoggingService took to complete: 1ms
07-17 11:40:35.744   587   587 D SystemServerTiming: StartPruneInstantAppsJobService
07-17 11:40:35.744   587   587 V SystemServerTiming: StartPruneInstantAppsJobService took to complete: 0ms
07-17 11:40:35.744   587   587 D SystemServerTiming: StartShortcutServiceLifecycle
07-17 11:40:35.744   587   587 I SystemServiceManager: Starting com.android.server.pm.ShortcutService$Lifecycle
07-17 11:40:35.744   587   587 V HistoricalRegistry: Interaction before persistence initialized
07-17 11:40:35.745   587   587 V SystemServerTiming: StartShortcutServiceLifecycle took to complete: 1ms
07-17 11:40:35.745   587   587 D SystemServerTiming: StartLauncherAppsService
07-17 11:40:35.745   587   587 I SystemServiceManager: Starting com.android.server.pm.LauncherAppsService
07-17 11:40:35.745   587   752 D BiometricService: Registering ID: 0 Modality: 2 Strength: 15
07-17 11:40:35.746   587   587 V SystemServerTiming: StartLauncherAppsService took to complete: 1ms
07-17 11:40:35.746   587   587 D SystemServerTiming: StartCrossProfileAppsService
07-17 11:40:35.746   587   587 I SystemServiceManager: Starting com.android.server.pm.CrossProfileAppsService
07-17 11:40:35.746   587   752 D BiometricStrengthController: updateStrengths: revert sensorId=0 to oemStrength=15
07-17 11:40:35.746   587   752 D BiometricService/Sensor: updateStrength: Before(ID(0), oemStrength: 15, updatedStrength: 15, modality 2, state: 0, cookie: 0) After(ID(0), oemStrength: 15, updatedStrength: 15, modality 2, state: 0, cookie: 0)
07-17 11:40:35.746   587   587 V SystemServerTiming: StartCrossProfileAppsService took to complete: 1ms
07-17 11:40:35.746   587   587 D SystemServerTiming: StartPeopleService
07-17 11:40:35.746   587   587 I SystemServiceManager: Starting com.android.server.people.PeopleService
07-17 11:40:35.747   587   587 V SystemServerTiming: StartPeopleService took to complete: 0ms
07-17 11:40:35.747   587   587 D SystemServerTiming: StartMediaMetricsManager
07-17 11:40:35.747   587   587 I SystemServiceManager: Starting com.android.server.media.metrics.MediaMetricsManagerService
07-17 11:40:35.747   587   587 V SystemServerTiming: StartMediaMetricsManager took to complete: 1ms
07-17 11:40:35.747   587   587 D SystemServerTiming: StartMediaProjectionManager
07-17 11:40:35.747   587   587 I SystemServiceManager: Starting com.android.server.media.projection.MediaProjectionManagerService
07-17 11:40:35.749   587   587 V MediaRouter: Selecting route: RouteInfo{ name=Phone, description=null, status=null, category=RouteCategory{ name=System types=ROUTE_TYPE_LIVE_AUDIO ROUTE_TYPE_LIVE_VIDEO  groupable=false }, supportedTypes=ROUTE_TYPE_LIVE_AUDIO ROUTE_TYPE_LIVE_VIDEO , presentationDisplay=null }
07-17 11:40:35.749   587   587 I MediaRouter: Skip setBluetoothA2dpOn(): types=8388615, isPlaybackActive()=false, BT route=null
07-17 11:40:35.750   587   587 V SystemServerTiming: StartMediaProjectionManager took to complete: 2ms
07-17 11:40:35.750   587   587 D SystemServerTiming: StartSliceManagerService
07-17 11:40:35.750   587   587 I SystemServiceManager: Starting com.android.server.slice.SliceManagerService$Lifecycle
07-17 11:40:35.751   587   587 V SystemServerTiming: StartSliceManagerService took to complete: 1ms
07-17 11:40:35.751   587   587 D SystemServerTiming: StartStatsCompanion
07-17 11:40:35.751   587   587 I SystemServiceManager: Starting com.android.server.stats.StatsCompanion$Lifecycle
07-17 11:40:35.752   587   587 V SystemServerTiming: StartStatsCompanion took to complete: 2ms
07-17 11:40:35.752   587   587 D SystemServerTiming: StartRebootReadinessManagerService
07-17 11:40:35.753   587   587 I SystemServiceManager: Starting com.android.server.scheduling.RebootReadinessManagerService$Lifecycle
07-17 11:40:35.755   587   587 I TetheringManager: registerTetheringEventCallback:android
07-17 11:40:35.755   587   587 I TetheringManager: registerTetheringEventCallback caller:android
07-17 11:40:35.755   587   587 V SystemServerTiming: StartRebootReadinessManagerService took to complete: 3ms
07-17 11:40:35.755   587   587 D SystemServerTiming: StartStatsPullAtomService
07-17 11:40:35.755   587   587 I SystemServiceManager: Starting com.android.server.stats.pull.StatsPullAtomService
07-17 11:40:35.755   587   587 V SystemServerTiming: StartStatsPullAtomService took to complete: 0ms
07-17 11:40:35.755   587   587 D SystemServerTiming: StatsBootstrapAtomService
07-17 11:40:35.755   587   587 I SystemServiceManager: Starting com.android.server.stats.bootstrap.StatsBootstrapAtomService$Lifecycle
07-17 11:40:35.756   587   587 V SystemServerTiming: StatsBootstrapAtomService took to complete: 0ms
07-17 11:40:35.756   587   587 D SystemServerTiming: StartIncidentCompanionService
07-17 11:40:35.756   587   587 I SystemServiceManager: Starting com.android.server.incident.IncidentCompanionService
07-17 11:40:35.756   587   587 V SystemServerTiming: StartIncidentCompanionService took to complete: 0ms
07-17 11:40:35.756   587   587 D SystemServerTiming: StarSdkSandboxManagerService
07-17 11:40:35.756   587   587 I SystemServiceManager: Starting com.android.server.sdksandbox.SdkSandboxManagerService$Lifecycle
07-17 11:40:35.758   587   587 V SystemServerTiming: StarSdkSandboxManagerService took to complete: 2ms
07-17 11:40:35.758   587   587 D SystemServerTiming: StartAdServicesManagerService
07-17 11:40:35.758   587   587 I SystemServiceManager: Starting com.android.server.adservices.AdServicesManagerService$Lifecycle
07-17 11:40:35.758   587   587 I AdServicesManagerService: AdServicesManagerService started!
07-17 11:40:35.758   587   587 V SystemServerTiming: StartAdServicesManagerService took to complete: 0ms
07-17 11:40:35.758   587   587 D SystemServerTiming: StartMmsService
07-17 11:40:35.758   587   587 I SystemServiceManager: Starting com.android.server.MmsServiceBroker
07-17 11:40:35.758   587   587 V SystemServerTiming: StartMmsService took to complete: 1ms
07-17 11:40:35.758   587   587 D SystemServerTiming: StartAutoFillService
07-17 11:40:35.758   587   587 I SystemServiceManager: Starting com.android.server.autofill.AutofillManagerService
07-17 11:40:35.759   587   587 D AutofillManagerService: setLogLevelFromSettings(): level=2, debug=true, verbose=false
07-17 11:40:35.759   587   587 D AutofillManagerService: setMaxPartitionsFromSettings(): 10
07-17 11:40:35.759   587   587 D AutofillManagerService: setMaxVisibleDatasetsFromSettings(): 0
07-17 11:40:35.760   587   607 D AutofillUI: destroySaveUiUiThread(): already destroyed
07-17 11:40:35.760   587   587 E AutofillManagerServiceImpl: Bad service name: com.google.android.gms/.autofill.service.AutofillService
07-17 11:40:35.760   587   587 D AutofillManagerServiceImpl: Reset component for user 0:com.google.android.gms/.autofill.service.AutofillService
