07-17 11:40:30.733   412   412 W android.hardware.media.c2@1.0-service-goldfish: libminijail[412]: compile_file: <fd>(15): previous definition here
07-17 11:40:30.733   412   412 W android.hardware.media.c2@1.0-service-goldfish: libminijail[412]: compile_file: /system/etc/seccomp_policy/crash_dump.x86.policy(2): syscall write redefined here
07-17 11:40:30.733   412   412 W android.hardware.media.c2@1.0-service-goldfish: libminijail[412]: compile_file: <fd>(57): previous definition here
07-17 11:40:30.733   412   412 W android.hardware.media.c2@1.0-service-goldfish: libminijail[412]: compile_file: /system/etc/seccomp_policy/crash_dump.x86.policy(3): syscall exit redefined here
07-17 11:40:30.733   412   412 W android.hardware.media.c2@1.0-service-goldfish: libminijail[412]: compile_file: <fd>(44): previous definition here
07-17 11:40:30.733   412   412 W android.hardware.media.c2@1.0-service-goldfish: libminijail[412]: compile_file: /system/etc/seccomp_policy/crash_dump.x86.policy(4): syscall rt_sigreturn redefined here
07-17 11:40:30.733   412   412 W android.hardware.media.c2@1.0-service-goldfish: libminijail[412]: compile_file: <fd>(46): previous definition here
07-17 11:40:30.733   412   412 W android.hardware.media.c2@1.0-service-goldfish: libminijail[412]: compile_file: /system/etc/seccomp_policy/crash_dump.x86.policy(5): nonexistent syscall 'sigreturn'
07-17 11:40:30.733   412   412 W android.hardware.media.c2@1.0-service-goldfish: libminijail[412]: compile_file: /system/etc/seccomp_policy/crash_dump.x86.policy(6): syscall exit_group redefined here
07-17 11:40:30.733   412   412 W android.hardware.media.c2@1.0-service-goldfish: libminijail[412]: compile_file: <fd>(45): previous definition here
07-17 11:40:30.733   412   412 W android.hardware.media.c2@1.0-service-goldfish: libminijail[412]: compile_file: /system/etc/seccomp_policy/crash_dump.x86.policy(9): syscall futex redefined here
07-17 11:40:30.733   412   412 W android.hardware.media.c2@1.0-service-goldfish: libminijail[412]: compile_file: <fd>(35): previous definition here
07-17 11:40:30.733   412   412 W android.hardware.media.c2@1.0-service-goldfish: libminijail[412]: compile_file: /system/etc/seccomp_policy/crash_dump.x86.policy(11): syscall getpid redefined here
07-17 11:40:30.733   412   412 W android.hardware.media.c2@1.0-service-goldfish: libminijail[412]: compile_file: <fd>(68): previous definition here
07-17 11:40:30.733   412   412 W android.hardware.media.c2@1.0-service-goldfish: libminijail[412]: compile_file: /system/etc/seccomp_policy/crash_dump.x86.policy(12): syscall gettid redefined here
07-17 11:40:30.733   412   412 W android.hardware.media.c2@1.0-service-goldfish: libminijail[412]: compile_file: <fd>(66): previous definition here
07-17 11:40:30.733   412   412 W android.hardware.media.c2@1.0-service-goldfish: libminijail[412]: compile_file: /system/etc/seccomp_policy/crash_dump.x86.policy(15): syscall openat redefined here
07-17 11:40:30.733   412   412 W android.hardware.media.c2@1.0-service-goldfish: libminijail[412]: compile_file: <fd>(18): previous definition here
07-17 11:40:30.733   412   412 W android.hardware.media.c2@1.0-service-goldfish: libminijail[412]: compile_file: /system/etc/seccomp_policy/crash_dump.x86.policy(16): syscall dup redefined here
07-17 11:40:30.733   412   412 W android.hardware.media.c2@1.0-service-goldfish: libminijail[412]: compile_file: <fd>(55): previous definition here
07-17 11:40:30.733   412   412 W android.hardware.media.c2@1.0-service-goldfish: libminijail[412]: compile_file: /system/etc/seccomp_policy/crash_dump.x86.policy(17): syscall close redefined here
07-17 11:40:30.733   412   412 W android.hardware.media.c2@1.0-service-goldfish: libminijail[412]: compile_file: <fd>(25): previous definition here
07-17 11:40:30.733   412   412 W android.hardware.media.c2@1.0-service-goldfish: libminijail[412]: compile_file: /system/etc/seccomp_policy/crash_dump.x86.policy(18): syscall lseek redefined here
07-17 11:40:30.733   412   412 W android.hardware.media.c2@1.0-service-goldfish: libminijail[412]: compile_file: <fd>(39): previous definition here
07-17 11:40:30.733   412   412 W android.hardware.media.c2@1.0-service-goldfish: libminijail[412]: compile_file: /system/etc/seccomp_policy/crash_dump.x86.policy(20): syscall faccessat redefined here
07-17 11:40:30.733   412   412 W android.hardware.media.c2@1.0-service-goldfish: libminijail[412]: compile_file: <fd>(37): previous definition here
07-17 11:40:30.733   412   412 W android.hardware.media.c2@1.0-service-goldfish: libminijail[412]: compile_file: /system/etc/seccomp_policy/crash_dump.x86.policy(29): syscall prctl redefined here
07-17 11:40:30.734   412   412 W android.hardware.media.c2@1.0-service-goldfish: libminijail[412]: compile_file: <fd>(17): previous definition here
07-17 11:40:30.734   412   412 W android.hardware.media.c2@1.0-service-goldfish: libminijail[412]: compile_file: /system/etc/seccomp_policy/crash_dump.x86.policy(30): syscall madvise redefined here
07-17 11:40:30.734   412   412 W android.hardware.media.c2@1.0-service-goldfish: libminijail[412]: compile_file: <fd>(32): previous definition here
07-17 11:40:30.734   412   412 W android.hardware.media.c2@1.0-service-goldfish: libminijail[412]: compile_file: /system/etc/seccomp_policy/crash_dump.x86.policy(31): syscall mprotect redefined here
07-17 11:40:30.734   412   412 W android.hardware.media.c2@1.0-service-goldfish: libminijail[412]: compile_file: <fd>(16): previous definition here
07-17 11:40:30.734   412   412 W android.hardware.media.c2@1.0-service-goldfish: libminijail[412]: compile_file: /system/etc/seccomp_policy/crash_dump.x86.policy(32): syscall munmap redefined here
07-17 11:40:30.734   412   412 W android.hardware.media.c2@1.0-service-goldfish: libminijail[412]: compile_file: <fd>(36): previous definition here
07-17 11:40:30.734   412   412 W android.hardware.media.c2@1.0-service-goldfish: libminijail[412]: compile_file: /system/etc/seccomp_policy/crash_dump.x86.policy(33): nonexistent syscall 'getuid32'
07-17 11:40:30.734   412   412 W android.hardware.media.c2@1.0-service-goldfish: libminijail[412]: compile_file: /system/etc/seccomp_policy/crash_dump.x86.policy(34): nonexistent syscall 'fstat64'
07-17 11:40:30.734   412   412 W android.hardware.media.c2@1.0-service-goldfish: libminijail[412]: compile_file: /system/etc/seccomp_policy/crash_dump.x86.policy(35): nonexistent syscall 'mmap2'
07-17 11:40:30.734   412   412 W android.hardware.media.c2@1.0-service-goldfish: libminijail[412]: compile_file: /system/etc/seccomp_policy/crash_dump.x86.policy(36): nonexistent syscall 'geteuid32'
07-17 11:40:30.734   412   412 W android.hardware.media.c2@1.0-service-goldfish: libminijail[412]: compile_file: /system/etc/seccomp_policy/crash_dump.x86.policy(37): nonexistent syscall 'getgid32'
07-17 11:40:30.734   412   412 W android.hardware.media.c2@1.0-service-goldfish: libminijail[412]: compile_file: /system/etc/seccomp_policy/crash_dump.x86.policy(38): nonexistent syscall 'getegid32'
07-17 11:40:30.734   412   412 W android.hardware.media.c2@1.0-service-goldfish: libminijail[412]: compile_file: /system/etc/seccomp_policy/crash_dump.x86.policy(39): nonexistent syscall 'getgroups32'
07-17 11:40:30.734   412   412 W android.hardware.media.c2@1.0-service-goldfish: libminijail[412]: logging seccomp filter failures
07-17 11:40:30.734   414   414 I HidlServiceManagement: Registered android.hardware.neuralnetworks@1.3::IDevice/nnapi-sample_float_slow
07-17 11:40:30.734   414   414 I HidlServiceManagement: Removing namespace from process name android.hardware.neuralnetworks@1.3-service-sample-limited to neuralnetworks@1.3-service-sample-limited.
07-17 11:40:30.734   412   412 D android.hardware.media.c2@1.0-service-goldfish: Instantiating Codec2's Goldfish IComponentStore service...
07-17 11:40:30.734   412   412 I GoldfishComponentStore: Create()
07-17 11:40:30.735   412   412 W GoldfishComponentStore: created goldfish store 0x7c0d9aeb1060 reflector of param 0x7c0d7aea4e98
07-17 11:40:30.735   412   412 D GoldfishComponentStore: useAndroidGoldfishComponentInstance 253 found prop ro.boot.qemu.hwcodec.vpxdec val 2
07-17 11:40:30.735   412   412 D GoldfishComponentStore: useAndroidGoldfishComponentInstance 253 found prop ro.boot.qemu.hwcodec.avcdec val 2
07-17 11:40:30.735   412   412 D GoldfishComponentStore: useAndroidGoldfishComponentInstance 253 found prop ro.boot.qemu.hwcodec.hevcdec val 2
07-17 11:40:30.738   414   414 I HidlServiceManagement: Registered android.hardware.neuralnetworks@1.3::IDevice/nnapi-sample_minimal
07-17 11:40:30.738   414   414 I HidlServiceManagement: Removing namespace from process name android.hardware.neuralnetworks@1.3-service-sample-limited to neuralnetworks@1.3-service-sample-limited.
07-17 11:40:30.739   394   394 I android.hardware.pixel.camera.provider@2.7-service: Google camera provider service is starting.
07-17 11:40:30.741   234   234 I servicemanager: Found android.hardware.drm.IDrmFactory/widevine in device VINTF manifest.
07-17 11:40:30.746   414   414 I HidlServiceManagement: Registered android.hardware.neuralnetworks@1.3::IDevice/nnapi-sample_quant
07-17 11:40:30.746   414   414 I HidlServiceManagement: Removing namespace from process name android.hardware.neuralnetworks@1.3-service-sample-limited to neuralnetworks@1.3-service-sample-limited.
07-17 11:40:30.752   394   394 I android.hardware.pixel.camera.provider@2.7-service: Not using ApexUpdateListener since not running in an apex.
07-17 11:40:30.753   394   394 I GCH_CameraProvider: CreateHwl:Loading libgooglecamerahwl_impl.so library
07-17 11:40:30.754   235   235 I hwservicemanager: getTransport: Cannot find entry android.hardware.graphics.mapper@4.0::IMapper/default in either framework or device VINTF manifest.
07-17 11:40:30.758   393   393 I Gralloc4: mapper 4.x is not supported
07-17 11:40:30.758   417   417 I HidlServiceManagement: Registered android.hardware.sensors@2.1::ISensors/default
07-17 11:40:30.758   417   417 I HidlServiceManagement: Removing namespace from process name android.hardware.sensors@2.1-service.multihal to sensors@2.1-service.multihal.
07-17 11:40:30.758   390   390 I HidlServiceManagement: Registered android.hardware.audio@7.1::IDevicesFactory/default
07-17 11:40:30.759   412   412 I HidlServiceManagement: Registered android.hardware.media.c2@1.0::IComponentStore/default
07-17 11:40:30.759   412   412 I HidlServiceManagement: Removing namespace from process name android.hardware.media.c2@1.0-service-goldfish to c2@1.0-service-goldfish.
07-17 11:40:30.759   412   412 I android.hardware.media.c2@1.0-service-goldfish: Codec2's IComponentStore service created.
07-17 11:40:30.763   390   390 I HidlServiceManagement: Removing namespace from process name android.hardware.audio.service to audio.service.
07-17 11:40:30.764   390   390 I LegacySupport: Registration complete for android.hardware.audio@7.1::IDevicesFactory/default.
07-17 11:40:30.772   393   393 D HostConnection: createUnique: call
07-17 11:40:30.772   393   393 D HostConnection: HostConnection::get() New Host Connection established 0x75016d45a690, tid 393
07-17 11:40:30.773   393   393 D goldfish-address-space: allocate: Ask for block of size 0x100
07-17 11:40:30.773   393   393 D goldfish-address-space: allocate: ioctl allocate returned offset 0x3ffffe000 size 0x2000
07-17 11:40:30.787   409   409 D HostConnection: createUnique: call
07-17 11:40:30.788   420   420 I android.hardware.wifi@1.0-service: Wifi Hal is booting up...
07-17 11:40:30.788   393   393 D EmulatedCamera_QemuClient: Emulated camera list: 
07-17 11:40:30.789   393   393 E EmulatedCamera_Factory: 0 cameras are being emulated. 0 of them are fake cameras.
07-17 11:40:30.789   393   393 I CamPrvdr@2.4-legacy: Loaded "Emulated Camera Module" camera module
07-17 11:40:30.789   393   393 E CamPrvdr@2.4-legacy: setUpVendorTags: Vendor tag operations not fully defined. Ignoring definitions.
07-17 11:40:30.789   393   393 E CamPrvdr@2.4-legacy: initialize: Vendor tag setup failed, will not be available.
07-17 11:40:30.791   409   409 D HostConnection: HostConnection::get() New Host Connection established 0x71d95b765350, tid 409
07-17 11:40:30.792   435   435 I credstore: Registered binder service
07-17 11:40:30.792   420   420 I HidlServiceManagement: Registered android.hardware.wifi@1.6::IWifi/default
07-17 11:40:30.792   420   420 I HidlServiceManagement: Removing namespace from process name android.hardware.wifi@1.0-service to wifi@1.0-service.
07-17 11:40:30.794   390   390 I HidlServiceManagement: Registered android.hardware.audio.effect@7.0::IEffectsFactory/default
07-17 11:40:30.794   393   393 I HidlServiceManagement: Registered android.hardware.camera.provider@2.4::ICameraProvider/legacy/0
07-17 11:40:30.794   393   393 I HidlServiceManagement: Removing namespace from process name android.hardware.camera.provider@2.4-service_64 to provider@2.4-service_64.
07-17 11:40:30.794   393   393 I LegacySupport: Registration complete for android.hardware.camera.provider@2.4::ICameraProvider/legacy/0.
07-17 11:40:30.794   409   409 I HidlServiceManagement: Registered android.hardware.graphics.allocator@3.0::IAllocator/default
07-17 11:40:30.794   409   409 I HidlServiceManagement: Removing namespace from process name android.hardware.graphics.allocator@3.0-service to allocator@3.0-service.
07-17 11:40:30.795   409   409 I android.hardware.graphics.allocator@3.0-service: graphics IAllocator@3.0 service is initialized
07-17 11:40:30.795   390   390 I LegacySupport: Registration complete for android.hardware.audio.effect@7.0::IEffectsFactory/default.
07-17 11:40:30.795   235   235 I hwservicemanager: getTransport: Cannot find entry android.hardware.soundtrigger@2.3::ISoundTriggerHw/default in either framework or device VINTF manifest.
07-17 11:40:30.795   390   390 E LegacySupport: Could not get passthrough implementation for android.hardware.soundtrigger@2.3::ISoundTriggerHw/default.
07-17 11:40:30.823   410   410 D RanchuHwc: isMinigbmFromProperty: Is not using minigbm, in goldfish mode.
07-17 11:40:30.824   410   410 D HostConnection: createUnique: call
07-17 11:40:30.826   410   410 D HostConnection: HostConnection::get() New Host Connection established 0x711f3a66b5d0, tid 410
07-17 11:40:30.832   410   410 D HostConnection: HostComposition ext ANDROID_EMU_CHECKSUM_HELPER_v1 ANDROID_EMU_native_sync_v2 ANDROID_EMU_dma_v1 ANDROID_EMU_direct_mem ANDROID_EMU_host_composition_v1 ANDROID_EMU_host_composition_v2 ANDROID_EMU_YUV_Cache ANDROID_EMU_has_shared_slots_host_memory_allocator ANDROID_EMU_sync_buffer_data ANDROID_EMU_read_color_buffer_dma ANDROID_EMU_hwc_multi_configs GL_OES_EGL_image_external_essl3 GL_OES_vertex_array_object GL_KHR_texture_compression_astc_ldr ANDROID_EMU_host_side_tracing ANDROID_EMU_gles_max_version_3_0 
07-17 11:40:30.833   410   410 D RanchuHwc: init initializing display:0 with config: w:768 h:1280 dpi-x:320 dpi-y:320 vsync:60.000002 config-group:0
07-17 11:40:30.833   235   235 I hwservicemanager: getTransport: Cannot find entry android.hardware.graphics.mapper@4.0::IMapper/default in either framework or device VINTF manifest.
07-17 11:40:30.833   410   410 I Gralloc4: mapper 4.x is not supported
07-17 11:40:30.834   410   410 D HostConnection: createUnique: call
07-17 11:40:30.835   410   410 D HostConnection: HostConnection::get() New Host Connection established 0x711f3a66ba50, tid 410
07-17 11:40:30.835   410   410 D goldfish-address-space: allocate: Ask for block of size 0x100
07-17 11:40:30.835   410   410 D goldfish-address-space: allocate: ioctl allocate returned offset 0x3ffffe000 size 0x2000
07-17 11:40:30.840   235   235 I hwservicemanager: getTransport: Cannot find entry android.hardware.graphics.allocator@4.0::IAllocator/default in either framework or device VINTF manifest.
07-17 11:40:30.841   234   234 I servicemanager: Could not find android.hardware.graphics.allocator.IAllocator/default in the VINTF manifest.
07-17 11:40:30.841   410   410 W Gralloc4: allocator 4.x is not supported
07-17 11:40:30.843   390   390 I HidlServiceManagement: Registered android.hardware.soundtrigger@2.2::ISoundTriggerHw/default
07-17 11:40:30.844   390   390 I LegacySupport: Registration complete for android.hardware.soundtrigger@2.2::ISoundTriggerHw/default.
07-17 11:40:30.844   235   235 I hwservicemanager: getTransport: Cannot find entry android.hardware.bluetooth.audio@2.2::IBluetoothAudioProvidersFactory/default in either framework or device VINTF manifest.
07-17 11:40:30.844   390   390 E LegacySupport: Could not get passthrough implementation for android.hardware.bluetooth.audio@2.2::IBluetoothAudioProvidersFactory/default.
07-17 11:40:30.844   235   235 I hwservicemanager: getTransport: Cannot find entry android.hardware.bluetooth.audio@2.1::IBluetoothAudioProvidersFactory/default in either framework or device VINTF manifest.
07-17 11:40:30.851   409   468 D HostConnection: HostComposition ext ANDROID_EMU_CHECKSUM_HELPER_v1 ANDROID_EMU_native_sync_v2 ANDROID_EMU_dma_v1 ANDROID_EMU_direct_mem ANDROID_EMU_host_composition_v1 ANDROID_EMU_host_composition_v2 ANDROID_EMU_YUV_Cache ANDROID_EMU_has_shared_slots_host_memory_allocator ANDROID_EMU_sync_buffer_data ANDROID_EMU_read_color_buffer_dma ANDROID_EMU_hwc_multi_configs GL_OES_EGL_image_external_essl3 GL_OES_vertex_array_object GL_KHR_texture_compression_astc_ldr ANDROID_EMU_host_side_tracing ANDROID_EMU_gles_max_version_3_0 
07-17 11:40:30.851   409   468 D goldfish-address-space: claimShared: Ask to claim region [0x3fc000000 0x3fc3c0000]
07-17 11:40:30.859   410   410 D HostConnection: HostComposition ext ANDROID_EMU_CHECKSUM_HELPER_v1 ANDROID_EMU_native_sync_v2 ANDROID_EMU_dma_v1 ANDROID_EMU_direct_mem ANDROID_EMU_host_composition_v1 ANDROID_EMU_host_composition_v2 ANDROID_EMU_YUV_Cache ANDROID_EMU_has_shared_slots_host_memory_allocator ANDROID_EMU_sync_buffer_data ANDROID_EMU_read_color_buffer_dma ANDROID_EMU_hwc_multi_configs GL_OES_EGL_image_external_essl3 GL_OES_vertex_array_object GL_KHR_texture_compression_astc_ldr ANDROID_EMU_host_side_tracing ANDROID_EMU_gles_max_version_3_0 
07-17 11:40:30.860   409   409 D goldfish-address-space: claimShared: Ask to claim region [0x3fc3c0000 0x3fc780000]
07-17 11:40:30.860   409   409 D goldfish-address-space: claimShared: Ask to claim region [0x3fc780000 0x3fcb40000]
07-17 11:40:30.861   410   410 E RanchuHwc: GetFunction: Unknown function descriptor: 44
07-17 11:40:30.861   410   410 E RanchuHwc: GetFunction: Unknown function descriptor: 45
07-17 11:40:30.861   410   410 E RanchuHwc: GetFunction: Unknown function descriptor: 46
07-17 11:40:30.861   410   410 E RanchuHwc: GetFunction: Unknown function descriptor: 47
07-17 11:40:30.861   410   410 E RanchuHwc: GetFunction: Unknown function descriptor: 48
07-17 11:40:30.861   410   410 E RanchuHwc: GetFunction: Unknown function descriptor: 49
07-17 11:40:30.861   410   410 E RanchuHwc: GetFunction: Unknown function descriptor: 50
07-17 11:40:30.861   410   410 E RanchuHwc: GetFunction: Unknown function descriptor: 51
07-17 11:40:30.861   410   410 E RanchuHwc: GetFunction: Unknown function descriptor: 52
07-17 11:40:30.861   410   410 E RanchuHwc: GetFunction: Unknown function descriptor: 55
07-17 11:40:30.861   410   410 E RanchuHwc: GetFunction: Unknown function descriptor: 56
07-17 11:40:30.861   410   410 E RanchuHwc: GetFunction: Unknown function descriptor: 57
07-17 11:40:30.861   410   410 E RanchuHwc: GetFunction: Unknown function descriptor: 58
07-17 11:40:30.861   410   410 E RanchuHwc: GetFunction: Unknown function descriptor: 59
07-17 11:40:30.861   410   410 E RanchuHwc: GetFunction: Unknown function descriptor: 68
07-17 11:40:30.861   410   410 E RanchuHwc: GetFunction: Unknown function descriptor: 69
07-17 11:40:30.861   410   410 E RanchuHwc: GetFunction: Unknown function descriptor: 70
07-17 11:40:30.865   394   394 I EmulatedCameraProviderHwlImpl: Create: Created EmulatedCameraProviderHwlImpl
07-17 11:40:30.865   394   394 E GCH_CameraProvider: Initialize: HWL doesn't support vendor buffer allocation Function not implemented(-38)
07-17 11:40:30.866   410   410 I HidlServiceManagement: Registered android.hardware.graphics.composer@2.4::IComposer/default
07-17 11:40:30.866   410   410 I HidlServiceManagement: Removing namespace from process name android.hardware.graphics.composer@2.4-service to composer@2.4-service.
07-17 11:40:30.866   234   234 I servicemanager: Found android.hardware.camera.provider.ICameraProvider/internal/0 in device VINTF manifest.
07-17 11:40:30.871   235   235 I hwservicemanager: getTransport: Cannot find entry android.hardware.configstore@1.0::ISurfaceFlingerConfigs/default in either framework or device VINTF manifest.
07-17 11:40:30.880   390   390 I BTAudioProviderA2dpSoftware: A2dpSoftwareAudioProvider - size of audio buffer 7680 byte(s)
07-17 11:40:30.880   390   390 I BTAudioProviderHearingAid: HearingAidAudioProvider - size of audio buffer 3584 byte(s)
07-17 11:40:30.881   235   235 I hwservicemanager: getTransport: Cannot find entry android.hardware.bluetooth.audio@2.1::IBluetoothAudioProvidersFactory/default in either framework or device VINTF manifest.
07-17 11:40:30.881   390   390 E HidlServiceManagement: Service android.hardware.bluetooth.audio@2.1::IBluetoothAudioProvidersFactory/default must be in VINTF manifest in order to register/get.
07-17 11:40:30.881   390   390 E LegacySupport: Could not register service android.hardware.bluetooth.audio@2.1::IBluetoothAudioProvidersFactory/default (-2147483648).
07-17 11:40:30.881   390   390 E LegacySupport: Could not get passthrough implementation for android.hardware.bluetooth.audio@2.0::IBluetoothAudioProvidersFactory/default.
07-17 11:40:30.881   390   390 W audiohalservice: Could not register Bluetooth Audio API
07-17 11:40:30.881   235   235 I hwservicemanager: getTransport: Cannot find entry android.hardware.bluetooth.a2dp@1.0::IBluetoothAudioOffload/default in either framework or device VINTF manifest.
07-17 11:40:30.881   390   390 E LegacySupport: Could not get passthrough implementation for android.hardware.bluetooth.a2dp@1.0::IBluetoothAudioOffload/default.
07-17 11:40:30.881   390   390 W audiohalservice: Could not register Bluetooth Audio Offload API
07-17 11:40:30.881   390   390 E audiohalservice: Failed to dlopen android.hardware.bluetooth.audio-impl.so: dlopen failed: library "android.hardware.bluetooth.audio-impl.so" not found
07-17 11:40:30.881   390   390 W audiohalservice: createIBluetoothAudioProviderFactory() from android.hardware.bluetooth.audio-impl failed
07-17 11:40:30.898   439   439 E SurfaceFlinger: ro.sf.lcd_density must be defined as a build property
07-17 11:40:30.905   439   439 I SurfaceFlinger: Using HWComposer service: default
07-17 11:40:30.905   439   439 I SurfaceFlinger: SurfaceFlinger is starting
07-17 11:40:30.912   434   434 I FastMixerState: sMaxFastTracks = 8
07-17 11:40:30.914   385   385 D AndroidRuntime: >>>>>> START com.android.internal.os.ZygoteInit uid 0 <<<<<<
07-17 11:40:30.915   385   385 I boot_progress_start: 9650
07-17 11:40:30.918   434   434 V MediaUtils: physMem: 4104720384
07-17 11:40:30.918   434   434 V MediaUtils: requested limit: 536870912
07-17 11:40:30.918   434   434 I libc    : malloc_limit: Allocation limit enabled, max size 536870912 bytes
07-17 11:40:30.919   434   434 I audioserver: ServiceManager: 0x75ef290ce630
07-17 11:40:30.921   385   385 I AndroidRuntime: Using default boot image
07-17 11:40:30.921   385   385 I AndroidRuntime: Leaving lock profiling enabled
07-17 11:40:30.934   439   439 I SurfaceFlinger: SurfaceFlinger's main thread ready to run. Initializing graphics H/W...
07-17 11:40:30.934   439   439 E SurfaceFlinger: Unrecognized RenderEngineType ; ignoring!
07-17 11:40:30.934   439   439 D RenderEngine: Threaded RenderEngine with SkiaGL Backend
07-17 11:40:30.934   434   434 W BatteryNotifier: batterystats service unavailable!
07-17 11:40:30.945   235   235 I hwservicemanager: getTransport: Cannot find entry android.hardware.audio.effect@7.1::IEffectsFactory/default in either framework or device VINTF manifest.
07-17 11:40:30.946   439   477 D libEGL  : loaded /vendor/lib64/egl/libEGL_emulation.so
07-17 11:40:30.948   385   385 I zygote64: option[0]=-Xzygote
07-17 11:40:30.948   385   385 I zygote64: option[1]=exit
07-17 11:40:30.948   385   385 I zygote64: option[2]=vfprintf
07-17 11:40:30.948   385   385 I zygote64: option[3]=sensitiveThread
07-17 11:40:30.948   385   385 I zygote64: option[4]=-verbose:gc
07-17 11:40:30.948   385   385 I zygote64: option[5]=-XX:PerfettoHprof=true
07-17 11:40:30.948   385   385 I zygote64: option[6]=-XX:PerfettoJavaHeapStackProf=true
07-17 11:40:30.948   385   385 I zygote64: option[7]=-Xprimaryzygote
07-17 11:40:30.948   385   385 I zygote64: option[8]=-Xms8m
07-17 11:40:30.948   385   385 I zygote64: option[9]=-Xmx576m
07-17 11:40:30.948   385   385 I zygote64: option[10]=-XX:HeapGrowthLimit=192m
07-17 11:40:30.948   385   385 I zygote64: option[11]=-XX:HeapMinFree=512k
07-17 11:40:30.948   385   385 I zygote64: option[12]=-XX:HeapMaxFree=8m
07-17 11:40:30.948   385   385 I zygote64: option[13]=-XX:HeapTargetUtilization=0.75
07-17 11:40:30.948   385   385 I zygote64: option[14]=-Xusejit:true
07-17 11:40:30.948   385   385 I zygote64: option[15]=-Xjitsaveprofilinginfo
07-17 11:40:30.948   385   385 I zygote64: option[16]=-XMadviseWillNeedVdexFileSize:104857600
07-17 11:40:30.948   439   477 D libEGL  : loaded /vendor/lib64/egl/libGLESv1_CM_emulation.so
07-17 11:40:30.948   385   385 I zygote64: option[17]=-XMadviseWillNeedOdexFileSize:104857600
07-17 11:40:30.948   385   385 I zygote64: option[18]=-XMadviseWillNeedArtFileSize:4294967295
07-17 11:40:30.948   385   385 I zygote64: option[19]=-XjdwpOptions:suspend=n,server=y
07-17 11:40:30.948   385   385 I zygote64: option[20]=-XjdwpProvider:default
07-17 11:40:30.948   385   385 I zygote64: option[21]=-Xopaque-jni-ids:swapable
07-17 11:40:30.948   385   385 I zygote64: option[22]=-Xlockprofthreshold:500
07-17 11:40:30.948   385   385 I zygote64: option[23]=-Xcompiler-option
07-17 11:40:30.948   385   385 I zygote64: option[24]=--instruction-set-variant=x86_64
07-17 11:40:30.948   385   385 I zygote64: option[25]=-Xcompiler-option
07-17 11:40:30.948   385   385 I zygote64: option[26]=--instruction-set-features=default
07-17 11:40:30.948   385   385 I zygote64: option[27]=-Xcompiler-option
07-17 11:40:30.948   385   385 I zygote64: option[28]=--generate-mini-debug-info
07-17 11:40:30.948   385   385 I zygote64: option[29]=-Ximage-compiler-option
07-17 11:40:30.948   385   385 I zygote64: option[30]=--runtime-arg
07-17 11:40:30.948   385   385 I zygote64: option[31]=-Ximage-compiler-option
07-17 11:40:30.948   385   385 I zygote64: option[32]=-Xms64m
07-17 11:40:30.948   385   385 I zygote64: option[33]=-Ximage-compiler-option
07-17 11:40:30.948   385   385 I zygote64: option[34]=--runtime-arg
07-17 11:40:30.948   385   385 I zygote64: option[35]=-Ximage-compiler-option
07-17 11:40:30.948   385   385 I zygote64: option[36]=-Xmx64m
07-17 11:40:30.948   385   385 I zygote64: option[37]=-Ximage-compiler-option
07-17 11:40:30.948   385   385 I zygote64: option[38]=--dirty-image-objects=/system/etc/dirty-image-objects
07-17 11:40:30.948   385   385 I zygote64: option[39]=-Ximage-compiler-option
07-17 11:40:30.948   385   385 I zygote64: option[40]=--instruction-set-variant=x86_64
07-17 11:40:30.948   385   385 I zygote64: option[41]=-Ximage-compiler-option
07-17 11:40:30.948   385   385 I zygote64: option[42]=--instruction-set-features=default
07-17 11:40:30.948   385   385 I zygote64: option[43]=-Ximage-compiler-option
07-17 11:40:30.948   385   385 I zygote64: option[44]=--generate-mini-debug-info
07-17 11:40:30.948   385   385 I zygote64: option[45]=-Duser.locale=en-US
07-17 11:40:30.948   385   385 I zygote64: option[46]=--cpu-abilist=x86_64
07-17 11:40:30.948   385   385 I zygote64: option[47]=-Xcore-platform-api-policy:just-warn
07-17 11:40:30.948   385   385 I zygote64: option[48]=-Xfingerprint:google/sdk_gphone64_x86_64/emu64x:13/TE1A.220922.021/9526604:userdebug/dev-keys
07-17 11:40:30.950   439   477 D libEGL  : loaded /vendor/lib64/egl/libGLESv2_emulation.so
07-17 11:40:30.963   439   477 D HostConnection: createUnique: call
07-17 11:40:30.965   439   477 D HostConnection: HostConnection::get() New Host Connection established 0x73294544c6d0, tid 477
07-17 11:40:30.972   439   477 D HostConnection: HostComposition ext ANDROID_EMU_CHECKSUM_HELPER_v1 ANDROID_EMU_native_sync_v2 ANDROID_EMU_dma_v1 ANDROID_EMU_direct_mem ANDROID_EMU_host_composition_v1 ANDROID_EMU_host_composition_v2 ANDROID_EMU_YUV_Cache ANDROID_EMU_has_shared_slots_host_memory_allocator ANDROID_EMU_sync_buffer_data ANDROID_EMU_read_color_buffer_dma ANDROID_EMU_hwc_multi_configs GL_OES_EGL_image_external_essl3 GL_OES_vertex_array_object GL_KHR_texture_compression_astc_ldr ANDROID_EMU_host_side_tracing ANDROID_EMU_gles_max_version_3_0 
07-17 11:40:30.974   439   477 I RenderEngine: EGL information:
07-17 11:40:30.974   439   477 I RenderEngine: vendor    : Android
07-17 11:40:30.974   439   477 I RenderEngine: version   : 1.4 Android META-EGL
07-17 11:40:30.974   439   477 I RenderEngine: extensions: EGL_ANDROID_front_buffer_auto_refresh EGL_ANDROID_get_frame_timestamps EGL_ANDROID_get_native_client_buffer EGL_ANDROID_presentation_time EGL_EXT_surface_CTA861_3_metadata EGL_EXT_surface_SMPTE2086_metadata EGL_KHR_get_all_proc_addresses EGL_KHR_swap_buffers_with_damage EGL_ANDROID_image_native_buffer EGL_ANDROID_native_fence_sync EGL_ANDROID_recordable EGL_KHR_create_context EGL_KHR_fence_sync EGL_KHR_gl_texture_2D_image EGL_KHR_image EGL_KHR_image_base 
07-17 11:40:30.974   439   477 I RenderEngine: Client API: OpenGL_ES
07-17 11:40:30.974   439   477 I RenderEngine: EGLSurface: 8-8-8-8, config=0x3
07-17 11:40:30.978   439   477 D EGL_emulation: eglCreateContext: 0x73294544e650: maj 3 min 0 rcv 3
07-17 11:40:30.981   439   477 D EGL_emulation: eglMakeCurrent: 0x73294544e650: ver 3 0 (tinfo 0x732b4d924080) (first time)
07-17 11:40:30.995   385   385 I zygote64: Core platform API reporting enabled, enforcing=false
07-17 11:40:31.008   439   477 D RenderEngine: Background Blurs Enabled
07-17 11:40:31.012   235   235 I hwservicemanager: getTransport: Cannot find entry android.hardware.audio.effect@7.1::IEffectsFactory/default in either framework or device VINTF manifest.
07-17 11:40:31.013   439   477 I RenderEngine: OpenGL ES informations:
07-17 11:40:31.013   439   477 I RenderEngine: vendor    : Google (Google Inc.)
07-17 11:40:31.013   439   477 I RenderEngine: renderer  : Android Emulator OpenGL ES Translator (Google SwiftShader)
07-17 11:40:31.013   439   477 I RenderEngine: version   : OpenGL ES 3.0 (OpenGL ES 3.0 SwiftShader 4.0.0.1)
07-17 11:40:31.013   439   477 I RenderEngine: extensions: GL_EXT_debug_marker GL_EXT_robustness GL_OES_EGL_sync GL_OES_EGL_image GL_OES_EGL_image_external GL_OES_depth24 GL_OES_depth32 GL_OES_element_index_uint GL_OES_texture_float GL_OES_texture_float_linear GL_OES_compressed_paletted_texture GL_OES_compressed_ETC1_RGB8_texture GL_OES_depth_texture GL_OES_texture_half_float GL_OES_texture_half_float_linear GL_OES_packed_depth_stencil GL_OES_vertex_half_float GL_OES_standard_derivatives GL_OES_texture_npot GL_OES_rgb8_rgba8 GL_EXT_color_buffer_float GL_EXT_color_buffer_half_float GL_EXT_texture_format_BGRA8888 GL_APPLE_texture_format_BGRA8888 ANDROID_EMU_CHECKSUM_HELPER_v1 ANDROID_EMU_native_sync_v2 ANDROID_EMU_dma_v1 ANDROID_EMU_direct_mem ANDROID_EMU_host_composition_v1 ANDROID_EMU_host_composition_v2 ANDROID_EMU_YUV_Cache ANDROID_EMU_has_shared_slots_host_memory_allocator ANDROID_EMU_sync_buffer_data ANDROID_EMU_read_color_buffer_dma ANDROID_EMU_hwc_multi_configs GL_OES_EGL_image_external_essl3 GL_OES_vertex_array_object GL_KHR_texture_compression_as
07-17 11:40:31.013   439   477 I RenderEngine: GL_MAX_TEXTURE_SIZE = 8192
07-17 11:40:31.013   439   477 I RenderEngine: GL_MAX_VIEWPORT_DIMS = 8192
07-17 11:40:31.015   234   234 I servicemanager: Could not find android.hardware.graphics.composer3.IComposer/default in the VINTF manifest.
07-17 11:40:31.016   434   434 I ServiceManager: Waiting for service 'media.metrics' on '/dev/binder'...
07-17 11:40:31.016   235   235 I hwservicemanager: getTransport: Cannot find entry android.hardware.graphics.mapper@4.0::IMapper/default in either framework or device VINTF manifest.
07-17 11:40:31.016   410   472 I ComposerResources: failed to get mapper 4.0 service, falling back to mapper 3.0
07-17 11:40:31.017   410   472 D HostConnection: createUnique: call
07-17 11:40:31.018   410   472 D HostConnection: HostConnection::get() New Host Connection established 0x711f3a66b450, tid 472
07-17 11:40:31.018   410   472 D goldfish-address-space: allocate: Ask for block of size 0x100
07-17 11:40:31.018   410   472 D goldfish-address-space: allocate: ioctl allocate returned offset 0x3fbffe000 size 0x2000
07-17 11:40:31.025   410   472 I RanchuHwc: registerCallback hotplug connecting display:0
07-17 11:40:31.025   439   439 I SurfaceFlinger: Connecting HAL display 0
07-17 11:40:31.030   439   439 I HWComposer: Switching to generalized multi-display mode
07-17 11:40:31.042   439   439 W HwcComposer: getPerFrameMetadataKeys failed with 8
07-17 11:40:31.042   235   235 I hwservicemanager: getTransport: Cannot find entry android.hardware.configstore@1.1::ISurfaceFlingerConfigs/default in either framework or device VINTF manifest.
07-17 11:40:31.046   235   235 I hwservicemanager: getTransport: Cannot find entry android.hardware.graphics.mapper@4.0::IMapper/default in either framework or device VINTF manifest.
07-17 11:40:31.046   439   439 I Gralloc4: mapper 4.x is not supported
07-17 11:40:31.049   439   439 D HostConnection: createUnique: call
07-17 11:40:31.049   439   439 D HostConnection: HostConnection::get() New Host Connection established 0x73294544e1d0, tid 439
07-17 11:40:31.049   439   439 D goldfish-address-space: allocate: Ask for block of size 0x100
07-17 11:40:31.050   439   439 D goldfish-address-space: allocate: ioctl allocate returned offset 0x3fbffe000 size 0x2000
07-17 11:40:31.053   235   235 I hwservicemanager: getTransport: Cannot find entry android.hardware.graphics.allocator@4.0::IAllocator/default in either framework or device VINTF manifest.
07-17 11:40:31.054   234   234 I servicemanager: Could not find android.hardware.graphics.allocator.IAllocator/default in the VINTF manifest.
07-17 11:40:31.054   439   439 W Gralloc4: allocator 4.x is not supported
07-17 11:40:31.055   409   469 D goldfish-address-space: claimShared: Ask to claim region [0x3fcb40000 0x3fcf00000]
07-17 11:40:31.062   439   439 D HostConnection: HostComposition ext ANDROID_EMU_CHECKSUM_HELPER_v1 ANDROID_EMU_native_sync_v2 ANDROID_EMU_dma_v1 ANDROID_EMU_direct_mem ANDROID_EMU_host_composition_v1 ANDROID_EMU_host_composition_v2 ANDROID_EMU_YUV_Cache ANDROID_EMU_has_shared_slots_host_memory_allocator ANDROID_EMU_sync_buffer_data ANDROID_EMU_read_color_buffer_dma ANDROID_EMU_hwc_multi_configs GL_OES_EGL_image_external_essl3 GL_OES_vertex_array_object GL_KHR_texture_compression_astc_ldr ANDROID_EMU_host_side_tracing ANDROID_EMU_gles_max_version_3_0 
07-17 11:40:31.062   409   409 D goldfish-address-space: claimShared: Ask to claim region [0x3fcf00000 0x3fd2c0000]
07-17 11:40:31.063   439   487 W EventThread: Ignoring VSYNC request while display is disconnected
07-17 11:40:31.064   439   487 W EventThread: Ignoring VSYNC request while display is disconnected
07-17 11:40:31.064   439   488 W EventThread: Ignoring VSYNC request while display is disconnected
07-17 11:40:31.064   439   488 W EventThread: Ignoring VSYNC request while display is disconnected
07-17 11:40:31.064   439   439 I SurfaceFlinger: Dispatching display hotplug event displayId=4619827259835644672, connected=1
07-17 11:40:31.064   439   487 W EventThread: Ignoring VSYNC request while display is disconnected
07-17 11:40:31.064   439   487 W EventThread: Ignoring VSYNC request while display is disconnected
07-17 11:40:31.064   410   472 E RanchuHwc: registerCallback unhandled callback: VsyncPeriodTimingChanged
07-17 11:40:31.064   410   472 E RanchuHwc: registerCallback unhandled callback: SeamlessPossible
07-17 11:40:31.065   439   491 W SurfaceFlinger: Failed to set thread name on dispatch thread
07-17 11:40:31.065   439   439 I HidlServiceManagement: Registered android.frameworks.displayservice@1.0::IDisplayService/default
07-17 11:40:31.066   439   439 D SurfaceFlinger: Setting power mode 2 on display 4619827259835644672
07-17 11:40:31.066   439   439 D SurfaceFlinger: Finished setting power mode 2 on display 4619827259835644672
07-17 11:40:31.066   409   409 D goldfish-address-space: claimShared: Ask to claim region [0x3fd2c0000 0x3fd2d0000]
07-17 11:40:31.068   409   409 D goldfish-address-space: claimShared: Ask to claim region [0x3fd2d0000 0x3fd2e0000]
07-17 11:40:31.068   484   484 I bootstat: Service started: /system/bin/bootstat --set_system_boot_reason 
07-17 11:40:31.069   484   484 I bootstat: Canonical boot reason: reboot
07-17 11:40:31.069   484   484 I bootstat: Canonical boot reason: reboot
07-17 11:40:31.088   484   484 E bootstat: Failed to read /metadata/bootstat/persist.sys.boot.reason: No such file or directory
07-17 11:40:31.088   484   484 I bootstat: Value of persist.sys.boot.reason : 
07-17 11:40:31.088   484   484 I bootstat: Normalized last reboot reason : reboot
07-17 11:40:31.090   478   478 I adbd    : persist.adb.watchdog set to ''
07-17 11:40:31.090   478   478 I adbd    : persist.sys.test_harness set to ''
07-17 11:40:31.090   478   478 I adbd    : adb watchdog timeout set to 600 seconds
07-17 11:40:31.091   478   478 I adbd    : Setup mdns on port= 5555
07-17 11:40:31.091   478   478 I adbd    : adbd listening on tcp:5555
07-17 11:40:31.091   478   478 I adbd    : adbd listening on vsock:5555
07-17 11:40:31.091   478   478 I adbd    : adbd started
07-17 11:40:31.092   484   484 E bootstat: Failed to unlink /metadata/bootstat/persist.sys.boot.reason: No such file or directory
07-17 11:40:31.092   478   495 I adbd    : Waiting for persist.adb.tls_server.enable=1
07-17 11:40:31.173   503   503 I perfetto:           probes.cc:104 Starting /system/bin/traced_probes service
07-17 11:40:31.173   505   505 W perfetto:          service.cc:237 Started traced, listening on /dev/socket/traced_producer /dev/socket/traced_consumer
07-17 11:40:31.178   503   503 I perfetto:  probes_producer.cc:311 Connected to the service
07-17 11:40:31.179   503   512 I perfetto: _activity_trigger.cc:71 mm_events ftrace instance not found. Triggering of traces on memory pressure will not be available on this device.
07-17 11:40:31.240   519   519 I installd: installd firing up
07-17 11:40:31.243   516   516 I idmap2d : Starting
07-17 11:40:31.262   493   493 I BootAnimation: boot animation disabled
07-17 11:40:31.315   235   235 I hwservicemanager: getTransport: Cannot find entry android.hardware.usb.gadget@1.0::IUsbGadget/default in either framework or device VINTF manifest.
07-17 11:40:31.316   533   533 I usbd    : Usb HAL not found
07-17 11:40:31.325   529   529 I wificond: wificond is starting up...
07-17 11:40:31.326   234   234 I servicemanager: Could not find android.hardware.net.nlinterceptor.IInterceptor/default in the VINTF manifest.
07-17 11:40:31.329   532   532 I gatekeeperd: Starting gatekeeperd...
07-17 11:40:31.330   529   529 I HidlServiceManagement: Registered android.system.wifi.keystore@1.0::IKeystore/default
07-17 11:40:31.345   535   535 D android.hardware.biometrics.fingerprint@2.1-service: Opening fingerprint hal library...
07-17 11:40:31.347   534   534 I android.hardware.biometrics.face@1.0-service: BiometricsFace HAL is being started.
07-17 11:40:31.349   534   534 I HidlServiceManagement: Registered android.hardware.biometrics.face@1.0::IBiometricsFace/default
07-17 11:40:31.349   534   534 I HidlServiceManagement: Removing namespace from process name android.hardware.biometrics.face@1.0-service.example to face@1.0-service.example.
07-17 11:40:31.349   534   534 I android.hardware.biometrics.face@1.0-service: BiometricsFace HAL has started successfully.
07-17 11:40:31.353   535   535 D FingerprintHal: ----------------> fingerprint_open ----------------->
07-17 11:40:31.354   535   535 D FingerprintHal: ----------------> set_notify_callback ----------------->
07-17 11:40:31.354   535   535 D FingerprintHal: fingerprint callback notification set
07-17 11:40:31.357   535   537 D FingerprintHal: ----------------> listenerFunction ----------------->
07-17 11:40:31.358   521   521 V MediaUtils: physMem: 4104720384
07-17 11:40:31.358   521   521 V MediaUtils: requested limit: 134217728
07-17 11:40:31.358   521   521 I libc    : malloc_limit: Allocation limit enabled, max size 134217728 bytes
07-17 11:40:31.358   535   535 I HidlServiceManagement: Registered android.hardware.biometrics.fingerprint@2.1::IBiometricsFingerprint/default
07-17 11:40:31.358   535   535 I HidlServiceManagement: Removing namespace from process name android.hardware.biometrics.fingerprint@2.1-service to fingerprint@2.1-service.
07-17 11:40:31.362   521   521 D AudioPowerUsage: AudioPowerUsage
07-17 11:40:31.362   521   521 D AudioAnalytics: AudioAnalytics
07-17 11:40:31.373   521   521 D MediaMetricsService: MediaMetricsService
07-17 11:40:31.401   520   520 I main_extractorservice: enable media.extractor memory limits
07-17 11:40:31.401   520   520 V MediaUtils: physMem: 4104720384
07-17 11:40:31.401   520   520 V MediaUtils: requested limit: 820944060
07-17 11:40:31.401   520   520 I libc    : malloc_limit: Allocation limit enabled, max size 820944060 bytes
07-17 11:40:31.410   478   541 I adbd    : host-18: read thread spawning
07-17 11:40:31.410   478   542 I adbd    : host-18: write thread spawning
07-17 11:40:31.414   520   520 W mediaextractor: Could not read additional policy file '/vendor/etc/seccomp_policy/mediaextractor.policy'
07-17 11:40:31.418   520   520 W mediaextractor: libminijail[520]: failed to get path of fd 5: No such file or directory
07-17 11:40:31.418   520   520 W mediaextractor: libminijail[520]: allowing syscall: socket
07-17 11:40:31.418   520   520 W mediaextractor: libminijail[520]: allowing syscall: connect
07-17 11:40:31.418   520   520 W mediaextractor: libminijail[520]: allowing syscall: fcntl
07-17 11:40:31.418   520   520 W mediaextractor: libminijail[520]: allowing syscall: writev
07-17 11:40:31.418   520   520 W mediaextractor: libminijail[520]: compile_file: <fd>(48): syscall readlinkat redefined here
07-17 11:40:31.418   520   520 W mediaextractor: libminijail[520]: compile_file: <fd>(43): previous definition here
07-17 11:40:31.418   520   520 W mediaextractor: libminijail[520]: compile_file: <fd>(54): syscall gettid redefined here
07-17 11:40:31.418   520   520 W mediaextractor: libminijail[520]: compile_file: <fd>(51): previous definition here
07-17 11:40:31.418   478   544 I adbd    : host-19: write thread spawning
07-17 11:40:31.418   478   543 I adbd    : host-19: read thread spawning
07-17 11:40:31.418   478   478 I adbd    : host-19: already offline
07-17 11:40:31.418   478   478 I adbd    : authentication not required
07-17 11:40:31.420   520   520 W mediaextractor: libminijail[520]: compile_file: /apex/com.android.media/etc/seccomp_policy/crash_dump.x86_64.policy(1): syscall read redefined here
07-17 11:40:31.420   520   520 W mediaextractor: libminijail[520]: compile_file: <fd>(19): previous definition here
07-17 11:40:31.420   520   520 W mediaextractor: libminijail[520]: compile_file: /apex/com.android.media/etc/seccomp_policy/crash_dump.x86_64.policy(2): syscall write redefined here
07-17 11:40:31.420   520   520 W mediaextractor: libminijail[520]: compile_file: <fd>(6): previous definition here
07-17 11:40:31.420   520   520 W mediaextractor: libminijail[520]: compile_file: /apex/com.android.media/etc/seccomp_policy/crash_dump.x86_64.policy(3): syscall exit redefined here
07-17 11:40:31.420   520   520 W mediaextractor: libminijail[520]: compile_file: <fd>(29): previous definition here
07-17 11:40:31.420   520   520 W mediaextractor: libminijail[520]: compile_file: /apex/com.android.media/etc/seccomp_policy/crash_dump.x86_64.policy(4): syscall rt_sigreturn redefined here
07-17 11:40:31.420   434   434 I ServiceManager: Waiting for service 'media.metrics' on '/dev/binder' successful after waiting 405ms
07-17 11:40:31.420   434   434 I AudioFlinger: Using default 3000 mSec as standby time.
07-17 11:40:31.421   521   539 I ServiceManager: Waiting for service 'package_native' on '/dev/binder'...
07-17 11:40:31.423   540   540 I flags_health_check: ServerConfigurableFlagsReset reset_mode value: 0
07-17 11:40:31.424   540   540 I flags_health_check: ServerConfigurableFlagsReset attempted boot count is under threshold, skipping reset.
07-17 11:40:31.432   520   520 W mediaextractor: libminijail[520]: compile_file: <fd>(31): previous definition here
07-17 11:40:31.433   520   520 W mediaextractor: libminijail[520]: compile_file: /apex/com.android.media/etc/seccomp_policy/crash_dump.x86_64.policy(5): syscall exit_group redefined here
07-17 11:40:31.433   520   520 W mediaextractor: libminijail[520]: compile_file: <fd>(30): previous definition here
07-17 11:40:31.433   520   520 W mediaextractor: libminijail[520]: compile_file: /apex/com.android.media/etc/seccomp_policy/crash_dump.x86_64.policy(6): syscall clock_gettime redefined here
07-17 11:40:31.433   520   520 W mediaextractor: libminijail[520]: compile_file: <fd>(15): previous definition here
07-17 11:40:31.433   520   520 W mediaextractor: libminijail[520]: compile_file: /apex/com.android.media/etc/seccomp_policy/crash_dump.x86_64.policy(8): syscall futex redefined here
07-17 11:40:31.433   520   520 W mediaextractor: libminijail[520]: compile_file: <fd>(4): previous definition here
07-17 11:40:31.433   520   520 W mediaextractor: libminijail[520]: compile_file: /apex/com.android.media/etc/seccomp_policy/crash_dump.x86_64.policy(9): syscall getrandom redefined here
07-17 11:40:31.433   520   520 W mediaextractor: libminijail[520]: compile_file: <fd>(36): previous definition here
07-17 11:40:31.433   520   520 W mediaextractor: libminijail[520]: compile_file: /apex/com.android.media/etc/seccomp_policy/crash_dump.x86_64.policy(10): syscall getpid redefined here
07-17 11:40:31.433   520   520 W mediaextractor: libminijail[520]: compile_file: <fd>(53): previous definition here
07-17 11:40:31.433   520   520 W mediaextractor: libminijail[520]: compile_file: /apex/com.android.media/etc/seccomp_policy/crash_dump.x86_64.policy(11): syscall gettid redefined here
07-17 11:40:31.433   520   520 W mediaextractor: libminijail[520]: compile_file: <fd>(51): previous definition here
07-17 11:40:31.435   520   520 W mediaextractor: libminijail[520]: compile_file: /apex/com.android.media/etc/seccomp_policy/crash_dump.x86_64.policy(14): syscall openat redefined here
07-17 11:40:31.435   520   520 W mediaextractor: libminijail[520]: compile_file: <fd>(13): previous definition here
07-17 11:40:31.435   520   520 W mediaextractor: libminijail[520]: compile_file: /apex/com.android.media/etc/seccomp_policy/crash_dump.x86_64.policy(15): syscall dup redefined here
07-17 11:40:31.435   520   520 W mediaextractor: libminijail[520]: compile_file: <fd>(9): previous definition here
07-17 11:40:31.435   520   520 W mediaextractor: libminijail[520]: compile_file: /apex/com.android.media/etc/seccomp_policy/crash_dump.x86_64.policy(16): syscall close redefined here
07-17 11:40:31.435   520   520 W mediaextractor: libminijail[520]: compile_file: <fd>(8): previous definition here
07-17 11:40:31.435   520   520 W mediaextractor: libminijail[520]: compile_file: /apex/com.android.media/etc/seccomp_policy/crash_dump.x86_64.policy(17): syscall lseek redefined here
07-17 11:40:31.435   520   520 W mediaextractor: libminijail[520]: compile_file: <fd>(20): previous definition here
07-17 11:40:31.435   520   520 W mediaextractor: libminijail[520]: compile_file: /apex/com.android.media/etc/seccomp_policy/crash_dump.x86_64.policy(18): syscall getdents64 redefined here
07-17 11:40:31.435   520   520 W mediaextractor: libminijail[520]: compile_file: <fd>(42): previous definition here
07-17 11:40:31.435   520   520 W mediaextractor: libminijail[520]: compile_file: /apex/com.android.media/etc/seccomp_policy/crash_dump.x86_64.policy(19): syscall faccessat redefined here
07-17 11:40:31.435   520   520 W mediaextractor: libminijail[520]: compile_file: <fd>(32): previous definition here
07-17 11:40:31.435   520   520 W mediaextractor: libminijail[520]: compile_file: /apex/com.android.media/etc/seccomp_policy/crash_dump.x86_64.policy(28): syscall prctl redefined here
07-17 11:40:31.435   520   520 W mediaextractor: libminijail[520]: compile_file: <fd>(5): previous definition here
07-17 11:40:31.435   520   520 W mediaextractor: libminijail[520]: compile_file: /apex/com.android.media/etc/seccomp_policy/crash_dump.x86_64.policy(29): syscall madvise redefined here
07-17 11:40:31.435   520   520 W mediaextractor: libminijail[520]: compile_file: <fd>(12): previous definition here
07-17 11:40:31.435   520   520 W mediaextractor: libminijail[520]: compile_file: /apex/com.android.media/etc/seccomp_policy/crash_dump.x86_64.policy(30): syscall mprotect redefined here
07-17 11:40:31.435   520   520 W mediaextractor: libminijail[520]: compile_file: <fd>(18): previous definition here
07-17 11:40:31.435   520   520 W mediaextractor: libminijail[520]: compile_file: /apex/com.android.media/etc/seccomp_policy/crash_dump.x86_64.policy(31): syscall munmap redefined here
07-17 11:40:31.435   520   520 W mediaextractor: libminijail[520]: compile_file: <fd>(10): previous definition here
