07-17 11:40:31.435   520   520 W mediaextractor: libminijail[520]: compile_file: /apex/com.android.media/etc/seccomp_policy/crash_dump.x86_64.policy(32): syscall getuid redefined here
07-17 11:40:31.435   520   520 W mediaextractor: libminijail[520]: compile_file: <fd>(22): previous definition here
07-17 11:40:31.435   520   520 W mediaextractor: libminijail[520]: compile_file: /apex/com.android.media/etc/seccomp_policy/crash_dump.x86_64.policy(33): syscall fstat redefined here
07-17 11:40:31.435   520   520 W mediaextractor: libminijail[520]: compile_file: <fd>(25): previous definition here
07-17 11:40:31.435   520   520 W mediaextractor: libminijail[520]: compile_file: /apex/com.android.media/etc/seccomp_policy/crash_dump.x86_64.policy(34): syscall mmap redefined here
07-17 11:40:31.435   520   520 W mediaextractor: libminijail[520]: compile_file: <fd>(11): previous definition here
07-17 11:40:31.445   520   520 W mediaextractor: libminijail[520]: logging seccomp filter failures
07-17 11:40:31.449   385   385 D zygote64: Time zone APEX ICU file found: /apex/com.android.tzdata/etc/icu/icu_tzdata.dat
07-17 11:40:31.450   385   385 D zygote64: I18n APEX ICU file found: /apex/com.android.i18n/etc/icu/icudt70l.dat
07-17 11:40:31.451   234   234 I servicemanager: Found android.hardware.radio.data.IRadioData/slot1 in device VINTF manifest.
07-17 11:40:31.452   234   234 I servicemanager: Found android.hardware.radio.messaging.IRadioMessaging/slot1 in device VINTF manifest.
07-17 11:40:31.452   234   234 I servicemanager: Found android.hardware.radio.modem.IRadioModem/slot1 in device VINTF manifest.
07-17 11:40:31.455   234   234 I servicemanager: Found android.hardware.radio.network.IRadioNetwork/slot1 in device VINTF manifest.
07-17 11:40:31.455   234   234 I servicemanager: Found android.hardware.radio.sim.IRadioSim/slot1 in device VINTF manifest.
07-17 11:40:31.457   234   234 I servicemanager: Found android.hardware.radio.voice.IRadioVoice/slot1 in device VINTF manifest.
07-17 11:40:31.458   234   234 I servicemanager: Found android.hardware.radio.config.IRadioConfig/default in device VINTF manifest.
07-17 11:40:31.514   531   531 I mediaswcodec: media swcodec service starting
07-17 11:40:31.517   531   531 W mediaswcodec: Could not read additional policy file '/vendor/etc/seccomp_policy/mediaswcodec.policy'
07-17 11:40:31.517   531   531 W mediaswcodec: libminijail[531]: failed to get path of fd 5: No such file or directory
07-17 11:40:31.517   531   531 W mediaswcodec: libminijail[531]: allowing syscall: socket
07-17 11:40:31.517   531   531 W mediaswcodec: libminijail[531]: allowing syscall: connect
07-17 11:40:31.517   531   531 W mediaswcodec: libminijail[531]: allowing syscall: fcntl
07-17 11:40:31.517   531   531 W mediaswcodec: libminijail[531]: allowing syscall: writev
07-17 11:40:31.517   531   531 W mediaswcodec: libminijail[531]: compile_file: <fd>(20): nonexistent syscall 'getuid32'
07-17 11:40:31.517   531   531 W mediaswcodec: libminijail[531]: compile_file: <fd>(26): nonexistent syscall 'mmap2'
07-17 11:40:31.517   531   531 W mediaswcodec: libminijail[531]: compile_file: <fd>(28): nonexistent syscall 'fstat64'
07-17 11:40:31.517   531   531 W mediaswcodec: libminijail[531]: compile_file: <fd>(31): nonexistent syscall 'stat64'
07-17 11:40:31.517   531   531 W mediaswcodec: libminijail[531]: compile_file: <fd>(32): nonexistent syscall 'statfs64'
07-17 11:40:31.517   531   531 W mediaswcodec: libminijail[531]: compile_file: <fd>(34): nonexistent syscall 'fstatat64'
07-17 11:40:31.517   531   531 W mediaswcodec: libminijail[531]: compile_file: <fd>(39): nonexistent syscall '_llseek'
07-17 11:40:31.517   531   531 W mediaswcodec: libminijail[531]: compile_file: <fd>(48): nonexistent syscall 'ugetrlimit'
07-17 11:40:31.517   531   531 W mediaswcodec: libminijail[531]: compile_file: <fd>(51): nonexistent syscall '_llseek'
07-17 11:40:31.517   531   531 W mediaswcodec: libminijail[531]: compile_file: <fd>(52): nonexistent syscall 'fstatfs64'
07-17 11:40:31.517   531   531 W mediaswcodec: libminijail[531]: compile_file: <fd>(64): nonexistent syscall 'ftruncate64'
07-17 11:40:31.518   531   531 W mediaswcodec: libminijail[531]: compile_file: <fd>(70): syscall gettid redefined here
07-17 11:40:31.518   531   531 W mediaswcodec: libminijail[531]: compile_file: <fd>(67): previous definition here
07-17 11:40:31.521   531   531 W mediaswcodec: libminijail[531]: compile_file: /apex/com.android.media.swcodec/etc/seccomp_policy/crash_dump.x86_64.policy(1): syscall read redefined here
07-17 11:40:31.521   531   531 W mediaswcodec: libminijail[531]: compile_file: <fd>(15): previous definition here
07-17 11:40:31.521   531   531 W mediaswcodec: libminijail[531]: compile_file: /apex/com.android.media.swcodec/etc/seccomp_policy/crash_dump.x86_64.policy(2): syscall write redefined here
07-17 11:40:31.521   531   531 W mediaswcodec: libminijail[531]: compile_file: <fd>(58): previous definition here
07-17 11:40:31.521   531   531 W mediaswcodec: libminijail[531]: compile_file: /apex/com.android.media.swcodec/etc/seccomp_policy/crash_dump.x86_64.policy(3): syscall exit redefined here
07-17 11:40:31.521   531   531 W mediaswcodec: libminijail[531]: compile_file: <fd>(45): previous definition here
07-17 11:40:31.521   531   531 W mediaswcodec: libminijail[531]: compile_file: /apex/com.android.media.swcodec/etc/seccomp_policy/crash_dump.x86_64.policy(4): syscall rt_sigreturn redefined here
07-17 11:40:31.521   531   531 W mediaswcodec: libminijail[531]: compile_file: <fd>(47): previous definition here
07-17 11:40:31.521   531   531 W mediaswcodec: libminijail[531]: compile_file: /apex/com.android.media.swcodec/etc/seccomp_policy/crash_dump.x86_64.policy(5): syscall exit_group redefined here
07-17 11:40:31.521   531   531 W mediaswcodec: libminijail[531]: compile_file: <fd>(46): previous definition here
07-17 11:40:31.521   531   531 W mediaswcodec: libminijail[531]: compile_file: /apex/com.android.media.swcodec/etc/seccomp_policy/crash_dump.x86_64.policy(8): syscall futex redefined here
07-17 11:40:31.521   531   531 W mediaswcodec: libminijail[531]: compile_file: <fd>(36): previous definition here
07-17 11:40:31.521   531   531 W mediaswcodec: libminijail[531]: compile_file: /apex/com.android.media.swcodec/etc/seccomp_policy/crash_dump.x86_64.policy(10): syscall getpid redefined here
07-17 11:40:31.521   531   531 W mediaswcodec: libminijail[531]: compile_file: <fd>(69): previous definition here
07-17 11:40:31.521   531   531 W mediaswcodec: libminijail[531]: compile_file: /apex/com.android.media.swcodec/etc/seccomp_policy/crash_dump.x86_64.policy(11): syscall gettid redefined here
07-17 11:40:31.521   531   531 W mediaswcodec: libminijail[531]: compile_file: <fd>(67): previous definition here
07-17 11:40:31.521   531   531 W mediaswcodec: libminijail[531]: compile_file: /apex/com.android.media.swcodec/etc/seccomp_policy/crash_dump.x86_64.policy(14): syscall openat redefined here
07-17 11:40:31.521   531   531 W mediaswcodec: libminijail[531]: compile_file: <fd>(18): previous definition here
07-17 11:40:31.521   531   531 W mediaswcodec: libminijail[531]: compile_file: /apex/com.android.media.swcodec/etc/seccomp_policy/crash_dump.x86_64.policy(15): syscall dup redefined here
07-17 11:40:31.521   531   531 W mediaswcodec: libminijail[531]: compile_file: <fd>(56): previous definition here
07-17 11:40:31.521   531   531 W mediaswcodec: libminijail[531]: compile_file: /apex/com.android.media.swcodec/etc/seccomp_policy/crash_dump.x86_64.policy(16): syscall close redefined here
07-17 11:40:31.521   531   531 W mediaswcodec: libminijail[531]: compile_file: <fd>(25): previous definition here
07-17 11:40:31.521   531   531 W mediaswcodec: libminijail[531]: compile_file: /apex/com.android.media.swcodec/etc/seccomp_policy/crash_dump.x86_64.policy(17): syscall lseek redefined here
07-17 11:40:31.522   531   531 W mediaswcodec: libminijail[531]: compile_file: <fd>(40): previous definition here
07-17 11:40:31.522   531   531 W mediaswcodec: libminijail[531]: compile_file: /apex/com.android.media.swcodec/etc/seccomp_policy/crash_dump.x86_64.policy(19): syscall faccessat redefined here
07-17 11:40:31.522   531   531 W mediaswcodec: libminijail[531]: compile_file: <fd>(38): previous definition here
07-17 11:40:31.522   531   531 W mediaswcodec: libminijail[531]: compile_file: /apex/com.android.media.swcodec/etc/seccomp_policy/crash_dump.x86_64.policy(28): syscall prctl redefined here
07-17 11:40:31.522   531   531 W mediaswcodec: libminijail[531]: compile_file: <fd>(17): previous definition here
07-17 11:40:31.522   531   531 W mediaswcodec: libminijail[531]: compile_file: /apex/com.android.media.swcodec/etc/seccomp_policy/crash_dump.x86_64.policy(29): syscall madvise redefined here
07-17 11:40:31.522   531   531 W mediaswcodec: libminijail[531]: compile_file: <fd>(33): previous definition here
07-17 11:40:31.522   531   531 W mediaswcodec: libminijail[531]: compile_file: /apex/com.android.media.swcodec/etc/seccomp_policy/crash_dump.x86_64.policy(30): syscall mprotect redefined here
07-17 11:40:31.522   531   531 W mediaswcodec: libminijail[531]: compile_file: <fd>(16): previous definition here
07-17 11:40:31.522   531   531 W mediaswcodec: libminijail[531]: compile_file: /apex/com.android.media.swcodec/etc/seccomp_policy/crash_dump.x86_64.policy(31): syscall munmap redefined here
07-17 11:40:31.522   531   531 W mediaswcodec: libminijail[531]: compile_file: <fd>(37): previous definition here
07-17 11:40:31.522   531   531 W mediaswcodec: libminijail[531]: compile_file: /apex/com.android.media.swcodec/etc/seccomp_policy/crash_dump.x86_64.policy(32): syscall getuid redefined here
07-17 11:40:31.522   531   531 W mediaswcodec: libminijail[531]: compile_file: <fd>(21): previous definition here
07-17 11:40:31.522   531   531 W mediaswcodec: libminijail[531]: compile_file: /apex/com.android.media.swcodec/etc/seccomp_policy/crash_dump.x86_64.policy(33): syscall fstat redefined here
07-17 11:40:31.522   531   531 W mediaswcodec: libminijail[531]: compile_file: <fd>(29): previous definition here
07-17 11:40:31.522   531   531 W mediaswcodec: libminijail[531]: compile_file: /apex/com.android.media.swcodec/etc/seccomp_policy/crash_dump.x86_64.policy(34): syscall mmap redefined here
07-17 11:40:31.522   531   531 W mediaswcodec: libminijail[531]: compile_file: <fd>(27): previous definition here
07-17 11:40:31.524   531   531 W mediaswcodec: libminijail[531]: logging seccomp filter failures
07-17 11:40:31.525   531   531 I CodecServiceRegistrant: Creating software Codec2 service...
07-17 11:40:31.527   513   513 I cameraserver: ServiceManager: 0x7a5a5f0ebda0
07-17 11:40:31.528   513   513 I CameraService: CameraService started (pid=513)
07-17 11:40:31.529   513   513 I CameraService: CameraService process starting
07-17 11:40:31.529   513   513 W BatteryNotifier: batterystats service unavailable!
07-17 11:40:31.530   513   513 W BatteryNotifier: batterystats service unavailable!
07-17 11:40:31.533   513   513 I cameraserver: Connecting to new camera provider: legacy/0, isRemote? 1
07-17 11:40:31.534   513   513 I CameraProviderManager: Camera provider legacy/0 ready with 0 camera devices
07-17 11:40:31.534   531   531 D C2Store : Default ION heapmask = -1
07-17 11:40:31.534   531   531 D C2Store : Default ION flags = 0
07-17 11:40:31.534   531   531 D C2Store : Default ION align = 0
07-17 11:40:31.535   513   513 I cameraserver: Connecting to new camera provider: internal/0, isRemote? 1
07-17 11:40:31.537   513   513 I CameraProviderManager: Enumerating new camera device: device@1.1/internal/1
07-17 11:40:31.537   394   394 I EmulatedCameraDeviceHwlImpl: Create: Created EmulatedCameraDeviceHwlImpl for camera 1
07-17 11:40:31.537   394   394 D GCH_Utils: FindLibraryPaths: Unable to open directory /vendor/lib64/camera/capture_sessions/ (No such file or directory)
07-17 11:40:31.537   394   394 I GCH_CameraDevice: Create: Created a camera device for public(1)
07-17 11:40:31.538   394   394 W GCH_HalVendorTags: ModifyCharacteristicsKeys: failed to get ANDROID_REQUEST_AVAILABLE_SESSION_KEYS
07-17 11:40:31.538   513   513 E CameraProviderManager: addDynamicDepthTags: Advertised depth exclusive tag but value is not present!
07-17 11:40:31.538   513   513 E cameraserver: AidlDeviceInfo3: Failed appending dynamic depth tags: Invalid argument (-22)
07-17 11:40:31.539   394   394 W GCH_HalVendorTags: ModifyCharacteristicsKeys: failed to get ANDROID_REQUEST_AVAILABLE_SESSION_KEYS
07-17 11:40:31.539   394   394 W GCH_HalVendorTags: ModifyCharacteristicsKeys: failed to get ANDROID_REQUEST_AVAILABLE_SESSION_KEYS
07-17 11:40:31.539   513   513 I CameraProviderManager: Enumerating new camera device: device@1.1/internal/0
07-17 11:40:31.539   394   394 W StreamConfigurationMap: StreamConfigurationMap: ANDROID_SCALER_AVAILABLE_STREAM_CONFIGURATIONS missing, maxResolution ? true!
07-17 11:40:31.539   394   394 W StreamConfigurationMap: StreamConfigurationMap: ANDROID_SCALER_AVAILABLE_MIN_FRAME_DURATIONS missing!, max resolution ? true
07-17 11:40:31.539   394   394 W StreamConfigurationMap: StreamConfigurationMap: ANDROID_SCALER_AVAILABLE_STALL_DURATIONS missing! maxResolution ? true
07-17 11:40:31.539   394   394 I EmulatedCameraDeviceHwlImpl: Create: Created EmulatedCameraDeviceHwlImpl for camera 0
07-17 11:40:31.539   394   394 D GCH_Utils: FindLibraryPaths: Unable to open directory /vendor/lib64/camera/capture_sessions/ (No such file or directory)
07-17 11:40:31.539   394   394 I GCH_CameraDevice: Create: Created a camera device for public(0)
07-17 11:40:31.539   513   513 I CameraProviderManager: Camera provider internal/0 ready with 2 camera devices
07-17 11:40:31.539   513   513 I CameraService: onDeviceStatusChanged: Status changed for cameraId=0, newStatus=1
07-17 11:40:31.539   513   513 I CameraService: onDeviceStatusChanged: Unknown camera ID 0, a new camera is added
07-17 11:40:31.540   513   552 W CameraProviderManager: addHidlProviderLocked: Camera provider HAL with name 'legacy/0' already registered
07-17 11:40:31.540   513   513 I CameraService: onDeviceStatusChanged: Status changed for cameraId=1, newStatus=1
07-17 11:40:31.540   513   513 I CameraService: onDeviceStatusChanged: Unknown camera ID 1, a new camera is added
07-17 11:40:31.540   385   385 I snet_event_log: [200284993,-1,]
07-17 11:40:31.540   385   385 I zygote64: Using memfd for future sealing
07-17 11:40:31.540   513   513 I cameraserver: Waiting for activity service
07-17 11:40:31.540   531   531 I HidlServiceManagement: Registered android.hardware.media.c2@1.2::IComponentStore/software
07-17 11:40:31.541   520   520 I MediaExtractorFactory: plugin directory not present (/system/lib64/extractors)
07-17 11:40:31.541   520   520 I MediaExtractorFactory: plugin directory not present (/system_ext/lib64/extractors)
07-17 11:40:31.543   234   234 I servicemanager: Could not find android.hardware.health.IHealth/default in the VINTF manifest.
07-17 11:40:31.544   525   525 I storaged: Unable to get AIDL health service, trying HIDL...
07-17 11:40:31.545   385   385 W zygote64: Unexpected CPU variant for x86: x86_64.
07-17 11:40:31.545   385   385 W zygote64: Known variants: atom, sandybridge, silvermont, kabylake, default
07-17 11:40:31.545   531   531 I CodecServiceRegistrant: Preferred Codec2 store is set to "default".
07-17 11:40:31.545   531   531 I CodecServiceRegistrant: Software Codec2 service created and registered.
07-17 11:40:31.548   525   525 I ServiceManager: Waiting for service 'package_native' on '/dev/binder'...
07-17 11:40:31.555   434   434 D APM_EngineLoader: Loaded engine from libaudiopolicyenginedefault.so
07-17 11:40:31.556   434   434 D APM::AudioPolicyEngine/Base: loadAudioPolicyEngineConfig: No configuration found, using default matching phone experience.
07-17 11:40:31.561   434   434 W APM::AudioPolicyEngine/Base: loadAudioPolicyEngineConfig: No configuration of AUDIO_STREAM_CALL_ASSISTANT found, using default volume configuration
07-17 11:40:31.565   434   434 I AudioFlinger: loadHwModule() Loaded primary audio interface, handle 10
07-17 11:40:31.570   434   434 I AudioFlinger: openOutput() this 0x75efe90ce8a0, module 10 Device AUDIO_DEVICE_OUT_SPEAKER, @:, SamplingRate 48000, Format 0x000001, Channels 0x3, flags 0x2
07-17 11:40:31.580   434   434 I AudioFlinger: HAL output buffer size 1056 frames, normal sink buffer size 1056 frames
07-17 11:40:31.581   235   235 I hwservicemanager: getTransport: Cannot find entry android.hardware.audio.effect@7.1::IEffectsFactory/default in either framework or device VINTF manifest.
07-17 11:40:31.582   522   522 I mediaserver: ServiceManager: 0x76c454d0dbe0
07-17 11:40:31.583   522   522 W BatteryNotifier: batterystats service unavailable!
07-17 11:40:31.583   522   522 W BatteryNotifier: batterystats service unavailable!
07-17 11:40:31.589   434   434 I BufferProvider: found effect "Multichannel Downmix To Stereo" from The Android Open Source Project
07-17 11:40:31.589   434   434 D AudioFlinger: Failed to add event callback
07-17 11:40:31.590   434   568 I AudioFlinger: AudioFlinger's thread 0x75f16b4b19a0 tid=568 ready to run
07-17 11:40:31.590   390   390 E android.hardware.audio@7.1-impl.ranchu: device/generic/goldfish/audio/primary_device.cpp:getParameters:211 failure: Result::NOT_SUPPORTED
07-17 11:40:31.591   434   434 E APM_AudioPolicyManager: invalid volume index range
07-17 11:40:31.591   434   434 E APM_AudioPolicyManager: invalid volume index range
07-17 11:40:31.591   434   434 E APM_AudioPolicyManager: invalid volume index range
07-17 11:40:31.591   434   434 V APM_AudioPolicyManager: checkAndSetVolume cannot set volume group 4 volume when is not requested for comm
07-17 11:40:31.591   434   434 E APM_AudioPolicyManager: invalid volume index range
07-17 11:40:31.591   434   434 E APM_AudioPolicyManager: invalid volume index range
07-17 11:40:31.591   434   434 E APM_AudioPolicyManager: invalid volume index range
07-17 11:40:31.591   434   434 E APM_AudioPolicyManager: invalid volume index range
07-17 11:40:31.591   434   568 W AudioFlinger: no wake lock to update, system not ready yet
07-17 11:40:31.591   434   568 D AudioFlinger: ro.audio.silent is ignored since no output device is set
07-17 11:40:31.592   390   390 E android.hardware.audio@7.1-impl.ranchu: device/generic/goldfish/audio/stream_out.cpp:getPresentationPosition:475 failure: Result::INVALID_STATE
07-17 11:40:31.593   434   568 W AudioFlinger: no wake lock to update, system not ready yet
07-17 11:40:31.593   434   568 D AudioFlinger: ro.audio.silent is ignored since no output device is set
07-17 11:40:31.593   434   434 E APM_AudioPolicyManager: invalid volume index range
07-17 11:40:31.593   434   434 E APM_AudioPolicyManager: invalid volume index range
07-17 11:40:31.593   434   434 E APM_AudioPolicyManager: invalid volume index range
07-17 11:40:31.593   434   434 E APM_AudioPolicyManager: invalid volume index range
07-17 11:40:31.594   434   434 W AudioFlinger: moveEffects() bad srcOutput 0
07-17 11:40:31.594   434   434 V APM_AudioPolicyManager: selectOutputForMusicEffects selected output 13
07-17 11:40:31.594   434   434 V APM_AudioPolicyManager: setOutputDevices device {AUDIO_DEVICE_OUT_SPEAKER, @:} delayMs 0
07-17 11:40:31.594   434   434 V APM_AudioPolicyManager: setOutputDevices() prevDevice {AUDIO_DEVICE_OUT_SPEAKER, @:}
07-17 11:40:31.594   434   434 V APM_AudioPolicyManager: setOutputDevices changing device to {AUDIO_DEVICE_OUT_SPEAKER, @:}
07-17 11:40:31.623   434   434 V APM_AudioPolicyManager: setOutputDevices() AF::createAudioPatch returned 0 patchHandle 12 num_sources 1 num_sinks 1
07-17 11:40:31.623   434   434 E APM_AudioPolicyManager: invalid volume index range
07-17 11:40:31.623   434   434 E APM_AudioPolicyManager: invalid volume index range
07-17 11:40:31.623   434   434 E APM_AudioPolicyManager: invalid volume index range
07-17 11:40:31.623   434   434 V APM_AudioPolicyManager: checkAndSetVolume cannot set volume group 4 volume when is not requested for comm
07-17 11:40:31.623   434   434 E APM_AudioPolicyManager: invalid volume index range
07-17 11:40:31.623   434   434 E APM_AudioPolicyManager: invalid volume index range
07-17 11:40:31.623   434   434 E APM_AudioPolicyManager: invalid volume index range
07-17 11:40:31.623   434   434 E APM_AudioPolicyManager: invalid volume index range
07-17 11:40:31.623   434   434 E APM_AudioPolicyManager: invalid volume index range
07-17 11:40:31.623   434   434 E APM_AudioPolicyManager: invalid volume index range
07-17 11:40:31.623   434   434 E APM_AudioPolicyManager: invalid volume index range
07-17 11:40:31.623   434   434 E APM_AudioPolicyManager: invalid volume index range
07-17 11:40:31.623   434   434 I AudioFlinger: openOutput() this 0x75efe90ce8a0, module 10 Device AUDIO_DEVICE_OUT_TELEPHONY_TX, @:, SamplingRate 48000, Format 0x000001, Channels 0x3, flags 0
07-17 11:40:31.624   434   434 I AudioFlinger: HAL output buffer size 1056 frames, normal sink buffer size 1056 frames
07-17 11:40:31.625   434   434 D AudioFlinger: Failed to add event callback
07-17 11:40:31.625   434   571 I AudioFlinger: AudioFlinger's thread 0x75f16b4579a0 tid=571 ready to run
07-17 11:40:31.625   390   390 E android.hardware.audio@7.1-impl.ranchu: device/generic/goldfish/audio/primary_device.cpp:getParameters:211 failure: Result::NOT_SUPPORTED
07-17 11:40:31.625   434   571 W AudioFlinger: no wake lock to update, system not ready yet
07-17 11:40:31.625   434   571 D AudioFlinger: ro.audio.silent is ignored since no output device is set
07-17 11:40:31.625   434   434 E APM_AudioPolicyManager: invalid volume index range
07-17 11:40:31.625   434   434 E APM_AudioPolicyManager: invalid volume index range
07-17 11:40:31.625   434   434 E APM_AudioPolicyManager: invalid volume index range
07-17 11:40:31.625   434   434 V APM_AudioPolicyManager: checkAndSetVolume cannot set volume group 4 volume when is not requested for comm
07-17 11:40:31.625   434   434 E APM_AudioPolicyManager: invalid volume index range
07-17 11:40:31.625   434   434 E APM_AudioPolicyManager: invalid volume index range
07-17 11:40:31.625   434   434 E APM_AudioPolicyManager: invalid volume index range
07-17 11:40:31.626   434   434 E APM_AudioPolicyManager: invalid volume index range
07-17 11:40:31.626   390   390 E android.hardware.audio@7.1-impl.ranchu: device/generic/goldfish/audio/stream_out.cpp:getPresentationPosition:475 failure: Result::INVALID_STATE
07-17 11:40:31.626   434   434 E APM_AudioPolicyManager: invalid volume index range
07-17 11:40:31.626   434   434 E APM_AudioPolicyManager: invalid volume index range
07-17 11:40:31.626   434   434 E APM_AudioPolicyManager: invalid volume index range
07-17 11:40:31.626   434   434 E APM_AudioPolicyManager: invalid volume index range
07-17 11:40:31.626   434   571 W AudioFlinger: no wake lock to update, system not ready yet
07-17 11:40:31.626   434   571 D AudioFlinger: ro.audio.silent is ignored since no output device is set
07-17 11:40:31.627   434   434 V APM_AudioPolicyManager: selectOutputForMusicEffects selected output 13
07-17 11:40:31.627   434   434 V APM_AudioPolicyManager: setOutputDevices device {AUDIO_DEVICE_OUT_TELEPHONY_TX, @:} delayMs 0
07-17 11:40:31.627   434   434 V APM_AudioPolicyManager: setOutputDevices() prevDevice {AUDIO_DEVICE_OUT_TELEPHONY_TX, @:}
07-17 11:40:31.627   434   434 V APM_AudioPolicyManager: setOutputDevices changing device to {AUDIO_DEVICE_OUT_TELEPHONY_TX, @:}
07-17 11:40:31.628   434   434 V APM_AudioPolicyManager: setOutputDevices() AF::createAudioPatch returned 0 patchHandle 20 num_sources 1 num_sinks 1
07-17 11:40:31.628   434   434 E APM_AudioPolicyManager: invalid volume index range
07-17 11:40:31.628   434   434 E APM_AudioPolicyManager: invalid volume index range
07-17 11:40:31.628   434   434 E APM_AudioPolicyManager: invalid volume index range
07-17 11:40:31.628   434   434 V APM_AudioPolicyManager: checkAndSetVolume cannot set volume group 4 volume when is not requested for comm
07-17 11:40:31.628   434   434 E APM_AudioPolicyManager: invalid volume index range
07-17 11:40:31.628   434   434 E APM_AudioPolicyManager: invalid volume index range
07-17 11:40:31.628   434   434 E APM_AudioPolicyManager: invalid volume index range
07-17 11:40:31.628   434   434 E APM_AudioPolicyManager: invalid volume index range
07-17 11:40:31.628   434   434 E APM_AudioPolicyManager: invalid volume index range
07-17 11:40:31.628   434   434 E APM_AudioPolicyManager: invalid volume index range
07-17 11:40:31.628   434   434 E APM_AudioPolicyManager: invalid volume index range
07-17 11:40:31.628   434   434 E APM_AudioPolicyManager: invalid volume index range
07-17 11:40:31.631   434   572 I AudioFlinger: AudioFlinger's thread 0x75f16b394bb0 tid=572 ready to run
07-17 11:40:31.631   434   572 W AudioFlinger: no wake lock to update, system not ready yet
07-17 11:40:31.638   434   572 W AudioFlinger: no wake lock to update, system not ready yet
07-17 11:40:31.641   434   574 I AudioFlinger: AudioFlinger's thread 0x75f16b394bb0 tid=574 ready to run
07-17 11:40:31.655   434   577 I AudioFlinger: AudioFlinger's thread 0x75f169130bb0 tid=577 ready to run
07-17 11:40:31.656   390   576 E DevicesFactoryHAL: loadAudioInterface couldn't load audio hw module audio.a2dp (No such file or directory)
07-17 11:40:31.656   434   434 W DevicesFactoryHalHidl: The specified device name is not recognized: "a2dp"
07-17 11:40:31.656   434   434 E AudioFlinger: loadHwModule() error -22 loading module a2dp
07-17 11:40:31.656   434   434 W APM_AudioPolicyManager: could not open HW module a2dp
07-17 11:40:31.658   390   390 I r_submix: adev_open(name=audio_hw_if)
07-17 11:40:31.658   390   390 I r_submix: adev_init_check()
07-17 11:40:31.659   434   434 I AudioFlinger: loadHwModule() Loaded r_submix audio interface, handle 18
07-17 11:40:31.659   390   390 D r_submix: adev_open_input_stream(addr=0)
07-17 11:40:31.659   390   390 I r_submix: adev_open_input_stream(): about to create pipe at index 9, rate 48000, pipe size 4096
07-17 11:40:31.659   390   390 D r_submix: submix_audio_device_create_pipe_l(addr=0, idx=9)
07-17 11:40:31.659   390   390 D r_submix:   now using address 0 for route 9
07-17 11:40:31.677   434   579 I AudioFlinger: AudioFlinger's thread 0x75f169130bb0 tid=579 ready to run
07-17 11:40:31.678   390   576 D r_submix: adev_close_input_stream()
07-17 11:40:31.678   390   576 D r_submix: submix_audio_device_release_pipe_l(idx=9) addr=0
07-17 11:40:31.678   390   576 D r_submix: submix_audio_device_destroy_pipe_l(): pipe destroyed
07-17 11:40:31.679   434   434 I AudioFlinger: loadHwModule() Loaded bluetooth audio interface, handle 26
07-17 11:40:31.680   434   434 I audioserver: Waiting for activity service
07-17 11:40:31.742   385   385 I boot_progress_preload_start: 10477
07-17 11:40:31.742   385   385 D Zygote  : begin preload
07-17 11:40:31.742   385   385 I Zygote  : Calling ZygoteHooks.beginPreload()
07-17 11:40:31.831   385   385 V Zygote64Timing: BeginPreload took to complete: 89ms
07-17 11:40:31.831   385   385 I Zygote  : Preloading classes...
07-17 11:40:31.914   385   559 I zygote64: Verified 4433 classes from mainline modules in 293.385ms
07-17 11:40:31.921   385   385 I Typeface: Preloading /system/fonts/Roboto-Regular.ttf
07-17 11:40:31.924   385   385 I Typeface: Preloading /system/fonts/RobotoStatic-Regular.ttf
07-17 11:40:31.968   385   385 E ActivityRecognitionHardware: activity_recognition HAL is deprecated. class_init is effectively a no-op
07-17 11:40:32.115   478   497 I adbd    : adbd mDNS service _adb._tcp registered: 1
07-17 11:40:32.203   511   511 I bt_vhci_forwarder: ignore 0xff packet
07-17 11:40:32.214   385   385 D MtpDeviceJNI: register_android_mtp_MtpDevice
07-17 11:40:32.238   385   385 I zygote64: Thread[1,tid=385,Native,Thread*=0x7504d25e1be0,peer=0x13300078,"main"] recursive attempt to load library "librtp_jni.so"
07-17 11:40:32.491   409   409 D goldfish-address-space: claimShared: Ask to claim region [0x3fd2e0000 0x3fd2f0000]
07-17 11:40:32.492   409   409 D goldfish-address-space: claimShared: Ask to claim region [0x3fd2f0000 0x3fd310000]
07-17 11:40:32.802   385   385 I Zygote  : ...preloaded 16252 classes in 971ms.
07-17 11:40:32.802   385   385 V Zygote64Timing: PreloadClasses took to complete: 971ms
07-17 11:40:32.805   385   385 D nativeloader: Configuring classloader-namespace-shared for other apk /system/framework/android.hidl.base-V1.0-java.jar. target_sdk_version=33, uses_libraries=, library_path=, permitted_path=/data:/mnt/expand
07-17 11:40:32.806   385   385 D ApplicationLoaders: Created zygote-cached class loader: /system/framework/android.hidl.base-V1.0-java.jar
07-17 11:40:32.810   385   385 D nativeloader: Configuring classloader-namespace-shared for other apk /system/framework/android.hidl.manager-V1.0-java.jar. target_sdk_version=33, uses_libraries=, library_path=, permitted_path=/data:/mnt/expand
07-17 11:40:32.810   385   385 D ApplicationLoaders: Created zygote-cached class loader: /system/framework/android.hidl.manager-V1.0-java.jar
07-17 11:40:32.812   385   385 D nativeloader: Configuring classloader-namespace-shared for other apk /system/framework/android.test.base.jar. target_sdk_version=33, uses_libraries=, library_path=, permitted_path=/data:/mnt/expand
07-17 11:40:32.812   385   385 D ApplicationLoaders: Created zygote-cached class loader: /system/framework/android.test.base.jar
07-17 11:40:32.812   385   385 V Zygote64Timing: CacheNonBootClasspathClassLoaders took to complete: 11ms
07-17 11:40:32.812   385   385 I Zygote  : Preloading resources...
07-17 11:40:32.831   385   385 W Resources: Preloaded drawable resource #0x1080287 (android:drawable/dialog_background_material) that varies with configuration!!
07-17 11:40:32.842   385   385 I Zygote  : ...preloaded 64 resources in 30ms.
07-17 11:40:32.845   385   385 I Zygote  : ...preloaded 41 resources in 2ms.
07-17 11:40:32.845   385   385 V Zygote64Timing: PreloadResources took to complete: 32ms
07-17 11:40:32.854   385   385 I Zygote  : Preloading shared libraries...
07-17 11:40:32.857   385   385 E zygote64: Unable to find pattern file or unable to map it for am
07-17 11:40:32.862   385   385 I Zygote  : Called ZygoteHooks.endPreload()
07-17 11:40:32.862   385   385 I Zygote  : Installed AndroidKeyStoreProvider in 0ms.
07-17 11:40:32.863   385   385 I Zygote  : Warmed up JCA providers in 1ms.
07-17 11:40:32.863   385   385 D Zygote  : end preload
07-17 11:40:32.863   385   385 I boot_progress_preload_end: 11598
07-17 11:40:32.863   385   385 V Zygote64Timing: ZygotePreload took to complete: 1121ms
07-17 11:40:32.904   385   385 I zygote64: Explicit concurrent copying GC freed 38488(2173KB) AllocSpace objects, 2(40KB) LOS objects, 49% free, 9691KB/18MB, paused 21us,6us total 41.361ms
07-17 11:40:32.938   385   385 I zygote64: Explicit concurrent copying GC freed 3176(159KB) AllocSpace objects, 1(28KB) LOS objects, 49% free, 9535KB/18MB, paused 8us,6us total 32.125ms
07-17 11:40:32.938   385   385 V Zygote64Timing: PostZygoteInitGC took to complete: 76ms
07-17 11:40:32.938   385   385 V Zygote64Timing: ZygoteInit took to complete: 1207ms
07-17 11:40:33.145   385   385 D Zygote  : Forked child process 587
07-17 11:40:33.145   385   385 I Zygote  : System server process 587 has been created
07-17 11:40:33.146   385   385 I Zygote  : Accepting command socket connections
07-17 11:40:33.295   587   587 D nativeloader: Configuring classloader-namespace-shared for other apk /system/framework/com.android.location.provider.jar:/system/framework/services.jar:/apex/com.android.adservices/javalib/service-adservices.jar:/apex/com.android.adservices/javalib/service-sdksandbox.jar:/apex/com.android.appsearch/javalib/service-appsearch.jar:/apex/com.android.art/javalib/service-art.jar:/apex/com.android.media/javalib/service-media-s.jar:/apex/com.android.permission/javalib/service-permission.jar. target_sdk_version=10000, uses_libraries=ALL, library_path=/system/lib64:/system_ext/lib64, permitted_path=/data:/mnt/expand:/system/lib64:/system_ext/lib64
07-17 11:40:33.304   587   587 D nativeloader: Configuring classloader-namespace-shared for other apk /apex/com.android.btservices/javalib/service-bluetooth.jar. target_sdk_version=33, uses_libraries=ALL, library_path=, permitted_path=/data:/mnt/expand
07-17 11:40:33.309   587   587 D nativeloader: Configuring classloader-namespace-shared for other apk /apex/com.android.os.statsd/javalib/service-statsd.jar. target_sdk_version=33, uses_libraries=ALL, library_path=, permitted_path=/data:/mnt/expand
07-17 11:40:33.313   587   587 D nativeloader: Configuring classloader-namespace-shared for other apk /apex/com.android.scheduling/javalib/service-scheduling.jar. target_sdk_version=33, uses_libraries=ALL, library_path=, permitted_path=/data:/mnt/expand
07-17 11:40:33.322   587   587 D nativeloader: Configuring classloader-namespace-shared for other apk /apex/com.android.tethering/javalib/service-connectivity.jar. target_sdk_version=33, uses_libraries=ALL, library_path=, permitted_path=/data:/mnt/expand
07-17 11:40:33.336   587   587 D nativeloader: Configuring classloader-namespace-shared for other apk /apex/com.android.uwb/javalib/service-uwb.jar. target_sdk_version=33, uses_libraries=ALL, library_path=, permitted_path=/data:/mnt/expand
07-17 11:40:33.351   587   587 D nativeloader: Configuring classloader-namespace-shared for other apk /apex/com.android.wifi/javalib/service-wifi.jar. target_sdk_version=33, uses_libraries=ALL, library_path=, permitted_path=/data:/mnt/expand
07-17 11:40:33.358   587   587 W system_server: Unexpected CPU variant for x86: x86_64.
07-17 11:40:33.358   587   587 W system_server: Known variants: atom, sandybridge, silvermont, kabylake, default
07-17 11:40:33.359   587   587 W system_server: Failed to upload odrefresh metrics: metrics file '/data/misc/odrefresh/odrefresh-metrics.txt' could not be opened: No such file or directory
07-17 11:40:33.366   478   500 I adbd    : jdwp connection from 587
07-17 11:40:33.412   587   587 D SystemServerTiming: InitBeforeStartServices
07-17 11:40:33.413   587   587 I system_server_start: [1,12139,12139]
07-17 11:40:33.415   587   587 I SystemServer: Entered the Android system server!
07-17 11:40:33.415   587   587 I boot_progress_system_run: 12150
07-17 11:40:33.685   587   587 I SystemServerInitThreadPool: Creating instance with 4 threads
07-17 11:40:34.022   587   587 V SystemServerTiming: InitBeforeStartServices took to complete: 610ms
07-17 11:40:34.023   587   587 D SystemServerTiming: StartServices
07-17 11:40:34.023   587   587 D SystemServerTiming: startBootstrapServices
07-17 11:40:34.023   587   587 D SystemServerTiming: StartWatchdog
07-17 11:40:34.031   587   587 V SystemServerTiming: StartWatchdog took to complete: 8ms
07-17 11:40:34.032   587   587 I SystemServer: Reading configuration...
07-17 11:40:34.032   587   587 D SystemServerTiming: ReadingSystemConfig
07-17 11:40:34.032   587   587 V SystemServerTiming: ReadingSystemConfig took to complete: 0ms
07-17 11:40:34.032   587   587 D SystemServerTiming: PlatformCompat
07-17 11:40:34.032   587   613 D SystemServerTimingAsync: InitThreadPoolExec:ReadingSystemConfig
07-17 11:40:34.032   587   613 D SystemServerInitThreadPool: Started executing ReadingSystemConfig
07-17 11:40:34.033   587   613 I SystemConfig: Reading permissions from /system/etc/sysconfig/framework-sysconfig.xml
07-17 11:40:34.034   587   613 I incfs   : Initial API level of the device: 33
07-17 11:40:34.034   587   613 I incfs   : ro.incremental.enable: yes
07-17 11:40:34.034   587   587 D CompatConfig: Found a config file: /system/etc/compatconfig/services-platform-compat-config.xml
07-17 11:40:34.034   587   613 I incfs   : isFsAvailable: true
07-17 11:40:34.035   587   613 I incfs   : isFsAvailable: true
07-17 11:40:34.035   587   613 I incfs   : IncFs_Features: v2
07-17 11:40:34.036   587   613 I SystemConfig: Reading permissions from /system/etc/sysconfig/hiddenapi-package-whitelist.xml
07-17 11:40:34.036   587   587 D CompatConfig: Adding: com.android.server.compat.config.Change@c48cd21
07-17 11:40:34.036   587   587 D CompatConfig: Adding: com.android.server.compat.config.Change@2059546
07-17 11:40:34.036   587   587 D CompatConfig: Adding: com.android.server.compat.config.Change@a001307
07-17 11:40:34.036   587   587 D CompatConfig: Adding: com.android.server.compat.config.Change@63e6c34
07-17 11:40:34.036   587   587 D CompatConfig: Adding: com.android.server.compat.config.Change@1c41a5d
07-17 11:40:34.036   587   587 D CompatConfig: Adding: com.android.server.compat.config.Change@175bfd2
07-17 11:40:34.036   587   587 D CompatConfig: Adding: com.android.server.compat.config.Change@e00d8a3
07-17 11:40:34.036   587   587 D CompatConfig: Adding: com.android.server.compat.config.Change@97017a0
07-17 11:40:34.036   587   587 D CompatConfig: Adding: com.android.server.compat.config.Change@1acff59
07-17 11:40:34.037   587   587 D CompatConfig: Adding: com.android.server.compat.config.Change@44c071e
07-17 11:40:34.037   587   587 D CompatConfig: Adding: com.android.server.compat.config.Change@dbe5bff
07-17 11:40:34.037   587   587 D CompatConfig: Adding: com.android.server.compat.config.Change@4f0dcc
07-17 11:40:34.037   587   587 D CompatConfig: Adding: com.android.server.compat.config.Change@fa53815
07-17 11:40:34.037   587   587 D CompatConfig: Adding: com.android.server.compat.config.Change@5ad772a
07-17 11:40:34.037   587   587 D CompatConfig: Adding: com.android.server.compat.config.Change@e453ab8
07-17 11:40:34.037   587   587 D CompatConfig: Adding: com.android.server.compat.config.Change@dae4091
07-17 11:40:34.037   587   587 D CompatConfig: Adding: com.android.server.compat.config.Change@c03dbf6
07-17 11:40:34.037   587   587 D CompatConfig: Adding: com.android.server.compat.config.Change@edcbf7
07-17 11:40:34.037   587   587 D CompatConfig: Adding: com.android.server.compat.config.Change@16f4a64
07-17 11:40:34.037   587   587 D CompatConfig: Adding: com.android.server.compat.config.Change@26554cd
07-17 11:40:34.037   587   587 D CompatConfig: Adding: com.android.server.compat.config.Change@889c182
07-17 11:40:34.037   587   587 D CompatConfig: Adding: com.android.server.compat.config.Change@8293093
07-17 11:40:34.037   587   587 D CompatConfig: Adding: com.android.server.compat.config.Change@b08a8d0
07-17 11:40:34.037   587   587 D CompatConfig: Adding: com.android.server.compat.config.Change@6ff70c9
07-17 11:40:34.037   587   587 D CompatConfig: Adding: com.android.server.compat.config.Change@39673ce
07-17 11:40:34.037   587   587 D CompatConfig: Adding: com.android.server.compat.config.Change@dac42ef
07-17 11:40:34.037   587   587 D CompatConfig: Adding: com.android.server.compat.config.Change@29781fc
07-17 11:40:34.037   587   587 D CompatConfig: Adding: com.android.server.compat.config.Change@9055085
07-17 11:40:34.037   587   587 D CompatConfig: Adding: com.android.server.compat.config.Change@1a9feda
07-17 11:40:34.037   587   613 I SystemConfig: Reading permissions from /system/etc/sysconfig/preinstalled-packages-platform.xml
07-17 11:40:34.037   587   587 D CompatConfig: Adding: com.android.server.compat.config.Change@7a41f0b
07-17 11:40:34.037   587   587 D CompatConfig: Adding: com.android.server.compat.config.Change@fd8c1e8
07-17 11:40:34.037   587   587 D CompatConfig: Adding: com.android.server.compat.config.Change@bcf7001
07-17 11:40:34.038   587   587 D CompatConfig: Adding: com.android.server.compat.config.Change@d392ea6
07-17 11:40:34.038   587   587 D CompatConfig: Adding: com.android.server.compat.config.Change@7f3a0e7
07-17 11:40:34.038   587   587 D CompatConfig: Adding: com.android.server.compat.config.Change@76c1494
07-17 11:40:34.038   587   587 D CompatConfig: Adding: com.android.server.compat.config.Change@5c20b3d
07-17 11:40:34.038   587   587 D CompatConfig: Adding: com.android.server.compat.config.Change@1398f32
07-17 11:40:34.038   587   587 D CompatConfig: Adding: com.android.server.compat.config.Change@1cf6483
07-17 11:40:34.038   587   587 D CompatConfig: Adding: com.android.server.compat.config.Change@63fe600
07-17 11:40:34.038   587   587 D CompatConfig: Adding: com.android.server.compat.config.Change@5491e39
07-17 11:40:34.038   587   587 D CompatConfig: Adding: com.android.server.compat.config.Change@6d6c7e
07-17 11:40:34.038   587   587 D CompatConfig: Adding: com.android.server.compat.config.Change@d19c5df
07-17 11:40:34.038   587   587 D CompatConfig: Adding: com.android.server.compat.config.Change@7bd622c
07-17 11:40:34.038   587   587 D CompatConfig: Adding: com.android.server.compat.config.Change@99464f5
07-17 11:40:34.038   587   587 D CompatConfig: Adding: com.android.server.compat.config.Change@56fd28a
07-17 11:40:34.038   587   587 D CompatConfig: Adding: com.android.server.compat.config.Change@37ee0fb
07-17 11:40:34.038   587   587 D CompatConfig: Adding: com.android.server.compat.config.Change@2b47518
07-17 11:40:34.038   587   587 D CompatConfig: Adding: com.android.server.compat.config.Change@b135b71
07-17 11:40:34.038   587   587 D CompatConfig: Adding: com.android.server.compat.config.Change@7808d56
07-17 11:40:34.038   587   587 D CompatConfig: Adding: com.android.server.compat.config.Change@35091d7
07-17 11:40:34.038   587   587 D CompatConfig: Adding: com.android.server.compat.config.Change@907cac4
07-17 11:40:34.038   587   587 D CompatConfig: Adding: com.android.server.compat.config.Change@fb13dad
07-17 11:40:34.039   587   587 D CompatConfig: Adding: com.android.server.compat.config.Change@1028e2
07-17 11:40:34.039   587   587 D CompatConfig: Adding: com.android.server.compat.config.Change@4227473
07-17 11:40:34.039   587   587 D CompatConfig: Adding: com.android.server.compat.config.Change@618cf30
07-17 11:40:34.039   587   587 D CompatConfig: Adding: com.android.server.compat.config.Change@6d107a9
07-17 11:40:34.039   587   587 D CompatConfig: Adding: com.android.server.compat.config.Change@d0bf12e
07-17 11:40:34.039   587   587 D CompatConfig: Adding: com.android.server.compat.config.Change@925e4cf
07-17 11:40:34.039   587   587 D CompatConfig: Adding: com.android.server.compat.config.Change@7f3ae5c
07-17 11:40:34.039   587   587 D CompatConfig: Adding: com.android.server.compat.config.Change@9097565
07-17 11:40:34.039   587   587 D CompatConfig: Adding: com.android.server.compat.config.Change@be9f23a
07-17 11:40:34.039   587   587 D CompatConfig: Adding: com.android.server.compat.config.Change@d45feeb
07-17 11:40:34.039   587   587 D CompatConfig: Adding: com.android.server.compat.config.Change@f3b5448
07-17 11:40:34.040   587   587 D CompatConfig: Found a config file: /system/etc/compatconfig/framework-platform-compat-config.xml
07-17 11:40:34.041   587   613 I SystemConfig: Reading permissions from /system/etc/permissions/org.apache.http.legacy.xml
07-17 11:40:34.042   587   587 D CompatConfig: Adding: com.android.server.compat.config.Change@5039ec7
07-17 11:40:34.042   587   587 D CompatConfig: Adding: com.android.server.compat.config.Change@1d56cf4
07-17 11:40:34.042   587   587 D CompatConfig: Adding: com.android.server.compat.config.Change@7c9ec1d
07-17 11:40:34.042   587   587 D CompatConfig: Adding: com.android.server.compat.config.Change@2588e92
07-17 11:40:34.042   587   587 D CompatConfig: Adding: com.android.server.compat.config.Change@2116063
07-17 11:40:34.043   587   587 D CompatConfig: Adding: com.android.server.compat.config.Change@c566460
07-17 11:40:34.043   587   587 D CompatConfig: Adding: com.android.server.compat.config.Change@59e2d19
07-17 11:40:34.043   587   587 D CompatConfig: Adding: com.android.server.compat.config.Change@6d01de
07-17 11:40:34.043   587   587 D CompatConfig: Adding: com.android.server.compat.config.Change@4af9fbf
07-17 11:40:34.043   587   587 D CompatConfig: Adding: com.android.server.compat.config.Change@e2d668c
07-17 11:40:34.043   587   587 D CompatConfig: Adding: com.android.server.compat.config.Change@adb81d5
07-17 11:40:34.043   587   587 D CompatConfig: Adding: com.android.server.compat.config.Change@c35dea
07-17 11:40:34.043   587   587 D CompatConfig: Adding: com.android.server.compat.config.Change@6c878db
07-17 11:40:34.043   587   587 D CompatConfig: Adding: com.android.server.compat.config.Change@c905f78
07-17 11:40:34.043   587   587 D CompatConfig: Adding: com.android.server.compat.config.Change@55f6651
07-17 11:40:34.043   587   587 D CompatConfig: Adding: com.android.server.compat.config.Change@e716eb6
07-17 11:40:34.043   587   587 D CompatConfig: Adding: com.android.server.compat.config.Change@ccbc7b7
07-17 11:40:34.043   587   587 D CompatConfig: Adding: com.android.server.compat.config.Change@827fb24
07-17 11:40:34.043   587   587 D CompatConfig: Adding: com.android.server.compat.config.Change@963168d
07-17 11:40:34.043   587   587 D CompatConfig: Adding: com.android.server.compat.config.Change@e1dc042
07-17 11:40:34.043   587   587 D CompatConfig: Adding: com.android.server.compat.config.Change@84b2853
07-17 11:40:34.043   587   587 D CompatConfig: Adding: com.android.server.compat.config.Change@17ba590
07-17 11:40:34.043   587   587 D CompatConfig: Adding: com.android.server.compat.config.Change@b778e89
07-17 11:40:34.043   587   587 D CompatConfig: Adding: com.android.server.compat.config.Change@64b9e8e
07-17 11:40:34.043   587   587 D CompatConfig: Adding: com.android.server.compat.config.Change@855f6af
07-17 11:40:34.043   587   587 D CompatConfig: Adding: com.android.server.compat.config.Change@81d8abc
07-17 11:40:34.043   587   587 D CompatConfig: Adding: com.android.server.compat.config.Change@e418a45
07-17 11:40:34.043   587   587 D CompatConfig: Adding: com.android.server.compat.config.Change@67159a
07-17 11:40:34.043   587   587 D CompatConfig: Adding: com.android.server.compat.config.Change@3954ecb
07-17 11:40:34.043   587   587 D CompatConfig: Adding: com.android.server.compat.config.Change@9696a8
07-17 11:40:34.043   587   587 D CompatConfig: Adding: com.android.server.compat.config.Change@ff585c1
07-17 11:40:34.043   587   587 D CompatConfig: Adding: com.android.server.compat.config.Change@e90f166
07-17 11:40:34.043   587   587 D CompatConfig: Adding: com.android.server.compat.config.Change@8280ca7
07-17 11:40:34.043   587   587 D CompatConfig: Adding: com.android.server.compat.config.Change@d127554
07-17 11:40:34.043   587   587 D CompatConfig: Adding: com.android.server.compat.config.Change@393bcfd
07-17 11:40:34.043   587   587 D CompatConfig: Adding: com.android.server.compat.config.Change@22abdf2
07-17 11:40:34.043   587   587 D CompatConfig: Adding: com.android.server.compat.config.Change@d3ecc43
07-17 11:40:34.043   587   587 D CompatConfig: Adding: com.android.server.compat.config.Change@4cb92c0
07-17 11:40:34.043   587   587 D CompatConfig: Adding: com.android.server.compat.config.Change@1e42bf9
07-17 11:40:34.043   587   587 D CompatConfig: Adding: com.android.server.compat.config.Change@f22c73e
07-17 11:40:34.043   587   587 D CompatConfig: Adding: com.android.server.compat.config.Change@277e99f
07-17 11:40:34.043   587   587 D CompatConfig: Adding: com.android.server.compat.config.Change@6371aec
07-17 11:40:34.043   587   587 D CompatConfig: Adding: com.android.server.compat.config.Change@e328eb5
07-17 11:40:34.043   587   587 D CompatConfig: Adding: com.android.server.compat.config.Change@800194a
07-17 11:40:34.043   587   587 D CompatConfig: Adding: com.android.server.compat.config.Change@8fb80bb
07-17 11:40:34.043   587   587 D CompatConfig: Adding: com.android.server.compat.config.Change@ff0f9d8
07-17 11:40:34.043   587   587 D CompatConfig: Adding: com.android.server.compat.config.Change@aca6131
07-17 11:40:34.043   587   587 D CompatConfig: Adding: com.android.server.compat.config.Change@eae8016
07-17 11:40:34.043   587   587 D CompatConfig: Adding: com.android.server.compat.config.Change@2576d97
07-17 11:40:34.043   587   587 D CompatConfig: Adding: com.android.server.compat.config.Change@c67db84
07-17 11:40:34.043   587   587 D CompatConfig: Adding: com.android.server.compat.config.Change@932df6d
07-17 11:40:34.043   587   587 D CompatConfig: Adding: com.android.server.compat.config.Change@60a87a2
07-17 11:40:34.043   587   587 D CompatConfig: Adding: com.android.server.compat.config.Change@11b4c33
07-17 11:40:34.043   587   587 D CompatConfig: Adding: com.android.server.compat.config.Change@c492bf0
07-17 11:40:34.043   587   587 D CompatConfig: Adding: com.android.server.compat.config.Change@22b0569
07-17 11:40:34.043   587   587 D CompatConfig: Adding: com.android.server.compat.config.Change@2d7bee
07-17 11:40:34.043   587   587 D CompatConfig: Adding: com.android.server.compat.config.Change@734788f
07-17 11:40:34.043   587   587 D CompatConfig: Adding: com.android.server.compat.config.Change@bad171c
07-17 11:40:34.043   587   587 D CompatConfig: Adding: com.android.server.compat.config.Change@1658f25
07-17 11:40:34.044   587   587 D CompatConfig: Adding: com.android.server.compat.config.Change@57968fa
07-17 11:40:34.044   587   587 D CompatConfig: Adding: com.android.server.compat.config.Change@e0a0eab
07-17 11:40:34.044   587   587 D CompatConfig: Adding: com.android.server.compat.config.Change@e028908
07-17 11:40:34.044   587   587 D CompatConfig: Adding: com.android.server.compat.config.Change@104f8a1
07-17 11:40:34.044   587   587 D CompatConfig: Adding: com.android.server.compat.config.Change@651ac6
07-17 11:40:34.044   587   587 D CompatConfig: Adding: com.android.server.compat.config.Change@458ea87
07-17 11:40:34.044   587   587 D CompatConfig: Adding: com.android.server.compat.config.Change@cbb2db4
07-17 11:40:34.044   587   587 D CompatConfig: Adding: com.android.server.compat.config.Change@d77ddd
