07-17 12:00:44.788   596   596 I WindowManager: Override config changes=8 {1.0 ?mcc?mnc [en_US] ldltr sw384dp w384dp h640dp 320dpi nrml long port ?uimode ?night finger qwerty/v/v -nav/h winConfig={ mBounds=Rect(0, 0 - 768, 1280) mAppBounds=Rect(0, 0 - 768, 1280) mMaxBounds=Rect(0, 0 - 768, 1280) mDisplayRotation=ROTATION_0 mWindowingMode=fullscreen mDisplayWindowingMode=fullscreen mActivityType=undefined mAlwaysOnTop=undefined mRotation=ROTATION_0} s.4 ?fontWeightAdjustment} for displayId=0
07-17 12:00:44.789   596   596 V SystemServerTiming: MakeDisplayReady took to complete: 7ms
07-17 12:00:44.789   596   596 D SystemServerTiming: StartStorageManagerService
07-17 12:00:44.789   596   596 I SystemServiceManager: Starting com.android.server.StorageManagerService$Lifecycle
07-17 12:00:44.790   524   544 D installd: Found quota mount /dev/block/dm-33 at /data
07-17 12:00:44.790   524   544 D installd: Found quota mount /dev/block/dm-33 at /data/user/0
07-17 12:00:44.793   596   618 I InputManager-JNI: Viewport [0] to add: local:4619827259835644672, isActive: false
07-17 12:00:44.794   596   695 D StorageManagerService: Thinking about init, mBootCompleted=false, mDaemonConnected=true
07-17 12:00:44.794   596   695 D StorageManagerService: Thinking about reset, mBootCompleted=false, mDaemonConnected=true
07-17 12:00:44.795   596   596 V SystemServerTiming: StartStorageManagerService took to complete: 6ms
07-17 12:00:44.795   596   596 D SystemServerTiming: StartStorageStatsService
07-17 12:00:44.795   596   596 I SystemServiceManager: Starting com.android.server.usage.StorageStatsService$Lifecycle
07-17 12:00:44.795   524   544 D installd: Found quota mount /dev/block/dm-33 at /data
07-17 12:00:44.795   524   544 D installd: Found quota mount /dev/block/dm-33 at /data/user/0
07-17 12:00:44.796   524   544 D installd: Found quota mount /dev/block/dm-33 at /data
07-17 12:00:44.796   524   544 D installd: Found quota mount /dev/block/dm-33 at /data/user/0
07-17 12:00:44.798   596   596 V SystemServerTiming: StartStorageStatsService took to complete: 4ms
07-17 12:00:44.798   596   596 D SystemServerTiming: StartUiModeManager
07-17 12:00:44.798   596   596 I SystemServiceManager: Starting com.android.server.UiModeManagerService
07-17 12:00:44.799   596   664 D SystemServerTimingAsync: InitThreadPoolExec:UiModeManager.onStart
07-17 12:00:44.799   596   664 D SystemServerInitThreadPool: Started executing UiModeManager.onStart
07-17 12:00:44.799   596   596 V SystemServerTiming: StartUiModeManager took to complete: 1ms
07-17 12:00:44.799   596   596 D SystemServerTiming: StartLocaleManagerService
07-17 12:00:44.799   596   596 I SystemServiceManager: Starting com.android.server.locales.LocaleManagerService
07-17 12:00:44.803   596   664 D SystemServerInitThreadPool: Finished executing UiModeManager.onStart
07-17 12:00:44.803   596   664 V SystemServerTimingAsync: InitThreadPoolExec:UiModeManager.onStart took to complete: 5ms
07-17 12:00:44.808   596   695 D StorageManagerService: Thinking about init, mBootCompleted=false, mDaemonConnected=true
07-17 12:00:44.808   596   695 D StorageManagerService: Thinking about reset, mBootCompleted=false, mDaemonConnected=true
07-17 12:00:44.809   596   689 I InputReader: Reconfiguring input devices, changes=DISPLAY_INFO | 
07-17 12:00:44.809   596   689 I InputReader: Touch device 'virtio_input_multi_touch_11' could not query the properties of its associated display.  The device will be inoperable until the display size becomes available.
07-17 12:00:44.809   596   689 I InputReader: Touch device 'virtio_input_multi_touch_8' could not query the properties of its associated display.  The device will be inoperable until the display size becomes available.
07-17 12:00:44.809   596   689 I InputReader: Touch device 'virtio_input_multi_touch_6' could not query the properties of its associated display.  The device will be inoperable until the display size becomes available.
07-17 12:00:44.809   596   689 I InputReader: Touch device 'virtio_input_multi_touch_4' could not query the properties of its associated display.  The device will be inoperable until the display size becomes available.
07-17 12:00:44.809   596   689 I InputReader: Touch device 'virtio_input_multi_touch_10' could not query the properties of its associated display.  The device will be inoperable until the display size becomes available.
07-17 12:00:44.809   596   689 I InputReader: Disabling virtio_input_multi_touch_1 (device 7) because the associated viewport is not active
07-17 12:00:44.809   596   689 I InputReader: Device reconfigured: id=7, name='virtio_input_multi_touch_1', size 32768x32768, orientation 0, mode 0, display id 0
07-17 12:00:44.809   596   689 I InputReader: Touch device 'virtio_input_multi_touch_5' could not query the properties of its associated display.  The device will be inoperable until the display size becomes available.
07-17 12:00:44.809   596   689 I InputReader: Touch device 'virtio_input_multi_touch_3' could not query the properties of its associated display.  The device will be inoperable until the display size becomes available.
07-17 12:00:44.809   596   689 I InputReader: Touch device 'virtio_input_multi_touch_7' could not query the properties of its associated display.  The device will be inoperable until the display size becomes available.
07-17 12:00:44.809   596   689 I InputReader: Touch device 'virtio_input_multi_touch_9' could not query the properties of its associated display.  The device will be inoperable until the display size becomes available.
07-17 12:00:44.809   596   689 I InputReader: Touch device 'virtio_input_multi_touch_2' could not query the properties of its associated display.  The device will be inoperable until the display size becomes available.
07-17 12:00:44.824   596   596 V SystemServerTiming: StartLocaleManagerService took to complete: 25ms
07-17 12:00:44.824   596   596 D SystemServerTiming: UpdatePackagesIfNeeded
07-17 12:00:44.824   596   596 I Watchdog: Pausing HandlerChecker: main thread for reason: dexopt. Pause count: 1
07-17 12:00:44.825   596   596 I Watchdog: Resuming HandlerChecker: main thread for reason: dexopt. Pause count: 0
07-17 12:00:44.825   596   596 V SystemServerTiming: UpdatePackagesIfNeeded took to complete: 0ms
07-17 12:00:44.825   596   596 D SystemServerTiming: PerformFstrimIfNeeded
07-17 12:00:44.826   596   596 W PackageManager: No disk maintenance in 999590826; running immediately
07-17 12:00:44.826   596   596 V SystemServerTiming: PerformFstrimIfNeeded took to complete: 1ms
07-17 12:00:44.826   596   596 D SystemServerTiming: StartLockSettingsService
07-17 12:00:44.826   596   596 I SystemServiceManager: Starting com.android.server.locksettings.LockSettingsService$Lifecycle
07-17 12:00:44.826   596   695 I StorageManagerService: Running fstrim idle maintenance
07-17 12:00:44.828   249   700 D vold    : Starting trim of /data
07-17 12:00:44.830   249   700 W vold    : Trim failed on /data: Operation not supported on transport endpoint
07-17 12:00:44.830   249   700 D vold    : Starting trim of /metadata
07-17 12:00:44.830   249   700 W vold    : Trim failed on /metadata: Operation not supported on transport endpoint
07-17 12:00:44.831   596   596 V SystemServerTiming: StartLockSettingsService took to complete: 6ms
07-17 12:00:44.831   596   596 D SystemServerTiming: StartTestHarnessMode
07-17 12:00:44.832   596   596 I SystemServiceManager: Starting com.android.server.testharness.TestHarnessModeService
07-17 12:00:44.832   596   596 V SystemServerTiming: StartTestHarnessMode took to complete: 0ms
07-17 12:00:44.832   236   236 I hwservicemanager: getTransport: Cannot find entry android.hardware.oemlock@1.0::IOemLock/default in either framework or device VINTF manifest.
07-17 12:00:44.832   596   596 I OemLock : OemLock HAL not present on device
07-17 12:00:44.832   596   596 D SystemServerTiming: StartDeviceIdleController
07-17 12:00:44.832   596   596 I SystemServiceManager: Starting com.android.server.DeviceIdleController
07-17 12:00:44.834   596   596 I device_idle: [0,boot]
07-17 12:00:44.834   596   596 I device_idle_light: [0,boot]
07-17 12:00:44.835   596   596 V SystemServerTiming: StartDeviceIdleController took to complete: 2ms
07-17 12:00:44.835   596   596 D SystemServerTiming: StartDevicePolicyManager
07-17 12:00:44.835   596   596 I SystemServiceManager: Starting com.android.server.devicepolicy.DevicePolicyManagerService$Lifecycle
07-17 12:00:44.843   596   596 I DevicePolicyManager: Current version 3, latest version 3, not upgrading.
07-17 12:00:44.844   596   596 I DevicePolicyManager: Set ro.organization_owned property to false
07-17 12:00:44.845   596   596 D DevicePolicyManagerService: /data/system/updated_resources.xml doesn't exist
07-17 12:00:44.846   596   596 V SystemServerTiming: StartDevicePolicyManager took to complete: 12ms
07-17 12:00:44.846   596   596 D SystemServerTiming: StartStatusBarManagerService
07-17 12:00:44.848   596   596 V SystemServerTiming: StartStatusBarManagerService took to complete: 2ms
07-17 12:00:44.848   596   596 D SystemServerTiming: StartMusicRecognitionManagerService
07-17 12:00:44.849   596   596 I SystemServiceManager: Starting com.android.server.musicrecognition.MusicRecognitionManagerService
07-17 12:00:44.849   596   596 V SystemServerTiming: StartMusicRecognitionManagerService took to complete: 1ms
07-17 12:00:44.849   596   596 D SystemServerTiming: StartContentCaptureService
07-17 12:00:44.850   596   596 I SystemServiceManager: Starting com.android.server.contentcapture.ContentCaptureManagerService
07-17 12:00:44.851   596   596 I ContentCaptureHelper: Setting logging level to DEBUG
07-17 12:00:44.851   596   596 D ContentCaptureManagerService: log history size: 20
07-17 12:00:44.851   596   596 V SystemServerTiming: StartContentCaptureService took to complete: 2ms
07-17 12:00:44.852   596   596 D SystemServer: AttentionService is not configured on this device
07-17 12:00:44.852   596   596 D SystemServer: RotationResolverService is not configured on this device
07-17 12:00:44.852   596   596 D SystemServerTiming: StartSystemCaptionsManagerService
07-17 12:00:44.852   596   596 I SystemServiceManager: Starting com.android.server.systemcaptions.SystemCaptionsManagerService
07-17 12:00:44.852   596   596 V SystemServerTiming: StartSystemCaptionsManagerService took to complete: 0ms
07-17 12:00:44.852   596   596 D SystemServerTiming: StartTextToSpeechManagerService
07-17 12:00:44.853   596   596 I SystemServiceManager: Starting com.android.server.texttospeech.TextToSpeechManagerService
07-17 12:00:44.853   596   596 V SystemServerTiming: StartTextToSpeechManagerService took to complete: 1ms
07-17 12:00:44.853   596   596 D SystemServerTiming: StartAmbientContextService
07-17 12:00:44.853   596   596 I SystemServiceManager: Starting com.android.server.ambientcontext.AmbientContextManagerService
07-17 12:00:44.854   596   596 V SystemServerTiming: StartAmbientContextService took to complete: 1ms
07-17 12:00:44.854   596   596 D SystemServerTiming: StartSpeechRecognitionManagerService
07-17 12:00:44.854   596   596 I SystemServiceManager: Starting com.android.server.speech.SpeechRecognitionManagerService
07-17 12:00:44.856   596   596 V SystemServerTiming: StartSpeechRecognitionManagerService took to complete: 1ms
07-17 12:00:44.856   596   596 D SystemServerTiming: StartAppPredictionService
07-17 12:00:44.856   596   596 I SystemServiceManager: Starting com.android.server.appprediction.AppPredictionManagerService
07-17 12:00:44.857   596   596 V SystemServerTiming: StartAppPredictionService took to complete: 0ms
07-17 12:00:44.857   596   596 D SystemServerTiming: StartContentSuggestionsService
07-17 12:00:44.857   596   596 I SystemServiceManager: Starting com.android.server.contentsuggestions.ContentSuggestionsManagerService
07-17 12:00:44.857   596   596 V SystemServerTiming: StartContentSuggestionsService took to complete: 0ms
07-17 12:00:44.857   596   596 D SystemServerTiming: StartSearchUiService
07-17 12:00:44.857   596   596 I SystemServiceManager: Starting com.android.server.searchui.SearchUiManagerService
07-17 12:00:44.858   596   596 V SystemServerTiming: StartSearchUiService took to complete: 1ms
07-17 12:00:44.858   596   596 D SystemServerTiming: StartSmartspaceService
07-17 12:00:44.858   596   596 I SystemServiceManager: Starting com.android.server.smartspace.SmartspaceManagerService
07-17 12:00:44.859   596   596 V SystemServerTiming: StartSmartspaceService took to complete: 0ms
07-17 12:00:44.859   596   596 D SystemServerTiming: StartCloudSearchService
07-17 12:00:44.859   596   596 I SystemServiceManager: Starting com.android.server.cloudsearch.CloudSearchManagerService
07-17 12:00:44.860   596   596 V SystemServerTiming: StartCloudSearchService took to complete: 1ms
07-17 12:00:44.860   596   596 D SystemServerTiming: InitConnectivityModuleConnector
07-17 12:00:44.860   596   596 D ConnectivityModuleConnector: Network stack init
07-17 12:00:44.862   596   596 V SystemServerTiming: InitConnectivityModuleConnector took to complete: 3ms
07-17 12:00:44.862   596   596 D SystemServerTiming: InitNetworkStackClient
07-17 12:00:44.863   596   596 V SystemServerTiming: InitNetworkStackClient took to complete: 0ms
07-17 12:00:44.863   596   596 D SystemServerTiming: StartNetworkManagementService
07-17 12:00:44.864   386   440 I netd    : registerUnsolicitedEventListener() <0.07ms>
07-17 12:00:44.865   596   596 V SystemServerTiming: StartNetworkManagementService took to complete: 2ms
07-17 12:00:44.865   596   596 D SystemServerTiming: StartFontManagerService
07-17 12:00:44.954   596   596 V SystemServerTiming: StartFontManagerService took to complete: 90ms
07-17 12:00:44.954   596   596 D SystemServerTiming: StartTextServicesManager
07-17 12:00:44.954   596   596 I SystemServiceManager: Starting com.android.server.textservices.TextServicesManagerService$Lifecycle
07-17 12:00:44.956   596   596 V SystemServerTiming: StartTextServicesManager took to complete: 1ms
07-17 12:00:44.956   596   596 D SystemServerTiming: StartTextClassificationManagerService
07-17 12:00:44.956   596   596 I SystemServiceManager: Starting com.android.server.textclassifier.TextClassificationManagerService$Lifecycle
07-17 12:00:44.957   596   596 V SystemServerTiming: StartTextClassificationManagerService took to complete: 0ms
07-17 12:00:44.957   596   596 D SystemServerTiming: StartNetworkScoreService
07-17 12:00:44.957   596   596 I SystemServiceManager: Starting com.android.server.NetworkScoreService$Lifecycle
07-17 12:00:44.957   596   596 I NetworkScoreService: Registering network_score
07-17 12:00:44.957   596   678 I commit_sys_config_file: [settings-0-0,3]
07-17 12:00:44.957   596   596 V SystemServerTiming: StartNetworkScoreService took to complete: 1ms
07-17 12:00:44.957   596   596 D SystemServerTiming: StartNetworkStatsService
07-17 12:00:44.964   596   596 I system_server: Waiting for a blocking GC ClassLinker
07-17 12:00:44.973   596   596 I SystemServiceManager: Starting com.android.server.NetworkStatsServiceInitializer
07-17 12:00:44.987   596   596 D BpfNetMaps: BpfNetMaps is initialized with sEnableJavaBpfMap=false
07-17 12:00:44.990   596   596 I TrafficController: initMaps successfully
07-17 12:00:44.993   386   440 I netd    : registerUnsolicitedEventListener() <0.02ms>
07-17 12:00:44.993   386   440 I netd    : interfaceGetList() -> {[ifb0, ip6gre0, ip6_vti0, gretap0, erspan0, tunl0, wlan0, sit0, hwsim0, ifb1, ip6tnl0, ip_vti0, eth0, gre0, dummy0, lo]} <0.09ms>
07-17 12:00:44.993   596   596 I NetworkStatsServiceInitializer: Registering netstats
07-17 12:00:44.994   596   596 V SystemServerTiming: StartNetworkStatsService took to complete: 36ms
07-17 12:00:44.994   596   596 D SystemServerTiming: StartNetworkPolicyManagerService
07-17 12:00:44.996   596   720 D CompatibilityChangeReporter: Compat change id reported: 170188668; UID 1000; state: ENABLED
07-17 12:00:45.024   596   596 V SystemServerTiming: StartNetworkPolicyManagerService took to complete: 31ms
07-17 12:00:45.024   596   596 D SystemServerTiming: StartWifi
07-17 12:00:45.047   596   596 I SystemServiceManager: Starting com.android.server.wifi.WifiService
07-17 12:00:45.059   596   596 I WifiContext: Got resolveInfos for com.android.server.wifi.intent.action.SERVICE_WIFI_RESOURCES_APK: [ResolveInfo{c749237 com.google.android.wifi.resources/android.app.Activity m=0x108000}]
07-17 12:00:45.059   596   596 I WifiContext: Found Wifi Resources APK at: com.google.android.wifi.resources
07-17 12:00:45.082   596   596 D ScanMetrics: Settings package: com.android.settings
07-17 12:00:45.082   596   596 D ScanMetrics: GMS uid: 10105
07-17 12:00:45.091   235   235 I servicemanager: Found android.hardware.wifi.supplicant.ISupplicant/default in device VINTF manifest.
07-17 12:00:45.091   596   596 I SupplicantStaIfaceHal: Initializing SupplicantStaIfaceHal using AIDL implementation.
07-17 12:00:45.093   235   235 I servicemanager: Found android.hardware.wifi.supplicant.ISupplicant/default in device VINTF manifest.
07-17 12:00:45.093   596   596 I SupplicantP2pIfaceHal: Initializing SupplicantP2pIfaceHal using AIDL implementation.
07-17 12:00:45.094   596   596 I WifiCoexManager: Default coex algorithm is disabled.
07-17 12:00:45.105   596   596 D WifiOpenNetworkNotifier: Settings toggle enabled=true
07-17 12:00:45.107   596   596 D WifiNl80211Manager: registerCountryCodeEventListener called
07-17 12:00:45.107   596   596 D WifiCountryCode: Default country code from system property ro.boot.wificountrycode is null
07-17 12:00:45.107   533   533 I wificond: New wificond event callback registered
07-17 12:00:45.110   596   596 D WakeupController: WifiWake enabled
07-17 12:00:45.110   596   596 V HistoricalRegistry: Interaction before persistence initialized
07-17 12:00:45.112   596   596 I WifiService: Registering wifi
07-17 12:00:45.112   596   596 V SystemServerTiming: StartWifi took to complete: 88ms
07-17 12:00:45.112   596   596 D SystemServerTiming: StartWifiScanning
07-17 12:00:45.112   596   596 I SystemServiceManager: Starting com.android.server.wifi.scanner.WifiScanningService
07-17 12:00:45.112   596   596 I WifiScanningService: Creating wifiscanner
07-17 12:00:45.114   596   596 I WifiScanningService: Publishing wifiscanner
07-17 12:00:45.114   596   596 V SystemServerTiming: StartWifiScanning took to complete: 2ms
07-17 12:00:45.114   596   596 D SystemServerTiming: StartWifiP2P
07-17 12:00:45.114   596   596 I SystemServiceManager: Starting com.android.server.wifi.p2p.WifiP2pService
07-17 12:00:45.117   596   596 D CompatibilityChangeReporter: Compat change id reported: 183155436; UID 1000; state: ENABLED
07-17 12:00:45.117   596   596 I WifiP2pService: Registering wifip2p
07-17 12:00:45.118   596   596 V SystemServerTiming: StartWifiP2P took to complete: 3ms
07-17 12:00:45.118   596   596 D SystemServerTiming: StartPacProxyService
07-17 12:00:45.119   596   596 V SystemServerTiming: StartPacProxyService took to complete: 1ms
07-17 12:00:45.119   596   596 D SystemServerTiming: StartConnectivityService
07-17 12:00:45.119   596   596 I SystemServiceManager: Starting com.android.server.ConnectivityServiceInitializer
07-17 12:00:45.128   596   596 D ConnectivityService: ConnectivityService starting up
07-17 12:00:45.134   386   440 I netd    : registerUnsolicitedEventListener() <0.02ms>
07-17 12:00:45.139   596   596 D CompatibilityChangeReporter: Compat change id reported: 182478738; UID 1000; state: ENABLED
07-17 12:00:45.145   596   596 D ConnectivityNativeService: Attached BPF_CGROUP_INET4_BIND and BPF_CGROUP_INET6_BIND programs
07-17 12:00:45.153   596   596 W UnsafeUtil: platform method missing - proto runtime falling back to safer methods: java.lang.NoSuchMethodException: sun.misc.Unsafe.copyMemory [class java.lang.Object, long, class java.lang.Object, long, long]
07-17 12:00:45.154   596   596 I ConnectivityServiceInitializer: Registering connectivity
07-17 12:00:45.154   596   596 I ConnectivityServiceInitializer: Registering ipsec
07-17 12:00:45.154   596   596 I ConnectivityServiceInitializer: Registering connectivity_native
07-17 12:00:45.154   596   596 I ConnectivityServiceInitializer: Registering servicediscovery
07-17 12:00:45.155   596   596 I ConnectivityServiceInitializer: Registering nearby
07-17 12:00:45.155   596   596 V SystemServerTiming: StartConnectivityService took to complete: 37ms
07-17 12:00:45.155   596   596 D SystemServerTiming: StartVpnManagerService
07-17 12:00:45.156   596   596 D VpnManagerService: VpnManagerService starting up
07-17 12:00:45.157   596   596 V SystemServerTiming: StartVpnManagerService took to complete: 1ms
07-17 12:00:45.157   596   596 D SystemServerTiming: StartVcnManagementService
07-17 12:00:45.158   596   596 V SystemServerTiming: StartVcnManagementService took to complete: 2ms
07-17 12:00:45.158   596   596 D SystemServerTiming: StartSystemUpdateManagerService
07-17 12:00:45.158   596   596 I SystemUpdateManagerService: No existing info file /data/system/system-update-info.xml
07-17 12:00:45.159   596   596 V SystemServerTiming: StartSystemUpdateManagerService took to complete: 0ms
07-17 12:00:45.159   596   596 D SystemServerTiming: StartUpdateLockService
07-17 12:00:45.159   596   596 V SystemServerTiming: StartUpdateLockService took to complete: 1ms
07-17 12:00:45.159   596   596 D SystemServerTiming: StartNotificationManager
07-17 12:00:45.159   596   596 I SystemServiceManager: Starting com.android.server.notification.NotificationManagerService
07-17 12:00:45.173   596   596 D ConditionProviders.SCP: new ScheduleConditionProvider()
07-17 12:00:45.189   596   596 I NotificationListeners: Read notification listener permissions from xml
07-17 12:00:45.189   596   596 I ConditionProviders: Read condition provider permissions from xml
07-17 12:00:45.189   596   596 I ConditionProviders: Read condition provider permissions from xml
07-17 12:00:45.189   596   596 D NotificationAssistants: Approving default notification assistant for user 0
07-17 12:00:45.191   596   596 D CompatibilityChangeReporter: Compat change id reported: 147600208; UID 1000; state: ENABLED
07-17 12:00:45.191   596   596 D CompatibilityChangeReporter: Compat change id reported: 157233955; UID 1000; state: ENABLED
07-17 12:00:45.196   596   596 V SystemServerTiming: StartNotificationManager took to complete: 37ms
07-17 12:00:45.196   596   596 D SystemServerTiming: StartDeviceMonitor
07-17 12:00:45.197   596   596 I SystemServiceManager: Starting com.android.server.storage.DeviceStorageMonitorService
07-17 12:00:45.198   596   596 V SystemServerTiming: StartDeviceMonitor took to complete: 1ms
07-17 12:00:45.198   596   596 D SystemServerTiming: StartLocationManagerService
07-17 12:00:45.198   596   596 I SystemServiceManager: Starting com.android.server.location.LocationManagerService$Lifecycle
07-17 12:00:45.198   596   738 I storage_state: [41217664-9172-527a-b3d5-edabb50a7d69,0,0,5197164544,6228115456]
07-17 12:00:45.200   596   596 V SystemServerTiming: StartLocationManagerService took to complete: 3ms
07-17 12:00:45.200   596   596 D SystemServerTiming: StartCountryDetectorService
07-17 12:00:45.200   596   596 V SystemServerTiming: StartCountryDetectorService took to complete: 0ms
07-17 12:00:45.200   596   596 D SystemServerTiming: StartTimeDetectorService
07-17 12:00:45.200   596   596 I SystemServiceManager: Starting com.android.server.timedetector.TimeDetectorService$Lifecycle
07-17 12:00:45.201   596   596 V SystemServerTiming: StartTimeDetectorService took to complete: 1ms
07-17 12:00:45.201   596   596 D SystemServerTiming: StartTimeZoneDetectorService
07-17 12:00:45.201   596   596 I SystemServiceManager: Starting com.android.server.timezonedetector.TimeZoneDetectorService$Lifecycle
07-17 12:00:45.202   596   596 V SystemServerTiming: StartTimeZoneDetectorService took to complete: 1ms
07-17 12:00:45.202   596   596 D SystemServerTiming: StartLocationTimeZoneManagerService
07-17 12:00:45.203   596   596 I SystemServiceManager: Starting com.android.server.timezonedetector.location.LocationTimeZoneManagerService$Lifecycle
07-17 12:00:45.203   596   596 V SystemServerTiming: StartLocationTimeZoneManagerService took to complete: 0ms
07-17 12:00:45.203   596   596 D SystemServerTiming: StartSearchManagerService
07-17 12:00:45.203   596   596 I SystemServiceManager: Starting com.android.server.search.SearchManagerService$Lifecycle
07-17 12:00:45.203   596   596 V SystemServerTiming: StartSearchManagerService took to complete: 0ms
07-17 12:00:45.203   596   596 D SystemServerTiming: StartWallpaperManagerService
07-17 12:00:45.204   596   596 I SystemServiceManager: Starting com.android.server.wallpaper.WallpaperManagerService$Lifecycle
07-17 12:00:45.204   596   596 V SystemServerTiming: StartWallpaperManagerService took to complete: 1ms
07-17 12:00:45.204   596   596 D SystemServerTiming: StartWallpaperEffectsGenerationService
07-17 12:00:45.204   596   596 I SystemServiceManager: Starting com.android.server.wallpapereffectsgeneration.WallpaperEffectsGenerationManagerService
07-17 12:00:45.205   596   596 V SystemServerTiming: StartWallpaperEffectsGenerationService took to complete: 0ms
07-17 12:00:45.205   596   596 D SystemServerTiming: StartAudioService
07-17 12:00:45.205   596   596 I SystemServiceManager: Starting com.android.server.audio.AudioService$Lifecycle
07-17 12:00:45.215   596   596 I AS.AudioService: Stream 5: using max vol of 7
07-17 12:00:45.215   596   596 I AS.AudioService: Stream 5: using default vol of 5
07-17 12:00:45.215   596   596 I AS.AudioService: Stream 2: using max vol of 7
07-17 12:00:45.215   596   596 I AS.AudioService: Stream 2: using default vol of 5
07-17 12:00:45.216   596   596 I android_os_HwBinder: HwBinder: Starting thread pool for getting: android.hidl.manager@1.0::IServiceManager/default
07-17 12:00:45.219   451   561 W AudioFlinger: no wake lock to update, system not ready yet
07-17 12:00:45.219   451   566 W AudioFlinger: no wake lock to update, system not ready yet
07-17 12:00:45.227   451   451 D PermissionCache: checking android.permission.MODIFY_AUDIO_ROUTING for uid=1000 => granted (5073 us)
07-17 12:00:45.242   451   559 D PermissionCache: checking android.permission.MODIFY_AUDIO_SETTINGS for uid=1000 => granted (103 us)
07-17 12:00:45.246   451   559 D AudioFlinger: isLowRamDevice:false totalMemory:4104720384 mClientSharedHeapSize:16777216
07-17 12:00:45.249   596   596 V SystemServerTiming: StartAudioService took to complete: 45ms
07-17 12:00:45.249   596   596 D SystemServerTiming: StartSoundTriggerMiddlewareService
07-17 12:00:45.249   596   596 I SystemServiceManager: Starting com.android.server.soundtrigger_middleware.SoundTriggerMiddlewareService$Lifecycle
07-17 12:00:45.251   451   559 I CaptureStateNotifier: Registering a listener
07-17 12:00:45.251   235   235 I servicemanager: Could not find android.hardware.soundtrigger3.ISoundTriggerHw/default in the VINTF manifest.
07-17 12:00:45.252   596   596 I SoundTriggerMiddlewareDefaultHalFactory: Connecting to default soundtrigger-V2.x.ISoundTriggerHw
07-17 12:00:45.253   596   596 I android_os_HwBinder: HwBinder: Starting thread pool for getting: android.hardware.soundtrigger@2.0::ISoundTriggerHw/default
07-17 12:00:45.256   596   596 V SystemServerTiming: StartSoundTriggerMiddlewareService took to complete: 7ms
07-17 12:00:45.257   596   596 D SystemServerTiming: StartDockObserver
07-17 12:00:45.257   596   596 I SystemServiceManager: Starting com.android.server.DockObserver
07-17 12:00:45.257   596   596 I DockObserver: No extcon dock device found in this kernel.
07-17 12:00:45.258   596   596 V SystemServerTiming: StartDockObserver took to complete: 1ms
07-17 12:00:45.258   596   596 D SystemServerTiming: StartWiredAccessoryManager
07-17 12:00:45.258   596   596 W WiredAccessoryManager: This kernel does not have usb audio support
07-17 12:00:45.259   596   596 W WiredAccessoryManager: This kernel does not have HDMI audio support
07-17 12:00:45.259   596   596 V SystemServerTiming: StartWiredAccessoryManager took to complete: 1ms
07-17 12:00:45.259   596   596 D SystemServerTiming: StartMidiManager
07-17 12:00:45.259   596   596 I SystemServiceManager: Starting com.android.server.midi.MidiService$Lifecycle
07-17 12:00:45.262   596   596 V SystemServerTiming: StartMidiManager took to complete: 3ms
07-17 12:00:45.262   596   596 D SystemServerTiming: StartAdbService
07-17 12:00:45.267   596   596 I SystemServiceManager: Starting com.android.server.adb.AdbService$Lifecycle
07-17 12:00:45.268   596   596 V SystemServerTiming: StartAdbService took to complete: 1ms
07-17 12:00:45.268   596   596 D SystemServerTiming: StartUsbService
07-17 12:00:45.268   596   596 I SystemServiceManager: Starting com.android.server.usb.UsbService$Lifecycle
07-17 12:00:45.268   596   596 V SystemServerTiming: StartUsbService took to complete: 0ms
07-17 12:00:45.268   596   596 D SystemServerTiming: StartSerialService
07-17 12:00:45.268   596   740 I stream_devices_changed: [4,0,2]
07-17 12:00:45.268   596   676 D SystemServerTimingAsync: InitThreadPoolExec:UsbService$Lifecycle#onStart
07-17 12:00:45.268   596   676 D SystemServerInitThreadPool: Started executing UsbService$Lifecycle#onStart
07-17 12:00:45.269   596   596 V SystemServerTiming: StartSerialService took to complete: 0ms
07-17 12:00:45.269   596   596 D SystemServerTiming: StartHardwarePropertiesManagerService
07-17 12:00:45.269   596   740 I stream_devices_changed: [6,0,2]
07-17 12:00:45.269   596   740 I stream_devices_changed: [3,0,2]
07-17 12:00:45.269   596   676 I UsbDeviceManager: failed to write to /sys/class/android_usb/android0/f_rndis/ethaddr
07-17 12:00:45.269   236   236 I hwservicemanager: getTransport: Cannot find entry android.hardware.usb.gadget@1.0::IUsbGadget/default in either framework or device VINTF manifest.
07-17 12:00:45.270   596   596 D HardwarePropertiesManagerService-JNI: Link to death notification successful
07-17 12:00:45.270   596   596 V SystemServerTiming: StartHardwarePropertiesManagerService took to complete: 2ms
07-17 12:00:45.270   596   596 D SystemServerTiming: StartTwilightService
07-17 12:00:45.270   596   596 I SystemServiceManager: Starting com.android.server.twilight.TwilightService
07-17 12:00:45.270   596   596 V SystemServerTiming: StartTwilightService took to complete: 0ms
07-17 12:00:45.270   596   596 D SystemServerTiming: StartColorDisplay
07-17 12:00:45.270   596   596 I SystemServiceManager: Starting com.android.server.display.color.ColorDisplayService
07-17 12:00:45.271   596   740 I stream_devices_changed: [2,0,2]
07-17 12:00:45.271   596   596 V SystemServerTiming: StartColorDisplay took to complete: 0ms
07-17 12:00:45.271   596   596 D SystemServerTiming: StartJobScheduler
07-17 12:00:45.271   596   596 I SystemServiceManager: Starting com.android.server.job.JobSchedulerService
07-17 12:00:45.271   596   740 I stream_devices_changed: [0,0,2]
07-17 12:00:45.274   596   676 I UsbDeviceManager: USB GADGET HAL not present in the device
07-17 12:00:45.274   596   676 I UsbDeviceManager: java.util.NoSuchElementException
07-17 12:00:45.274   596   676 I UsbDeviceManager: 	at android.os.HwBinder.getService(Native Method)
07-17 12:00:45.274   596   676 I UsbDeviceManager: 	at android.hardware.usb.gadget.V1_0.IUsbGadget.getService(IUsbGadget.java:57)
07-17 12:00:45.274   596   676 I UsbDeviceManager: 	at android.hardware.usb.gadget.V1_0.IUsbGadget.getService(IUsbGadget.java:64)
07-17 12:00:45.274   596   676 I UsbDeviceManager: 	at com.android.server.usb.UsbDeviceManager.<init>(UsbDeviceManager.java:302)
07-17 12:00:45.274   596   676 I UsbDeviceManager: 	at com.android.server.usb.UsbService.<init>(UsbService.java:183)
07-17 12:00:45.274   596   676 I UsbDeviceManager: 	at com.android.server.usb.UsbService$Lifecycle.lambda$onStart$0(UsbService.java:97)
07-17 12:00:45.274   596   676 I UsbDeviceManager: 	at com.android.server.usb.UsbService$Lifecycle.$r8$lambda$CxV7IL0QHEjIgNnhuBbpakF4-Bg(Unknown Source:0)
07-17 12:00:45.274   596   676 I UsbDeviceManager: 	at com.android.server.usb.UsbService$Lifecycle$$ExternalSyntheticLambda2.run(Unknown Source:2)
07-17 12:00:45.274   596   676 I UsbDeviceManager: 	at com.android.server.SystemServerInitThreadPool.lambda$submitTask$0(SystemServerInitThreadPool.java:106)
07-17 12:00:45.274   596   676 I UsbDeviceManager: 	at com.android.server.SystemServerInitThreadPool.$r8$lambda$aGlXt69ihU44Qi7EB_RNeu8pnrY(Unknown Source:0)
07-17 12:00:45.274   596   676 I UsbDeviceManager: 	at com.android.server.SystemServerInitThreadPool$$ExternalSyntheticLambda0.run(Unknown Source:6)
07-17 12:00:45.274   596   676 I UsbDeviceManager: 	at java.util.concurrent.Executors$RunnableAdapter.call(Executors.java:463)
07-17 12:00:45.274   596   676 I UsbDeviceManager: 	at java.util.concurrent.FutureTask.run(FutureTask.java:264)
07-17 12:00:45.274   596   676 I UsbDeviceManager: 	at java.util.concurrent.ThreadPoolExecutor.runWorker(ThreadPoolExecutor.java:1137)
07-17 12:00:45.274   596   676 I UsbDeviceManager: 	at java.util.concurrent.ThreadPoolExecutor$Worker.run(ThreadPoolExecutor.java:637)
07-17 12:00:45.274   596   676 I UsbDeviceManager: 	at com.android.internal.util.ConcurrentUtils$1$1.run(ConcurrentUtils.java:65)
07-17 12:00:45.274   596   676 E UsbDeviceManagerJNI: could not open control for mtp No such file or directory
07-17 12:00:45.274   596   676 E UsbDeviceManager: Failed to open control for mtp
07-17 12:00:45.274   596   676 E UsbDeviceManagerJNI: could not open control for ptp No such file or directory
07-17 12:00:45.274   596   676 E UsbDeviceManager: Failed to open control for ptp
07-17 12:00:45.275   596   676 W StorageManagerService: No primary storage defined yet; hacking together a stub
07-17 12:00:45.276   596   596 D JobStore: Start tag: job-info
07-17 12:00:45.277   596   676 E UsbDeviceManagerJNI: could not open /dev/usb_accessory
07-17 12:00:45.278   596   676 D UsbPortManager: Querying USB HAL version
07-17 12:00:45.279   235   235 I servicemanager: Could not find android.hardware.usb.IUsb/default in the VINTF manifest.
07-17 12:00:45.280   596   740 E AS.AudioService: error reading spatial audio device settings
07-17 12:00:45.280   596   740 I AS.SpatializerHelper: init effectExpected=false
07-17 12:00:45.280   596   740 I AS.SpatializerHelper: init(): setting state to STATE_NOT_SUPPORTED due to effect not expected
07-17 12:00:45.280   596   740 I AS.SpatializerHelper: setFeatureEnabled(false) was featureEnabled:false
07-17 12:00:45.280   596   676 I android_os_HwBinder: HwBinder: Starting thread pool for getting: android.hardware.usb@1.0::IUsb/default
07-17 12:00:45.280   596   676 I UsbPortManager: USB HAL HIDL present
07-17 12:00:45.281   596   676 I android_os_HwBinder: HwBinder: Starting thread pool for getting: android.hidl.manager@1.0::IServiceManager/default
07-17 12:00:45.282   596   623 I UsbPortManager: Usb hal service started android.hardware.usb@1.0::IUsb default
07-17 12:00:45.282   596   676 I android_os_HwBinder: HwBinder: Starting thread pool for getting: android.hardware.usb@1.0::IUsb/default
07-17 12:00:45.282   596   596 I JobStore: Read 24 jobs
07-17 12:00:45.283   596   676 D UsbPortManager: getInstance done
07-17 12:00:45.283   423   423 I android.hardware.usb@1.0-service: registering callback
07-17 12:00:45.283   423   423 E android.hardware.usb@1.0-service: Failed to open /sys/class/dual_role_usb
07-17 12:00:45.284   423   755 E android.hardware.usb@1.0-service: creating thread
07-17 12:00:45.285   596   676 D SystemServerInitThreadPool: Finished executing UsbService$Lifecycle#onStart
07-17 12:00:45.285   596   676 V SystemServerTimingAsync: InitThreadPoolExec:UsbService$Lifecycle#onStart took to complete: 16ms
07-17 12:00:45.290   596   730 D ConnectivityService: NetReassign [no changes] [c 0] [a 0] [i 0]
07-17 12:00:45.291   596   596 V HistoricalRegistry: Interaction before persistence initialized
07-17 12:00:45.291   596   596 V HistoricalRegistry: Interaction before persistence initialized
07-17 12:00:45.292   596   596 V SystemServerTiming: StartJobScheduler took to complete: 22ms
07-17 12:00:45.292   596   596 D SystemServerTiming: StartSoundTrigger
07-17 12:00:45.293   596   596 I SystemServiceManager: Starting com.android.server.soundtrigger.SoundTriggerService
07-17 12:00:45.293   596   596 V SystemServerTiming: StartSoundTrigger took to complete: 0ms
07-17 12:00:45.293   596   596 D SystemServerTiming: StartTrustManager
07-17 12:00:45.293   596   596 I SystemServiceManager: Starting com.android.server.trust.TrustManagerService
07-17 12:00:45.294   596   596 V SystemServerTiming: StartTrustManager took to complete: 1ms
07-17 12:00:45.294   596   596 D SystemServerTiming: StartBackupManager
07-17 12:00:45.294   596   596 I SystemServiceManager: Starting com.android.server.backup.BackupManagerService$Lifecycle
07-17 12:00:45.296   596   596 V SystemServerTiming: StartBackupManager took to complete: 2ms
07-17 12:00:45.297   596   596 D SystemServerTiming: StartAppWidgetService
07-17 12:00:45.297   596   596 I SystemServiceManager: Starting com.android.server.appwidget.AppWidgetService
07-17 12:00:45.300   596   596 V SystemServerTiming: StartAppWidgetService took to complete: 4ms
07-17 12:00:45.300   596   596 D SystemServerTiming: StartVoiceRecognitionManager
07-17 12:00:45.300   596   596 I SystemServiceManager: Starting com.android.server.voiceinteraction.VoiceInteractionManagerService
07-17 12:00:45.440   596   617 I commit_sys_config_file: [notification-policy,4]
07-17 12:00:45.450   596   596 V SystemServerTiming: StartVoiceRecognitionManager took to complete: 150ms
07-17 12:00:45.450   596   596 D SystemServerTiming: StartAppHibernationService
07-17 12:00:45.451   596   596 I SystemServiceManager: Starting com.android.server.apphibernation.AppHibernationService
07-17 12:00:45.453   596   596 V SystemServerTiming: StartAppHibernationService took to complete: 2ms
07-17 12:00:45.453   596   596 D SystemServerTiming: StartGestureLauncher
07-17 12:00:45.453   596   596 I SystemServiceManager: Starting com.android.server.GestureLauncherService
07-17 12:00:45.453   596   596 V SystemServerTiming: StartGestureLauncher took to complete: 1ms
07-17 12:00:45.453   596   596 D SystemServerTiming: StartSensorNotification
07-17 12:00:45.453   596   596 I SystemServiceManager: Starting com.android.server.SensorNotificationService
07-17 12:00:45.453   596   596 V SystemServerTiming: StartSensorNotification took to complete: 0ms
07-17 12:00:45.453   596   596 D SystemServerTiming: StartDiskStatsService
07-17 12:00:45.453   596   596 D CompatibilityChangeReporter: Compat change id reported: 194532703; UID 1000; state: ENABLED
07-17 12:00:45.454   596   596 D CompatibilityChangeReporter: Compat change id reported: 194532703; UID 1000; state: ENABLED
07-17 12:00:45.455   596   596 V SystemServerTiming: StartDiskStatsService took to complete: 1ms
07-17 12:00:45.455   596   596 D SystemServerTiming: RuntimeService
07-17 12:00:45.455   596   596 V SystemServerTiming: RuntimeService took to complete: 1ms
07-17 12:00:45.455   596   596 D SystemServerTiming: StartNetworkTimeUpdateService
07-17 12:00:45.456   596   596 V SystemServerTiming: StartNetworkTimeUpdateService took to complete: 0ms
07-17 12:00:45.456   596   596 D SystemServerTiming: CertBlacklister
07-17 12:00:45.456   596   596 V SystemServerTiming: CertBlacklister took to complete: 0ms
07-17 12:00:45.456   596   596 D SystemServerTiming: StartEmergencyAffordanceService
07-17 12:00:45.456   596   596 I SystemServiceManager: Starting com.android.server.emergency.EmergencyAffordanceService
07-17 12:00:45.457   596   596 V SystemServerTiming: StartEmergencyAffordanceService took to complete: 0ms
07-17 12:00:45.457   596   596 D SystemServerTiming: startBlobStoreManagerService
07-17 12:00:45.457   596   596 I SystemServiceManager: Starting com.android.server.blob.BlobStoreManagerService
07-17 12:00:45.458   596   596 V SystemServerTiming: startBlobStoreManagerService took to complete: 1ms
07-17 12:00:45.458   596   596 D SystemServerTiming: StartDreamManager
07-17 12:00:45.458   596   596 I SystemServiceManager: Starting com.android.server.dreams.DreamManagerService
07-17 12:00:45.458   596   596 V SystemServerTiming: StartDreamManager took to complete: 1ms
07-17 12:00:45.458   596   596 D SystemServerTiming: AddGraphicsStatsService
07-17 12:00:45.461   596   596 V SystemServerTiming: AddGraphicsStatsService took to complete: 3ms
07-17 12:00:45.462   596   596 D SystemServerTiming: StartPrintManager
07-17 12:00:45.462   596   596 I SystemServiceManager: Starting com.android.server.print.PrintManagerService
07-17 12:00:45.462   596   596 V SystemServerTiming: StartPrintManager took to complete: 1ms
07-17 12:00:45.462   596   596 D SystemServerTiming: StartAttestationVerificationService
07-17 12:00:45.462   596   596 I SystemServiceManager: Starting com.android.server.security.AttestationVerificationManagerService
07-17 12:00:45.463   596   596 D AVF     : Started
07-17 12:00:45.463   596   596 V SystemServerTiming: StartAttestationVerificationService took to complete: 1ms
07-17 12:00:45.463   596   596 D SystemServerTiming: StartCompanionDeviceManager
07-17 12:00:45.463   596   596 I SystemServiceManager: Starting com.android.server.companion.CompanionDeviceManagerService
07-17 12:00:45.464   596   596 I CompanionDevice_PersistentDataStore: Reading associations for user 0 from disk
07-17 12:00:45.464   596   596 V SystemServerTiming: StartCompanionDeviceManager took to complete: 1ms
07-17 12:00:45.464   596   596 D SystemServerTiming: StartVirtualDeviceManager
07-17 12:00:45.465   596   596 I SystemServiceManager: Starting com.android.server.companion.virtual.VirtualDeviceManagerService
07-17 12:00:45.468   596   596 V SystemServerTiming: StartVirtualDeviceManager took to complete: 3ms
07-17 12:00:45.468   596   596 D SystemServerTiming: StartRestrictionManager
07-17 12:00:45.468   596   596 I SystemServiceManager: Starting com.android.server.restrictions.RestrictionsManagerService
07-17 12:00:45.468   596   596 V SystemServerTiming: StartRestrictionManager took to complete: 1ms
07-17 12:00:45.468   596   596 D SystemServerTiming: StartMediaSessionService
07-17 12:00:45.468   596   596 I SystemServiceManager: Starting com.android.server.media.MediaSessionService
07-17 12:00:45.470   596   596 V SystemServerTiming: StartMediaSessionService took to complete: 1ms
07-17 12:00:45.470   596   596 D SystemServerTiming: StartMediaResourceMonitor
07-17 12:00:45.470   596   596 I SystemServiceManager: Starting com.android.server.media.MediaResourceMonitorService
07-17 12:00:45.470   596   596 V SystemServerTiming: StartMediaResourceMonitor took to complete: 1ms
07-17 12:00:45.470   596   596 D SystemServerTiming: StartMediaRouterService
07-17 12:00:45.470   596   596 V HistoricalRegistry: Interaction before persistence initialized
07-17 12:00:45.471   596   596 V SystemServerTiming: StartMediaRouterService took to complete: 1ms
07-17 12:00:45.471   596   596 D SystemServerTiming: StartFingerprintSensor
07-17 12:00:45.471   596   596 I SystemServiceManager: Starting com.android.server.biometrics.sensors.fingerprint.FingerprintService
07-17 12:00:45.472   596   596 V SystemServerTiming: StartFingerprintSensor took to complete: 0ms
07-17 12:00:45.472   596   596 D SystemServerTiming: StartBiometricService
07-17 12:00:45.472   596   596 I SystemServiceManager: Starting com.android.server.biometrics.BiometricService
07-17 12:00:45.475   596   596 V SystemServerTiming: StartBiometricService took to complete: 4ms
07-17 12:00:45.475   596   596 D SystemServerTiming: StartAuthService
07-17 12:00:45.475   596   596 I SystemServiceManager: Starting com.android.server.biometrics.AuthService
07-17 12:00:45.476   596   596 D AuthService: Registering HIDL ID: 0 Modality: 2 Strength: 15
07-17 12:00:45.478   596   596 V SystemServerTiming: StartAuthService took to complete: 3ms
07-17 12:00:45.478   596   596 D SystemServerTiming: StartDynamicCodeLoggingService
07-17 12:00:45.478   596   765 D BiometricService: Registering ID: 0 Modality: 2 Strength: 15
07-17 12:00:45.479   596   765 D BiometricStrengthController: updateStrengths: revert sensorId=0 to oemStrength=15
07-17 12:00:45.479   596   765 D BiometricService/Sensor: updateStrength: Before(ID(0), oemStrength: 15, updatedStrength: 15, modality 2, state: 0, cookie: 0) After(ID(0), oemStrength: 15, updatedStrength: 15, modality 2, state: 0, cookie: 0)
07-17 12:00:45.479   596   596 V SystemServerTiming: StartDynamicCodeLoggingService took to complete: 1ms
07-17 12:00:45.479   596   596 D SystemServerTiming: StartPruneInstantAppsJobService
07-17 12:00:45.479   596   596 V SystemServerTiming: StartPruneInstantAppsJobService took to complete: 0ms
07-17 12:00:45.479   596   596 D SystemServerTiming: StartShortcutServiceLifecycle
07-17 12:00:45.479   596   596 I SystemServiceManager: Starting com.android.server.pm.ShortcutService$Lifecycle
07-17 12:00:45.480   596   596 V HistoricalRegistry: Interaction before persistence initialized
07-17 12:00:45.480   596   596 V SystemServerTiming: StartShortcutServiceLifecycle took to complete: 1ms
07-17 12:00:45.480   596   596 D SystemServerTiming: StartLauncherAppsService
07-17 12:00:45.480   596   596 I SystemServiceManager: Starting com.android.server.pm.LauncherAppsService
07-17 12:00:45.482   596   596 V SystemServerTiming: StartLauncherAppsService took to complete: 1ms
07-17 12:00:45.482   596   596 D SystemServerTiming: StartCrossProfileAppsService
07-17 12:00:45.482   596   596 I SystemServiceManager: Starting com.android.server.pm.CrossProfileAppsService
07-17 12:00:45.482   596   596 V SystemServerTiming: StartCrossProfileAppsService took to complete: 1ms
07-17 12:00:45.482   596   596 D SystemServerTiming: StartPeopleService
07-17 12:00:45.482   596   596 I SystemServiceManager: Starting com.android.server.people.PeopleService
07-17 12:00:45.482   596   596 V SystemServerTiming: StartPeopleService took to complete: 0ms
07-17 12:00:45.482   596   596 D SystemServerTiming: StartMediaMetricsManager
07-17 12:00:45.482   596   596 I SystemServiceManager: Starting com.android.server.media.metrics.MediaMetricsManagerService
07-17 12:00:45.483   596   596 V SystemServerTiming: StartMediaMetricsManager took to complete: 0ms
07-17 12:00:45.483   596   596 D SystemServerTiming: StartMediaProjectionManager
07-17 12:00:45.483   596   596 I SystemServiceManager: Starting com.android.server.media.projection.MediaProjectionManagerService
07-17 12:00:45.487   596   596 V MediaRouter: Selecting route: RouteInfo{ name=Phone, description=null, status=null, category=RouteCategory{ name=System types=ROUTE_TYPE_LIVE_AUDIO ROUTE_TYPE_LIVE_VIDEO  groupable=false }, supportedTypes=ROUTE_TYPE_LIVE_AUDIO ROUTE_TYPE_LIVE_VIDEO , presentationDisplay=null }
07-17 12:00:45.487   596   596 I MediaRouter: Skip setBluetoothA2dpOn(): types=8388615, isPlaybackActive()=false, BT route=null
07-17 12:00:45.487   596   596 V SystemServerTiming: StartMediaProjectionManager took to complete: 5ms
07-17 12:00:45.488   596   596 D SystemServerTiming: StartSliceManagerService
07-17 12:00:45.488   596   596 I SystemServiceManager: Starting com.android.server.slice.SliceManagerService$Lifecycle
07-17 12:00:45.489   596   596 V SystemServerTiming: StartSliceManagerService took to complete: 2ms
07-17 12:00:45.489   596   596 D SystemServerTiming: StartStatsCompanion
07-17 12:00:45.489   596   596 I SystemServiceManager: Starting com.android.server.stats.StatsCompanion$Lifecycle
07-17 12:00:45.491   596   596 V SystemServerTiming: StartStatsCompanion took to complete: 2ms
07-17 12:00:45.491   596   596 D SystemServerTiming: StartRebootReadinessManagerService
07-17 12:00:45.491   596   596 I SystemServiceManager: Starting com.android.server.scheduling.RebootReadinessManagerService$Lifecycle
07-17 12:00:45.494   596   596 I TetheringManager: registerTetheringEventCallback:android
07-17 12:00:45.494   596   596 I TetheringManager: registerTetheringEventCallback caller:android
07-17 12:00:45.494   596   596 V SystemServerTiming: StartRebootReadinessManagerService took to complete: 3ms
07-17 12:00:45.494   596   596 D SystemServerTiming: StartStatsPullAtomService
07-17 12:00:45.494   596   596 I SystemServiceManager: Starting com.android.server.stats.pull.StatsPullAtomService
07-17 12:00:45.495   596   596 V SystemServerTiming: StartStatsPullAtomService took to complete: 0ms
07-17 12:00:45.495   596   596 D SystemServerTiming: StatsBootstrapAtomService
07-17 12:00:45.495   596   596 I SystemServiceManager: Starting com.android.server.stats.bootstrap.StatsBootstrapAtomService$Lifecycle
07-17 12:00:45.495   596   596 V SystemServerTiming: StatsBootstrapAtomService took to complete: 0ms
07-17 12:00:45.495   596   596 D SystemServerTiming: StartIncidentCompanionService
07-17 12:00:45.495   596   596 I SystemServiceManager: Starting com.android.server.incident.IncidentCompanionService
07-17 12:00:45.495   596   596 V SystemServerTiming: StartIncidentCompanionService took to complete: 0ms
07-17 12:00:45.495   596   596 D SystemServerTiming: StarSdkSandboxManagerService
07-17 12:00:45.495   596   596 I SystemServiceManager: Starting com.android.server.sdksandbox.SdkSandboxManagerService$Lifecycle
07-17 12:00:45.497   596   596 V SystemServerTiming: StarSdkSandboxManagerService took to complete: 1ms
07-17 12:00:45.497   596   596 D SystemServerTiming: StartAdServicesManagerService
07-17 12:00:45.497   596   596 I SystemServiceManager: Starting com.android.server.adservices.AdServicesManagerService$Lifecycle
07-17 12:00:45.497   596   596 I AdServicesManagerService: AdServicesManagerService started!
