07-17 12:00:39.738   416   416 I HidlServiceManagement: Removing namespace from process name android.hardware.neuralnetworks@1.3-service-sample-all to neuralnetworks@1.3-service-sample-all.
07-17 12:00:39.742   412   412 I HidlServiceManagement: Registered android.hardware.graphics.allocator@3.0::IAllocator/default
07-17 12:00:39.742   412   412 I HidlServiceManagement: Removing namespace from process name android.hardware.graphics.allocator@3.0-service to allocator@3.0-service.
07-17 12:00:39.743   412   412 I android.hardware.graphics.allocator@3.0-service: graphics IAllocator@3.0 service is initialized
07-17 12:00:39.753   235   235 I servicemanager: Found android.hardware.vibrator.IVibrator/default in device VINTF manifest.
07-17 12:00:39.755   235   235 I servicemanager: Found android.hardware.vibrator.IVibratorManager/default in device VINTF manifest.
07-17 12:00:39.763   397   397 I EmulatedCameraProviderHwlImpl: Create: Created EmulatedCameraProviderHwlImpl
07-17 12:00:39.764   397   397 E GCH_CameraProvider: Initialize: HWL doesn't support vendor buffer allocation Function not implemented(-38)
07-17 12:00:39.772   235   235 I servicemanager: Found android.hardware.camera.provider.ICameraProvider/internal/0 in device VINTF manifest.
07-17 12:00:39.781   413   413 D RanchuHwc: isMinigbmFromProperty: Is not using minigbm, in goldfish mode.
07-17 12:00:39.782   413   413 D HostConnection: createUnique: call
07-17 12:00:39.783   413   413 D HostConnection: HostConnection::get() New Host Connection established 0x788aea67da90, tid 413
07-17 12:00:39.790   413   413 D HostConnection: HostComposition ext ANDROID_EMU_CHECKSUM_HELPER_v1 ANDROID_EMU_native_sync_v2 ANDROID_EMU_dma_v1 ANDROID_EMU_direct_mem ANDROID_EMU_host_composition_v1 ANDROID_EMU_host_composition_v2 ANDROID_EMU_YUV_Cache ANDROID_EMU_has_shared_slots_host_memory_allocator ANDROID_EMU_sync_buffer_data ANDROID_EMU_read_color_buffer_dma ANDROID_EMU_hwc_multi_configs GL_OES_EGL_image_external_essl3 GL_OES_vertex_array_object GL_KHR_texture_compression_astc_ldr ANDROID_EMU_host_side_tracing ANDROID_EMU_gles_max_version_3_0 
07-17 12:00:39.791   413   413 D RanchuHwc: init initializing display:0 with config: w:768 h:1280 dpi-x:320 dpi-y:320 vsync:60.000002 config-group:0
07-17 12:00:39.793   236   236 I hwservicemanager: getTransport: Cannot find entry android.hardware.graphics.mapper@4.0::IMapper/default in either framework or device VINTF manifest.
07-17 12:00:39.793   413   413 I Gralloc4: mapper 4.x is not supported
07-17 12:00:39.793   413   413 D HostConnection: createUnique: call
07-17 12:00:39.795   413   413 D HostConnection: HostConnection::get() New Host Connection established 0x788aea67e150, tid 413
07-17 12:00:39.795   413   413 D goldfish-address-space: allocate: Ask for block of size 0x100
07-17 12:00:39.795   415   415 D android.hardware.media.c2@1.0-service-goldfish: Goldfish C2 Service starting...
07-17 12:00:39.795   413   413 D goldfish-address-space: allocate: ioctl allocate returned offset 0x3ffffe000 size 0x2000
07-17 12:00:39.801   236   236 I hwservicemanager: getTransport: Cannot find entry android.hardware.graphics.allocator@4.0::IAllocator/default in either framework or device VINTF manifest.
07-17 12:00:39.802   235   235 I servicemanager: Could not find android.hardware.graphics.allocator.IAllocator/default in the VINTF manifest.
07-17 12:00:39.802   413   413 W Gralloc4: allocator 4.x is not supported
07-17 12:00:39.809   415   415 W android.hardware.media.c2@1.0-service-goldfish: Could not read additional policy file '/vendor/etc/seccomp_policy/codec2.vendor.ext.policy'
07-17 12:00:39.809   415   415 W android.hardware.media.c2@1.0-service-goldfish: libminijail[415]: failed to get path of fd 5: No such file or directory
07-17 12:00:39.809   415   415 W android.hardware.media.c2@1.0-service-goldfish: libminijail[415]: allowing syscall: socket
07-17 12:00:39.810   412   412 D HostConnection: HostComposition ext ANDROID_EMU_CHECKSUM_HELPER_v1 ANDROID_EMU_native_sync_v2 ANDROID_EMU_dma_v1 ANDROID_EMU_direct_mem ANDROID_EMU_host_composition_v1 ANDROID_EMU_host_composition_v2 ANDROID_EMU_YUV_Cache ANDROID_EMU_has_shared_slots_host_memory_allocator ANDROID_EMU_sync_buffer_data ANDROID_EMU_read_color_buffer_dma ANDROID_EMU_hwc_multi_configs GL_OES_EGL_image_external_essl3 GL_OES_vertex_array_object GL_KHR_texture_compression_astc_ldr ANDROID_EMU_host_side_tracing ANDROID_EMU_gles_max_version_3_0 
07-17 12:00:39.811   415   415 W android.hardware.media.c2@1.0-service-goldfish: libminijail[415]: allowing syscall: connect
07-17 12:00:39.811   415   415 W android.hardware.media.c2@1.0-service-goldfish: libminijail[415]: allowing syscall: fcntl
07-17 12:00:39.811   415   415 W android.hardware.media.c2@1.0-service-goldfish: libminijail[415]: allowing syscall: writev
07-17 12:00:39.811   415   415 W android.hardware.media.c2@1.0-service-goldfish: libminijail[415]: compile_file: <fd>(20): nonexistent syscall 'getuid32'
07-17 12:00:39.811   412   412 D goldfish-address-space: claimShared: Ask to claim region [0x3fc000000 0x3fc3c0000]
07-17 12:00:39.812   415   415 W android.hardware.media.c2@1.0-service-goldfish: libminijail[415]: compile_file: <fd>(26): nonexistent syscall 'mmap2'
07-17 12:00:39.812   415   415 W android.hardware.media.c2@1.0-service-goldfish: libminijail[415]: compile_file: <fd>(28): nonexistent syscall 'fstat64'
07-17 12:00:39.812   415   415 W android.hardware.media.c2@1.0-service-goldfish: libminijail[415]: compile_file: <fd>(30): nonexistent syscall 'stat64'
07-17 12:00:39.812   415   415 W android.hardware.media.c2@1.0-service-goldfish: libminijail[415]: compile_file: <fd>(31): nonexistent syscall 'statfs64'
07-17 12:00:39.812   415   415 W android.hardware.media.c2@1.0-service-goldfish: libminijail[415]: compile_file: <fd>(33): nonexistent syscall 'fstatat64'
07-17 12:00:39.813   415   415 W android.hardware.media.c2@1.0-service-goldfish: libminijail[415]: compile_file: <fd>(38): nonexistent syscall '_llseek'
07-17 12:00:39.813   415   415 W android.hardware.media.c2@1.0-service-goldfish: libminijail[415]: compile_file: <fd>(47): nonexistent syscall 'ugetrlimit'
07-17 12:00:39.813   415   415 W android.hardware.media.c2@1.0-service-goldfish: libminijail[415]: compile_file: <fd>(50): nonexistent syscall '_llseek'
07-17 12:00:39.813   415   415 W android.hardware.media.c2@1.0-service-goldfish: libminijail[415]: compile_file: <fd>(51): nonexistent syscall 'fstatfs64'
07-17 12:00:39.813   415   415 W android.hardware.media.c2@1.0-service-goldfish: libminijail[415]: compile_file: <fd>(63): nonexistent syscall 'ftruncate64'
07-17 12:00:39.813   415   415 W android.hardware.media.c2@1.0-service-goldfish: libminijail[415]: compile_file: <fd>(69): syscall gettid redefined here
07-17 12:00:39.813   415   415 W android.hardware.media.c2@1.0-service-goldfish: libminijail[415]: compile_file: <fd>(66): previous definition here
07-17 12:00:39.815   415   415 W android.hardware.media.c2@1.0-service-goldfish: libminijail[415]: compile_file: /system/etc/seccomp_policy/crash_dump.x86.policy(1): syscall read redefined here
07-17 12:00:39.815   415   415 W android.hardware.media.c2@1.0-service-goldfish: libminijail[415]: compile_file: <fd>(15): previous definition here
07-17 12:00:39.815   415   415 W android.hardware.media.c2@1.0-service-goldfish: libminijail[415]: compile_file: /system/etc/seccomp_policy/crash_dump.x86.policy(2): syscall write redefined here
07-17 12:00:39.815   415   415 W android.hardware.media.c2@1.0-service-goldfish: libminijail[415]: compile_file: <fd>(57): previous definition here
07-17 12:00:39.815   415   415 W android.hardware.media.c2@1.0-service-goldfish: libminijail[415]: compile_file: /system/etc/seccomp_policy/crash_dump.x86.policy(3): syscall exit redefined here
07-17 12:00:39.815   415   415 W android.hardware.media.c2@1.0-service-goldfish: libminijail[415]: compile_file: <fd>(44): previous definition here
07-17 12:00:39.815   415   415 W android.hardware.media.c2@1.0-service-goldfish: libminijail[415]: compile_file: /system/etc/seccomp_policy/crash_dump.x86.policy(4): syscall rt_sigreturn redefined here
07-17 12:00:39.815   415   415 W android.hardware.media.c2@1.0-service-goldfish: libminijail[415]: compile_file: <fd>(46): previous definition here
07-17 12:00:39.815   415   415 W android.hardware.media.c2@1.0-service-goldfish: libminijail[415]: compile_file: /system/etc/seccomp_policy/crash_dump.x86.policy(5): nonexistent syscall 'sigreturn'
07-17 12:00:39.815   415   415 W android.hardware.media.c2@1.0-service-goldfish: libminijail[415]: compile_file: /system/etc/seccomp_policy/crash_dump.x86.policy(6): syscall exit_group redefined here
07-17 12:00:39.815   415   415 W android.hardware.media.c2@1.0-service-goldfish: libminijail[415]: compile_file: <fd>(45): previous definition here
07-17 12:00:39.815   415   415 W android.hardware.media.c2@1.0-service-goldfish: libminijail[415]: compile_file: /system/etc/seccomp_policy/crash_dump.x86.policy(9): syscall futex redefined here
07-17 12:00:39.815   415   415 W android.hardware.media.c2@1.0-service-goldfish: libminijail[415]: compile_file: <fd>(35): previous definition here
07-17 12:00:39.815   415   415 W android.hardware.media.c2@1.0-service-goldfish: libminijail[415]: compile_file: /system/etc/seccomp_policy/crash_dump.x86.policy(11): syscall getpid redefined here
07-17 12:00:39.815   415   415 W android.hardware.media.c2@1.0-service-goldfish: libminijail[415]: compile_file: <fd>(68): previous definition here
07-17 12:00:39.815   415   415 W android.hardware.media.c2@1.0-service-goldfish: libminijail[415]: compile_file: /system/etc/seccomp_policy/crash_dump.x86.policy(12): syscall gettid redefined here
07-17 12:00:39.815   415   415 W android.hardware.media.c2@1.0-service-goldfish: libminijail[415]: compile_file: <fd>(66): previous definition here
07-17 12:00:39.815   415   415 W android.hardware.media.c2@1.0-service-goldfish: libminijail[415]: compile_file: /system/etc/seccomp_policy/crash_dump.x86.policy(15): syscall openat redefined here
07-17 12:00:39.815   415   415 W android.hardware.media.c2@1.0-service-goldfish: libminijail[415]: compile_file: <fd>(18): previous definition here
07-17 12:00:39.815   415   415 W android.hardware.media.c2@1.0-service-goldfish: libminijail[415]: compile_file: /system/etc/seccomp_policy/crash_dump.x86.policy(16): syscall dup redefined here
07-17 12:00:39.815   415   415 W android.hardware.media.c2@1.0-service-goldfish: libminijail[415]: compile_file: <fd>(55): previous definition here
07-17 12:00:39.815   415   415 W android.hardware.media.c2@1.0-service-goldfish: libminijail[415]: compile_file: /system/etc/seccomp_policy/crash_dump.x86.policy(17): syscall close redefined here
07-17 12:00:39.815   415   415 W android.hardware.media.c2@1.0-service-goldfish: libminijail[415]: compile_file: <fd>(25): previous definition here
07-17 12:00:39.815   415   415 W android.hardware.media.c2@1.0-service-goldfish: libminijail[415]: compile_file: /system/etc/seccomp_policy/crash_dump.x86.policy(18): syscall lseek redefined here
07-17 12:00:39.815   415   415 W android.hardware.media.c2@1.0-service-goldfish: libminijail[415]: compile_file: <fd>(39): previous definition here
07-17 12:00:39.815   415   415 W android.hardware.media.c2@1.0-service-goldfish: libminijail[415]: compile_file: /system/etc/seccomp_policy/crash_dump.x86.policy(20): syscall faccessat redefined here
07-17 12:00:39.815   415   415 W android.hardware.media.c2@1.0-service-goldfish: libminijail[415]: compile_file: <fd>(37): previous definition here
07-17 12:00:39.815   415   415 W android.hardware.media.c2@1.0-service-goldfish: libminijail[415]: compile_file: /system/etc/seccomp_policy/crash_dump.x86.policy(29): syscall prctl redefined here
07-17 12:00:39.815   415   415 W android.hardware.media.c2@1.0-service-goldfish: libminijail[415]: compile_file: <fd>(17): previous definition here
07-17 12:00:39.815   415   415 W android.hardware.media.c2@1.0-service-goldfish: libminijail[415]: compile_file: /system/etc/seccomp_policy/crash_dump.x86.policy(30): syscall madvise redefined here
07-17 12:00:39.815   415   415 W android.hardware.media.c2@1.0-service-goldfish: libminijail[415]: compile_file: <fd>(32): previous definition here
07-17 12:00:39.815   415   415 W android.hardware.media.c2@1.0-service-goldfish: libminijail[415]: compile_file: /system/etc/seccomp_policy/crash_dump.x86.policy(31): syscall mprotect redefined here
07-17 12:00:39.815   415   415 W android.hardware.media.c2@1.0-service-goldfish: libminijail[415]: compile_file: <fd>(16): previous definition here
07-17 12:00:39.815   415   415 W android.hardware.media.c2@1.0-service-goldfish: libminijail[415]: compile_file: /system/etc/seccomp_policy/crash_dump.x86.policy(32): syscall munmap redefined here
07-17 12:00:39.815   415   415 W android.hardware.media.c2@1.0-service-goldfish: libminijail[415]: compile_file: <fd>(36): previous definition here
07-17 12:00:39.815   415   415 W android.hardware.media.c2@1.0-service-goldfish: libminijail[415]: compile_file: /system/etc/seccomp_policy/crash_dump.x86.policy(33): nonexistent syscall 'getuid32'
07-17 12:00:39.815   415   415 W android.hardware.media.c2@1.0-service-goldfish: libminijail[415]: compile_file: /system/etc/seccomp_policy/crash_dump.x86.policy(34): nonexistent syscall 'fstat64'
07-17 12:00:39.815   415   415 W android.hardware.media.c2@1.0-service-goldfish: libminijail[415]: compile_file: /system/etc/seccomp_policy/crash_dump.x86.policy(35): nonexistent syscall 'mmap2'
07-17 12:00:39.816   415   415 W android.hardware.media.c2@1.0-service-goldfish: libminijail[415]: compile_file: /system/etc/seccomp_policy/crash_dump.x86.policy(36): nonexistent syscall 'geteuid32'
07-17 12:00:39.816   415   415 W android.hardware.media.c2@1.0-service-goldfish: libminijail[415]: compile_file: /system/etc/seccomp_policy/crash_dump.x86.policy(37): nonexistent syscall 'getgid32'
07-17 12:00:39.816   415   415 W android.hardware.media.c2@1.0-service-goldfish: libminijail[415]: compile_file: /system/etc/seccomp_policy/crash_dump.x86.policy(38): nonexistent syscall 'getegid32'
07-17 12:00:39.816   415   415 W android.hardware.media.c2@1.0-service-goldfish: libminijail[415]: compile_file: /system/etc/seccomp_policy/crash_dump.x86.policy(39): nonexistent syscall 'getgroups32'
07-17 12:00:39.816   415   415 W android.hardware.media.c2@1.0-service-goldfish: libminijail[415]: logging seccomp filter failures
07-17 12:00:39.817   415   415 D android.hardware.media.c2@1.0-service-goldfish: Instantiating Codec2's Goldfish IComponentStore service...
07-17 12:00:39.817   415   415 I GoldfishComponentStore: Create()
07-17 12:00:39.817   415   415 W GoldfishComponentStore: created goldfish store 0x7fd9d4023ae0 reflector of param 0x7fd9b4029958
07-17 12:00:39.817   415   415 D GoldfishComponentStore: useAndroidGoldfishComponentInstance 253 found prop ro.boot.qemu.hwcodec.vpxdec val 2
07-17 12:00:39.817   415   415 D GoldfishComponentStore: useAndroidGoldfishComponentInstance 253 found prop ro.boot.qemu.hwcodec.avcdec val 2
07-17 12:00:39.817   415   415 D GoldfishComponentStore: useAndroidGoldfishComponentInstance 253 found prop ro.boot.qemu.hwcodec.hevcdec val 2
07-17 12:00:39.819   235   235 I servicemanager: Found android.hardware.drm.IDrmFactory/widevine in device VINTF manifest.
07-17 12:00:39.822   413   413 D HostConnection: HostComposition ext ANDROID_EMU_CHECKSUM_HELPER_v1 ANDROID_EMU_native_sync_v2 ANDROID_EMU_dma_v1 ANDROID_EMU_direct_mem ANDROID_EMU_host_composition_v1 ANDROID_EMU_host_composition_v2 ANDROID_EMU_YUV_Cache ANDROID_EMU_has_shared_slots_host_memory_allocator ANDROID_EMU_sync_buffer_data ANDROID_EMU_read_color_buffer_dma ANDROID_EMU_hwc_multi_configs GL_OES_EGL_image_external_essl3 GL_OES_vertex_array_object GL_KHR_texture_compression_astc_ldr ANDROID_EMU_host_side_tracing ANDROID_EMU_gles_max_version_3_0 
07-17 12:00:39.822   412   459 D goldfish-address-space: claimShared: Ask to claim region [0x3fc3c0000 0x3fc780000]
07-17 12:00:39.823   412   466 D goldfish-address-space: claimShared: Ask to claim region [0x3fc780000 0x3fcb40000]
07-17 12:00:39.824   413   413 E RanchuHwc: GetFunction: Unknown function descriptor: 44
07-17 12:00:39.824   413   413 E RanchuHwc: GetFunction: Unknown function descriptor: 45
07-17 12:00:39.824   413   413 E RanchuHwc: GetFunction: Unknown function descriptor: 46
07-17 12:00:39.824   413   413 E RanchuHwc: GetFunction: Unknown function descriptor: 47
07-17 12:00:39.824   413   413 E RanchuHwc: GetFunction: Unknown function descriptor: 48
07-17 12:00:39.824   413   413 E RanchuHwc: GetFunction: Unknown function descriptor: 49
07-17 12:00:39.824   413   413 E RanchuHwc: GetFunction: Unknown function descriptor: 50
07-17 12:00:39.824   413   413 E RanchuHwc: GetFunction: Unknown function descriptor: 51
07-17 12:00:39.824   413   413 E RanchuHwc: GetFunction: Unknown function descriptor: 52
07-17 12:00:39.824   413   413 E RanchuHwc: GetFunction: Unknown function descriptor: 55
07-17 12:00:39.824   413   413 E RanchuHwc: GetFunction: Unknown function descriptor: 56
07-17 12:00:39.824   413   413 E RanchuHwc: GetFunction: Unknown function descriptor: 57
07-17 12:00:39.824   413   413 E RanchuHwc: GetFunction: Unknown function descriptor: 58
07-17 12:00:39.824   413   413 E RanchuHwc: GetFunction: Unknown function descriptor: 59
07-17 12:00:39.824   415   415 I HidlServiceManagement: Registered android.hardware.media.c2@1.0::IComponentStore/default
07-17 12:00:39.824   413   413 E RanchuHwc: GetFunction: Unknown function descriptor: 68
07-17 12:00:39.824   413   413 E RanchuHwc: GetFunction: Unknown function descriptor: 69
07-17 12:00:39.824   413   413 E RanchuHwc: GetFunction: Unknown function descriptor: 70
07-17 12:00:39.824   415   415 I HidlServiceManagement: Removing namespace from process name android.hardware.media.c2@1.0-service-goldfish to c2@1.0-service-goldfish.
07-17 12:00:39.825   415   415 I android.hardware.media.c2@1.0-service-goldfish: Codec2's IComponentStore service created.
07-17 12:00:39.828   413   413 I HidlServiceManagement: Registered android.hardware.graphics.composer@2.4::IComposer/default
07-17 12:00:39.828   413   413 I HidlServiceManagement: Removing namespace from process name android.hardware.graphics.composer@2.4-service to composer@2.4-service.
07-17 12:00:39.831   393   393 I HidlServiceManagement: Registered android.hardware.audio@7.1::IDevicesFactory/default
07-17 12:00:39.832   393   393 I HidlServiceManagement: Removing namespace from process name android.hardware.audio.service to audio.service.
07-17 12:00:39.832   393   393 I LegacySupport: Registration complete for android.hardware.audio@7.1::IDevicesFactory/default.
07-17 12:00:39.837   424   424 I android.hardware.wifi@1.0-service: Wifi Hal is booting up...
07-17 12:00:39.840   393   393 I HidlServiceManagement: Registered android.hardware.audio.effect@7.0::IEffectsFactory/default
07-17 12:00:39.840   393   393 I LegacySupport: Registration complete for android.hardware.audio.effect@7.0::IEffectsFactory/default.
07-17 12:00:39.840   236   236 I hwservicemanager: getTransport: Cannot find entry android.hardware.soundtrigger@2.3::ISoundTriggerHw/default in either framework or device VINTF manifest.
07-17 12:00:39.840   424   424 I HidlServiceManagement: Registered android.hardware.wifi@1.6::IWifi/default
07-17 12:00:39.840   424   424 I HidlServiceManagement: Removing namespace from process name android.hardware.wifi@1.0-service to wifi@1.0-service.
07-17 12:00:39.841   393   393 E LegacySupport: Could not get passthrough implementation for android.hardware.soundtrigger@2.3::ISoundTriggerHw/default.
07-17 12:00:39.852   393   393 I HidlServiceManagement: Registered android.hardware.soundtrigger@2.2::ISoundTriggerHw/default
07-17 12:00:39.852   393   393 I LegacySupport: Registration complete for android.hardware.soundtrigger@2.2::ISoundTriggerHw/default.
07-17 12:00:39.852   236   236 I hwservicemanager: getTransport: Cannot find entry android.hardware.bluetooth.audio@2.2::IBluetoothAudioProvidersFactory/default in either framework or device VINTF manifest.
07-17 12:00:39.852   393   393 E LegacySupport: Could not get passthrough implementation for android.hardware.bluetooth.audio@2.2::IBluetoothAudioProvidersFactory/default.
07-17 12:00:39.852   236   236 I hwservicemanager: getTransport: Cannot find entry android.hardware.bluetooth.audio@2.1::IBluetoothAudioProvidersFactory/default in either framework or device VINTF manifest.
07-17 12:00:39.855   464   464 I gsid    : no DSU: No such file or directory
07-17 12:00:39.881   393   393 I BTAudioProviderA2dpSoftware: A2dpSoftwareAudioProvider - size of audio buffer 7680 byte(s)
07-17 12:00:39.882   393   393 I BTAudioProviderHearingAid: HearingAidAudioProvider - size of audio buffer 3584 byte(s)
07-17 12:00:39.888   236   236 I hwservicemanager: getTransport: Cannot find entry android.hardware.bluetooth.audio@2.1::IBluetoothAudioProvidersFactory/default in either framework or device VINTF manifest.
07-17 12:00:39.891   393   393 E HidlServiceManagement: Service android.hardware.bluetooth.audio@2.1::IBluetoothAudioProvidersFactory/default must be in VINTF manifest in order to register/get.
07-17 12:00:39.891   393   393 E LegacySupport: Could not register service android.hardware.bluetooth.audio@2.1::IBluetoothAudioProvidersFactory/default (-2147483648).
07-17 12:00:39.891   393   393 E LegacySupport: Could not get passthrough implementation for android.hardware.bluetooth.audio@2.0::IBluetoothAudioProvidersFactory/default.
07-17 12:00:39.891   393   393 W audiohalservice: Could not register Bluetooth Audio API
07-17 12:00:39.891   236   236 I hwservicemanager: getTransport: Cannot find entry android.hardware.bluetooth.a2dp@1.0::IBluetoothAudioOffload/default in either framework or device VINTF manifest.
07-17 12:00:39.891   393   393 E LegacySupport: Could not get passthrough implementation for android.hardware.bluetooth.a2dp@1.0::IBluetoothAudioOffload/default.
07-17 12:00:39.891   393   393 W audiohalservice: Could not register Bluetooth Audio Offload API
07-17 12:00:39.891   393   393 E audiohalservice: Failed to dlopen android.hardware.bluetooth.audio-impl.so: dlopen failed: library "android.hardware.bluetooth.audio-impl.so" not found
07-17 12:00:39.891   393   393 W audiohalservice: createIBluetoothAudioProviderFactory() from android.hardware.bluetooth.audio-impl failed
07-17 12:00:39.942   387   387 D AndroidRuntime: >>>>>> START com.android.internal.os.ZygoteInit uid 0 <<<<<<
07-17 12:00:39.942   387   387 I boot_progress_start: 10924
07-17 12:00:39.943   451   451 I FastMixerState: sMaxFastTracks = 8
07-17 12:00:39.951   387   387 I AndroidRuntime: Using default boot image
07-17 12:00:39.952   387   387 I AndroidRuntime: Leaving lock profiling enabled
07-17 12:00:39.952   451   451 V MediaUtils: physMem: 4104720384
07-17 12:00:39.952   451   451 V MediaUtils: requested limit: 536870912
07-17 12:00:39.952   451   451 I libc    : malloc_limit: Allocation limit enabled, max size 536870912 bytes
07-17 12:00:39.953   451   451 I audioserver: ServiceManager: 0x74d4cf74e7f0
07-17 12:00:39.955   451   451 W BatteryNotifier: batterystats service unavailable!
07-17 12:00:40.000   236   236 I hwservicemanager: getTransport: Cannot find entry android.hardware.configstore@1.0::ISurfaceFlingerConfigs/default in either framework or device VINTF manifest.
07-17 12:00:40.001   236   236 I hwservicemanager: getTransport: Cannot find entry android.hardware.audio.effect@7.1::IEffectsFactory/default in either framework or device VINTF manifest.
07-17 12:00:40.006   455   455 E SurfaceFlinger: ro.sf.lcd_density must be defined as a build property
07-17 12:00:40.007   387   387 I zygote64: option[0]=-Xzygote
07-17 12:00:40.007   387   387 I zygote64: option[1]=exit
07-17 12:00:40.007   387   387 I zygote64: option[2]=vfprintf
07-17 12:00:40.007   387   387 I zygote64: option[3]=sensitiveThread
07-17 12:00:40.007   387   387 I zygote64: option[4]=-verbose:gc
07-17 12:00:40.007   387   387 I zygote64: option[5]=-XX:PerfettoHprof=true
07-17 12:00:40.007   387   387 I zygote64: option[6]=-XX:PerfettoJavaHeapStackProf=true
07-17 12:00:40.007   387   387 I zygote64: option[7]=-Xprimaryzygote
07-17 12:00:40.007   387   387 I zygote64: option[8]=-Xms8m
07-17 12:00:40.007   387   387 I zygote64: option[9]=-Xmx576m
07-17 12:00:40.007   387   387 I zygote64: option[10]=-XX:HeapGrowthLimit=192m
07-17 12:00:40.007   387   387 I zygote64: option[11]=-XX:HeapMinFree=512k
07-17 12:00:40.007   387   387 I zygote64: option[12]=-XX:HeapMaxFree=8m
07-17 12:00:40.007   387   387 I zygote64: option[13]=-XX:HeapTargetUtilization=0.75
07-17 12:00:40.007   387   387 I zygote64: option[14]=-Xusejit:true
07-17 12:00:40.007   387   387 I zygote64: option[15]=-Xjitsaveprofilinginfo
07-17 12:00:40.007   387   387 I zygote64: option[16]=-XMadviseWillNeedVdexFileSize:104857600
07-17 12:00:40.007   387   387 I zygote64: option[17]=-XMadviseWillNeedOdexFileSize:104857600
07-17 12:00:40.008   387   387 I zygote64: option[18]=-XMadviseWillNeedArtFileSize:4294967295
07-17 12:00:40.008   387   387 I zygote64: option[19]=-XjdwpOptions:suspend=n,server=y
07-17 12:00:40.008   387   387 I zygote64: option[20]=-XjdwpProvider:default
07-17 12:00:40.008   387   387 I zygote64: option[21]=-Xopaque-jni-ids:swapable
07-17 12:00:40.008   387   387 I zygote64: option[22]=-Xlockprofthreshold:500
07-17 12:00:40.008   387   387 I zygote64: option[23]=-Xcompiler-option
07-17 12:00:40.008   387   387 I zygote64: option[24]=--instruction-set-variant=x86_64
07-17 12:00:40.008   387   387 I zygote64: option[25]=-Xcompiler-option
07-17 12:00:40.008   387   387 I zygote64: option[26]=--instruction-set-features=default
07-17 12:00:40.008   387   387 I zygote64: option[27]=-Xcompiler-option
07-17 12:00:40.008   387   387 I zygote64: option[28]=--generate-mini-debug-info
07-17 12:00:40.008   387   387 I zygote64: option[29]=-Ximage-compiler-option
07-17 12:00:40.008   387   387 I zygote64: option[30]=--runtime-arg
07-17 12:00:40.008   387   387 I zygote64: option[31]=-Ximage-compiler-option
07-17 12:00:40.008   387   387 I zygote64: option[32]=-Xms64m
07-17 12:00:40.008   387   387 I zygote64: option[33]=-Ximage-compiler-option
07-17 12:00:40.008   387   387 I zygote64: option[34]=--runtime-arg
07-17 12:00:40.008   387   387 I zygote64: option[35]=-Ximage-compiler-option
07-17 12:00:40.008   387   387 I zygote64: option[36]=-Xmx64m
07-17 12:00:40.008   387   387 I zygote64: option[37]=-Ximage-compiler-option
07-17 12:00:40.008   387   387 I zygote64: option[38]=--dirty-image-objects=/system/etc/dirty-image-objects
07-17 12:00:40.008   387   387 I zygote64: option[39]=-Ximage-compiler-option
07-17 12:00:40.008   387   387 I zygote64: option[40]=--instruction-set-variant=x86_64
07-17 12:00:40.008   387   387 I zygote64: option[41]=-Ximage-compiler-option
07-17 12:00:40.008   387   387 I zygote64: option[42]=--instruction-set-features=default
07-17 12:00:40.008   387   387 I zygote64: option[43]=-Ximage-compiler-option
07-17 12:00:40.008   387   387 I zygote64: option[44]=--generate-mini-debug-info
07-17 12:00:40.008   387   387 I zygote64: option[45]=-Duser.locale=en-US
07-17 12:00:40.008   387   387 I zygote64: option[46]=--cpu-abilist=x86_64
07-17 12:00:40.008   387   387 I zygote64: option[47]=-Xcore-platform-api-policy:just-warn
07-17 12:00:40.008   387   387 I zygote64: option[48]=-Xfingerprint:google/sdk_gphone64_x86_64/emu64x:13/TE1A.220922.021/9526604:userdebug/dev-keys
07-17 12:00:40.014   455   455 I SurfaceFlinger: Using HWComposer service: default
07-17 12:00:40.014   455   455 I SurfaceFlinger: SurfaceFlinger is starting
07-17 12:00:40.044   455   455 I SurfaceFlinger: SurfaceFlinger's main thread ready to run. Initializing graphics H/W...
07-17 12:00:40.044   455   455 E SurfaceFlinger: Unrecognized RenderEngineType ; ignoring!
07-17 12:00:40.044   455   455 D RenderEngine: Threaded RenderEngine with SkiaGL Backend
07-17 12:00:40.053   236   236 I hwservicemanager: getTransport: Cannot find entry android.hardware.audio.effect@7.1::IEffectsFactory/default in either framework or device VINTF manifest.
07-17 12:00:40.062   451   451 I ServiceManager: Waiting for service 'media.metrics' on '/dev/binder'...
07-17 12:00:40.067   455   482 D libEGL  : loaded /vendor/lib64/egl/libEGL_emulation.so
07-17 12:00:40.069   455   482 D libEGL  : loaded /vendor/lib64/egl/libGLESv1_CM_emulation.so
07-17 12:00:40.072   455   482 D libEGL  : loaded /vendor/lib64/egl/libGLESv2_emulation.so
07-17 12:00:40.084   387   387 I zygote64: Core platform API reporting enabled, enforcing=false
07-17 12:00:40.090   455   482 D HostConnection: createUnique: call
07-17 12:00:40.091   455   482 D HostConnection: HostConnection::get() New Host Connection established 0x75a45d299e10, tid 482
07-17 12:00:40.099   455   482 D HostConnection: HostComposition ext ANDROID_EMU_CHECKSUM_HELPER_v1 ANDROID_EMU_native_sync_v2 ANDROID_EMU_dma_v1 ANDROID_EMU_direct_mem ANDROID_EMU_host_composition_v1 ANDROID_EMU_host_composition_v2 ANDROID_EMU_YUV_Cache ANDROID_EMU_has_shared_slots_host_memory_allocator ANDROID_EMU_sync_buffer_data ANDROID_EMU_read_color_buffer_dma ANDROID_EMU_hwc_multi_configs GL_OES_EGL_image_external_essl3 GL_OES_vertex_array_object GL_KHR_texture_compression_astc_ldr ANDROID_EMU_host_side_tracing ANDROID_EMU_gles_max_version_3_0 
07-17 12:00:40.108   455   482 I RenderEngine: EGL information:
07-17 12:00:40.108   455   482 I RenderEngine: vendor    : Android
07-17 12:00:40.108   455   482 I RenderEngine: version   : 1.4 Android META-EGL
07-17 12:00:40.108   455   482 I RenderEngine: extensions: EGL_ANDROID_front_buffer_auto_refresh EGL_ANDROID_get_frame_timestamps EGL_ANDROID_get_native_client_buffer EGL_ANDROID_presentation_time EGL_EXT_surface_CTA861_3_metadata EGL_EXT_surface_SMPTE2086_metadata EGL_KHR_get_all_proc_addresses EGL_KHR_swap_buffers_with_damage EGL_ANDROID_image_native_buffer EGL_ANDROID_native_fence_sync EGL_ANDROID_recordable EGL_KHR_create_context EGL_KHR_fence_sync EGL_KHR_gl_texture_2D_image EGL_KHR_image EGL_KHR_image_base 
07-17 12:00:40.108   455   482 I RenderEngine: Client API: OpenGL_ES
07-17 12:00:40.108   455   482 I RenderEngine: EGLSurface: 8-8-8-8, config=0x3
07-17 12:00:40.112   455   482 D EGL_emulation: eglCreateContext: 0x75a45d29a110: maj 3 min 0 rcv 3
07-17 12:00:40.117   455   482 D EGL_emulation: eglMakeCurrent: 0x75a45d29a110: ver 3 0 (tinfo 0x75a667aad080) (first time)
07-17 12:00:40.129   487   487 I bootstat: Service started: /system/bin/bootstat --set_system_boot_reason 
07-17 12:00:40.132   487   487 I bootstat: Canonical boot reason: reboot
07-17 12:00:40.132   487   487 I bootstat: Canonical boot reason: reboot
07-17 12:00:40.144   487   487 E bootstat: Failed to read /metadata/bootstat/persist.sys.boot.reason: No such file or directory
07-17 12:00:40.144   487   487 I bootstat: Value of persist.sys.boot.reason : 
07-17 12:00:40.144   487   487 I bootstat: Normalized last reboot reason : reboot
07-17 12:00:40.151   487   487 E bootstat: Failed to unlink /metadata/bootstat/persist.sys.boot.reason: No such file or directory
07-17 12:00:40.155   485   485 I adbd    : persist.adb.watchdog set to ''
07-17 12:00:40.155   485   485 I adbd    : persist.sys.test_harness set to ''
07-17 12:00:40.155   485   485 I adbd    : adb watchdog timeout set to 600 seconds
07-17 12:00:40.157   485   485 I adbd    : Setup mdns on port= 5555
07-17 12:00:40.157   485   485 I adbd    : adbd listening on tcp:5555
07-17 12:00:40.157   485   485 I adbd    : adbd listening on vsock:5555
07-17 12:00:40.157   485   485 I adbd    : adbd started
07-17 12:00:40.163   455   482 D RenderEngine: Background Blurs Enabled
07-17 12:00:40.172   485   491 I adbd    : Waiting for persist.adb.tls_server.enable=1
07-17 12:00:40.174   455   482 I RenderEngine: OpenGL ES informations:
07-17 12:00:40.174   455   482 I RenderEngine: vendor    : Google (Google Inc.)
07-17 12:00:40.174   455   482 I RenderEngine: renderer  : Android Emulator OpenGL ES Translator (Google SwiftShader)
07-17 12:00:40.174   455   482 I RenderEngine: version   : OpenGL ES 3.0 (OpenGL ES 3.0 SwiftShader 4.0.0.1)
07-17 12:00:40.174   455   482 I RenderEngine: extensions: GL_EXT_debug_marker GL_EXT_robustness GL_OES_EGL_sync GL_OES_EGL_image GL_OES_EGL_image_external GL_OES_depth24 GL_OES_depth32 GL_OES_element_index_uint GL_OES_texture_float GL_OES_texture_float_linear GL_OES_compressed_paletted_texture GL_OES_compressed_ETC1_RGB8_texture GL_OES_depth_texture GL_OES_texture_half_float GL_OES_texture_half_float_linear GL_OES_packed_depth_stencil GL_OES_vertex_half_float GL_OES_standard_derivatives GL_OES_texture_npot GL_OES_rgb8_rgba8 GL_EXT_color_buffer_float GL_EXT_color_buffer_half_float GL_EXT_texture_format_BGRA8888 GL_APPLE_texture_format_BGRA8888 ANDROID_EMU_CHECKSUM_HELPER_v1 ANDROID_EMU_native_sync_v2 ANDROID_EMU_dma_v1 ANDROID_EMU_direct_mem ANDROID_EMU_host_composition_v1 ANDROID_EMU_host_composition_v2 ANDROID_EMU_YUV_Cache ANDROID_EMU_has_shared_slots_host_memory_allocator ANDROID_EMU_sync_buffer_data ANDROID_EMU_read_color_buffer_dma ANDROID_EMU_hwc_multi_configs GL_OES_EGL_image_external_essl3 GL_OES_vertex_array_object GL_KHR_texture_compression_as
07-17 12:00:40.174   455   482 I RenderEngine: GL_MAX_TEXTURE_SIZE = 8192
07-17 12:00:40.174   455   482 I RenderEngine: GL_MAX_VIEWPORT_DIMS = 8192
07-17 12:00:40.176   235   235 I servicemanager: Could not find android.hardware.graphics.composer3.IComposer/default in the VINTF manifest.
07-17 12:00:40.179   236   236 I hwservicemanager: getTransport: Cannot find entry android.hardware.graphics.mapper@4.0::IMapper/default in either framework or device VINTF manifest.
07-17 12:00:40.189   413   413 I ComposerResources: failed to get mapper 4.0 service, falling back to mapper 3.0
07-17 12:00:40.190   413   413 D HostConnection: createUnique: call
07-17 12:00:40.192   413   413 D HostConnection: HostConnection::get() New Host Connection established 0x788aea67e810, tid 413
07-17 12:00:40.192   413   413 D goldfish-address-space: allocate: Ask for block of size 0x100
07-17 12:00:40.192   413   413 D goldfish-address-space: allocate: ioctl allocate returned offset 0x3fbffe000 size 0x2000
07-17 12:00:40.198   485   503 I adbd    : host-19: read thread spawning
07-17 12:00:40.198   485   485 I adbd    : host-19: already offline
07-17 12:00:40.198   485   485 I adbd    : authentication not required
07-17 12:00:40.198   485   502 I adbd    : host-16: write thread spawning
07-17 12:00:40.203   485   504 I adbd    : host-19: write thread spawning
07-17 12:00:40.204   413   413 I RanchuHwc: registerCallback hotplug connecting display:0
07-17 12:00:40.204   455   455 I SurfaceFlinger: Connecting HAL display 0
07-17 12:00:40.204   455   455 I HWComposer: Switching to generalized multi-display mode
07-17 12:00:40.205   485   501 I adbd    : host-16: read thread spawning
07-17 12:00:40.208   455   455 W HwcComposer: getPerFrameMetadataKeys failed with 8
07-17 12:00:40.209   236   236 I hwservicemanager: getTransport: Cannot find entry android.hardware.configstore@1.1::ISurfaceFlingerConfigs/default in either framework or device VINTF manifest.
07-17 12:00:40.210   236   236 I hwservicemanager: getTransport: Cannot find entry android.hardware.graphics.mapper@4.0::IMapper/default in either framework or device VINTF manifest.
07-17 12:00:40.210   455   455 I Gralloc4: mapper 4.x is not supported
07-17 12:00:40.214   455   455 D HostConnection: createUnique: call
07-17 12:00:40.215   455   455 D HostConnection: HostConnection::get() New Host Connection established 0x75a45d298d90, tid 455
07-17 12:00:40.215   455   455 D goldfish-address-space: allocate: Ask for block of size 0x100
07-17 12:00:40.215   455   455 D goldfish-address-space: allocate: ioctl allocate returned offset 0x3fbffe000 size 0x2000
07-17 12:00:40.219   236   236 I hwservicemanager: getTransport: Cannot find entry android.hardware.graphics.allocator@4.0::IAllocator/default in either framework or device VINTF manifest.
07-17 12:00:40.220   235   235 I servicemanager: Could not find android.hardware.graphics.allocator.IAllocator/default in the VINTF manifest.
07-17 12:00:40.220   455   455 W Gralloc4: allocator 4.x is not supported
07-17 12:00:40.221   412   459 D goldfish-address-space: claimShared: Ask to claim region [0x3fcb40000 0x3fcf00000]
07-17 12:00:40.224   499   499 W perfetto:          service.cc:237 Started traced, listening on /dev/socket/traced_producer /dev/socket/traced_consumer
07-17 12:00:40.228   489   489 I perfetto:           probes.cc:104 Starting /system/bin/traced_probes service
07-17 12:00:40.231   455   455 D HostConnection: HostComposition ext ANDROID_EMU_CHECKSUM_HELPER_v1 ANDROID_EMU_native_sync_v2 ANDROID_EMU_dma_v1 ANDROID_EMU_direct_mem ANDROID_EMU_host_composition_v1 ANDROID_EMU_host_composition_v2 ANDROID_EMU_YUV_Cache ANDROID_EMU_has_shared_slots_host_memory_allocator ANDROID_EMU_sync_buffer_data ANDROID_EMU_read_color_buffer_dma ANDROID_EMU_hwc_multi_configs GL_OES_EGL_image_external_essl3 GL_OES_vertex_array_object GL_KHR_texture_compression_astc_ldr ANDROID_EMU_host_side_tracing ANDROID_EMU_gles_max_version_3_0 
07-17 12:00:40.232   412   412 D goldfish-address-space: claimShared: Ask to claim region [0x3fcf00000 0x3fd2c0000]
07-17 12:00:40.234   455   517 W EventThread: Ignoring VSYNC request while display is disconnected
07-17 12:00:40.234   455   517 W EventThread: Ignoring VSYNC request while display is disconnected
07-17 12:00:40.234   455   518 W EventThread: Ignoring VSYNC request while display is disconnected
07-17 12:00:40.234   455   518 W EventThread: Ignoring VSYNC request while display is disconnected
07-17 12:00:40.234   455   517 W EventThread: Ignoring VSYNC request while display is disconnected
07-17 12:00:40.234   455   455 I SurfaceFlinger: Dispatching display hotplug event displayId=4619827259835644672, connected=1
07-17 12:00:40.234   455   517 W EventThread: Ignoring VSYNC request while display is disconnected
07-17 12:00:40.235   489   514 I perfetto: _activity_trigger.cc:71 mm_events ftrace instance not found. Triggering of traces on memory pressure will not be available on this device.
07-17 12:00:40.235   413   413 E RanchuHwc: registerCallback unhandled callback: VsyncPeriodTimingChanged
07-17 12:00:40.235   413   413 E RanchuHwc: registerCallback unhandled callback: SeamlessPossible
07-17 12:00:40.235   455   521 W SurfaceFlinger: Failed to set thread name on dispatch thread
07-17 12:00:40.236   412   459 D goldfish-address-space: claimShared: Ask to claim region [0x3fd2c0000 0x3fd2d0000]
07-17 12:00:40.237   455   455 I HidlServiceManagement: Registered android.frameworks.displayservice@1.0::IDisplayService/default
07-17 12:00:40.237   455   455 D SurfaceFlinger: Setting power mode 2 on display 4619827259835644672
07-17 12:00:40.237   455   455 D SurfaceFlinger: Finished setting power mode 2 on display 4619827259835644672
07-17 12:00:40.239   412   459 D goldfish-address-space: claimShared: Ask to claim region [0x3fd2d0000 0x3fd2e0000]
07-17 12:00:40.247   489   489 I perfetto:  probes_producer.cc:311 Connected to the service
07-17 12:00:40.309   515   515 I idmap2d : Starting
07-17 12:00:40.397   524   524 I installd: installd firing up
07-17 12:00:40.430   542   542 I android.hardware.biometrics.face@1.0-service: BiometricsFace HAL is being started.
07-17 12:00:40.445   533   533 I wificond: wificond is starting up...
07-17 12:00:40.446   235   235 I servicemanager: Could not find android.hardware.net.nlinterceptor.IInterceptor/default in the VINTF manifest.
07-17 12:00:40.446   542   542 I HidlServiceManagement: Registered android.hardware.biometrics.face@1.0::IBiometricsFace/default
07-17 12:00:40.446   542   542 I HidlServiceManagement: Removing namespace from process name android.hardware.biometrics.face@1.0-service.example to face@1.0-service.example.
07-17 12:00:40.446   542   542 I android.hardware.biometrics.face@1.0-service: BiometricsFace HAL has started successfully.
07-17 12:00:40.466   236   236 I hwservicemanager: getTransport: Cannot find entry android.hardware.usb.gadget@1.0::IUsbGadget/default in either framework or device VINTF manifest.
07-17 12:00:40.477   541   541 I usbd    : Usb HAL not found
07-17 12:00:40.494   545   545 I flags_health_check: ServerConfigurableFlagsReset reset_mode value: 0
07-17 12:00:40.495   545   545 I flags_health_check: ServerConfigurableFlagsReset attempted boot count is under threshold, skipping reset.
07-17 12:00:40.508   540   540 I gatekeeperd: Starting gatekeeperd...
07-17 12:00:40.509   526   526 V MediaUtils: physMem: 4104720384
07-17 12:00:40.509   526   526 V MediaUtils: requested limit: 134217728
07-17 12:00:40.509   526   526 I libc    : malloc_limit: Allocation limit enabled, max size 134217728 bytes
07-17 12:00:40.510   525   525 I main_extractorservice: enable media.extractor memory limits
07-17 12:00:40.510   525   525 V MediaUtils: physMem: 4104720384
07-17 12:00:40.510   525   525 V MediaUtils: requested limit: 820944060
07-17 12:00:40.510   525   525 I libc    : malloc_limit: Allocation limit enabled, max size 820944060 bytes
07-17 12:00:40.513   526   526 D AudioPowerUsage: AudioPowerUsage
07-17 12:00:40.513   526   526 D AudioAnalytics: AudioAnalytics
07-17 12:00:40.513   526   526 D MediaMetricsService: MediaMetricsService
07-17 12:00:40.518   543   543 D android.hardware.biometrics.fingerprint@2.1-service: Opening fingerprint hal library...
07-17 12:00:40.520   543   543 D FingerprintHal: ----------------> fingerprint_open ----------------->
07-17 12:00:40.521   543   543 D FingerprintHal: ----------------> set_notify_callback ----------------->
07-17 12:00:40.521   543   543 D FingerprintHal: fingerprint callback notification set
07-17 12:00:40.521   543   549 D FingerprintHal: ----------------> listenerFunction ----------------->
07-17 12:00:40.522   525   525 W mediaextractor: Could not read additional policy file '/vendor/etc/seccomp_policy/mediaextractor.policy'
07-17 12:00:40.522   525   525 W mediaextractor: libminijail[525]: failed to get path of fd 5: No such file or directory
07-17 12:00:40.522   535   535 I mediaswcodec: media swcodec service starting
07-17 12:00:40.522   525   525 W mediaextractor: libminijail[525]: allowing syscall: socket
07-17 12:00:40.522   525   525 W mediaextractor: libminijail[525]: allowing syscall: connect
07-17 12:00:40.522   525   525 W mediaextractor: libminijail[525]: allowing syscall: fcntl
07-17 12:00:40.522   525   525 W mediaextractor: libminijail[525]: allowing syscall: writev
07-17 12:00:40.522   525   525 W mediaextractor: libminijail[525]: compile_file: <fd>(48): syscall readlinkat redefined here
07-17 12:00:40.522   525   525 W mediaextractor: libminijail[525]: compile_file: <fd>(43): previous definition here
07-17 12:00:40.522   525   525 W mediaextractor: libminijail[525]: compile_file: <fd>(54): syscall gettid redefined here
07-17 12:00:40.522   525   525 W mediaextractor: libminijail[525]: compile_file: <fd>(51): previous definition here
07-17 12:00:40.523   525   525 W mediaextractor: libminijail[525]: compile_file: /apex/com.android.media/etc/seccomp_policy/crash_dump.x86_64.policy(1): syscall read redefined here
07-17 12:00:40.523   525   525 W mediaextractor: libminijail[525]: compile_file: <fd>(19): previous definition here
07-17 12:00:40.523   525   525 W mediaextractor: libminijail[525]: compile_file: /apex/com.android.media/etc/seccomp_policy/crash_dump.x86_64.policy(2): syscall write redefined here
07-17 12:00:40.523   525   525 W mediaextractor: libminijail[525]: compile_file: <fd>(6): previous definition here
07-17 12:00:40.523   525   525 W mediaextractor: libminijail[525]: compile_file: /apex/com.android.media/etc/seccomp_policy/crash_dump.x86_64.policy(3): syscall exit redefined here
07-17 12:00:40.523   525   525 W mediaextractor: libminijail[525]: compile_file: <fd>(29): previous definition here
07-17 12:00:40.523   525   525 W mediaextractor: libminijail[525]: compile_file: /apex/com.android.media/etc/seccomp_policy/crash_dump.x86_64.policy(4): syscall rt_sigreturn redefined here
07-17 12:00:40.523   525   525 W mediaextractor: libminijail[525]: compile_file: <fd>(31): previous definition here
07-17 12:00:40.523   525   525 W mediaextractor: libminijail[525]: compile_file: /apex/com.android.media/etc/seccomp_policy/crash_dump.x86_64.policy(5): syscall exit_group redefined here
07-17 12:00:40.523   525   525 W mediaextractor: libminijail[525]: compile_file: <fd>(30): previous definition here
07-17 12:00:40.523   525   525 W mediaextractor: libminijail[525]: compile_file: /apex/com.android.media/etc/seccomp_policy/crash_dump.x86_64.policy(6): syscall clock_gettime redefined here
07-17 12:00:40.523   525   525 W mediaextractor: libminijail[525]: compile_file: <fd>(15): previous definition here
07-17 12:00:40.523   525   525 W mediaextractor: libminijail[525]: compile_file: /apex/com.android.media/etc/seccomp_policy/crash_dump.x86_64.policy(8): syscall futex redefined here
07-17 12:00:40.523   525   525 W mediaextractor: libminijail[525]: compile_file: <fd>(4): previous definition here
07-17 12:00:40.523   525   525 W mediaextractor: libminijail[525]: compile_file: /apex/com.android.media/etc/seccomp_policy/crash_dump.x86_64.policy(9): syscall getrandom redefined here
07-17 12:00:40.523   525   525 W mediaextractor: libminijail[525]: compile_file: <fd>(36): previous definition here
07-17 12:00:40.523   525   525 W mediaextractor: libminijail[525]: compile_file: /apex/com.android.media/etc/seccomp_policy/crash_dump.x86_64.policy(10): syscall getpid redefined here
07-17 12:00:40.523   525   525 W mediaextractor: libminijail[525]: compile_file: <fd>(53): previous definition here
07-17 12:00:40.523   525   525 W mediaextractor: libminijail[525]: compile_file: /apex/com.android.media/etc/seccomp_policy/crash_dump.x86_64.policy(11): syscall gettid redefined here
07-17 12:00:40.523   525   525 W mediaextractor: libminijail[525]: compile_file: <fd>(51): previous definition here
07-17 12:00:40.523   525   525 W mediaextractor: libminijail[525]: compile_file: /apex/com.android.media/etc/seccomp_policy/crash_dump.x86_64.policy(14): syscall openat redefined here
07-17 12:00:40.523   525   525 W mediaextractor: libminijail[525]: compile_file: <fd>(13): previous definition here
07-17 12:00:40.523   525   525 W mediaextractor: libminijail[525]: compile_file: /apex/com.android.media/etc/seccomp_policy/crash_dump.x86_64.policy(15): syscall dup redefined here
07-17 12:00:40.523   525   525 W mediaextractor: libminijail[525]: compile_file: <fd>(9): previous definition here
07-17 12:00:40.523   525   525 W mediaextractor: libminijail[525]: compile_file: /apex/com.android.media/etc/seccomp_policy/crash_dump.x86_64.policy(16): syscall close redefined here
07-17 12:00:40.523   525   525 W mediaextractor: libminijail[525]: compile_file: <fd>(8): previous definition here
07-17 12:00:40.523   525   525 W mediaextractor: libminijail[525]: compile_file: /apex/com.android.media/etc/seccomp_policy/crash_dump.x86_64.policy(17): syscall lseek redefined here
07-17 12:00:40.523   525   525 W mediaextractor: libminijail[525]: compile_file: <fd>(20): previous definition here
07-17 12:00:40.523   525   525 W mediaextractor: libminijail[525]: compile_file: /apex/com.android.media/etc/seccomp_policy/crash_dump.x86_64.policy(18): syscall getdents64 redefined here
07-17 12:00:40.523   525   525 W mediaextractor: libminijail[525]: compile_file: <fd>(42): previous definition here
07-17 12:00:40.523   525   525 W mediaextractor: libminijail[525]: compile_file: /apex/com.android.media/etc/seccomp_policy/crash_dump.x86_64.policy(19): syscall faccessat redefined here
07-17 12:00:40.523   525   525 W mediaextractor: libminijail[525]: compile_file: <fd>(32): previous definition here
07-17 12:00:40.524   525   525 W mediaextractor: libminijail[525]: compile_file: /apex/com.android.media/etc/seccomp_policy/crash_dump.x86_64.policy(28): syscall prctl redefined here
07-17 12:00:40.524   525   525 W mediaextractor: libminijail[525]: compile_file: <fd>(5): previous definition here
07-17 12:00:40.524   525   525 W mediaextractor: libminijail[525]: compile_file: /apex/com.android.media/etc/seccomp_policy/crash_dump.x86_64.policy(29): syscall madvise redefined here
07-17 12:00:40.524   525   525 W mediaextractor: libminijail[525]: compile_file: <fd>(12): previous definition here
07-17 12:00:40.524   525   525 W mediaextractor: libminijail[525]: compile_file: /apex/com.android.media/etc/seccomp_policy/crash_dump.x86_64.policy(30): syscall mprotect redefined here
07-17 12:00:40.524   525   525 W mediaextractor: libminijail[525]: compile_file: <fd>(18): previous definition here
07-17 12:00:40.524   525   525 W mediaextractor: libminijail[525]: compile_file: /apex/com.android.media/etc/seccomp_policy/crash_dump.x86_64.policy(31): syscall munmap redefined here
07-17 12:00:40.524   525   525 W mediaextractor: libminijail[525]: compile_file: <fd>(10): previous definition here
07-17 12:00:40.524   535   535 W mediaswcodec: Could not read additional policy file '/vendor/etc/seccomp_policy/mediaswcodec.policy'
07-17 12:00:40.524   535   535 W mediaswcodec: libminijail[535]: failed to get path of fd 5: No such file or directory
07-17 12:00:40.524   535   535 W mediaswcodec: libminijail[535]: allowing syscall: socket
07-17 12:00:40.525   535   535 W mediaswcodec: libminijail[535]: allowing syscall: connect
07-17 12:00:40.525   535   535 W mediaswcodec: libminijail[535]: allowing syscall: fcntl
07-17 12:00:40.525   535   535 W mediaswcodec: libminijail[535]: allowing syscall: writev
