07-17 12:00:43.491   596   596 D CompatConfig: Adding: com.android.server.compat.config.Change@d92535d
07-17 12:00:43.491   596   596 D CompatConfig: Adding: com.android.server.compat.config.Change@3a204d2
07-17 12:00:43.491   596   596 D CompatConfig: Adding: com.android.server.compat.config.Change@5e039a3
07-17 12:00:43.491   596   596 D CompatConfig: Adding: com.android.server.compat.config.Change@91a64a0
07-17 12:00:43.491   596   596 D CompatConfig: Adding: com.android.server.compat.config.Change@ea5c859
07-17 12:00:43.491   596   596 D CompatConfig: Adding: com.android.server.compat.config.Change@d779c1e
07-17 12:00:43.491   596   596 D CompatConfig: Adding: com.android.server.compat.config.Change@ab2ccff
07-17 12:00:43.491   596   596 D CompatConfig: Adding: com.android.server.compat.config.Change@4d12acc
07-17 12:00:43.491   596   596 D CompatConfig: Adding: com.android.server.compat.config.Change@de19115
07-17 12:00:43.491   596   596 D CompatConfig: Adding: com.android.server.compat.config.Change@e7d5c2a
07-17 12:00:43.491   596   596 D CompatConfig: Adding: com.android.server.compat.config.Change@ff13a1b
07-17 12:00:43.491   596   596 D CompatConfig: Adding: com.android.server.compat.config.Change@54c27b8
07-17 12:00:43.491   596   596 D CompatConfig: Adding: com.android.server.compat.config.Change@5d72991
07-17 12:00:43.491   596   596 D CompatConfig: Adding: com.android.server.compat.config.Change@26d10f6
07-17 12:00:43.491   596   596 D CompatConfig: Adding: com.android.server.compat.config.Change@7df5cf7
07-17 12:00:43.491   596   596 D CompatConfig: Adding: com.android.server.compat.config.Change@6780764
07-17 12:00:43.491   596   596 D CompatConfig: Adding: com.android.server.compat.config.Change@eb3cdcd
07-17 12:00:43.491   596   596 D CompatConfig: Adding: com.android.server.compat.config.Change@4d14682
07-17 12:00:43.491   596   596 D CompatConfig: Adding: com.android.server.compat.config.Change@b22d193
07-17 12:00:43.491   596   596 D CompatConfig: Adding: com.android.server.compat.config.Change@46035d0
07-17 12:00:43.491   596   596 D CompatConfig: Adding: com.android.server.compat.config.Change@c3c79c9
07-17 12:00:43.491   596   596 D CompatConfig: Adding: com.android.server.compat.config.Change@d5148ce
07-17 12:00:43.491   596   596 D CompatConfig: Adding: com.android.server.compat.config.Change@d1ef3ef
07-17 12:00:43.491   596   596 D CompatConfig: Adding: com.android.server.compat.config.Change@e5adefc
07-17 12:00:43.491   596   596 D CompatConfig: Adding: com.android.server.compat.config.Change@f89e985
07-17 12:00:43.491   596   596 D CompatConfig: Adding: com.android.server.compat.config.Change@4bd23da
07-17 12:00:43.491   596   596 D CompatConfig: Adding: com.android.server.compat.config.Change@a10e00b
07-17 12:00:43.491   596   596 D CompatConfig: Adding: com.android.server.compat.config.Change@f4eee8
07-17 12:00:43.492   596   596 D CompatConfig: Found a config file: /system/etc/compatconfig/contacts-provider-platform-compat-config.xml
07-17 12:00:43.493   596   622 I SystemConfig: Reading permissions from /system/etc/permissions/android.software.webview.xml
07-17 12:00:43.493   596   596 D CompatConfig: Found a config file: /system/etc/compatconfig/icu4j-platform-compat-config.xml
07-17 12:00:43.493   596   622 I SystemConfig: Reading permissions from /system/etc/permissions/com.android.nfc_extras.xml
07-17 12:00:43.493   596   596 D CompatConfig: Adding: com.android.server.compat.config.Change@320c43d
07-17 12:00:43.494   596   596 D CompatConfig: Found a config file: /system/etc/compatconfig/TeleService-platform-compat-config.xml
07-17 12:00:43.494   596   622 I SystemConfig: Reading permissions from /system/etc/permissions/android.test.mock.xml
07-17 12:00:43.494   596   622 I SystemConfig: Reading permissions from /system/etc/permissions/android.software.live_wallpaper.xml
07-17 12:00:43.494   596   596 D CompatConfig: Adding: com.android.server.compat.config.Change@c5a6739
07-17 12:00:43.494   596   596 D CompatConfig: Adding: com.android.server.compat.config.Change@d07817e
07-17 12:00:43.494   596   596 D CompatConfig: Adding: com.android.server.compat.config.Change@b1ab6df
07-17 12:00:43.494   596   596 D CompatConfig: Adding: com.android.server.compat.config.Change@d91ff2c
07-17 12:00:43.494   596   596 D CompatConfig: Adding: com.android.server.compat.config.Change@af13df5
07-17 12:00:43.494   596   596 D CompatConfig: Adding: com.android.server.compat.config.Change@a16378a
07-17 12:00:43.495   596   622 I SystemConfig: Reading permissions from /system/etc/permissions/privapp-permissions-google.xml
07-17 12:00:43.495   596   596 D CompatConfig: Found a config file: /system/etc/compatconfig/calendar-provider-compat-config.xml
07-17 12:00:43.495   596   596 D CompatConfig: Adding: com.android.server.compat.config.Change@7e4c471
07-17 12:00:43.495   596   596 D CompatConfig: Found a config file: /system/etc/compatconfig/documents-ui-compat-config.xml
07-17 12:00:43.496   596   622 I SystemConfig: Reading permissions from /system/etc/permissions/privapp-permissions-platform.xml
07-17 12:00:43.496   596   596 D CompatConfig: Adding: com.android.server.compat.config.Change@73307c4
07-17 12:00:43.496   596   596 D CompatConfig: Found a config file: /system/system_ext/etc/compatconfig/settings-platform-compat-config.xml
07-17 12:00:43.497   596   596 D CompatConfig: Adding: com.android.server.compat.config.Change@c7e2de2
07-17 12:00:43.498   596   622 I SystemConfig: Reading permissions from /system/etc/permissions/com.android.intentresolver.xml
07-17 12:00:43.499   596   622 I SystemConfig: Reading permissions from /system/etc/permissions/com.android.location.provider.xml
07-17 12:00:43.499   596   596 D ApexManagerTiming: getActiveApexInfos_noCache
07-17 12:00:43.499   596   622 I SystemConfig: Reading permissions from /system/etc/permissions/com.android.future.usb.accessory.xml
07-17 12:00:43.499   596   622 I SystemConfig: Reading permissions from /system/etc/permissions/com.android.mediadrm.signer.xml
07-17 12:00:43.500   596   622 I SystemConfig: Reading permissions from /system/etc/permissions/platform.xml
07-17 12:00:43.501   596   622 I SystemConfig: Reading permissions from /vendor/etc/permissions/handheld_core_hardware.xml
07-17 12:00:43.502   596   622 I SystemConfig: Reading permissions from /vendor/etc/permissions/android.hardware.camera.concurrent.xml
07-17 12:00:43.503   596   622 I SystemConfig: Reading permissions from /vendor/etc/permissions/android.software.opengles.deqp.level.xml
07-17 12:00:43.507   596   622 I SystemConfig: Reading permissions from /vendor/etc/permissions/android.hardware.identity_credential.xml
07-17 12:00:43.507   596   596 V ApexManagerTiming: getActiveApexInfos_noCache took to complete: 9ms
07-17 12:00:43.508   596   596 D CompatConfig: No directory /apex/com.android.media.swcodec/etc/compatconfig, skipping
07-17 12:00:43.508   596   622 I SystemConfig: Reading permissions from /vendor/etc/permissions/android.hardware.vulkan.version.xml
07-17 12:00:43.508   596   596 D CompatConfig: Found a config file: /apex/com.android.wifi/etc/compatconfig/wifi-compat-config.xml
07-17 12:00:43.509   596   596 D CompatConfig: Adding: com.android.server.compat.config.Change@da73a9a
07-17 12:00:43.509   596   596 D CompatConfig: Adding: com.android.server.compat.config.Change@27c3a8
07-17 12:00:43.509   596   622 I SystemConfig: Reading permissions from /vendor/etc/permissions/android.hardware.camera.front.xml
07-17 12:00:43.509   596   596 D CompatConfig: No directory /apex/com.google.mainline.primary.libs/etc/compatconfig, skipping
07-17 12:00:43.509   596   622 I SystemConfig: Reading permissions from /vendor/etc/permissions/android.hardware.wifi.direct.xml
07-17 12:00:43.509   596   596 D CompatConfig: No directory /apex/com.android.scheduling/etc/compatconfig, skipping
07-17 12:00:43.509   596   596 D CompatConfig: No directory /apex/com.android.uwb/etc/compatconfig, skipping
07-17 12:00:43.510   596   622 I SystemConfig: Reading permissions from /vendor/etc/permissions/android.hardware.camera.ar.xml
07-17 12:00:43.510   596   596 D CompatConfig: Found a config file: /apex/com.android.art/etc/compatconfig/libcore-platform-compat-config.xml
07-17 12:00:43.510   596   622 I SystemConfig: Reading permissions from /vendor/etc/permissions/android.hardware.hardware_keystore.xml
07-17 12:00:43.510   596   596 D CompatConfig: Adding: com.android.server.compat.config.Change@ad375fd
07-17 12:00:43.510   596   596 D CompatConfig: Adding: com.android.server.compat.config.Change@8aa82f2
07-17 12:00:43.510   596   596 D CompatConfig: Adding: com.android.server.compat.config.Change@5b55fc0
07-17 12:00:43.510   596   596 D CompatConfig: Adding: com.android.server.compat.config.Change@fe674f9
07-17 12:00:43.510   596   622 I SystemConfig: Reading permissions from /vendor/etc/permissions/android.hardware.vulkan.compute.xml
07-17 12:00:43.510   596   596 D CompatConfig: Adding: com.android.server.compat.config.Change@e59dc3e
07-17 12:00:43.510   596   596 D CompatConfig: Adding: com.android.server.compat.config.Change@351da9f
07-17 12:00:43.511   596   596 D CompatConfig: No directory /apex/com.android.media/etc/compatconfig, skipping
07-17 12:00:43.511   596   596 D CompatConfig: No directory /apex/com.android.adservices/etc/compatconfig, skipping
07-17 12:00:43.511   596   596 D CompatConfig: No directory /apex/com.android.permission/etc/compatconfig, skipping
07-17 12:00:43.511   596   596 D CompatConfig: No directory /apex/com.android.sdkext/etc/compatconfig, skipping
07-17 12:00:43.511   596   596 D CompatConfig: No directory /apex/com.android.extservices/etc/compatconfig, skipping
07-17 12:00:43.511   596   596 D CompatConfig: No directory /apex/com.android.adbd/etc/compatconfig, skipping
07-17 12:00:43.511   596   596 D CompatConfig: No directory /apex/com.android.runtime/etc/compatconfig, skipping
07-17 12:00:43.511   596   596 D CompatConfig: No directory /apex/com.android.conscrypt/etc/compatconfig, skipping
07-17 12:00:43.511   596   622 I SystemConfig: Reading permissions from /vendor/etc/permissions/android.hardware.camera.raw.xml
07-17 12:00:43.512   596   596 D CompatConfig: Found a config file: /apex/com.android.btservices/etc/compatconfig/bluetooth-compat-config.xml
07-17 12:00:43.512   596   622 I SystemConfig: Reading permissions from /vendor/etc/permissions/android.hardware.vulkan.level.xml
07-17 12:00:43.513   596   596 D CompatConfig: Adding: com.android.server.compat.config.Change@c0381bb
07-17 12:00:43.513   596   596 D CompatConfig: No directory /apex/com.android.vndk.v33/etc/compatconfig, skipping
07-17 12:00:43.513   596   596 D CompatConfig: Found a config file: /apex/com.android.mediaprovider/etc/compatconfig/media-provider-platform-compat-config.xml
07-17 12:00:43.514   596   596 D CompatConfig: Adding: com.android.server.compat.config.Change@bacca31
07-17 12:00:43.514   596   596 D CompatConfig: Adding: com.android.server.compat.config.Change@1133516
07-17 12:00:43.514   596   596 D CompatConfig: Adding: com.android.server.compat.config.Change@45e7e97
07-17 12:00:43.514   596   596 D CompatConfig: Adding: com.android.server.compat.config.Change@6981884
07-17 12:00:43.514   596   596 D CompatConfig: Adding: com.android.server.compat.config.Change@52d86d
07-17 12:00:43.514   596   596 D CompatConfig: Adding: com.android.server.compat.config.Change@2858ca2
07-17 12:00:43.514   596   596 D CompatConfig: Adding: com.android.server.compat.config.Change@b026d33
07-17 12:00:43.514   596   596 D CompatConfig: No directory /apex/com.android.ipsec/etc/compatconfig, skipping
07-17 12:00:43.514   596   596 D CompatConfig: No directory /apex/com.android.apex.cts.shim/etc/compatconfig, skipping
07-17 12:00:43.515   596   596 D CompatConfig: No directory /apex/com.android.os.statsd/etc/compatconfig, skipping
07-17 12:00:43.515   596   596 D CompatConfig: No directory /apex/com.android.resolv/etc/compatconfig, skipping
07-17 12:00:43.515   596   596 D CompatConfig: No directory /apex/com.android.ondevicepersonalization/etc/compatconfig, skipping
07-17 12:00:43.515   596   596 D CompatConfig: No directory /apex/com.android.cellbroadcast/etc/compatconfig, skipping
07-17 12:00:43.515   596   596 D CompatConfig: No directory /apex/com.android.i18n/etc/compatconfig, skipping
07-17 12:00:43.515   596   596 D CompatConfig: No directory /apex/com.android.appsearch/etc/compatconfig, skipping
07-17 12:00:43.515   596   596 D CompatConfig: No directory /apex/com.android.tzdata/etc/compatconfig, skipping
07-17 12:00:43.515   596   596 D CompatConfig: No directory /apex/com.android.neuralnetworks/etc/compatconfig, skipping
07-17 12:00:43.515   596   596 D CompatConfig: Found a config file: /apex/com.android.tethering/etc/compatconfig/connectivity-t-platform-compat-config.xml
07-17 12:00:43.516   596   596 D CompatConfig: Adding: com.android.server.compat.config.Change@dd18e69
07-17 12:00:43.516   596   596 D CompatConfig: Found a config file: /apex/com.android.tethering/etc/compatconfig/connectivity-platform-compat-config.xml
07-17 12:00:43.517   596   596 D CompatConfig: Adding: com.android.server.compat.config.Change@eeca98f
07-17 12:00:43.519   596   622 I SystemConfig: Reading permissions from /vendor/etc/permissions/android.hardware.wifi.xml
07-17 12:00:43.520   596   622 I SystemConfig: Reading permissions from /vendor/etc/permissions/android.hardware.camera.flash-autofocus.xml
07-17 12:00:43.522   596   622 I SystemConfig: Reading permissions from /vendor/etc/permissions/android.software.vulkan.deqp.level.xml
07-17 12:00:43.523   596   596 V SystemServerTiming: PlatformCompat took to complete: 43ms
07-17 12:00:43.523   596   596 D SystemServerTiming: StartFileIntegrityService
07-17 12:00:43.523   596   622 I SystemConfig: Reading permissions from /vendor/etc/permissions/android.hardware.bluetooth.xml
07-17 12:00:43.523   596   596 I SystemServiceManager: Starting com.android.server.security.FileIntegrityService
07-17 12:00:43.524   596   622 I SystemConfig: Reading permissions from /vendor/etc/permissions/android.software.autofill.xml
07-17 12:00:43.524   596   622 I SystemConfig: Reading permissions from /vendor/etc/permissions/android.hardware.bluetooth_le.xml
07-17 12:00:43.524   596   622 I SystemConfig: Reading permissions from /vendor/etc/permissions/android.hardware.touchscreen.multitouch.jazzhand.xml
07-17 12:00:43.525   596   622 I SystemConfig: Reading permissions from /vendor/etc/permissions/android.hardware.fingerprint.xml
07-17 12:00:43.525   596   622 I SystemConfig: Reading permissions from /vendor/etc/permissions/android.hardware.camera.full.xml
07-17 12:00:43.525   596   622 I SystemConfig: Reading permissions from /vendor/etc/permissions/android.hardware.wifi.passpoint.xml
07-17 12:00:43.526   596   596 V SystemServerTiming: StartFileIntegrityService took to complete: 2ms
07-17 12:00:43.526   596   596 D SystemServerTiming: StartInstaller
07-17 12:00:43.526   596   596 I SystemServiceManager: Starting com.android.server.pm.Installer
07-17 12:00:43.526   596   622 I SystemConfig: Reading permissions from /vendor/etc/permissions/android.hardware.keystore.app_attest_key.xml
07-17 12:00:43.526   596   622 I SystemConfig: Reading permissions from /product/etc/sysconfig/preinstalled-packages-platform-overlays.xml
07-17 12:00:43.527   596   622 I SystemConfig: Reading permissions from /product/etc/sysconfig/google-hiddenapi-package-whitelist.xml
07-17 12:00:43.528   596   622 I SystemConfig: Reading permissions from /product/etc/sysconfig/disable-zero-touch.xml
07-17 12:00:43.528   524   544 D installd: Found quota mount /dev/block/dm-33 at /data
07-17 12:00:43.528   524   544 D installd: Found quota mount /dev/block/dm-33 at /data/user/0
07-17 12:00:43.528   596   622 I SystemConfig: Reading permissions from /product/etc/sysconfig/google.xml
07-17 12:00:43.529   596   596 V SystemServerTiming: StartInstaller took to complete: 3ms
07-17 12:00:43.529   596   596 D SystemServerTiming: DeviceIdentifiersPolicyService
07-17 12:00:43.529   596   596 I SystemServiceManager: Starting com.android.server.os.DeviceIdentifiersPolicyService
07-17 12:00:43.529   596   622 I SystemConfig: Adding association: com.google.android.as <- com.android.bluetooth
07-17 12:00:43.529   596   622 I SystemConfig: Adding association: com.google.android.as <- com.android.bluetooth.services
07-17 12:00:43.529   596   596 V SystemServerTiming: DeviceIdentifiersPolicyService took to complete: 1ms
07-17 12:00:43.529   596   622 I SystemConfig: Adding association: com.google.android.as <- com.android.providers.contacts
07-17 12:00:43.529   596   622 I SystemConfig: Adding association: com.google.android.as <- com.android.providers.media
07-17 12:00:43.529   596   622 I SystemConfig: Adding association: com.google.android.as <- com.android.providers.telephony
07-17 12:00:43.529   596   622 I SystemConfig: Adding association: com.google.android.as <- com.android.systemui
07-17 12:00:43.529   596   622 I SystemConfig: Adding association: com.google.android.as <- com.google.android.bluetooth.services
07-17 12:00:43.529   596   622 I SystemConfig: Adding association: com.google.android.as <- com.google.android.providers.media.module
07-17 12:00:43.529   596   622 I SystemConfig: Adding association: com.google.android.as <- com.google.android.as.oss
07-17 12:00:43.529   596   622 I SystemConfig: Adding association: com.google.android.as.oss <- com.google.android.as
07-17 12:00:43.529   596   622 I SystemConfig: Reading permissions from /product/etc/sysconfig/google_build.xml
07-17 12:00:43.530   596   596 D SystemServerTiming: UriGrantsManagerService
07-17 12:00:43.530   596   596 I SystemServiceManager: Starting com.android.server.uri.UriGrantsManagerService$Lifecycle
07-17 12:00:43.530   596   622 I SystemConfig: Reading permissions from /product/etc/sysconfig/preinstalled-packages-platform-aosp-product.xml
07-17 12:00:43.531   596   622 I SystemConfig: Reading permissions from /product/etc/sysconfig/google-staged-installer-whitelist.xml
07-17 12:00:43.531   596   596 V SystemServerTiming: UriGrantsManagerService took to complete: 2ms
07-17 12:00:43.531   596   596 D SystemServerTiming: StartPowerStatsService
07-17 12:00:43.531   596   596 I SystemServiceManager: Starting com.android.server.powerstats.PowerStatsService
07-17 12:00:43.532   596   622 I SystemConfig: Reading permissions from /product/etc/sysconfig/preinstalled-packages-platform-handheld-product.xml
07-17 12:00:43.535   596   622 I SystemConfig: Reading permissions from /product/etc/sysconfig/wellbeing.xml
07-17 12:00:43.536   235   235 I servicemanager: Could not find android.hardware.power.stats.IPowerStats/default in the VINTF manifest.
07-17 12:00:43.536   596   622 I SystemConfig: Reading permissions from /product/etc/permissions/privapp-permissions-google-p.xml
07-17 12:00:43.540   596   596 V SystemServerTiming: StartPowerStatsService took to complete: 8ms
07-17 12:00:43.540   596   596 D SystemServerTiming: StartIStatsService
07-17 12:00:43.540   596   596 I HidlServiceManagement: Registered android.frameworks.stats@1.0::IStats/default
07-17 12:00:43.541   596   622 I SystemConfig: Reading permissions from /product/etc/permissions/privapp-permissions-sdk-google.xml
07-17 12:00:43.541   235   235 I servicemanager: Found android.frameworks.stats.IStats/default in framework VINTF manifest.
07-17 12:00:43.541   596   596 V SystemServerTiming: StartIStatsService took to complete: 1ms
07-17 12:00:43.541   596   596 D SystemServerTiming: MemtrackProxyService
07-17 12:00:43.541   236   236 I hwservicemanager: getTransport: Cannot find entry android.hardware.memtrack@1.0::IMemtrack/default in either framework or device VINTF manifest.
07-17 12:00:43.542   235   235 I servicemanager: Could not find android.hardware.memtrack.IMemtrack/default in the VINTF manifest.
07-17 12:00:43.542   596   596 I Stability: Interface set with vintf stability downgraded to system stability stability
07-17 12:00:43.542   596   596 V SystemServerTiming: MemtrackProxyService took to complete: 0ms
07-17 12:00:43.542   596   596 D SystemServerTiming: StartActivityManager
07-17 12:00:43.542   596   596 I SystemServiceManager: Starting com.android.server.wm.ActivityTaskManagerService$Lifecycle
07-17 12:00:43.548   596   622 I SystemConfig: Reading permissions from /product/etc/permissions/com.google.android.dialer.support.xml
07-17 12:00:43.549   596   622 I SystemConfig: Reading permissions from /product/etc/permissions/android.hardware.telephony.euicc.xml
07-17 12:00:43.549   596   622 I SystemConfig: Reading permissions from /product/etc/permissions/android.software.verified_boot.xml
07-17 12:00:43.550   596   622 I SystemConfig: Reading permissions from /product/etc/permissions/com.android.imsserviceentitlement.xml
07-17 12:00:43.550   596   622 I SystemConfig: Reading permissions from /product/etc/permissions/privapp-permissions-goldfish.xml
07-17 12:00:43.551   596   622 I SystemConfig: Reading permissions from /product/etc/permissions/split-permissions-google.xml
07-17 12:00:43.551   596   622 W SystemConfig: No directory /system_ext/etc/sysconfig, skipping
07-17 12:00:43.551   596   622 I SystemConfig: Reading permissions from /system_ext/etc/permissions/com.android.storagemanager.xml
07-17 12:00:43.555   596   622 I SystemConfig: Reading permissions from /system_ext/etc/permissions/com.android.emulator.radio.config.xml
07-17 12:00:43.556   596   596 I SystemServiceManager: Starting com.android.server.am.ActivityManagerService$Lifecycle
07-17 12:00:43.557   596   622 I SystemConfig: Reading permissions from /system_ext/etc/permissions/com.android.systemui.xml
07-17 12:00:43.558   596   622 I SystemConfig: Reading permissions from /system_ext/etc/permissions/com.android.launcher3.xml
07-17 12:00:43.561   596   622 I SystemConfig: Reading permissions from /system_ext/etc/permissions/androidx.window.extensions.xml
07-17 12:00:43.562   596   622 I SystemConfig: Reading permissions from /system_ext/etc/permissions/privapp-permissions-google-se.xml
07-17 12:00:43.563   596   622 I SystemConfig: Reading permissions from /system_ext/etc/permissions/androidx.window.sidecar.xml
07-17 12:00:43.564   596   622 I SystemConfig: Reading permissions from /system_ext/etc/permissions/com.android.settings.xml
07-17 12:00:43.565   596   622 I SystemConfig: Reading permissions from /system_ext/etc/permissions/com.google.android.sdksetup.xml
07-17 12:00:43.565   596   622 I SystemConfig: Reading permissions from /system_ext/etc/permissions/com.android.carrierconfig.xml
07-17 12:00:43.566   596   596 I ActivityManager: Memory class: 192
07-17 12:00:43.566   596   622 I SystemConfig: Reading permissions from /system_ext/etc/permissions/com.android.emergency.xml
07-17 12:00:43.567   596   622 I SystemConfig: Reading permissions from /apex/com.android.adservices/etc/permissions/privapp_allowlist_com.google.android.adservices.api.xml
07-17 12:00:43.568   596   622 I SystemConfig: Reading permissions from /apex/com.android.ipsec/etc/permissions/android.net.ipsec.ike.xml
07-17 12:00:43.569   596   622 I SystemConfig: Reading permissions from /apex/com.android.cellbroadcast/etc/permissions/privapp_allowlist_com.google.android.cellbroadcastreceiver.xml
07-17 12:00:43.569   596   622 I SystemConfig: Reading permissions from /apex/com.android.cellbroadcast/etc/permissions/privapp_allowlist_com.google.android.cellbroadcastservice.xml
07-17 12:00:43.570   596   622 I SystemConfig: Reading permissions from /apex/com.android.extservices/etc/permissions/privapp_allowlist_com.google.android.ext.services.xml
07-17 12:00:43.571   596   622 I SystemConfig: Reading permissions from /apex/com.android.permission/etc/permissions/privapp_allowlist_com.google.android.permissioncontroller.xml
07-17 12:00:43.572   596   622 I SystemConfig: Reading permissions from /apex/com.android.tethering/etc/permissions/privapp_allowlist_com.google.android.networkstack.tethering.xml
07-17 12:00:43.572   596   626 I Binder  : Setting heavy hitter watcher config: false, 0, 0.0
07-17 12:00:43.573   596   622 I SystemConfig: Reading permissions from /apex/com.android.mediaprovider/etc/permissions/privapp_allowlist_com.google.android.providers.media.module.xml
07-17 12:00:43.575   596   622 I SystemConfig: Reading permissions from /apex/com.android.btservices/etc/permissions/privapp_allowlist_com.android.bluetooth.xml
07-17 12:00:43.578   596   622 W SystemConfig: Failed to read public libraries file /vendor/etc/public.libraries.txt
07-17 12:00:43.578   596   622 W SystemConfig: java.io.FileNotFoundException: /vendor/etc/public.libraries.txt: open failed: ENOENT (No such file or directory)
07-17 12:00:43.578   596   622 W SystemConfig: 	at libcore.io.IoBridge.open(IoBridge.java:574)
07-17 12:00:43.578   596   622 W SystemConfig: 	at java.io.FileInputStream.<init>(FileInputStream.java:160)
07-17 12:00:43.578   596   622 W SystemConfig: 	at java.io.FileReader.<init>(FileReader.java:75)
07-17 12:00:43.578   596   622 W SystemConfig: 	at com.android.server.SystemConfig.readPublicLibrariesListFile(SystemConfig.java:1825)
07-17 12:00:43.578   596   622 W SystemConfig: 	at com.android.server.SystemConfig.readPublicNativeLibrariesList(SystemConfig.java:1807)
07-17 12:00:43.578   596   622 W SystemConfig: 	at com.android.server.SystemConfig.<init>(SystemConfig.java:605)
07-17 12:00:43.578   596   622 W SystemConfig: 	at com.android.server.SystemConfig.getInstance(SystemConfig.java:369)
07-17 12:00:43.578   596   622 W SystemConfig: 	at com.android.server.SystemServer$$ExternalSyntheticLambda2.run(Unknown Source:0)
07-17 12:00:43.578   596   622 W SystemConfig: 	at com.android.server.SystemServerInitThreadPool.lambda$submitTask$0(SystemServerInitThreadPool.java:106)
07-17 12:00:43.578   596   622 W SystemConfig: 	at com.android.server.SystemServerInitThreadPool.$r8$lambda$aGlXt69ihU44Qi7EB_RNeu8pnrY(Unknown Source:0)
07-17 12:00:43.578   596   622 W SystemConfig: 	at com.android.server.SystemServerInitThreadPool$$ExternalSyntheticLambda0.run(Unknown Source:6)
07-17 12:00:43.578   596   622 W SystemConfig: 	at java.util.concurrent.Executors$RunnableAdapter.call(Executors.java:463)
07-17 12:00:43.578   596   622 W SystemConfig: 	at java.util.concurrent.FutureTask.run(FutureTask.java:264)
07-17 12:00:43.578   596   622 W SystemConfig: 	at java.util.concurrent.ThreadPoolExecutor.runWorker(ThreadPoolExecutor.java:1137)
07-17 12:00:43.578   596   622 W SystemConfig: 	at java.util.concurrent.ThreadPoolExecutor$Worker.run(ThreadPoolExecutor.java:637)
07-17 12:00:43.578   596   622 W SystemConfig: 	at com.android.internal.util.ConcurrentUtils$1$1.run(ConcurrentUtils.java:65)
07-17 12:00:43.578   596   622 W SystemConfig: Caused by: android.system.ErrnoException: open failed: ENOENT (No such file or directory)
07-17 12:00:43.578   596   622 W SystemConfig: 	at libcore.io.Linux.open(Native Method)
07-17 12:00:43.578   596   622 W SystemConfig: 	at libcore.io.ForwardingOs.open(ForwardingOs.java:563)
07-17 12:00:43.578   596   622 W SystemConfig: 	at libcore.io.BlockGuardOs.open(BlockGuardOs.java:274)
07-17 12:00:43.578   596   622 W SystemConfig: 	at libcore.io.IoBridge.open(IoBridge.java:560)
07-17 12:00:43.578   596   622 W SystemConfig: 	... 15 more
07-17 12:00:43.578   596   622 V SystemConfig: readAllPermissions took to complete: 97ms
07-17 12:00:43.579   596   622 D SystemServerInitThreadPool: Finished executing ReadingSystemConfig
07-17 12:00:43.579   596   622 V SystemServerTimingAsync: InitThreadPoolExec:ReadingSystemConfig took to complete: 97ms
07-17 12:00:43.581   596   596 E libpsi  : No kernel psi monitor support (errno=1)
07-17 12:00:43.581   596   596 E LowMemDetector: Failed to register psi trigger
07-17 12:00:43.588   596   596 I PackageWatchdog: Updated health check state for package com.google.android.providers.media.module: INACTIVE -> PASSED
07-17 12:00:43.588   596   596 I PackageWatchdog: Updated health check state for package android: INACTIVE -> PASSED
07-17 12:00:43.588   596   596 I PackageWatchdog: Updated health check state for package com.google.android.permissioncontroller: INACTIVE -> PASSED
07-17 12:00:43.588   596   596 I PackageWatchdog: Updated health check state for package com.google.android.networkstack: INACTIVE -> PASSED
07-17 12:00:43.588   596   596 I PackageWatchdog: Updated health check state for package com.android.keychain: INACTIVE -> PASSED
07-17 12:00:43.588   596   596 I PackageWatchdog: Updated health check state for package com.google.android.gms: INACTIVE -> PASSED
07-17 12:00:43.588   596   596 I PackageWatchdog: Updated health check state for package com.google.android.gsf: INACTIVE -> PASSED
07-17 12:00:43.588   596   596 I PackageWatchdog: Updated health check state for package com.google.android.apps.nexuslauncher: INACTIVE -> PASSED
07-17 12:00:43.588   596   596 I PackageWatchdog: Updated health check state for package com.android.settings: INACTIVE -> PASSED
07-17 12:00:43.588   596   596 I PackageWatchdog: Updated health check state for package com.android.phone: INACTIVE -> PASSED
07-17 12:00:43.588   596   596 I PackageWatchdog: Updated health check state for package com.android.providers.blockednumber: INACTIVE -> PASSED
07-17 12:00:43.588   596   596 I PackageWatchdog: Updated health check state for package com.android.systemui: INACTIVE -> PASSED
07-17 12:00:43.588   596   596 I PackageWatchdog: Updated health check state for package com.android.bluetooth: INACTIVE -> PASSED
07-17 12:00:43.588   596   596 I PackageWatchdog: Updated health check state for package com.android.providers.contacts: INACTIVE -> PASSED
07-17 12:00:43.590   596   596 W PowerProfile: ambient.on is deprecated! Use ambient.on.display0 instead.
07-17 12:00:43.590   596   596 W PowerProfile: screen.on is deprecated! Use screen.on.display0 instead.
07-17 12:00:43.590   596   596 W PowerProfile: screen.full is deprecated! Use screen.full.display0 instead.
07-17 12:00:43.590   596   596 W ModemPowerProfile: getAverageBatteryDrainMaH called with unexpected key: 0x0, drain:0,RAT:DEFAULT
07-17 12:00:43.590   596   596 W ModemPowerProfile: getAverageBatteryDrainMaH called with unexpected key: 0x10000000, drain:IDLE,RAT:DEFAULT
07-17 12:00:43.590   596   596 W ModemPowerProfile: getAverageBatteryDrainMaH called with unexpected key: 0x20000000, drain:RX,RAT:DEFAULT
07-17 12:00:43.590   596   596 W ModemPowerProfile: getAverageBatteryDrainMaH called with unexpected key: 0x30000000, drain:TX,level:UNKNOWN(0x0)RAT:DEFAULT
07-17 12:00:43.590   596   596 W ModemPowerProfile: getAverageBatteryDrainMaH called with unexpected key: 0x31000000, drain:TX,level:UNKNOWN(0x1000000)RAT:DEFAULT
07-17 12:00:43.590   596   596 W ModemPowerProfile: getAverageBatteryDrainMaH called with unexpected key: 0x32000000, drain:TX,level:UNKNOWN(0x2000000)RAT:DEFAULT
07-17 12:00:43.590   596   596 W ModemPowerProfile: getAverageBatteryDrainMaH called with unexpected key: 0x33000000, drain:TX,level:UNKNOWN(0x3000000)RAT:DEFAULT
07-17 12:00:43.590   596   596 W ModemPowerProfile: getAverageBatteryDrainMaH called with unexpected key: 0x34000000, drain:TX,level:UNKNOWN(0x4000000)RAT:DEFAULT
07-17 12:00:43.593   596   596 D BatteryStatsImpl: Reading daily items from /data/system/batterystats-daily.xml
07-17 12:00:43.597   596   632 I BatteryStatsService: Using power.stats HAL
07-17 12:00:43.597   596   632 W BatteryStatsService: Rail information is not available
07-17 12:00:43.597   596   632 W BatteryStatsService: Rail energy data is not available
07-17 12:00:43.598   596   632 E BluetoothAdapter: Bluetooth service is null
07-17 12:00:43.598   596   632 I KernelCpuUidFreqTimeReader: mPerClusterTimesAvailable=false
07-17 12:00:43.600   596   632 W KernelCpuProcStringReader: File not found. It's normal if not implemented: /proc/uid_concurrent_policy_time
07-17 12:00:43.612   596   632 W KernelMemoryBandwidthStats: No kernel memory bandwidth stats available
07-17 12:00:43.614   596   625 I commit_sys_config_file: [batterystats,2]
07-17 12:00:43.618   596   625 I commit_sys_config_file: [batterystats,4]
07-17 12:00:43.639   596   596 I service_manager_stats: [100,8,14621]
07-17 12:00:43.679   596   596 I IntentFirewall: Read new rules (A:0 B:0 S:0)
07-17 12:00:43.684   596   596 D OomAdjuster: Not killing cached processes
07-17 12:00:43.708   596   596 D AppOps  : AppOpsService published
07-17 12:00:43.711   596   596 V SystemServerTiming: StartActivityManager took to complete: 169ms
07-17 12:00:43.711   596   596 D SystemServerTiming: StartDataLoaderManagerService
07-17 12:00:43.711   596   596 I SystemServiceManager: Starting com.android.server.pm.DataLoaderManagerService
07-17 12:00:43.711   596   636 I CriticalEventLog: No log found, returning empty log proto.
07-17 12:00:43.711   596   596 V SystemServerTiming: StartDataLoaderManagerService took to complete: 1ms
07-17 12:00:43.711   596   596 D SystemServerTiming: StartIncrementalService
07-17 12:00:43.714   596   596 I incfs-mounts: [incfs] Loaded incremental-fs mount info: 0 instances, 0 mount points
07-17 12:00:43.715   596   596 V SystemServerTiming: StartIncrementalService took to complete: 3ms
07-17 12:00:43.715   596   596 D SystemServerTiming: StartPowerManager
07-17 12:00:43.715   596   596 I SystemServiceManager: Starting com.android.server.power.PowerManagerService
07-17 12:00:43.719   235   235 I servicemanager: Found android.hardware.power.IPower/default in device VINTF manifest.
07-17 12:00:43.720   436   436 I android.hardware.power-service.example: Power isModeSupported: 7
07-17 12:00:43.720   436   436 I android.hardware.power-service.example: Power isModeSupported: 0
07-17 12:00:43.721   596   596 V SystemServerTiming: StartPowerManager took to complete: 7ms
07-17 12:00:43.721   596   596 D SystemServerTiming: StartThermalManager
07-17 12:00:43.721   596   596 I SystemServiceManager: Starting com.android.server.power.ThermalManagerService
07-17 12:00:43.721   596   596 V SystemServerTiming: StartThermalManager took to complete: 0ms
07-17 12:00:43.721   596   596 D SystemServerTiming: StartHintManager
07-17 12:00:43.721   596   596 I SystemServiceManager: Starting com.android.server.power.hint.HintManagerService
07-17 12:00:43.722   596   596 V SystemServerTiming: StartHintManager took to complete: 0ms
07-17 12:00:43.722   596   596 D SystemServerTiming: InitPowerManagement
07-17 12:00:43.722   596   596 V SystemServerTiming: InitPowerManagement took to complete: 1ms
07-17 12:00:43.722   596   596 D SystemServerTiming: StartRecoverySystemService
07-17 12:00:43.722   596   596 I SystemServiceManager: Starting com.android.server.recoverysystem.RecoverySystemService$Lifecycle
07-17 12:00:43.723   596   596 V SystemServerTiming: StartRecoverySystemService took to complete: 1ms
07-17 12:00:43.724   596   596 I rescue_note: [0,1,14705]
07-17 12:00:43.724   596   596 D SystemServerTiming: StartLightsService
07-17 12:00:43.724   596   596 I SystemServiceManager: Starting com.android.server.lights.LightsService
07-17 12:00:43.725   235   235 I servicemanager: Found android.hardware.light.ILights/default in device VINTF manifest.
07-17 12:00:43.726   435   435 I android.hardware.lights-service.example: Lights reporting supported lights
07-17 12:00:43.726   596   596 V SystemServerTiming: StartLightsService took to complete: 2ms
07-17 12:00:43.726   596   596 D SystemServerTiming: StartDisplayOffloadService
07-17 12:00:43.726   596   596 V SystemServerTiming: StartDisplayOffloadService took to complete: 0ms
07-17 12:00:43.726   596   596 D SystemServerTiming: StartSidekickService
07-17 12:00:43.726   596   596 V SystemServerTiming: StartSidekickService took to complete: 0ms
07-17 12:00:43.726   596   596 D SystemServerTiming: StartDisplayManager
07-17 12:00:43.726   596   596 I SystemServiceManager: Starting com.android.server.display.DisplayManagerService
07-17 12:00:43.733   596   596 V SystemServerTiming: StartDisplayManager took to complete: 7ms
07-17 12:00:43.733   596   596 D SystemServerTiming: WaitForDisplay
07-17 12:00:43.733   596   596 I SystemServiceManager: Starting phase 100
07-17 12:00:43.733   596   596 D SystemServerTiming: OnBootPhase_100
07-17 12:00:43.733   596   596 D SystemServerTiming: OnBootPhase_100_com.android.server.security.FileIntegrityService
07-17 12:00:43.733   596   596 V SystemServerTiming: OnBootPhase_100_com.android.server.security.FileIntegrityService took to complete: 0ms
07-17 12:00:43.733   596   596 D SystemServerTiming: OnBootPhase_100_com.android.server.pm.Installer
07-17 12:00:43.733   596   596 V SystemServerTiming: OnBootPhase_100_com.android.server.pm.Installer took to complete: 0ms
07-17 12:00:43.733   596   596 D SystemServerTiming: OnBootPhase_100_com.android.server.os.DeviceIdentifiersPolicyService
07-17 12:00:43.733   596   596 V SystemServerTiming: OnBootPhase_100_com.android.server.os.DeviceIdentifiersPolicyService took to complete: 0ms
07-17 12:00:43.733   596   596 D SystemServerTiming: OnBootPhase_100_com.android.server.uri.UriGrantsManagerService$Lifecycle
07-17 12:00:43.733   596   596 V SystemServerTiming: OnBootPhase_100_com.android.server.uri.UriGrantsManagerService$Lifecycle took to complete: 0ms
07-17 12:00:43.733   596   596 D SystemServerTiming: OnBootPhase_100_com.android.server.powerstats.PowerStatsService
07-17 12:00:43.733   596   596 V SystemServerTiming: OnBootPhase_100_com.android.server.powerstats.PowerStatsService took to complete: 0ms
07-17 12:00:43.733   596   596 D SystemServerTiming: OnBootPhase_100_com.android.server.wm.ActivityTaskManagerService$Lifecycle
07-17 12:00:43.733   596   596 V SystemServerTiming: OnBootPhase_100_com.android.server.wm.ActivityTaskManagerService$Lifecycle took to complete: 0ms
07-17 12:00:43.733   596   596 D SystemServerTiming: OnBootPhase_100_com.android.server.am.ActivityManagerService$Lifecycle
07-17 12:00:43.733   596   596 V SystemServerTiming: OnBootPhase_100_com.android.server.am.ActivityManagerService$Lifecycle took to complete: 0ms
07-17 12:00:43.733   596   596 D SystemServerTiming: OnBootPhase_100_com.android.server.pm.DataLoaderManagerService
07-17 12:00:43.733   596   596 V SystemServerTiming: OnBootPhase_100_com.android.server.pm.DataLoaderManagerService took to complete: 0ms
07-17 12:00:43.733   596   596 D SystemServerTiming: OnBootPhase_100_com.android.server.power.PowerManagerService
07-17 12:00:43.733   596   596 V SystemServerTiming: OnBootPhase_100_com.android.server.power.PowerManagerService took to complete: 0ms
07-17 12:00:43.733   596   596 D SystemServerTiming: OnBootPhase_100_com.android.server.power.ThermalManagerService
07-17 12:00:43.733   596   596 V SystemServerTiming: OnBootPhase_100_com.android.server.power.ThermalManagerService took to complete: 0ms
07-17 12:00:43.733   596   596 D SystemServerTiming: OnBootPhase_100_com.android.server.power.hint.HintManagerService
07-17 12:00:43.733   596   596 V SystemServerTiming: OnBootPhase_100_com.android.server.power.hint.HintManagerService took to complete: 0ms
07-17 12:00:43.733   596   596 D SystemServerTiming: OnBootPhase_100_com.android.server.recoverysystem.RecoverySystemService$Lifecycle
07-17 12:00:43.733   596   596 V SystemServerTiming: OnBootPhase_100_com.android.server.recoverysystem.RecoverySystemService$Lifecycle took to complete: 0ms
07-17 12:00:43.733   596   596 D SystemServerTiming: OnBootPhase_100_com.android.server.lights.LightsService
07-17 12:00:43.733   596   596 V SystemServerTiming: OnBootPhase_100_com.android.server.lights.LightsService took to complete: 0ms
07-17 12:00:43.733   596   596 D SystemServerTiming: OnBootPhase_100_com.android.server.display.DisplayManagerService
07-17 12:00:43.736   596   618 E LocalDisplayAdapter: Can't find display mode with id -1
07-17 12:00:43.736   596   618 W LocalDisplayAdapter: DisplayModeSpecs base mode no longer available, using currently active mode.
07-17 12:00:43.744   596   618 I DisplayDeviceRepository: Display device added: DisplayDeviceInfo{"Built-in Screen": uniqueId="local:4619827259835644672", 768 x 1280, modeId 1, defaultModeId 1, supportedModes [{id=1, width=768, height=1280, fps=60.000004, alternativeRefreshRates=[]}], colorMode 0, supportedColorModes [0], hdrCapabilities HdrCapabilities{mSupportedHdrTypes=[], mMaxLuminance=500.0, mMaxAverageLuminance=500.0, mMinLuminance=0.0}, allmSupported false, gameContentTypeSupported false, density 320, 320.0 x 320.0 dpi, appVsyncOff 1000000, presDeadline 16666666, touch INTERNAL, rotation 0, type INTERNAL, address {port=0, model=0x401cec6a7a2b7b}, deviceProductInfo DeviceProductInfo{name=EMU_display_0, manufacturerPnpId=GGL, productId=1, modelYear=null, manufactureDate=ManufactureDate{week=27, year=2006}, connectionToSinkType=0}, state UNKNOWN, frameRateOverride , brightnessMinimum 0.0, brightnessMaximum 1.0, brightnessDefault 0.39763778, FLAG_ALLOWED_TO_BE_DEFAULT_DISPLAY, FLAG_ROTATES_WITH_CONTENT, FLAG_SECURE, FLAG_SUPPORTS_PROTECTED_BUFFERS, installOrientation 0}
07-17 12:00:43.744   596   618 I LogicalDisplayMapper: Applying layout: [{addr: {port=0, model=0x401cec6a7a2b7b}, dispId: 0(ON)}], Previous layout: null
07-17 12:00:43.746   596   618 I LogicalDisplayMapper: Adding new display: 0: DisplayInfo{"Built-in Screen", displayId 0", displayGroupId -1, FLAG_SECURE, FLAG_SUPPORTS_PROTECTED_BUFFERS, FLAG_TRUSTED, real 768 x 1280, largest app 768 x 1280, smallest app 768 x 1280, appVsyncOff 1000000, presDeadline 16666666, mode 1, defaultMode 1, modes [{id=1, width=768, height=1280, fps=60.000004, alternativeRefreshRates=[]}], hdrCapabilities HdrCapabilities{mSupportedHdrTypes=[], mMaxLuminance=500.0, mMaxAverageLuminance=500.0, mMinLuminance=0.0}, userDisabledHdrTypes [], minimalPostProcessingSupported false, rotation 0, state UNKNOWN, type INTERNAL, uniqueId "local:4619827259835644672", app 768 x 1280, density 320 (320.0 x 320.0) dpi, layerStack 0, colorMode 0, supportedColorModes [0], address {port=0, model=0x401cec6a7a2b7b}, deviceProductInfo DeviceProductInfo{name=EMU_display_0, manufacturerPnpId=GGL, productId=1, modelYear=null, manufactureDate=ManufactureDate{week=27, year=2006}, connectionToSinkType=0}, removeMode 0, refreshRateOverride 0.0, brightnessMinimum 0.0, brightnessMaximum 1.0, brightnessDefault 0.39763778, installOrientation ROTATION_0}
07-17 12:00:43.747   596   618 I LogicalDisplayMapper: Setting new display group 0 for display 0, from previous group: null
07-17 12:00:43.747   596   596 V SystemServerTiming: OnBootPhase_100_com.android.server.display.DisplayManagerService took to complete: 14ms
07-17 12:00:43.747   596   596 V SystemServerTiming: OnBootPhase_100 took to complete: 14ms
07-17 12:00:43.747   596   596 V SystemServerTiming: WaitForDisplay took to complete: 14ms
07-17 12:00:43.747   596   596 D SystemServerTiming: StartDomainVerificationService
07-17 12:00:43.749   596   596 V SystemServerTiming: StartDomainVerificationService took to complete: 2ms
07-17 12:00:43.749   596   596 D SystemServerTiming: StartPackageManagerService
07-17 12:00:43.749   596   596 I Watchdog: Pausing HandlerChecker: main thread for reason: packagemanagermain. Pause count: 1
07-17 12:00:43.750   596   618 W StrictMode: No activity manager; failed to Dropbox violation.
07-17 12:00:43.750   596   618 W StrictMode: No activity manager; failed to Dropbox violation.
07-17 12:00:43.750   596   618 W StrictMode: No activity manager; failed to Dropbox violation.
07-17 12:00:43.750   596   618 W StrictMode: No activity manager; failed to Dropbox violation.
07-17 12:00:43.750   596   618 W StrictMode: No activity manager; failed to Dropbox violation.
07-17 12:00:43.750   596   618 W StrictMode: No activity manager; failed to Dropbox violation.
07-17 12:00:43.751   596   618 W StrictMode: No activity manager; failed to Dropbox violation.
07-17 12:00:43.752   596   596 D PackageManagerTiming: create package manager
07-17 12:00:43.755   596   596 I boot_progress_pms_start: 14737
07-17 12:00:43.755   596   596 D PackageManagerTiming: createSubComponents
07-17 12:00:43.768   596   596 V PackageManagerTiming: createSubComponents took to complete: 13ms
07-17 12:00:43.768   596   596 D PackageManagerTiming: addSharedUsers
07-17 12:00:43.769   596   596 V PackageManagerTiming: addSharedUsers took to complete: 0ms
07-17 12:00:43.769   596   596 W BackgroundDexOptService: SysProp pm.dexopt.downgrade_after_inactive_days not set
07-17 12:00:43.769   596   596 D PackageManagerTiming: get system config
07-17 12:00:43.769   596   596 V PackageManagerTiming: get system config took to complete: 0ms
07-17 12:00:43.771   596   596 D SELinuxMMAC: Using policy file /system/etc/selinux/plat_mac_permissions.xml
07-17 12:00:43.772   596   596 D SELinuxMMAC: Using policy file /system_ext/etc/selinux/system_ext_mac_permissions.xml
07-17 12:00:43.772   596   596 D SELinuxMMAC: Using policy file /vendor/etc/selinux/vendor_mac_permissions.xml
07-17 12:00:43.773   596   596 D PackageManagerTiming: loadFallbacks
07-17 12:00:43.774   596   596 D FallbackCategoryProvider: Found 387 fallback categories
07-17 12:00:43.774   596   596 V PackageManagerTiming: loadFallbacks took to complete: 1ms
07-17 12:00:43.774   596   596 D PackageManagerTiming: read user settings
07-17 12:00:43.839   596   596 E PackageManager: Package com.google.android.networkstack.tethering was user id 0 but is now user SharedUserSetting{282a7be android.uid.networkstack/1073} with id 1073; I am not changing its files so it will probably fail!
07-17 12:00:43.839   596   596 I pm_critical_info: Package com.google.android.networkstack.tethering was user id 0 but is now user SharedUserSetting{282a7be android.uid.networkstack/1073} with id 1073; I am not changing its files so it will probably fail!
07-17 12:00:43.839   596   596 E PackageManager: Package com.android.providers.telephony was user id 0 but is now user SharedUserSetting{85a4935 android.uid.phone/1001} with id 1001; I am not changing its files so it will probably fail!
07-17 12:00:43.839   596   596 I pm_critical_info: Package com.android.providers.telephony was user id 0 but is now user SharedUserSetting{85a4935 android.uid.phone/1001} with id 1001; I am not changing its files so it will probably fail!
07-17 12:00:43.840   596   596 E PackageManager: Package com.android.dynsystem was user id 0 but is now user SharedUserSetting{b7dd658 android.uid.system/1000} with id 1000; I am not changing its files so it will probably fail!
07-17 12:00:43.840   596   596 I pm_critical_info: Package com.android.dynsystem was user id 0 but is now user SharedUserSetting{b7dd658 android.uid.system/1000} with id 1000; I am not changing its files so it will probably fail!
07-17 12:00:43.840   596   596 E PackageManager: Package com.google.android.cellbroadcastservice was user id 0 but is now user SharedUserSetting{282a7be android.uid.networkstack/1073} with id 1073; I am not changing its files so it will probably fail!
07-17 12:00:43.840   596   596 I pm_critical_info: Package com.google.android.cellbroadcastservice was user id 0 but is now user SharedUserSetting{282a7be android.uid.networkstack/1073} with id 1073; I am not changing its files so it will probably fail!
07-17 12:00:43.840   596   596 E PackageManager: Package com.android.providers.calendar was user id 0 but is now user SharedUserSetting{44769ed android.uid.calendar/10059} with id 10059; I am not changing its files so it will probably fail!
07-17 12:00:43.840   596   596 I pm_critical_info: Package com.android.providers.calendar was user id 0 but is now user SharedUserSetting{44769ed android.uid.calendar/10059} with id 10059; I am not changing its files so it will probably fail!
07-17 12:00:43.841   596   596 E PackageManager: Package com.android.providers.media was user id 0 but is now user SharedUserSetting{8051870 android.media/10062} with id 10062; I am not changing its files so it will probably fail!
07-17 12:00:43.841   596   596 I pm_critical_info: Package com.android.providers.media was user id 0 but is now user SharedUserSetting{8051870 android.media/10062} with id 10062; I am not changing its files so it will probably fail!
07-17 12:00:43.841   596   596 E PackageManager: Package com.android.mms.service was user id 0 but is now user SharedUserSetting{85a4935 android.uid.phone/1001} with id 1001; I am not changing its files so it will probably fail!
07-17 12:00:43.841   596   596 I pm_critical_info: Package com.android.mms.service was user id 0 but is now user SharedUserSetting{85a4935 android.uid.phone/1001} with id 1001; I am not changing its files so it will probably fail!
07-17 12:00:43.841   596   596 E PackageManager: Package com.android.providers.downloads was user id 0 but is now user SharedUserSetting{8051870 android.media/10062} with id 10062; I am not changing its files so it will probably fail!
07-17 12:00:43.841   596   596 I pm_critical_info: Package com.android.providers.downloads was user id 0 but is now user SharedUserSetting{8051870 android.media/10062} with id 10062; I am not changing its files so it will probably fail!
07-17 12:00:43.841   596   596 E PackageManager: Package com.android.providers.downloads.ui was user id 0 but is now user SharedUserSetting{8051870 android.media/10062} with id 10062; I am not changing its files so it will probably fail!
07-17 12:00:43.841   596   596 I pm_critical_info: Package com.android.providers.downloads.ui was user id 0 but is now user SharedUserSetting{8051870 android.media/10062} with id 10062; I am not changing its files so it will probably fail!
07-17 12:00:43.842   596   596 E PackageManager: Package android was user id 0 but is now user SharedUserSetting{b7dd658 android.uid.system/1000} with id 1000; I am not changing its files so it will probably fail!
