07-17 12:00:40.525   535   535 W mediaswcodec: libminijail[535]: compile_file: <fd>(20): nonexistent syscall 'getuid32'
07-17 12:00:40.525   535   535 W mediaswcodec: libminijail[535]: compile_file: <fd>(26): nonexistent syscall 'mmap2'
07-17 12:00:40.525   525   525 W mediaextractor: libminijail[525]: compile_file: /apex/com.android.media/etc/seccomp_policy/crash_dump.x86_64.policy(32): syscall getuid redefined here
07-17 12:00:40.525   535   535 W mediaswcodec: libminijail[535]: compile_file: <fd>(28): nonexistent syscall 'fstat64'
07-17 12:00:40.525   535   535 W mediaswcodec: libminijail[535]: compile_file: <fd>(31): nonexistent syscall 'stat64'
07-17 12:00:40.525   535   535 W mediaswcodec: libminijail[535]: compile_file: <fd>(32): nonexistent syscall 'statfs64'
07-17 12:00:40.525   535   535 W mediaswcodec: libminijail[535]: compile_file: <fd>(34): nonexistent syscall 'fstatat64'
07-17 12:00:40.525   535   535 W mediaswcodec: libminijail[535]: compile_file: <fd>(39): nonexistent syscall '_llseek'
07-17 12:00:40.525   535   535 W mediaswcodec: libminijail[535]: compile_file: <fd>(48): nonexistent syscall 'ugetrlimit'
07-17 12:00:40.525   535   535 W mediaswcodec: libminijail[535]: compile_file: <fd>(51): nonexistent syscall '_llseek'
07-17 12:00:40.525   525   525 W mediaextractor: libminijail[525]: compile_file: <fd>(22): previous definition here
07-17 12:00:40.525   535   535 W mediaswcodec: libminijail[535]: compile_file: <fd>(52): nonexistent syscall 'fstatfs64'
07-17 12:00:40.525   525   525 W mediaextractor: libminijail[525]: compile_file: /apex/com.android.media/etc/seccomp_policy/crash_dump.x86_64.policy(33): syscall fstat redefined here
07-17 12:00:40.525   535   535 W mediaswcodec: libminijail[535]: compile_file: <fd>(64): nonexistent syscall 'ftruncate64'
07-17 12:00:40.525   525   525 W mediaextractor: libminijail[525]: compile_file: <fd>(25): previous definition here
07-17 12:00:40.525   535   535 W mediaswcodec: libminijail[535]: compile_file: <fd>(70): syscall gettid redefined here
07-17 12:00:40.525   535   535 W mediaswcodec: libminijail[535]: compile_file: <fd>(67): previous definition here
07-17 12:00:40.525   525   525 W mediaextractor: libminijail[525]: compile_file: /apex/com.android.media/etc/seccomp_policy/crash_dump.x86_64.policy(34): syscall mmap redefined here
07-17 12:00:40.525   525   525 W mediaextractor: libminijail[525]: compile_file: <fd>(11): previous definition here
07-17 12:00:40.525   535   535 W mediaswcodec: libminijail[535]: compile_file: /apex/com.android.media.swcodec/etc/seccomp_policy/crash_dump.x86_64.policy(1): syscall read redefined here
07-17 12:00:40.525   535   535 W mediaswcodec: libminijail[535]: compile_file: <fd>(15): previous definition here
07-17 12:00:40.525   535   535 W mediaswcodec: libminijail[535]: compile_file: /apex/com.android.media.swcodec/etc/seccomp_policy/crash_dump.x86_64.policy(2): syscall write redefined here
07-17 12:00:40.525   535   535 W mediaswcodec: libminijail[535]: compile_file: <fd>(58): previous definition here
07-17 12:00:40.525   535   535 W mediaswcodec: libminijail[535]: compile_file: /apex/com.android.media.swcodec/etc/seccomp_policy/crash_dump.x86_64.policy(3): syscall exit redefined here
07-17 12:00:40.526   535   535 W mediaswcodec: libminijail[535]: compile_file: <fd>(45): previous definition here
07-17 12:00:40.526   535   535 W mediaswcodec: libminijail[535]: compile_file: /apex/com.android.media.swcodec/etc/seccomp_policy/crash_dump.x86_64.policy(4): syscall rt_sigreturn redefined here
07-17 12:00:40.526   535   535 W mediaswcodec: libminijail[535]: compile_file: <fd>(47): previous definition here
07-17 12:00:40.526   535   535 W mediaswcodec: libminijail[535]: compile_file: /apex/com.android.media.swcodec/etc/seccomp_policy/crash_dump.x86_64.policy(5): syscall exit_group redefined here
07-17 12:00:40.526   535   535 W mediaswcodec: libminijail[535]: compile_file: <fd>(46): previous definition here
07-17 12:00:40.526   535   535 W mediaswcodec: libminijail[535]: compile_file: /apex/com.android.media.swcodec/etc/seccomp_policy/crash_dump.x86_64.policy(8): syscall futex redefined here
07-17 12:00:40.526   535   535 W mediaswcodec: libminijail[535]: compile_file: <fd>(36): previous definition here
07-17 12:00:40.526   535   535 W mediaswcodec: libminijail[535]: compile_file: /apex/com.android.media.swcodec/etc/seccomp_policy/crash_dump.x86_64.policy(10): syscall getpid redefined here
07-17 12:00:40.526   535   535 W mediaswcodec: libminijail[535]: compile_file: <fd>(69): previous definition here
07-17 12:00:40.526   535   535 W mediaswcodec: libminijail[535]: compile_file: /apex/com.android.media.swcodec/etc/seccomp_policy/crash_dump.x86_64.policy(11): syscall gettid redefined here
07-17 12:00:40.526   535   535 W mediaswcodec: libminijail[535]: compile_file: <fd>(67): previous definition here
07-17 12:00:40.526   535   535 W mediaswcodec: libminijail[535]: compile_file: /apex/com.android.media.swcodec/etc/seccomp_policy/crash_dump.x86_64.policy(14): syscall openat redefined here
07-17 12:00:40.526   535   535 W mediaswcodec: libminijail[535]: compile_file: <fd>(18): previous definition here
07-17 12:00:40.526   525   525 W mediaextractor: libminijail[525]: logging seccomp filter failures
07-17 12:00:40.526   535   535 W mediaswcodec: libminijail[535]: compile_file: /apex/com.android.media.swcodec/etc/seccomp_policy/crash_dump.x86_64.policy(15): syscall dup redefined here
07-17 12:00:40.526   535   535 W mediaswcodec: libminijail[535]: compile_file: <fd>(56): previous definition here
07-17 12:00:40.526   535   535 W mediaswcodec: libminijail[535]: compile_file: /apex/com.android.media.swcodec/etc/seccomp_policy/crash_dump.x86_64.policy(16): syscall close redefined here
07-17 12:00:40.526   535   535 W mediaswcodec: libminijail[535]: compile_file: <fd>(25): previous definition here
07-17 12:00:40.526   535   535 W mediaswcodec: libminijail[535]: compile_file: /apex/com.android.media.swcodec/etc/seccomp_policy/crash_dump.x86_64.policy(17): syscall lseek redefined here
07-17 12:00:40.526   535   535 W mediaswcodec: libminijail[535]: compile_file: <fd>(40): previous definition here
07-17 12:00:40.526   535   535 W mediaswcodec: libminijail[535]: compile_file: /apex/com.android.media.swcodec/etc/seccomp_policy/crash_dump.x86_64.policy(19): syscall faccessat redefined here
07-17 12:00:40.526   535   535 W mediaswcodec: libminijail[535]: compile_file: <fd>(38): previous definition here
07-17 12:00:40.526   535   535 W mediaswcodec: libminijail[535]: compile_file: /apex/com.android.media.swcodec/etc/seccomp_policy/crash_dump.x86_64.policy(28): syscall prctl redefined here
07-17 12:00:40.526   535   535 W mediaswcodec: libminijail[535]: compile_file: <fd>(17): previous definition here
07-17 12:00:40.526   535   535 W mediaswcodec: libminijail[535]: compile_file: /apex/com.android.media.swcodec/etc/seccomp_policy/crash_dump.x86_64.policy(29): syscall madvise redefined here
07-17 12:00:40.526   535   535 W mediaswcodec: libminijail[535]: compile_file: <fd>(33): previous definition here
07-17 12:00:40.526   535   535 W mediaswcodec: libminijail[535]: compile_file: /apex/com.android.media.swcodec/etc/seccomp_policy/crash_dump.x86_64.policy(30): syscall mprotect redefined here
07-17 12:00:40.526   535   535 W mediaswcodec: libminijail[535]: compile_file: <fd>(16): previous definition here
07-17 12:00:40.526   535   535 W mediaswcodec: libminijail[535]: compile_file: /apex/com.android.media.swcodec/etc/seccomp_policy/crash_dump.x86_64.policy(31): syscall munmap redefined here
07-17 12:00:40.526   535   535 W mediaswcodec: libminijail[535]: compile_file: <fd>(37): previous definition here
07-17 12:00:40.526   535   535 W mediaswcodec: libminijail[535]: compile_file: /apex/com.android.media.swcodec/etc/seccomp_policy/crash_dump.x86_64.policy(32): syscall getuid redefined here
07-17 12:00:40.526   535   535 W mediaswcodec: libminijail[535]: compile_file: <fd>(21): previous definition here
07-17 12:00:40.526   535   535 W mediaswcodec: libminijail[535]: compile_file: /apex/com.android.media.swcodec/etc/seccomp_policy/crash_dump.x86_64.policy(33): syscall fstat redefined here
07-17 12:00:40.527   535   535 W mediaswcodec: libminijail[535]: compile_file: <fd>(29): previous definition here
07-17 12:00:40.527   535   535 W mediaswcodec: libminijail[535]: compile_file: /apex/com.android.media.swcodec/etc/seccomp_policy/crash_dump.x86_64.policy(34): syscall mmap redefined here
07-17 12:00:40.527   535   535 W mediaswcodec: libminijail[535]: compile_file: <fd>(27): previous definition here
07-17 12:00:40.529   535   535 W mediaswcodec: libminijail[535]: logging seccomp filter failures
07-17 12:00:40.532   535   535 I CodecServiceRegistrant: Creating software Codec2 service...
07-17 12:00:40.540   535   535 D C2Store : Default ION heapmask = -1
07-17 12:00:40.541   535   535 D C2Store : Default ION flags = 0
07-17 12:00:40.541   535   535 D C2Store : Default ION align = 0
07-17 12:00:40.543   451   451 I ServiceManager: Waiting for service 'media.metrics' on '/dev/binder' successful after waiting 482ms
07-17 12:00:40.544   451   451 I AudioFlinger: Using default 3000 mSec as standby time.
07-17 12:00:40.546   533   533 I HidlServiceManagement: Registered android.system.wifi.keystore@1.0::IKeystore/default
07-17 12:00:40.565   543   543 I HidlServiceManagement: Registered android.hardware.biometrics.fingerprint@2.1::IBiometricsFingerprint/default
07-17 12:00:40.565   543   543 I HidlServiceManagement: Removing namespace from process name android.hardware.biometrics.fingerprint@2.1-service to fingerprint@2.1-service.
07-17 12:00:40.579   535   535 I HidlServiceManagement: Registered android.hardware.media.c2@1.2::IComponentStore/software
07-17 12:00:40.580   535   535 I CodecServiceRegistrant: Preferred Codec2 store is set to "default".
07-17 12:00:40.580   535   535 I CodecServiceRegistrant: Software Codec2 service created and registered.
07-17 12:00:40.585   526   548 I ServiceManager: Waiting for service 'package_native' on '/dev/binder'...
07-17 12:00:40.621   235   235 I servicemanager: Found android.hardware.radio.data.IRadioData/slot1 in device VINTF manifest.
07-17 12:00:40.622   235   235 I servicemanager: Found android.hardware.radio.messaging.IRadioMessaging/slot1 in device VINTF manifest.
07-17 12:00:40.622   235   235 I servicemanager: Found android.hardware.radio.modem.IRadioModem/slot1 in device VINTF manifest.
07-17 12:00:40.623   235   235 I servicemanager: Found android.hardware.radio.network.IRadioNetwork/slot1 in device VINTF manifest.
07-17 12:00:40.625   235   235 I servicemanager: Found android.hardware.radio.sim.IRadioSim/slot1 in device VINTF manifest.
07-17 12:00:40.627   235   235 I servicemanager: Found android.hardware.radio.voice.IRadioVoice/slot1 in device VINTF manifest.
07-17 12:00:40.628   235   235 I servicemanager: Found android.hardware.radio.config.IRadioConfig/default in device VINTF manifest.
07-17 12:00:40.640   451   451 D APM_EngineLoader: Loaded engine from libaudiopolicyenginedefault.so
07-17 12:00:40.640   451   451 D APM::AudioPolicyEngine/Base: loadAudioPolicyEngineConfig: No configuration found, using default matching phone experience.
07-17 12:00:40.644   525   525 I MediaExtractorFactory: plugin directory not present (/system/lib64/extractors)
07-17 12:00:40.644   525   525 I MediaExtractorFactory: plugin directory not present (/system_ext/lib64/extractors)
07-17 12:00:40.650   451   451 W APM::AudioPolicyEngine/Base: loadAudioPolicyEngineConfig: No configuration of AUDIO_STREAM_CALL_ASSISTANT found, using default volume configuration
07-17 12:00:40.658   451   451 I AudioFlinger: loadHwModule() Loaded primary audio interface, handle 10
07-17 12:00:40.662   451   451 I AudioFlinger: openOutput() this 0x74d58f74ca20, module 10 Device AUDIO_DEVICE_OUT_SPEAKER, @:, SamplingRate 48000, Format 0x000001, Channels 0x3, flags 0x2
07-17 12:00:40.663   235   235 I servicemanager: Could not find android.hardware.health.IHealth/default in the VINTF manifest.
07-17 12:00:40.664   531   531 I storaged: Unable to get AIDL health service, trying HIDL...
07-17 12:00:40.670   451   451 I AudioFlinger: HAL output buffer size 1056 frames, normal sink buffer size 1056 frames
07-17 12:00:40.671   531   531 I ServiceManager: Waiting for service 'package_native' on '/dev/binder'...
07-17 12:00:40.672   236   236 I hwservicemanager: getTransport: Cannot find entry android.hardware.audio.effect@7.1::IEffectsFactory/default in either framework or device VINTF manifest.
07-17 12:00:40.692   451   451 I BufferProvider: found effect "Multichannel Downmix To Stereo" from The Android Open Source Project
07-17 12:00:40.694   451   451 D AudioFlinger: Failed to add event callback
07-17 12:00:40.695   451   561 I AudioFlinger: AudioFlinger's thread 0x74d7192079a0 tid=561 ready to run
07-17 12:00:40.695   393   393 E android.hardware.audio@7.1-impl.ranchu: device/generic/goldfish/audio/primary_device.cpp:getParameters:211 failure: Result::NOT_SUPPORTED
07-17 12:00:40.696   451   451 E APM_AudioPolicyManager: invalid volume index range
07-17 12:00:40.696   451   451 E APM_AudioPolicyManager: invalid volume index range
07-17 12:00:40.696   451   451 E APM_AudioPolicyManager: invalid volume index range
07-17 12:00:40.696   451   451 V APM_AudioPolicyManager: checkAndSetVolume cannot set volume group 4 volume when is not requested for comm
07-17 12:00:40.696   451   451 E APM_AudioPolicyManager: invalid volume index range
07-17 12:00:40.696   451   451 E APM_AudioPolicyManager: invalid volume index range
07-17 12:00:40.696   451   451 E APM_AudioPolicyManager: invalid volume index range
07-17 12:00:40.696   451   451 E APM_AudioPolicyManager: invalid volume index range
07-17 12:00:40.696   451   561 W AudioFlinger: no wake lock to update, system not ready yet
07-17 12:00:40.696   451   561 D AudioFlinger: ro.audio.silent is ignored since no output device is set
07-17 12:00:40.696   393   393 E android.hardware.audio@7.1-impl.ranchu: device/generic/goldfish/audio/stream_out.cpp:getPresentationPosition:475 failure: Result::INVALID_STATE
07-17 12:00:40.698   451   561 W AudioFlinger: no wake lock to update, system not ready yet
07-17 12:00:40.698   451   561 D AudioFlinger: ro.audio.silent is ignored since no output device is set
07-17 12:00:40.698   451   451 E APM_AudioPolicyManager: invalid volume index range
07-17 12:00:40.698   451   451 E APM_AudioPolicyManager: invalid volume index range
07-17 12:00:40.698   451   451 E APM_AudioPolicyManager: invalid volume index range
07-17 12:00:40.698   451   451 E APM_AudioPolicyManager: invalid volume index range
07-17 12:00:40.699   451   451 W AudioFlinger: moveEffects() bad srcOutput 0
07-17 12:00:40.699   451   451 V APM_AudioPolicyManager: selectOutputForMusicEffects selected output 13
07-17 12:00:40.699   451   451 V APM_AudioPolicyManager: setOutputDevices device {AUDIO_DEVICE_OUT_SPEAKER, @:} delayMs 0
07-17 12:00:40.699   451   451 V APM_AudioPolicyManager: setOutputDevices() prevDevice {AUDIO_DEVICE_OUT_SPEAKER, @:}
07-17 12:00:40.699   451   451 V APM_AudioPolicyManager: setOutputDevices changing device to {AUDIO_DEVICE_OUT_SPEAKER, @:}
07-17 12:00:40.704   387   387 D zygote64: Time zone APEX ICU file found: /apex/com.android.tzdata/etc/icu/icu_tzdata.dat
07-17 12:00:40.706   387   387 D zygote64: I18n APEX ICU file found: /apex/com.android.i18n/etc/icu/icudt70l.dat
07-17 12:00:40.728   529   529 I mediaserver: ServiceManager: 0x75dd10f16270
07-17 12:00:40.728   451   451 V APM_AudioPolicyManager: setOutputDevices() AF::createAudioPatch returned 0 patchHandle 12 num_sources 1 num_sinks 1
07-17 12:00:40.728   529   529 W BatteryNotifier: batterystats service unavailable!
07-17 12:00:40.728   451   451 E APM_AudioPolicyManager: invalid volume index range
07-17 12:00:40.728   529   529 W BatteryNotifier: batterystats service unavailable!
07-17 12:00:40.729   451   451 E APM_AudioPolicyManager: invalid volume index range
07-17 12:00:40.729   451   451 E APM_AudioPolicyManager: invalid volume index range
07-17 12:00:40.729   451   451 V APM_AudioPolicyManager: checkAndSetVolume cannot set volume group 4 volume when is not requested for comm
07-17 12:00:40.729   451   451 E APM_AudioPolicyManager: invalid volume index range
07-17 12:00:40.729   451   451 E APM_AudioPolicyManager: invalid volume index range
07-17 12:00:40.729   451   451 E APM_AudioPolicyManager: invalid volume index range
07-17 12:00:40.729   451   451 E APM_AudioPolicyManager: invalid volume index range
07-17 12:00:40.729   451   451 E APM_AudioPolicyManager: invalid volume index range
07-17 12:00:40.729   451   451 E APM_AudioPolicyManager: invalid volume index range
07-17 12:00:40.729   451   451 E APM_AudioPolicyManager: invalid volume index range
07-17 12:00:40.729   451   451 E APM_AudioPolicyManager: invalid volume index range
07-17 12:00:40.729   451   451 I AudioFlinger: openOutput() this 0x74d58f74ca20, module 10 Device AUDIO_DEVICE_OUT_TELEPHONY_TX, @:, SamplingRate 48000, Format 0x000001, Channels 0x3, flags 0
07-17 12:00:40.730   451   451 I AudioFlinger: HAL output buffer size 1056 frames, normal sink buffer size 1056 frames
07-17 12:00:40.730   451   451 D AudioFlinger: Failed to add event callback
07-17 12:00:40.730   451   566 I AudioFlinger: AudioFlinger's thread 0x74d7191a59a0 tid=566 ready to run
07-17 12:00:40.730   451   566 W AudioFlinger: no wake lock to update, system not ready yet
07-17 12:00:40.730   451   566 D AudioFlinger: ro.audio.silent is ignored since no output device is set
07-17 12:00:40.730   393   393 E android.hardware.audio@7.1-impl.ranchu: device/generic/goldfish/audio/primary_device.cpp:getParameters:211 failure: Result::NOT_SUPPORTED
07-17 12:00:40.731   451   451 E APM_AudioPolicyManager: invalid volume index range
07-17 12:00:40.731   393   475 E android.hardware.audio@7.1-impl.ranchu: device/generic/goldfish/audio/stream_out.cpp:getPresentationPosition:475 failure: Result::INVALID_STATE
07-17 12:00:40.731   451   451 E APM_AudioPolicyManager: invalid volume index range
07-17 12:00:40.731   451   451 E APM_AudioPolicyManager: invalid volume index range
07-17 12:00:40.731   451   451 V APM_AudioPolicyManager: checkAndSetVolume cannot set volume group 4 volume when is not requested for comm
07-17 12:00:40.731   451   451 E APM_AudioPolicyManager: invalid volume index range
07-17 12:00:40.731   451   451 E APM_AudioPolicyManager: invalid volume index range
07-17 12:00:40.731   451   451 E APM_AudioPolicyManager: invalid volume index range
07-17 12:00:40.731   451   451 E APM_AudioPolicyManager: invalid volume index range
07-17 12:00:40.733   451   566 W AudioFlinger: no wake lock to update, system not ready yet
07-17 12:00:40.733   451   566 D AudioFlinger: ro.audio.silent is ignored since no output device is set
07-17 12:00:40.734   451   451 E APM_AudioPolicyManager: invalid volume index range
07-17 12:00:40.734   451   451 E APM_AudioPolicyManager: invalid volume index range
07-17 12:00:40.734   451   451 E APM_AudioPolicyManager: invalid volume index range
07-17 12:00:40.734   451   451 E APM_AudioPolicyManager: invalid volume index range
07-17 12:00:40.734   451   451 V APM_AudioPolicyManager: selectOutputForMusicEffects selected output 13
07-17 12:00:40.734   451   451 V APM_AudioPolicyManager: setOutputDevices device {AUDIO_DEVICE_OUT_TELEPHONY_TX, @:} delayMs 0
07-17 12:00:40.734   451   451 V APM_AudioPolicyManager: setOutputDevices() prevDevice {AUDIO_DEVICE_OUT_TELEPHONY_TX, @:}
07-17 12:00:40.734   451   451 V APM_AudioPolicyManager: setOutputDevices changing device to {AUDIO_DEVICE_OUT_TELEPHONY_TX, @:}
07-17 12:00:40.736   451   451 V APM_AudioPolicyManager: setOutputDevices() AF::createAudioPatch returned 0 patchHandle 20 num_sources 1 num_sinks 1
07-17 12:00:40.736   451   451 E APM_AudioPolicyManager: invalid volume index range
07-17 12:00:40.736   451   451 E APM_AudioPolicyManager: invalid volume index range
07-17 12:00:40.736   451   451 E APM_AudioPolicyManager: invalid volume index range
07-17 12:00:40.737   451   451 V APM_AudioPolicyManager: checkAndSetVolume cannot set volume group 4 volume when is not requested for comm
07-17 12:00:40.737   451   451 E APM_AudioPolicyManager: invalid volume index range
07-17 12:00:40.737   451   451 E APM_AudioPolicyManager: invalid volume index range
07-17 12:00:40.737   451   451 E APM_AudioPolicyManager: invalid volume index range
07-17 12:00:40.737   451   451 E APM_AudioPolicyManager: invalid volume index range
07-17 12:00:40.737   451   451 E APM_AudioPolicyManager: invalid volume index range
07-17 12:00:40.737   451   451 E APM_AudioPolicyManager: invalid volume index range
07-17 12:00:40.737   451   451 E APM_AudioPolicyManager: invalid volume index range
07-17 12:00:40.737   451   451 E APM_AudioPolicyManager: invalid volume index range
07-17 12:00:40.740   451   568 I AudioFlinger: AudioFlinger's thread 0x74d7181bcbb0 tid=568 ready to run
07-17 12:00:40.742   451   568 W AudioFlinger: no wake lock to update, system not ready yet
07-17 12:00:40.742   451   568 W AudioFlinger: no wake lock to update, system not ready yet
07-17 12:00:40.748   513   513 I cameraserver: ServiceManager: 0x7b6aadef5390
07-17 12:00:40.748   513   513 I CameraService: CameraService started (pid=513)
07-17 12:00:40.749   513   513 I CameraService: CameraService process starting
07-17 12:00:40.749   513   513 W BatteryNotifier: batterystats service unavailable!
07-17 12:00:40.750   513   513 W BatteryNotifier: batterystats service unavailable!
07-17 12:00:40.750   451   570 I AudioFlinger: AudioFlinger's thread 0x74d7181bcbb0 tid=570 ready to run
07-17 12:00:40.750   451   570 W AudioFlinger: no wake lock to update, system not ready yet
07-17 12:00:40.752   513   513 I cameraserver: Connecting to new camera provider: legacy/0, isRemote? 1
07-17 12:00:40.753   513   513 I CameraProviderManager: Camera provider legacy/0 ready with 0 camera devices
07-17 12:00:40.755   539   539 I BootAnimation: boot animation disabled
07-17 12:00:40.756   451   570 W AudioFlinger: no wake lock to update, system not ready yet
07-17 12:00:40.756   513   513 I cameraserver: Connecting to new camera provider: internal/0, isRemote? 1
07-17 12:00:40.759   513   513 I CameraProviderManager: Enumerating new camera device: device@1.1/internal/1
07-17 12:00:40.759   397   397 I EmulatedCameraDeviceHwlImpl: Create: Created EmulatedCameraDeviceHwlImpl for camera 1
07-17 12:00:40.760   451   578 I AudioFlinger: AudioFlinger's thread 0x74d7181bcbb0 tid=578 ready to run
07-17 12:00:40.760   451   578 W AudioFlinger: no wake lock to update, system not ready yet
07-17 12:00:40.760   451   578 W AudioFlinger: no wake lock to update, system not ready yet
07-17 12:00:40.760   397   397 D GCH_Utils: FindLibraryPaths: Unable to open directory /vendor/lib64/camera/capture_sessions/ (No such file or directory)
07-17 12:00:40.760   397   397 I GCH_CameraDevice: Create: Created a camera device for public(1)
07-17 12:00:40.760   393   474 E DevicesFactoryHAL: loadAudioInterface couldn't load audio hw module audio.a2dp (No such file or directory)
07-17 12:00:40.760   451   451 W DevicesFactoryHalHidl: The specified device name is not recognized: "a2dp"
07-17 12:00:40.760   451   451 E AudioFlinger: loadHwModule() error -22 loading module a2dp
07-17 12:00:40.760   451   451 W APM_AudioPolicyManager: could not open HW module a2dp
07-17 12:00:40.762   397   397 W GCH_HalVendorTags: ModifyCharacteristicsKeys: failed to get ANDROID_REQUEST_AVAILABLE_SESSION_KEYS
07-17 12:00:40.762   393   474 I r_submix: adev_open(name=audio_hw_if)
07-17 12:00:40.763   393   474 I r_submix: adev_init_check()
07-17 12:00:40.763   451   451 I AudioFlinger: loadHwModule() Loaded r_submix audio interface, handle 18
07-17 12:00:40.763   393   474 D r_submix: adev_open_input_stream(addr=0)
07-17 12:00:40.763   393   474 I r_submix: adev_open_input_stream(): about to create pipe at index 9, rate 48000, pipe size 4096
07-17 12:00:40.763   393   474 D r_submix: submix_audio_device_create_pipe_l(addr=0, idx=9)
07-17 12:00:40.763   393   474 D r_submix:   now using address 0 for route 9
07-17 12:00:40.764   513   513 E CameraProviderManager: addDynamicDepthTags: Advertised depth exclusive tag but value is not present!
07-17 12:00:40.764   513   513 E cameraserver: AidlDeviceInfo3: Failed appending dynamic depth tags: Invalid argument (-22)
07-17 12:00:40.765   397   397 W GCH_HalVendorTags: ModifyCharacteristicsKeys: failed to get ANDROID_REQUEST_AVAILABLE_SESSION_KEYS
07-17 12:00:40.765   397   397 W GCH_HalVendorTags: ModifyCharacteristicsKeys: failed to get ANDROID_REQUEST_AVAILABLE_SESSION_KEYS
07-17 12:00:40.765   513   513 I CameraProviderManager: Enumerating new camera device: device@1.1/internal/0
07-17 12:00:40.766   397   397 W StreamConfigurationMap: StreamConfigurationMap: ANDROID_SCALER_AVAILABLE_STREAM_CONFIGURATIONS missing, maxResolution ? true!
07-17 12:00:40.766   397   397 W StreamConfigurationMap: StreamConfigurationMap: ANDROID_SCALER_AVAILABLE_MIN_FRAME_DURATIONS missing!, max resolution ? true
07-17 12:00:40.766   397   397 W StreamConfigurationMap: StreamConfigurationMap: ANDROID_SCALER_AVAILABLE_STALL_DURATIONS missing! maxResolution ? true
07-17 12:00:40.766   397   397 I EmulatedCameraDeviceHwlImpl: Create: Created EmulatedCameraDeviceHwlImpl for camera 0
07-17 12:00:40.766   397   397 D GCH_Utils: FindLibraryPaths: Unable to open directory /vendor/lib64/camera/capture_sessions/ (No such file or directory)
07-17 12:00:40.766   397   397 I GCH_CameraDevice: Create: Created a camera device for public(0)
07-17 12:00:40.766   513   513 I CameraProviderManager: Camera provider internal/0 ready with 2 camera devices
07-17 12:00:40.766   513   572 W CameraProviderManager: addHidlProviderLocked: Camera provider HAL with name 'legacy/0' already registered
07-17 12:00:40.766   513   513 I CameraService: onDeviceStatusChanged: Status changed for cameraId=0, newStatus=1
07-17 12:00:40.766   513   513 I CameraService: onDeviceStatusChanged: Unknown camera ID 0, a new camera is added
07-17 12:00:40.767   513   513 I CameraService: onDeviceStatusChanged: Status changed for cameraId=1, newStatus=1
07-17 12:00:40.767   513   513 I CameraService: onDeviceStatusChanged: Unknown camera ID 1, a new camera is added
07-17 12:00:40.767   513   513 I cameraserver: Waiting for activity service
07-17 12:00:40.783   451   580 I AudioFlinger: AudioFlinger's thread 0x74d7181bcbb0 tid=580 ready to run
07-17 12:00:40.785   387   387 I snet_event_log: [200284993,-1,]
07-17 12:00:40.785   387   387 I zygote64: Using memfd for future sealing
07-17 12:00:40.788   387   387 W zygote64: Unexpected CPU variant for x86: x86_64.
07-17 12:00:40.788   387   387 W zygote64: Known variants: atom, sandybridge, silvermont, kabylake, default
07-17 12:00:40.791   393   474 D r_submix: adev_close_input_stream()
07-17 12:00:40.791   393   474 D r_submix: submix_audio_device_release_pipe_l(idx=9) addr=0
07-17 12:00:40.791   393   474 D r_submix: submix_audio_device_destroy_pipe_l(): pipe destroyed
07-17 12:00:40.798   451   451 I AudioFlinger: loadHwModule() Loaded bluetooth audio interface, handle 26
07-17 12:00:40.800   451   451 I audioserver: Waiting for activity service
07-17 12:00:41.011   387   387 I boot_progress_preload_start: 11993
07-17 12:00:41.011   387   387 D Zygote  : begin preload
07-17 12:00:41.011   387   387 I Zygote  : Calling ZygoteHooks.beginPreload()
07-17 12:00:41.109   387   387 V Zygote64Timing: BeginPreload took to complete: 98ms
07-17 12:00:41.109   387   387 I Zygote  : Preloading classes...
07-17 12:00:41.180   485   493 I adbd    : adbd mDNS service _adb._tcp registered: 1
07-17 12:00:41.209   387   387 I Typeface: Preloading /system/fonts/Roboto-Regular.ttf
07-17 12:00:41.214   387   387 I Typeface: Preloading /system/fonts/RobotoStatic-Regular.ttf
07-17 12:00:41.230   387   583 I zygote64: Verified 4433 classes from mainline modules in 358.646ms
07-17 12:00:41.263   387   387 E ActivityRecognitionHardware: activity_recognition HAL is deprecated. class_init is effectively a no-op
07-17 12:00:41.333   510   510 I bt_vhci_forwarder: ignore 0xff packet
07-17 12:00:41.522   387   387 D MtpDeviceJNI: register_android_mtp_MtpDevice
07-17 12:00:41.548   387   387 I zygote64: Thread[1,tid=387,Native,Thread*=0x736304e59be0,peer=0x13300000,"main"] recursive attempt to load library "librtp_jni.so"
07-17 12:00:41.914   412   459 D goldfish-address-space: claimShared: Ask to claim region [0x3fd2e0000 0x3fd2f0000]
07-17 12:00:41.915   412   459 D goldfish-address-space: claimShared: Ask to claim region [0x3fd2f0000 0x3fd310000]
07-17 12:00:42.093   387   387 I Zygote  : ...preloaded 16252 classes in 984ms.
07-17 12:00:42.093   387   387 V Zygote64Timing: PreloadClasses took to complete: 984ms
07-17 12:00:42.096   387   387 D nativeloader: Configuring classloader-namespace-shared for other apk /system/framework/android.hidl.base-V1.0-java.jar. target_sdk_version=33, uses_libraries=, library_path=, permitted_path=/data:/mnt/expand
07-17 12:00:42.097   387   387 D ApplicationLoaders: Created zygote-cached class loader: /system/framework/android.hidl.base-V1.0-java.jar
07-17 12:00:42.099   387   387 D nativeloader: Configuring classloader-namespace-shared for other apk /system/framework/android.hidl.manager-V1.0-java.jar. target_sdk_version=33, uses_libraries=, library_path=, permitted_path=/data:/mnt/expand
07-17 12:00:42.100   387   387 D ApplicationLoaders: Created zygote-cached class loader: /system/framework/android.hidl.manager-V1.0-java.jar
07-17 12:00:42.102   387   387 D nativeloader: Configuring classloader-namespace-shared for other apk /system/framework/android.test.base.jar. target_sdk_version=33, uses_libraries=, library_path=, permitted_path=/data:/mnt/expand
07-17 12:00:42.102   387   387 D ApplicationLoaders: Created zygote-cached class loader: /system/framework/android.test.base.jar
07-17 12:00:42.102   387   387 V Zygote64Timing: CacheNonBootClasspathClassLoaders took to complete: 9ms
07-17 12:00:42.102   387   387 I Zygote  : Preloading resources...
07-17 12:00:42.122   387   387 W Resources: Preloaded drawable resource #0x1080287 (android:drawable/dialog_background_material) that varies with configuration!!
07-17 12:00:42.133   387   387 I Zygote  : ...preloaded 64 resources in 30ms.
07-17 12:00:42.135   387   387 I Zygote  : ...preloaded 41 resources in 3ms.
07-17 12:00:42.135   387   387 V Zygote64Timing: PreloadResources took to complete: 33ms
07-17 12:00:42.144   387   387 I Zygote  : Preloading shared libraries...
07-17 12:00:42.147   387   387 E zygote64: Unable to find pattern file or unable to map it for am
07-17 12:00:42.153   387   387 I Zygote  : Called ZygoteHooks.endPreload()
07-17 12:00:42.154   387   387 I Zygote  : Installed AndroidKeyStoreProvider in 0ms.
07-17 12:00:42.155   387   387 I Zygote  : Warmed up JCA providers in 1ms.
07-17 12:00:42.155   387   387 D Zygote  : end preload
07-17 12:00:42.155   387   387 I boot_progress_preload_end: 13136
07-17 12:00:42.155   387   387 V Zygote64Timing: ZygotePreload took to complete: 1143ms
07-17 12:00:42.202   387   387 I zygote64: Explicit concurrent copying GC freed 41667(2395KB) AllocSpace objects, 2(40KB) LOS objects, 49% free, 9862KB/19MB, paused 23us,7us total 46.749ms
07-17 12:00:42.248   387   387 I zygote64: Explicit concurrent copying GC freed 9049(343KB) AllocSpace objects, 1(28KB) LOS objects, 49% free, 9523KB/18MB, paused 17us,12us total 42.399ms
07-17 12:00:42.248   387   387 V Zygote64Timing: PostZygoteInitGC took to complete: 94ms
07-17 12:00:42.248   387   387 V Zygote64Timing: ZygoteInit took to complete: 1248ms
07-17 12:00:42.479   387   387 D Zygote  : Forked child process 596
07-17 12:00:42.480   387   387 I Zygote  : System server process 596 has been created
07-17 12:00:42.481   387   387 I Zygote  : Accepting command socket connections
07-17 12:00:42.673   596   596 D nativeloader: Configuring classloader-namespace-shared for other apk /system/framework/com.android.location.provider.jar:/system/framework/services.jar:/apex/com.android.adservices/javalib/service-adservices.jar:/apex/com.android.adservices/javalib/service-sdksandbox.jar:/apex/com.android.appsearch/javalib/service-appsearch.jar:/apex/com.android.art/javalib/service-art.jar:/apex/com.android.media/javalib/service-media-s.jar:/apex/com.android.permission/javalib/service-permission.jar. target_sdk_version=10000, uses_libraries=ALL, library_path=/system/lib64:/system_ext/lib64, permitted_path=/data:/mnt/expand:/system/lib64:/system_ext/lib64
07-17 12:00:42.683   596   596 D nativeloader: Configuring classloader-namespace-shared for other apk /apex/com.android.btservices/javalib/service-bluetooth.jar. target_sdk_version=33, uses_libraries=ALL, library_path=, permitted_path=/data:/mnt/expand
07-17 12:00:42.689   596   596 D nativeloader: Configuring classloader-namespace-shared for other apk /apex/com.android.os.statsd/javalib/service-statsd.jar. target_sdk_version=33, uses_libraries=ALL, library_path=, permitted_path=/data:/mnt/expand
07-17 12:00:42.694   596   596 D nativeloader: Configuring classloader-namespace-shared for other apk /apex/com.android.scheduling/javalib/service-scheduling.jar. target_sdk_version=33, uses_libraries=ALL, library_path=, permitted_path=/data:/mnt/expand
07-17 12:00:42.705   596   596 D nativeloader: Configuring classloader-namespace-shared for other apk /apex/com.android.tethering/javalib/service-connectivity.jar. target_sdk_version=33, uses_libraries=ALL, library_path=, permitted_path=/data:/mnt/expand
07-17 12:00:42.723   596   596 D nativeloader: Configuring classloader-namespace-shared for other apk /apex/com.android.uwb/javalib/service-uwb.jar. target_sdk_version=33, uses_libraries=ALL, library_path=, permitted_path=/data:/mnt/expand
07-17 12:00:42.743   596   596 D nativeloader: Configuring classloader-namespace-shared for other apk /apex/com.android.wifi/javalib/service-wifi.jar. target_sdk_version=33, uses_libraries=ALL, library_path=, permitted_path=/data:/mnt/expand
07-17 12:00:42.749   596   596 W system_server: Unexpected CPU variant for x86: x86_64.
07-17 12:00:42.749   596   596 W system_server: Known variants: atom, sandybridge, silvermont, kabylake, default
07-17 12:00:42.751   596   596 W system_server: Failed to upload odrefresh metrics: metrics file '/data/misc/odrefresh/odrefresh-metrics.txt' could not be opened: No such file or directory
07-17 12:00:42.761   485   496 I adbd    : jdwp connection from 596
07-17 12:00:42.815   596   596 D SystemServerTiming: InitBeforeStartServices
07-17 12:00:42.816   596   596 I system_server_start: [1,13789,13789]
07-17 12:00:42.818   596   596 I SystemServer: Entered the Android system server!
07-17 12:00:42.818   596   596 I boot_progress_system_run: 13800
07-17 12:00:43.078   596   596 I SystemServerInitThreadPool: Creating instance with 4 threads
07-17 12:00:43.469   596   596 V SystemServerTiming: InitBeforeStartServices took to complete: 654ms
07-17 12:00:43.470   596   596 D SystemServerTiming: StartServices
07-17 12:00:43.470   596   596 D SystemServerTiming: startBootstrapServices
07-17 12:00:43.470   596   596 D SystemServerTiming: StartWatchdog
07-17 12:00:43.479   596   596 V SystemServerTiming: StartWatchdog took to complete: 9ms
07-17 12:00:43.480   596   596 I SystemServer: Reading configuration...
07-17 12:00:43.480   596   596 D SystemServerTiming: ReadingSystemConfig
07-17 12:00:43.480   596   596 V SystemServerTiming: ReadingSystemConfig took to complete: 0ms
07-17 12:00:43.480   596   596 D SystemServerTiming: PlatformCompat
07-17 12:00:43.481   596   622 D SystemServerTimingAsync: InitThreadPoolExec:ReadingSystemConfig
07-17 12:00:43.481   596   622 D SystemServerInitThreadPool: Started executing ReadingSystemConfig
07-17 12:00:43.482   596   622 I SystemConfig: Reading permissions from /system/etc/sysconfig/framework-sysconfig.xml
07-17 12:00:43.483   596   622 I incfs   : Initial API level of the device: 33
07-17 12:00:43.484   596   622 I incfs   : ro.incremental.enable: yes
07-17 12:00:43.484   596   622 I incfs   : isFsAvailable: true
07-17 12:00:43.484   596   596 D CompatConfig: Found a config file: /system/etc/compatconfig/services-platform-compat-config.xml
07-17 12:00:43.484   596   622 I incfs   : isFsAvailable: true
07-17 12:00:43.484   596   622 I incfs   : IncFs_Features: v2
07-17 12:00:43.485   596   622 I SystemConfig: Reading permissions from /system/etc/sysconfig/hiddenapi-package-whitelist.xml
07-17 12:00:43.485   596   596 D CompatConfig: Adding: com.android.server.compat.config.Change@9a8a752
07-17 12:00:43.485   596   596 D CompatConfig: Adding: com.android.server.compat.config.Change@b366a23
07-17 12:00:43.485   596   596 D CompatConfig: Adding: com.android.server.compat.config.Change@4940b20
07-17 12:00:43.485   596   596 D CompatConfig: Adding: com.android.server.compat.config.Change@92cacd9
07-17 12:00:43.485   596   596 D CompatConfig: Adding: com.android.server.compat.config.Change@d85e69e
07-17 12:00:43.485   596   596 D CompatConfig: Adding: com.android.server.compat.config.Change@a7b857f
07-17 12:00:43.486   596   596 D CompatConfig: Adding: com.android.server.compat.config.Change@87eb94c
07-17 12:00:43.486   596   596 D CompatConfig: Adding: com.android.server.compat.config.Change@7323d95
07-17 12:00:43.486   596   596 D CompatConfig: Adding: com.android.server.compat.config.Change@565ceaa
07-17 12:00:43.486   596   596 D CompatConfig: Adding: com.android.server.compat.config.Change@2ccfa9b
07-17 12:00:43.486   596   596 D CompatConfig: Adding: com.android.server.compat.config.Change@4841e38
07-17 12:00:43.486   596   596 D CompatConfig: Adding: com.android.server.compat.config.Change@4c61e11
07-17 12:00:43.486   596   596 D CompatConfig: Adding: com.android.server.compat.config.Change@7aa2b76
07-17 12:00:43.486   596   596 D CompatConfig: Adding: com.android.server.compat.config.Change@ff6a577
07-17 12:00:43.486   596   596 D CompatConfig: Adding: com.android.server.compat.config.Change@378e5e4
07-17 12:00:43.486   596   596 D CompatConfig: Adding: com.android.server.compat.config.Change@d058902
07-17 12:00:43.486   596   596 D CompatConfig: Adding: com.android.server.compat.config.Change@4a62213
07-17 12:00:43.486   596   596 D CompatConfig: Adding: com.android.server.compat.config.Change@6d07c50
07-17 12:00:43.486   596   622 I SystemConfig: Reading permissions from /system/etc/sysconfig/preinstalled-packages-platform.xml
07-17 12:00:43.486   596   596 D CompatConfig: Adding: com.android.server.compat.config.Change@2857e49
07-17 12:00:43.486   596   596 D CompatConfig: Adding: com.android.server.compat.config.Change@4c7334e
07-17 12:00:43.486   596   596 D CompatConfig: Adding: com.android.server.compat.config.Change@6c6cc6f
07-17 12:00:43.486   596   596 D CompatConfig: Adding: com.android.server.compat.config.Change@1c90d7c
07-17 12:00:43.486   596   596 D CompatConfig: Adding: com.android.server.compat.config.Change@e9eb605
07-17 12:00:43.486   596   596 D CompatConfig: Adding: com.android.server.compat.config.Change@1e7365a
07-17 12:00:43.486   596   596 D CompatConfig: Adding: com.android.server.compat.config.Change@59dc08b
07-17 12:00:43.486   596   596 D CompatConfig: Adding: com.android.server.compat.config.Change@b578568
07-17 12:00:43.486   596   596 D CompatConfig: Adding: com.android.server.compat.config.Change@559ad81
07-17 12:00:43.486   596   596 D CompatConfig: Adding: com.android.server.compat.config.Change@cd25e26
07-17 12:00:43.486   596   596 D CompatConfig: Adding: com.android.server.compat.config.Change@5a5da67
07-17 12:00:43.486   596   596 D CompatConfig: Adding: com.android.server.compat.config.Change@2d39014
07-17 12:00:43.486   596   596 D CompatConfig: Adding: com.android.server.compat.config.Change@d72a0bd
07-17 12:00:43.486   596   596 D CompatConfig: Adding: com.android.server.compat.config.Change@5f636b2
07-17 12:00:43.486   596   596 D CompatConfig: Adding: com.android.server.compat.config.Change@e2bb603
07-17 12:00:43.486   596   596 D CompatConfig: Adding: com.android.server.compat.config.Change@3639980
07-17 12:00:43.486   596   596 D CompatConfig: Adding: com.android.server.compat.config.Change@32d8bb9
07-17 12:00:43.486   596   596 D CompatConfig: Adding: com.android.server.compat.config.Change@50d0bfe
07-17 12:00:43.486   596   596 D CompatConfig: Adding: com.android.server.compat.config.Change@4a9af5f
07-17 12:00:43.486   596   596 D CompatConfig: Adding: com.android.server.compat.config.Change@228cdac
07-17 12:00:43.486   596   596 D CompatConfig: Adding: com.android.server.compat.config.Change@9122a75
07-17 12:00:43.486   596   596 D CompatConfig: Adding: com.android.server.compat.config.Change@129ea0a
07-17 12:00:43.486   596   596 D CompatConfig: Adding: com.android.server.compat.config.Change@1e3e27b
07-17 12:00:43.486   596   596 D CompatConfig: Adding: com.android.server.compat.config.Change@32b1898
07-17 12:00:43.486   596   596 D CompatConfig: Adding: com.android.server.compat.config.Change@867f8f1
07-17 12:00:43.486   596   596 D CompatConfig: Adding: com.android.server.compat.config.Change@d849cd6
07-17 12:00:43.486   596   596 D CompatConfig: Adding: com.android.server.compat.config.Change@cc42b57
07-17 12:00:43.486   596   596 D CompatConfig: Adding: com.android.server.compat.config.Change@1052644
07-17 12:00:43.486   596   596 D CompatConfig: Adding: com.android.server.compat.config.Change@d72332d
07-17 12:00:43.486   596   596 D CompatConfig: Adding: com.android.server.compat.config.Change@705b062
07-17 12:00:43.486   596   596 D CompatConfig: Adding: com.android.server.compat.config.Change@6f625f3
07-17 12:00:43.486   596   596 D CompatConfig: Adding: com.android.server.compat.config.Change@35062b0
07-17 12:00:43.486   596   596 D CompatConfig: Adding: com.android.server.compat.config.Change@b6bd529
07-17 12:00:43.486   596   596 D CompatConfig: Adding: com.android.server.compat.config.Change@e9270ae
07-17 12:00:43.486   596   596 D CompatConfig: Adding: com.android.server.compat.config.Change@7432e4f
07-17 12:00:43.486   596   596 D CompatConfig: Adding: com.android.server.compat.config.Change@fd0f9dc
07-17 12:00:43.486   596   596 D CompatConfig: Adding: com.android.server.compat.config.Change@4439ae5
07-17 12:00:43.486   596   596 D CompatConfig: Adding: com.android.server.compat.config.Change@c18e9ba
07-17 12:00:43.487   596   596 D CompatConfig: Adding: com.android.server.compat.config.Change@dae606b
07-17 12:00:43.487   596   596 D CompatConfig: Adding: com.android.server.compat.config.Change@261d7c8
07-17 12:00:43.487   596   596 D CompatConfig: Adding: com.android.server.compat.config.Change@180061
07-17 12:00:43.487   596   596 D CompatConfig: Adding: com.android.server.compat.config.Change@65be786
07-17 12:00:43.487   596   596 D CompatConfig: Adding: com.android.server.compat.config.Change@d509847
07-17 12:00:43.487   596   596 D CompatConfig: Adding: com.android.server.compat.config.Change@7a0a874
07-17 12:00:43.487   596   596 D CompatConfig: Adding: com.android.server.compat.config.Change@73419d
07-17 12:00:43.487   596   622 I SystemConfig: Reading permissions from /system/etc/permissions/org.apache.http.legacy.xml
07-17 12:00:43.488   596   596 D CompatConfig: Found a config file: /system/etc/compatconfig/framework-platform-compat-config.xml
07-17 12:00:43.488   596   622 I SystemConfig: Reading permissions from /system/etc/permissions/android.test.runner.xml
07-17 12:00:43.489   596   622 I SystemConfig: Reading permissions from /system/etc/permissions/android.test.base.xml
07-17 12:00:43.489   596   596 D CompatConfig: Adding: com.android.server.compat.config.Change@652615e
07-17 12:00:43.489   596   596 D CompatConfig: Adding: com.android.server.compat.config.Change@772493f
07-17 12:00:43.489   596   596 D CompatConfig: Adding: com.android.server.compat.config.Change@3b4920c
07-17 12:00:43.489   596   596 D CompatConfig: Adding: com.android.server.compat.config.Change@9aa0755
07-17 12:00:43.489   596   596 D CompatConfig: Adding: com.android.server.compat.config.Change@cc3a5b
07-17 12:00:43.489   596   622 I SystemConfig: Reading permissions from /system/etc/permissions/com.android.media.remotedisplay.xml
07-17 12:00:43.489   596   596 D CompatConfig: Adding: com.android.server.compat.config.Change@e1ec2f8
07-17 12:00:43.489   596   596 D CompatConfig: Adding: com.android.server.compat.config.Change@650c3d1
07-17 12:00:43.489   596   596 D CompatConfig: Adding: com.android.server.compat.config.Change@b33e36
07-17 12:00:43.489   596   596 D CompatConfig: Adding: com.android.server.compat.config.Change@d0a2137
07-17 12:00:43.489   596   596 D CompatConfig: Adding: com.android.server.compat.config.Change@af916a4
07-17 12:00:43.489   596   596 D CompatConfig: Adding: com.android.server.compat.config.Change@7cccc0d
07-17 12:00:43.489   596   596 D CompatConfig: Adding: com.android.server.compat.config.Change@76d07c2
07-17 12:00:43.489   596   596 D CompatConfig: Adding: com.android.server.compat.config.Change@3d599d3
07-17 12:00:43.489   596   596 D CompatConfig: Adding: com.android.server.compat.config.Change@302f910
07-17 12:00:43.489   596   596 D CompatConfig: Adding: com.android.server.compat.config.Change@2871c09
07-17 12:00:43.489   596   596 D CompatConfig: Adding: com.android.server.compat.config.Change@607de0e
07-17 12:00:43.490   596   596 D CompatConfig: Adding: com.android.server.compat.config.Change@3d6002f
07-17 12:00:43.490   596   596 D CompatConfig: Adding: com.android.server.compat.config.Change@986963c
07-17 12:00:43.490   596   596 D CompatConfig: Adding: com.android.server.compat.config.Change@e7c6fc5
07-17 12:00:43.490   596   596 D CompatConfig: Adding: com.android.server.compat.config.Change@c67cd1a
07-17 12:00:43.490   596   596 D CompatConfig: Adding: com.android.server.compat.config.Change@4cc704b
07-17 12:00:43.490   596   596 D CompatConfig: Adding: com.android.server.compat.config.Change@a44da28
07-17 12:00:43.490   596   596 D CompatConfig: Adding: com.android.server.compat.config.Change@cb94341
07-17 12:00:43.490   596   596 D CompatConfig: Adding: com.android.server.compat.config.Change@2a5a0e6
07-17 12:00:43.490   596   596 D CompatConfig: Adding: com.android.server.compat.config.Change@f6fc627
07-17 12:00:43.490   596   596 D CompatConfig: Adding: com.android.server.compat.config.Change@a2170d4
07-17 12:00:43.490   596   596 D CompatConfig: Adding: com.android.server.compat.config.Change@895d27d
07-17 12:00:43.490   596   596 D CompatConfig: Adding: com.android.server.compat.config.Change@79ae572
07-17 12:00:43.490   596   596 D CompatConfig: Adding: com.android.server.compat.config.Change@7089dc3
07-17 12:00:43.490   596   596 D CompatConfig: Adding: com.android.server.compat.config.Change@68ec640
07-17 12:00:43.490   596   596 D CompatConfig: Adding: com.android.server.compat.config.Change@b21979
07-17 12:00:43.490   596   596 D CompatConfig: Adding: com.android.server.compat.config.Change@cd531f
07-17 12:00:43.490   596   596 D CompatConfig: Adding: com.android.server.compat.config.Change@fba066c
07-17 12:00:43.490   596   622 I SystemConfig: Reading permissions from /system/etc/permissions/javax.obex.xml
07-17 12:00:43.490   596   596 D CompatConfig: Adding: com.android.server.compat.config.Change@3b1d435
07-17 12:00:43.490   596   596 D CompatConfig: Adding: com.android.server.compat.config.Change@75db0ca
07-17 12:00:43.490   596   596 D CompatConfig: Adding: com.android.server.compat.config.Change@4fe023b
07-17 12:00:43.490   596   596 D CompatConfig: Adding: com.android.server.compat.config.Change@9771d58
07-17 12:00:43.490   596   596 D CompatConfig: Adding: com.android.server.compat.config.Change@cb87eb1
07-17 12:00:43.490   596   596 D CompatConfig: Adding: com.android.server.compat.config.Change@f0e0f96
07-17 12:00:43.490   596   596 D CompatConfig: Adding: com.android.server.compat.config.Change@5c08717
07-17 12:00:43.490   596   596 D CompatConfig: Adding: com.android.server.compat.config.Change@eecb704
07-17 12:00:43.490   596   596 D CompatConfig: Adding: com.android.server.compat.config.Change@ba554ed
07-17 12:00:43.490   596   596 D CompatConfig: Adding: com.android.server.compat.config.Change@1938f22
07-17 12:00:43.490   596   596 D CompatConfig: Adding: com.android.server.compat.config.Change@7bc7db3
07-17 12:00:43.490   596   596 D CompatConfig: Adding: com.android.server.compat.config.Change@5003f70
07-17 12:00:43.490   596   596 D CompatConfig: Adding: com.android.server.compat.config.Change@50f52e9
07-17 12:00:43.490   596   596 D CompatConfig: Adding: com.android.server.compat.config.Change@bff7b6e
07-17 12:00:43.490   596   596 D CompatConfig: Adding: com.android.server.compat.config.Change@877420f
07-17 12:00:43.490   596   596 D CompatConfig: Adding: com.android.server.compat.config.Change@781e29c
07-17 12:00:43.491   596   596 D CompatConfig: Adding: com.android.server.compat.config.Change@60134a5
07-17 12:00:43.491   596   596 D CompatConfig: Adding: com.android.server.compat.config.Change@92be07a
07-17 12:00:43.491   596   596 D CompatConfig: Adding: com.android.server.compat.config.Change@e6ff02b
07-17 12:00:43.491   596   596 D CompatConfig: Adding: com.android.server.compat.config.Change@d188c88
07-17 12:00:43.491   596   596 D CompatConfig: Adding: com.android.server.compat.config.Change@7757621
07-17 12:00:43.491   596   596 D CompatConfig: Adding: com.android.server.compat.config.Change@5878a46
07-17 12:00:43.491   596   596 D CompatConfig: Adding: com.android.server.compat.config.Change@efb6407
07-17 12:00:43.491   596   596 D CompatConfig: Adding: com.android.server.compat.config.Change@dede934
